ARM Linker, RVCT3.1 [Build 934] for uVision [Standard]

================================================================================

Section Cross References

    bmc.o(.text) refers to memcpya.o(.text) for __aeabi_memcpy
    bmc.o(.text) refers to memcmp.o(.text) for memcmp
    dhcp.o(.text) refers to etharp.o(.text) for etharp_query
    dhcp.o(.text) refers to pbuf.o(.text) for pbuf_alloc
    dhcp.o(.text) refers to inet.o(.text) for htonl
    dhcp.o(.text) refers to udp.o(.text) for udp_bind
    dhcp.o(.text) refers to dhcp.o(.data) for .data
    dhcp.o(.text) refers to ip_addr.o(.constdata) for ip_addr_any
    dhcp.o(.text) refers to ip_addr.o(.constdata) for ip_addr_broadcast
    dhcp.o(.text) refers to netif.o(.data) for netif_list
    dhcp.o(.text) refers to netif.o(.text) for netif_set_ipaddr
    dhcp.o(.text) refers to mem.o(.text) for mem_free
    dhcp.o(.text) refers to memseta.o(.text) for __aeabi_memclr4
    enet_lwip.o(.text) refers to ethernet.o(i.EthernetIntStatus) for EthernetIntStatus
    enet_lwip.o(.text) refers to ethernet.o(i.EthernetIntClear) for EthernetIntClear
    enet_lwip.o(.text) refers to luminaryif.o(.text) for ethernetif_enqueue
    enet_lwip.o(.text) refers to ethernet.o(i.EthernetIntDisable) for EthernetIntDisable
    enet_lwip.o(.text) refers to ustdlib.o(.text) for usprintf
    enet_lwip.o(.text) refers to rit128x96x4.o(.text) for RIT128x96x4StringDraw
    enet_lwip.o(.text) refers to stats.o(.text) for stats_init
    enet_lwip.o(.text) refers to mem.o(.text) for mem_init
    enet_lwip.o(.text) refers to memp.o(.text) for memp_init
    enet_lwip.o(.text) refers to pbuf.o(.text) for pbuf_init
    enet_lwip.o(.text) refers to etharp.o(.text) for etharp_init
    enet_lwip.o(.text) refers to ip.o(.text) for ip_init
    enet_lwip.o(.text) refers to udp.o(.text) for udp_init
    enet_lwip.o(.text) refers to tcp.o(.text) for tcp_init
    enet_lwip.o(.text) refers to netif.o(.text) for netif_init
    enet_lwip.o(.text) refers to inet.o(.text) for htonl
    enet_lwip.o(.text) refers to dhcp.o(.text) for dhcp_start
    enet_lwip.o(.text) refers to enet_ptpd.o(.data) for g_ulFlags
    enet_lwip.o(.text) refers to enet_lwip.o(.bss) for .bss
    enet_lwip.o(.text) refers to enet_lwip.o(.data) for .data
    enet_ptpd.o(.text) refers to gpio.o(i.GPIOPinWrite) for GPIOPinWrite
    enet_ptpd.o(.text) refers to systick.o(i.SysTickPeriodSet) for SysTickPeriodSet
    enet_ptpd.o(.text) refers to ptpd_timer.o(.text) for timerTick
    enet_ptpd.o(.text) refers to sysctl.o(i.SysCtlClockGet) for SysCtlClockGet
    enet_ptpd.o(.text) refers to systick.o(i.SysTickPeriodGet) for SysTickPeriodGet
    enet_ptpd.o(.text) refers to systick.o(i.SysTickEnable) for SysTickEnable
    enet_ptpd.o(.text) refers to systick.o(i.SysTickIntEnable) for SysTickIntEnable
    enet_ptpd.o(.text) refers to memseta.o(.text) for __aeabi_memclr4
    enet_ptpd.o(.text) refers to memcpya.o(.text) for __aeabi_memcpy
    enet_ptpd.o(.text) refers to ethernet.o(i.EthernetMACAddrGet) for EthernetMACAddrGet
    enet_ptpd.o(.text) refers to ethernet.o(i.EthernetConfigGet) for EthernetConfigGet
    enet_ptpd.o(.text) refers to ethernet.o(i.EthernetConfigSet) for EthernetConfigSet
    enet_ptpd.o(.text) refers to protocol.o(.text) for protocol_first
    enet_ptpd.o(.text) refers to sysctl.o(i.SysCtlClockSet) for SysCtlClockSet
    enet_ptpd.o(.text) refers to sysctl.o(i.SysCtlPeripheralEnable) for SysCtlPeripheralEnable
    enet_ptpd.o(.text) refers to gpio.o(i.GPIOPinTypeUART) for GPIOPinTypeUART
    enet_ptpd.o(.text) refers to uartstdio.o(.text) for UARTStdioInit
    enet_ptpd.o(.text) refers to rit128x96x4.o(.text) for RIT128x96x4Init
    enet_ptpd.o(.text) refers to sysctl.o(i.SysCtlPeripheralReset) for SysCtlPeripheralReset
    enet_ptpd.o(.text) refers to interrupt.o(i.IntPrioritySet) for IntPrioritySet
    enet_ptpd.o(.text) refers to gpio.o(i.GPIODirModeSet) for GPIODirModeSet
    enet_ptpd.o(.text) refers to gpio.o(i.GPIOPadConfigSet) for GPIOPadConfigSet
    enet_ptpd.o(.text) refers to gpio.o(i.GPIOPinTypeGPIOOutput) for GPIOPinTypeGPIOOutput
    enet_ptpd.o(.text) refers to gpio.o(i.GPIOPinTypeGPIOInput) for GPIOPinTypeGPIOInput
    enet_ptpd.o(.text) refers to gpio.o(i.GPIOPinRead) for GPIOPinRead
    enet_ptpd.o(.text) refers to timer.o(i.TimerConfigure) for TimerConfigure
    enet_ptpd.o(.text) refers to timer.o(i.TimerPrescaleSet) for TimerPrescaleSet
    enet_ptpd.o(.text) refers to timer.o(i.TimerLoadSet) for TimerLoadSet
    enet_ptpd.o(.text) refers to timer.o(i.TimerControlEvent) for TimerControlEvent
    enet_ptpd.o(.text) refers to timer.o(i.TimerEnable) for TimerEnable
    enet_ptpd.o(.text) refers to interrupt.o(i.IntMasterEnable) for IntMasterEnable
    enet_ptpd.o(.text) refers to flash.o(i.FlashUserGet) for FlashUserGet
    enet_ptpd.o(.text) refers to uvision.o(.text) for DiagExit
[...]
    Removing sysctl.o(i.SysCtlPeripheralClockGating), (28 bytes).
    Removing sysctl.o(i.SysCtlIntRegister), (20 bytes).
    Removing sysctl.o(i.SysCtlIntUnregister), (18 bytes).
    Removing sysctl.o(i.SysCtlIntEnable), (16 bytes).
    Removing sysctl.o(i.SysCtlIntDisable), (16 bytes).
    Removing sysctl.o(i.SysCtlIntClear), (12 bytes).
    Removing sysctl.o(i.SysCtlIntStatus), (16 bytes).
    Removing sysctl.o(i.SysCtlLDOSet), (12 bytes).
    Removing sysctl.o(i.SysCtlLDOGet), (12 bytes).
    Removing sysctl.o(i.SysCtlLDOConfigSet), (12 bytes).
    Removing sysctl.o(i.SysCtlReset), (16 bytes).
    Removing sysctl.o(i.SysCtlSleep), (4 bytes).
    Removing sysctl.o(i.SysCtlDeepSleep), (32 bytes).
    Removing sysctl.o(i.SysCtlResetCauseGet), (12 bytes).
    Removing sysctl.o(i.SysCtlResetCauseClear), (16 bytes).
    Removing sysctl.o(i.SysCtlBrownOutConfigSet), (16 bytes).
    Removing sysctl.o(i.SysCtlPWMClockSet), (20 bytes).
    Removing sysctl.o(i.SysCtlPWMClockGet), (24 bytes).
    Removing sysctl.o(i.SysCtlADCSpeedSet), (40 bytes).
    Removing sysctl.o(i.SysCtlADCSpeedGet), (16 bytes).
    Removing sysctl.o(i.SysCtlIOSCVerificationSet), (28 bytes).
    Removing sysctl.o(i.SysCtlMOSCVerificationSet), (28 bytes).
    Removing sysctl.o(i.SysCtlPLLVerificationSet), (28 bytes).
    Removing sysctl.o(i.SysCtlClkVerificationClear), (16 bytes).
    Removing systick.o(i.SysTickDisable), (14 bytes).
    Removing systick.o(i.SysTickIntRegister), (24 bytes).
    Removing systick.o(i.SysTickIntUnregister), (18 bytes).
    Removing systick.o(i.SysTickIntDisable), (14 bytes).
    Removing timer.o(i.TimerDisable), (14 bytes).
    Removing timer.o(i.TimerControlLevel), (22 bytes).
    Removing timer.o(i.TimerControlTrigger), (22 bytes).
    Removing timer.o(i.TimerControlStall), (22 bytes).
    Removing timer.o(i.TimerRTCEnable), (10 bytes).
    Removing timer.o(i.TimerRTCDisable), (10 bytes).
    Removing timer.o(i.TimerPrescaleGet), (12 bytes).
    Removing timer.o(i.TimerPrescaleMatchSet), (18 bytes).
    Removing timer.o(i.TimerPrescaleMatchGet), (12 bytes).
    Removing timer.o(i.TimerLoadGet), (12 bytes).
    Removing timer.o(i.TimerMatchSet), (18 bytes).
    Removing timer.o(i.TimerMatchGet), (12 bytes).
    Removing timer.o(i.TimerIntRegister), (92 bytes).
    Removing timer.o(i.TimerIntUnregister), (84 bytes).
    Removing timer.o(i.TimerIntEnable), (8 bytes).
    Removing timer.o(i.TimerIntDisable), (8 bytes).
    Removing timer.o(i.TimerIntStatus), (10 bytes).
    Removing timer.o(i.TimerIntClear), (4 bytes).
    Removing timer.o(i.TimerQuiesce), (58 bytes).
    Removing uart.o(i.UARTParityModeSet), (12 bytes).
    Removing uart.o(i.UARTParityModeGet), (8 bytes).
    Removing uart.o(i.UARTFIFOLevelSet), (6 bytes).
    Removing uart.o(i.UARTFIFOLevelGet), (16 bytes).
    Removing uart.o(i.UARTConfigGetExpClk), (28 bytes).
    Removing uart.o(i.UARTEnableSIR), (20 bytes).
    Removing uart.o(i.UARTDisableSIR), (10 bytes).
    Removing uart.o(i.UARTCharsAvail), (10 bytes).
    Removing uart.o(i.UARTSpaceAvail), (10 bytes).
    Removing uart.o(i.UARTCharGetNonBlocking), (16 bytes).
    Removing uart.o(i.UARTCharPutNonBlocking), (16 bytes).
    Removing uart.o(i.UARTBreakCtl), (20 bytes).
    Removing uart.o(i.UARTIntRegister), (44 bytes).
    Removing uart.o(i.UARTIntUnregister), (44 bytes).
    Removing uart.o(i.UARTIntEnable), (8 bytes).
    Removing uart.o(i.UARTIntDisable), (8 bytes).
    Removing uart.o(i.UARTIntStatus), (10 bytes).
    Removing uart.o(i.UARTIntClear), (4 bytes).

135 unused section(s) (total 4006 bytes) removed from the image.

================================================================================

Image Symbol Table

    Local Symbols

    Symbol Name                              Value     Ov Type        Size  Object(Section)

    RESET                                    0x00000000   Section      252  startup_rvmdk.o(RESET)
    ../../../cmprslib/zerorunl.c             0x00000000   Number         0  __dczerorl.o ABSOLUTE
    ../../microlib/init/entry.s              0x00000000   Number         0  entry.o ABSOLUTE
    ../../microlib/init/handlers.c           0x00000000   Number         0  handlers.o ABSOLUTE
    ../../microlib/init/init.c               0x00000000   Number         0  init.o ABSOLUTE
    ../../microlib/string/memcmp.c           0x00000000   Number         0  memcmp.o ABSOLUTE
    ../../microlib/string/memcpy.c           0x00000000   Number         0  memcpya.o ABSOLUTE
    ../../microlib/string/memcpy.c           0x00000000   Number         0  memcpyb.o ABSOLUTE
    ../../microlib/string/memset.c           0x00000000   Number         0  memseta.o ABSOLUTE
    ../../microlib/string/strchr.c           0x00000000   Number         0  strchr.o ABSOLUTE
    ../../microlib/string/strlen.c           0x00000000   Number         0  strlen.o ABSOLUTE
    ../../microlib/string/strncmp.c          0x00000000   Number         0  strncmp.o ABSOLUTE
    ../../microlib/string/strncpy.c          0x00000000   Number         0  strncpy.o ABSOLUTE
    ../../microlib/string/strstr.c           0x00000000   Number         0  strstr.o ABSOLUTE
    ..\..\..\third_party\lwip-1.2.0\apps\httpd\httpd.c 0x00000000   Number         0  httpd.o ABSOLUTE
    ..\..\..\third_party\lwip-1.2.0\port\luminaryif.c 0x00000000   Number         0  luminaryif.o ABSOLUTE
    ..\..\..\third_party\lwip-1.2.0\src\core\dhcp.c 0x00000000   Number         0  dhcp.o ABSOLUTE
    ..\..\..\third_party\lwip-1.2.0\src\core\inet.c 0x00000000   Number         0  inet.o ABSOLUTE
    ..\..\..\third_party\lwip-1.2.0\src\core\ipv4\icmp.c 0x00000000   Number         0  icmp.o ABSOLUTE
    ..\..\..\third_party\lwip-1.2.0\src\core\ipv4\ip.c 0x00000000   Number         0  ip.o ABSOLUTE
    ..\..\..\third_party\lwip-1.2.0\src\core\ipv4\ip_addr.c 0x00000000   Number         0  ip_addr.o ABSOLUTE
    ..\..\..\third_party\lwip-1.2.0\src\core\mem.c 0x00000000   Number         0  mem.o ABSOLUTE
    ..\..\..\third_party\lwip-1.2.0\src\core\memp.c 0x00000000   Number         0  memp.o ABSOLUTE
    ..\..\..\third_party\lwip-1.2.0\src\core\netif.c 0x00000000   Number         0  netif.o ABSOLUTE
    ..\..\..\third_party\lwip-1.2.0\src\core\pbuf.c 0x00000000   Number         0  pbuf.o ABSOLUTE
    ..\..\..\third_party\lwip-1.2.0\src\core\raw.c 0x00000000   Number         0  raw.o ABSOLUTE
    ..\..\..\third_party\lwip-1.2.0\src\core\stats.c 0x00000000   Number         0  stats.o ABSOLUTE
    ..\..\..\third_party\lwip-1.2.0\src\core\sys.c 0x00000000   Number         0  sys.o ABSOLUTE
    ..\..\..\third_party\lwip-1.2.0\src\core\tcp.c 0x00000000   Number         0  tcp.o ABSOLUTE
    ..\..\..\third_party\lwip-1.2.0\src\core\tcp_in.c 0x00000000   Number         0  tcp_in.o ABSOLUTE
    ..\..\..\third_party\lwip-1.2.0\src\core\tcp_out.c 0x00000000   Number         0  tcp_out.o ABSOLUTE
    ..\..\..\third_party\lwip-1.2.0\src\core\udp.c 0x00000000   Number         0  udp.o ABSOLUTE
    ..\..\..\third_party\lwip-1.2.0\src\netif\etharp.c 0x00000000   Number         0  etharp.o ABSOLUTE
    ..\..\..\third_party\ptpd-1rc1\src\arith.c 0x00000000   Number         0  arith.o ABSOLUTE
    ..\..\..\third_party\ptpd-1rc1\src\bmc.c 0x00000000   Number         0  bmc.o ABSOLUTE
    ..\..\..\third_party\ptpd-1rc1\src\dep-lmi\ptpd_msg.c 0x00000000   Number         0  ptpd_msg.o ABSOLUTE
    ..\..\..\third_party\ptpd-1rc1\src\dep-lmi\ptpd_net.c 0x00000000   Number         0  ptpd_net.o ABSOLUTE
    ..\..\..\third_party\ptpd-1rc1\src\dep-lmi\ptpd_servo.c 0x00000000   Number         0  ptpd_servo.o ABSOLUTE
    ..\..\..\third_party\ptpd-1rc1\src\dep-lmi\ptpd_timer.c 0x00000000   Number         0  ptpd_timer.o ABSOLUTE
    ..\..\..\third_party\ptpd-1rc1\src\protocol.c 0x00000000   Number         0  protocol.o ABSOLUTE
    ..\..\..\utils\uartstdio.c               0x00000000   Number         0  uartstdio.o ABSOLUTE
    ..\..\..\utils\ustdlib.c                 0x00000000   Number         0  ustdlib.o ABSOLUTE
    ..\..\..\utils\uvision.c                 0x00000000   Number         0  uvision.o ABSOLUTE
    ..\rit128x96x4.c                         0x00000000   Number         0  rit128x96x4.o ABSOLUTE
    cpu_keil.S                               0x00000000   Number         0  cpu_keil.o ABSOLUTE
    dc.s                                     0x00000000   Number         0  dc.o ABSOLUTE
    enet_lwip.c                              0x00000000   Number         0  enet_lwip.o ABSOLUTE
    enet_ptpd.c                              0x00000000   Number         0  enet_ptpd.o ABSOLUTE
    ethernet.c                               0x00000000   Number         0  ethernet.o ABSOLUTE
    flash.c                                  0x00000000   Number         0  flash.o ABSOLUTE
    gpio.c                                   0x00000000   Number         0  gpio.o ABSOLUTE
    interrupt.c                              0x00000000   Number         0  interrupt.o ABSOLUTE
    lmi_fs.c                                 0x00000000   Number         0  lmi_fs.o ABSOLUTE
    random.c                                 0x00000000   Number         0  random.o ABSOLUTE
    ssi.c                                    0x00000000   Number         0  ssi.o ABSOLUTE
    startup_rvmdk.S                          0x00000000   Number         0  startup_rvmdk.o ABSOLUTE
    sysctl.c                                 0x00000000   Number         0  sysctl.o ABSOLUTE
    sysctl.c                                 0x00000000   Number         0  sysctl.o ABSOLUTE
    systick.c                                0x00000000   Number         0  systick.o ABSOLUTE
    timer.c                                  0x00000000   Number         0  timer.o ABSOLUTE
    uart.c                                   0x00000000   Number         0  uart.o ABSOLUTE
    NmiSR                                    0x000000f5   Thumb Code     0  startup_rvmdk.o(RESET)
    FaultISR                                 0x000000f7   Thumb Code     0  startup_rvmdk.o(RESET)
    IntDefaultHandler                        0x000000f9   Thumb Code     0  startup_rvmdk.o(RESET)
    $$startup$$                              0x000000fc   Section       12  entry.o($$startup$$)
    .emb_text                                0x00000108   Section        6  sysctl.o(.emb_text)
    .emb_text                                0x00000110   Section        2  init.o(.emb_text)
    .text                                    0x00000114   Section      296  arith.o(.text)
    .text                                    0x0000023c   Section     1368  bmc.o(.text)
    .text                                    0x00000794   Section     3216  dhcp.o(.text)
    dhcp_check                               0x00000795   Thumb Code    36  dhcp.o(.text)
    dhcp_option_trailer                      0x000007b9   Thumb Code    44  dhcp.o(.text)
    dhcp_option_long                         0x000007e5   Thumb Code    66  dhcp.o(.text)
    dhcp_option_short                        0x00000827   Thumb Code    34  dhcp.o(.text)
    dhcp_create_request                      0x00000849   Thumb Code   204  dhcp.o(.text)
    dhcp_select                              0x00000915   Thumb Code   250  dhcp.o(.text)
    dhcp_get_option_ptr                      0x00000a0f   Thumb Code   128  dhcp.o(.text)
    dhcp_rebind                              0x00000b2f   Thumb Code   162  dhcp.o(.text)
    dhcp_bind                                0x00000c29   Thumb Code   200  dhcp.o(.text)
    dhcp_handle_ack                          0x00000cf1   Thumb Code   220  dhcp.o(.text)
    dhcp_free_reply                          0x00000dcd   Thumb Code    32  dhcp.o(.text)
    dhcp_recv                                0x00000ded   Thumb Code   256  dhcp.o(.text)
    dhcp_discover                            0x00000eed   Thumb Code   224  dhcp.o(.text)
    dhcp_decline                             0x00001203   Thumb Code   156  dhcp.o(.text)
    dhcp_set_state                           0x000012b7   Thumb Code    14  dhcp.o(.text)
    dhcp_delete_request                      0x000012c5   Thumb Code    18  dhcp.o(.text)
    dhcp_option_byte                         0x000012d7   Thumb Code    16  dhcp.o(.text)
    dhcp_option                              0x000012e7   Thumb Code    32  dhcp.o(.text)
    dhcp_get_option_long                     0x00001307   Thumb Code    22  dhcp.o(.text)
    dhcp_unfold_reply                        0x0000131d   Thumb Code   140  dhcp.o(.text)
    dhcp_timeout                             0x000013a9   Thumb Code   114  dhcp.o(.text)
    .text                                    0x00001424   Section      844  enet_lwip.o(.text)
    lwip_display_address                     0x0000147d   Thumb Code    52  enet_lwip.o(.text)
    .text                                    0x00001770   Section     1696  enet_ptpd.o(.text)
    .text                                    0x00001e10   Section     1604  etharp.o(.text)
    find_entry                               0x00001e8f   Thumb Code   242  etharp.o(.text)
    update_arp_entry                         0x00001f81   Thumb Code   194  etharp.o(.text)
    .text                                    0x00002454   Section      644  httpd.o(.text)
    conn_err                                 0x00002455   Thumb Code    32  httpd.o(.text)
    close_conn                               0x00002475   Thumb Code    56  httpd.o(.text)
    send_data                                0x000024ad   Thumb Code   152  httpd.o(.text)
    http_poll                                0x00002545   Thumb Code    42  httpd.o(.text)
    http_sent                                0x0000256f   Thumb Code    20  httpd.o(.text)
    http_recv                                0x00002583   Thumb Code   184  httpd.o(.text)
    http_accept                              0x0000263b   Thumb Code    80  httpd.o(.text)
    .text                                    0x000026d8   Section      416  icmp.o(.text)
    .text                                    0x00002878   Section      668  inet.o(.text)
    lwip_standard_chksum                     0x0000287d   Thumb Code    58  inet.o(.text)
    .text                                    0x00002b14   Section      760  ip.o(.text)
    .text                                    0x00002e0c   Section       48  ip_addr.o(.text)
    .text                                    0x00002e3c   Section      412  lmi_fs.o(.text)
    .text                                    0x00002fd8   Section      896  luminaryif.o(.text)
    enqueue_frame                            0x00003301   Thumb Code    72  luminaryif.o(.text)
    .text                                    0x00003358   Section      520  mem.o(.text)
    plug_holes                               0x00003359   Thumb Code    78  mem.o(.text)
    .text                                    0x00003560   Section      244  memp.o(.text)
    .text                                    0x00003654   Section      376  netif.o(.text)
    .text                                    0x000037cc   Section     1008  pbuf.o(.text)
    pbuf_pool_alloc                          0x00003811   Thumb Code    48  pbuf.o(.text)
    .text                                    0x00003bbc   Section     2748  protocol.o(.text)
    .text                                    0x00004678   Section     3804  ptpd_msg.o(.text)
    .text                                    0x00005554   Section     1028  ptpd_net.o(.text)
    eventRecv                                0x0000557d   Thumb Code     8  ptpd_net.o(.text)
    generalRecv                              0x00005585   Thumb Code     8  ptpd_net.o(.text)
    netQInit                                 0x00005893   Thumb Code    10  ptpd_net.o(.text)
    netQPut                                  0x0000589d   Thumb Code    44  ptpd_net.o(.text)
    netQCheck                                0x000058c9   Thumb Code    10  ptpd_net.o(.text)
    .text                                    0x00005958   Section      540  ptpd_servo.o(.text)
    .text                                    0x00005b74   Section      172  ptpd_timer.o(.text)
    .text                                    0x00005c20   Section      424  random.o(.text)
    .text                                    0x00005dc8   Section      336  raw.o(.text)
    .text                                    0x00005f18   Section      820  rit128x96x4.o(.text)
    RITWriteCommand                          0x00005f19   Thumb Code    56  rit128x96x4.o(.text)
    RITWriteData                             0x00005f51   Thumb Code    56  rit128x96x4.o(.text)
    .text                                    0x0000624c   Section       16  stats.o(.text)
    .text                                    0x0000625c   Section     1912  tcp.o(.text)
    tcp_new_port                             0x0000666d   Thumb Code    92  tcp.o(.text)
    tcp_accept_null                          0x0000673d   Thumb Code     6  tcp.o(.text)
    tcp_recv_null                            0x000068a5   Thumb Code    26  tcp.o(.text)
    .text                                    0x000069d4   Section     3364  tcp_in.o(.text)
    tcp_receive                              0x000069d5   Thumb Code  1430  tcp_in.o(.text)
    tcp_parseopt                             0x00006f6b   Thumb Code   118  tcp_in.o(.text)
    tcp_process                              0x00006fe1   Thumb Code   794  tcp_in.o(.text)
    tcp_listen_input                         0x000072fb   Thumb Code   212  tcp_in.o(.text)
    .text                                    0x000076f8   Section     1848  tcp_out.o(.text)
    tcp_output_segment                       0x000079d7   Thumb Code   174  tcp_out.o(.text)
    .text                                    0x00007e30   Section      636  uartstdio.o(.text)
    UARTwrite                                0x00007e77   Thumb Code    50  uartstdio.o(.text)
    .text                                    0x000080ac   Section      972  udp.o(.text)
    .text                                    0x00008478   Section      896  ustdlib.o(.text)
    .text                                    0x000087f8   Section       42  uvision.o(.text)
    .text                                    0x00008824   Section       20  cpu_keil.o(.text)
    .text                                    0x00008838   Section       36  memcpya.o(.text)
    .text                                    0x0000885c   Section       38  memseta.o(.text)
    .text                                    0x00008882   Section       44  strstr.o(.text)
    .text                                    0x000088ae   Section       24  strncpy.o(.text)
    .text                                    0x000088c6   Section       18  strchr.o(.text)
    .text                                    0x000088d8   Section       16  strlen.o(.text)
    .text                                    0x000088e8   Section       26  memcmp.o(.text)
    .text                                    0x00008902   Section       30  strncmp.o(.text)
    .text                                    0x00008920   Section       44  init.o(.text)
    .text                                    0x0000894c   Section       58  __dczerorl.o(.text)
    i.EthernetConfigGet                      0x00008986   Section       20  ethernet.o(i.EthernetConfigGet)
    i.EthernetConfigSet                      0x0000899a   Section       42  ethernet.o(i.EthernetConfigSet)
    i.EthernetEnable                         0x000089c4   Section       34  ethernet.o(i.EthernetEnable)
    i.EthernetInitExpClk                     0x000089e8   Section       16  ethernet.o(i.EthernetInitExpClk)
    i.EthernetIntClear                       0x000089f8   Section        4  ethernet.o(i.EthernetIntClear)
    i.EthernetIntDisable                     0x000089fc   Section        8  ethernet.o(i.EthernetIntDisable)
    i.EthernetIntEnable                      0x00008a04   Section        8  ethernet.o(i.EthernetIntEnable)
    i.EthernetIntStatus                      0x00008a0c   Section       14  ethernet.o(i.EthernetIntStatus)
    i.EthernetMACAddrGet                     0x00008a1a   Section       48  ethernet.o(i.EthernetMACAddrGet)
    i.EthernetMACAddrSet                     0x00008a4a   Section       52  ethernet.o(i.EthernetMACAddrSet)
    i.EthernetPacketAvail                    0x00008a7e   Section       10  ethernet.o(i.EthernetPacketAvail)
    i.EthernetSpaceAvail                     0x00008a88   Section       10  ethernet.o(i.EthernetSpaceAvail)
    i.FlashUserGet                           0x00008a94   Section       56  flash.o(i.FlashUserGet)
    i.GPIODirModeSet                         0x00008acc   Section       38  gpio.o(i.GPIODirModeSet)
    i.GPIOPadConfigSet                       0x00008af2   Section      148  gpio.o(i.GPIOPadConfigSet)
    i.GPIOPinRead                            0x00008b86   Section        6  gpio.o(i.GPIOPinRead)
    i.GPIOPinTypeGPIOInput                   0x00008b8c   Section       28  gpio.o(i.GPIOPinTypeGPIOInput)
    i.GPIOPinTypeGPIOOutput                  0x00008ba8   Section       28  gpio.o(i.GPIOPinTypeGPIOOutput)
    i.GPIOPinTypeSSI                         0x00008bc4   Section       28  gpio.o(i.GPIOPinTypeSSI)
    i.GPIOPinTypeUART                        0x00008be0   Section       28  gpio.o(i.GPIOPinTypeUART)
    i.GPIOPinWrite                           0x00008bfc   Section        6  gpio.o(i.GPIOPinWrite)
    i.IntEnable                              0x00008c02   Section       96  interrupt.o(i.IntEnable)
    i.IntMasterDisable                       0x00008c62   Section       10  interrupt.o(i.IntMasterDisable)
    i.IntMasterEnable                        0x00008c6c   Section       10  interrupt.o(i.IntMasterEnable)
    i.IntPrioritySet                         0x00008c78   Section       36  interrupt.o(i.IntPrioritySet)
    i.SSIConfigSetExpClk                     0x00008c9c   Section       62  ssi.o(i.SSIConfigSetExpClk)
    i.SSIDataGet                             0x00008cda   Section       12  ssi.o(i.SSIDataGet)
    i.SSIDataGetNonBlocking                  0x00008ce6   Section       18  ssi.o(i.SSIDataGetNonBlocking)
    i.SSIDataPut                             0x00008cf8   Section       10  ssi.o(i.SSIDataPut)
    i.SSIDisable                             0x00008d02   Section       10  ssi.o(i.SSIDisable)
    i.SSIEnable                              0x00008d0c   Section       10  ssi.o(i.SSIEnable)
    i.SysCtlClockGet                         0x00008d18   Section      280  sysctl.o(i.SysCtlClockGet)
    i.SysCtlClockSet                         0x00008e30   Section      284  sysctl.o(i.SysCtlClockSet)
    i.SysCtlPeripheralEnable                 0x00008f4c   Section       28  sysctl.o(i.SysCtlPeripheralEnable)
    i.SysCtlPeripheralPresent                0x00008f68   Section       36  sysctl.o(i.SysCtlPeripheralPresent)
    i.SysCtlPeripheralReset                  0x00008f8c   Section       48  sysctl.o(i.SysCtlPeripheralReset)
    i.SysTickEnable                          0x00008fbc   Section       14  systick.o(i.SysTickEnable)
    i.SysTickIntEnable                       0x00008fca   Section       14  systick.o(i.SysTickIntEnable)
    i.SysTickPeriodGet                       0x00008fd8   Section       10  systick.o(i.SysTickPeriodGet)
    i.SysTickPeriodSet                       0x00008fe2   Section       10  systick.o(i.SysTickPeriodSet)
    i.SysTickValueGet                        0x00008fec   Section        8  systick.o(i.SysTickValueGet)
    i.TimerConfigure                         0x00008ff4   Section       26  timer.o(i.TimerConfigure)
    i.TimerControlEvent                      0x0000900e   Section       18  timer.o(i.TimerControlEvent)
    i.TimerEnable                            0x00009020   Section       14  timer.o(i.TimerEnable)
    i.TimerLoadSet                           0x0000902e   Section       18  timer.o(i.TimerLoadSet)
    i.TimerPrescaleSet                       0x00009040   Section       18  timer.o(i.TimerPrescaleSet)
    i.TimerValueGet                          0x00009052   Section       12  timer.o(i.TimerValueGet)
    i.UARTCharGet                            0x0000905e   Section       10  uart.o(i.UARTCharGet)
    i.UARTCharPut                            0x00009068   Section       10  uart.o(i.UARTCharPut)
    i.UARTConfigSetExpClk                    0x00009072   Section       48  uart.o(i.UARTConfigSetExpClk)
    i.UARTDisable                            0x000090a2   Section       26  uart.o(i.UARTDisable)
    i.UARTEnable                             0x000090bc   Section       20  uart.o(i.UARTEnable)
    i.__scatterload_copy                     0x000090d0   Section       14  handlers.o(i.__scatterload_copy)
    i.__scatterload_null                     0x000090de   Section        2  handlers.o(i.__scatterload_null)
    i.__scatterload_zeroinit                 0x000090e0   Section       14  handlers.o(i.__scatterload_zeroinit)
    .constdata                               0x000090ee   Section        6  etharp.o(.constdata)
    ethbroadcast                             0x000090ee   Data           6  etharp.o(.constdata)
    .constdata                               0x000090f4   Section        4  ip_addr.o(.constdata)
    .constdata                               0x000090f8   Section        4  ip_addr.o(.constdata)
    .constdata                               0x000090fc   Section       16  lmi_fs.o(.constdata)
    .constdata                               0x0000910c   Section      327  lmi_fs.o(.constdata)
    data_404_html                            0x0000910c   Data         327  lmi_fs.o(.constdata)
    .constdata                               0x00009253   Section     1284  lmi_fs.o(.constdata)
    data_index_html                          0x00009253   Data        1284  lmi_fs.o(.constdata)
    .constdata                               0x00009757   Section     1103  lmi_fs.o(.constdata)
    data_ptpclock_shtml                      0x00009757   Data        1103  lmi_fs.o(.constdata)
    .constdata                               0x00009ba6   Section      544  lmi_fs.o(.constdata)
    data_styles_css                          0x00009ba6   Data         544  lmi_fs.o(.constdata)
    .constdata                               0x00009dc8   Section       16  lmi_fs.o(.constdata)
    .constdata                               0x00009dd8   Section       16  lmi_fs.o(.constdata)
    .constdata                               0x00009de8   Section       16  lmi_fs.o(.constdata)
    .constdata                               0x00009df8   Section       44  memp.o(.constdata)
    memp_sizes                               0x00009df8   Data          22  memp.o(.constdata)
    memp_num                                 0x00009e0e   Data          22  memp.o(.constdata)
    .constdata                               0x00009e24   Section      571  rit128x96x4.o(.constdata)
    g_pucRIT128x96x4VerticalInc              0x00009e24   Data           2  rit128x96x4.o(.constdata)
    g_pucRIT128x96x4HorizontalInc            0x00009e26   Data           2  rit128x96x4.o(.constdata)
    pucCommand1@RIT128x96x4DisplayOff_0      0x00009e28   Data           2  rit128x96x4.o(.constdata)
    pucCommand1@RIT128x96x4Clear_0           0x00009e2a   Data           3  rit128x96x4.o(.constdata)
    pucCommand2@RIT128x96x4Clear_1           0x00009e2d   Data           3  rit128x96x4.o(.constdata)
    g_pucFont                                0x00009e30   Data         480  rit128x96x4.o(.constdata)
    g_pucRIT128x96x4Init                     0x0000a010   Data          79  rit128x96x4.o(.constdata)
    .constdata                               0x0000a05f   Section       13  tcp.o(.constdata)
    .constdata                               0x0000a06c   Section        4  uartstdio.o(.constdata)
    g_pcHex                                  0x0000a06c   Data           4  uartstdio.o(.constdata)
    .constdata                               0x0000a070   Section       28  ustdlib.o(.constdata)
    g_pcHex                                  0x0000a070   Data           4  ustdlib.o(.constdata)
    g_psDaysToMonth                          0x0000a074   Data          24  ustdlib.o(.constdata)
    .constdata                               0x0000a08c   Section       92  interrupt.o(.constdata)
    g_pulPriority                            0x0000a08c   Data          32  interrupt.o(.constdata)
    g_pulRegs                                0x0000a0ac   Data          60  interrupt.o(.constdata)
    .constdata                               0x0000a0e8   Section      128  sysctl.o(.constdata)
    g_pulDCRegs                              0x0000a0e8   Data          16  sysctl.o(.constdata)
    g_pulSRCRRegs                            0x0000a0f8   Data          12  sysctl.o(.constdata)
    g_pulRCGCRegs                            0x0000a104   Data          12  sysctl.o(.constdata)
    g_pulSCGCRegs                            0x0000a110   Data          12  sysctl.o(.constdata)
    g_pulDCGCRegs                            0x0000a11c   Data          12  sysctl.o(.constdata)
    g_pulXtals                               0x0000a128   Data          64  sysctl.o(.constdata)
    .conststring                             0x0000a168   Section       76  enet_ptpd.o(.conststring)
    .conststring                             0x0000a1b4   Section       17  uartstdio.o(.conststring)
    .data                                    0x20000000   Section        4  dhcp.o(.data)
    xid                                      0x20000000   Data           4  dhcp.o(.data)
    .data                                    0x20000004   Section       32  enet_lwip.o(.data)
    bDisplayIP@lwip_tick_0                   0x20000004   Data           1  enet_lwip.o(.data)
    bIPDisplayed@lwip_tick_1                 0x20000005   Data           1  enet_lwip.o(.data)
    iColumn@lwip_tick_2                      0x20000020   Data           4  enet_lwip.o(.data)
    .data                                    0x20000024   Section      104  enet_ptpd.o(.data)
    g_ulNewSystemTickReload                  0x20000024   Data           4  enet_ptpd.o(.data)
    g_ulSystemTickHigh                       0x20000028   Data           4  enet_ptpd.o(.data)
    g_ulSystemTickReload                     0x2000002c   Data           4  enet_ptpd.o(.data)
    .data                                    0x2000008c   Section        4  httpd.o(.data)
    index@send_data_1                        0x2000008c   Data           4  httpd.o(.data)
    .data                                    0x20000090   Section        2  ip.o(.data)
    ip_id@ip_output_if_0                     0x20000090   Data           2  ip.o(.data)
    .data                                    0x20000094   Section       12  luminaryif.o(.data)
    g_ulEthernetOverflow                     0x20000094   Data           4  luminaryif.o(.data)
    g_ulQueueRead                            0x20000098   Data           4  luminaryif.o(.data)
    g_ulQueueWrite                           0x2000009c   Data           4  luminaryif.o(.data)
    .data                                    0x200000a0   Section       16  mem.o(.data)
    mem_sem                                  0x200000a0   Data           1  mem.o(.data)
    ram_end                                  0x200000a4   Data           4  mem.o(.data)
    ram                                      0x200000a8   Data           4  mem.o(.data)
    lfree                                    0x200000ac   Data           4  mem.o(.data)
    .data                                    0x200000b0   Section       12  netif.o(.data)
    netifnum@netif_add_0                     0x200000b0   Data           2  netif.o(.data)
    .data                                    0x200000bc   Section        4  pbuf.o(.data)
    pbuf_pool                                0x200000bc   Data           4  pbuf.o(.data)
    .data                                    0x200000c0   Section        4  ptpd_servo.o(.data)
    ulCount@updateClock_0                    0x200000c0   Data           4  ptpd_servo.o(.data)
    .data                                    0x200000c4   Section        4  ptpd_timer.o(.data)
    iElapsedMilliSeconds                     0x200000c4   Data           4  ptpd_timer.o(.data)
    .data                                    0x200000c8   Section        8  random.o(.data)
    g_ulRandomIndex                          0x200000c8   Data           4  random.o(.data)
    g_ulRandomSeed                           0x200000cc   Data           4  random.o(.data)
    .data                                    0x200000d0   Section        4  raw.o(.data)
    raw_pcbs                                 0x200000d0   Data           4  raw.o(.data)
    .data                                    0x200000d4   Section        9  rit128x96x4.o(.data)
    g_bSSIEnabled                            0x200000d4   Data           1  rit128x96x4.o(.data)
    g_pucBuffer                              0x200000d5   Data           8  rit128x96x4.o(.data)
    .data                                    0x200000e0   Section       28  tcp.o(.data)
    tcp_timer                                0x200000e0   Data           1  tcp.o(.data)
    port@tcp_new_port_0                      0x200000e2   Data           2  tcp.o(.data)
    iss@tcp_next_iss_0                       0x200000e4   Data           4  tcp.o(.data)
    .data                                    0x200000fc   Section       28  tcp_in.o(.data)
    flags                                    0x200000fc   Data           1  tcp_in.o(.data)
    recv_flags                               0x200000fd   Data           1  tcp_in.o(.data)
    tcplen                                   0x200000fe   Data           2  tcp_in.o(.data)
    tcphdr                                   0x20000100   Data           4  tcp_in.o(.data)
    iphdr                                    0x20000104   Data           4  tcp_in.o(.data)
    seqno                                    0x20000108   Data           4  tcp_in.o(.data)
    ackno                                    0x2000010c   Data           4  tcp_in.o(.data)
    recv_data                                0x20000110   Data           4  tcp_in.o(.data)
    .data                                    0x20000118   Section       32  uartstdio.o(.data)
    bLastWasCR@UARTgets_0                    0x20000118   Data           1  uartstdio.o(.data)
    g_ulBase                                 0x2000011c   Data           4  uartstdio.o(.data)
    g_ulUartBase                             0x20000120   Data          12  uartstdio.o(.data)
    g_ulUartPeriph                           0x2000012c   Data          12  uartstdio.o(.data)
    .data                                    0x20000138   Section        8  udp.o(.data)
    pcb_cache                                0x2000013c   Data           4  udp.o(.data)
    .bss                                     0x20000140   Section       52  enet_lwip.o(.bss)
    g_sEMAC_if                               0x20000140   Data          52  enet_lwip.o(.bss)
    .bss                                     0x20000174   Section     1855  enet_ptpd.o(.bss)
    g_sPTPClock                              0x20000174   Data        1168  enet_ptpd.o(.bss)
    g_psForeignMasterRec                     0x20000604   Data         560  enet_ptpd.o(.bss)
    g_sRtOpts                                0x20000834   Data         104  enet_ptpd.o(.bss)
    g_pucBuf                                 0x2000089c   Data          23  enet_ptpd.o(.bss)
    .bss                                     0x200008b4   Section      200  etharp.o(.bss)
    arp_table                                0x200008b4   Data         200  etharp.o(.bss)
    .bss                                     0x2000097c   Section     9000  httpd.o(.bss)
    buf@send_data_0                          0x2000097c   Data        9000  httpd.o(.bss)
    .bss                                     0x20002ca4   Section       16  inet.o(.bss)
    str@inet_ntoa_0                          0x20002ca4   Data          16  inet.o(.bss)
    .bss                                     0x20002cb4   Section       36  luminaryif.o(.bss)
    g_pEthernetQueue                         0x20002cb4   Data          36  luminaryif.o(.bss)
    .bss                                     0x20002cd8   Section     4104  mem.o(.bss)
    ram_heap                                 0x20002cd8   Data        4104  mem.o(.bss)
    .bss                                     0x20003ce0   Section     3063  memp.o(.bss)
    memp_tab                                 0x20003ce0   Data          44  memp.o(.bss)
    memp_memory                              0x20003d0c   Data        3019  memp.o(.bss)
    .bss                                     0x200048d7   Section     8963  pbuf.o(.bss)
    pbuf_pool_memory                         0x200048d7   Data        8963  pbuf.o(.bss)
    .bss                                     0x20006bdc   Section       64  random.o(.bss)
    g_pulRandomEntropy                       0x20006bdc   Data          64  random.o(.bss)
    .bss                                     0x20006c1c   Section      276  stats.o(.bss)
    .bss                                     0x20006d30   Section       20  tcp_in.o(.bss)
    inseg                                    0x20006d30   Data          20  tcp_in.o(.bss)
    STACK                                    0x20006d48   Section     2048  startup_rvmdk.o(STACK)
    StackMem                                 0x20006d48   Data           0  startup_rvmdk.o(STACK)

    Global Symbols

    Symbol Name                              Value     Ov Type        Size  Object(Section)

    BuildAttributes$$THM_ISAv4$M$P$D$K$S$PE$A:L22UL41UL21$X:L11$S22US41US21$IEEE1$IW$USESV6$~STKCKD$USESV7$~SHL$OSPACE$EBA8$MICROLIB$REQ8$PRES8$EABIv2 0x00000000   Number         0  anon$$obj.o ABSOLUTE
    __ARM_use_no_argv                        0x00000000   Number         0  enet_ptpd.o ABSOLUTE
    __Vectors                                0x00000000   Data           0  startup_rvmdk.o(RESET)
    Reset_Handler                            0x000000f1   Thumb Code     0  startup_rvmdk.o(RESET)
    __main                                   0x000000fd   Thumb Code     8  entry.o($$startup$$)
    SysCtlDelay                              0x00000109   Thumb Code     6  sysctl.o(.emb_text)
    __call_main                              0x00000111   Thumb Code     2  init.o(.emb_text)
    crc_algorithm                            0x00000115   Thumb Code    54  arith.o(.text)
    sum                                      0x0000014b   Thumb Code    24  arith.o(.text)
    fromInternalTime                         0x00000163   Thumb Code    48  arith.o(.text)
    toInternalTime                           0x00000193   Thumb Code    52  arith.o(.text)
    normalizeTime                            0x000001c7   Thumb Code    62  arith.o(.text)
    addTime                                  0x00000205   Thumb Code    22  arith.o(.text)
    subTime                                  0x0000021b   Thumb Code    22  arith.o(.text)
    initData                                 0x0000023d   Thumb Code   134  bmc.o(.text)
    m1                                       0x000002c3   Thumb Code   132  bmc.o(.text)
    s1                                       0x00000347   Thumb Code   160  bmc.o(.text)
    copyD0                                   0x000003e7   Thumb Code   108  bmc.o(.text)
    getIdentifierOrder                       0x00000453   Thumb Code    98  bmc.o(.text)
    bmcDataSetComparison                     0x000004b5   Thumb Code   450  bmc.o(.text)
    bmcStateDecision                         0x00000677   Thumb Code   116  bmc.o(.text)
    bmc                                      0x000006eb   Thumb Code   120  bmc.o(.text)
    dhcp_renew                               0x00000a8f   Thumb Code   160  dhcp.o(.text)
    dhcp_coarse_tmr                          0x00000bd1   Thumb Code    88  dhcp.o(.text)
    dhcp_release                             0x00000fcd   Thumb Code   190  dhcp.o(.text)
    dhcp_fine_tmr                            0x0000108b   Thumb Code    46  dhcp.o(.text)
    dhcp_stop                                0x000010b9   Thumb Code    64  dhcp.o(.text)
    dhcp_start                               0x000010f9   Thumb Code    94  dhcp.o(.text)
    dhcp_inform                              0x00001157   Thumb Code   172  dhcp.o(.text)
    dhcp_arp_reply                           0x0000129f   Thumb Code    24  dhcp.o(.text)
    EthernetIntHandler                       0x00001425   Thumb Code    88  enet_lwip.o(.text)
    lwip_init                                0x000014b1   Thumb Code   132  enet_lwip.o(.text)
    lwip_tick                                0x00001535   Thumb Code   416  enet_lwip.o(.text)
    SysTickIntHandler                        0x00001771   Thumb Code   144  enet_ptpd.o(.text)
    ptpd_systick_init                        0x00001801   Thumb Code    40  enet_ptpd.o(.text)
    ptpd_init                                0x00001829   Thumb Code   220  enet_ptpd.o(.text)
    ptpd_tick                                0x00001905   Thumb Code     8  enet_ptpd.o(.text)
    adjust_rx_timestamp                      0x0000190d   Thumb Code    44  enet_ptpd.o(.text)
    main                                     0x00001939   Thumb Code   916  enet_ptpd.o(.text)
    displayStats                             0x00001ccd   Thumb Code     2  enet_ptpd.o(.text)
    getTime                                  0x00001ccf   Thumb Code    74  enet_ptpd.o(.text)
    setTime                                  0x00001d19   Thumb Code    26  enet_ptpd.o(.text)
    getRxTime                                0x00001d33   Thumb Code    76  enet_ptpd.o(.text)
    getRand                                  0x00001d7f   Thumb Code    20  enet_ptpd.o(.text)
    adjFreq                                  0x00001d93   Thumb Code    54  enet_ptpd.o(.text)
    etharp_init                              0x00001e11   Thumb Code    36  etharp.o(.text)
    etharp_tmr                               0x00001e35   Thumb Code    90  etharp.o(.text)
    etharp_find_addr                         0x00002043   Thumb Code    70  etharp.o(.text)
    etharp_ip_input                          0x00002089   Thumb Code    34  etharp.o(.text)
    etharp_arp_input                         0x000020ab   Thumb Code   262  etharp.o(.text)
    etharp_request                           0x000021b1   Thumb Code   210  etharp.o(.text)
    etharp_query                             0x00002283   Thumb Code   228  etharp.o(.text)
    etharp_output                            0x00002367   Thumb Code   224  etharp.o(.text)
    httpd_init                               0x0000268b   Thumb Code    34  httpd.o(.text)
    icmp_input                               0x000026d9   Thumb Code   280  icmp.o(.text)
    icmp_dest_unreach                        0x000027f1   Thumb Code   130  icmp.o(.text)
    htons                                    0x00002879   Thumb Code     4  inet.o(.text)
    inet_chksum_pseudo                       0x000028b7   Thumb Code   138  inet.o(.text)
    inet_chksum                              0x00002941   Thumb Code    24  inet.o(.text)
    inet_chksum_pbuf                         0x00002959   Thumb Code    70  inet.o(.text)
    htonl                                    0x0000299f   Thumb Code     4  inet.o(.text)
    inet_aton                                0x000029a3   Thumb Code   252  inet.o(.text)
    inet_addr                                0x00002a9f   Thumb Code    20  inet.o(.text)
    inet_ntoa                                0x00002ab3   Thumb Code    86  inet.o(.text)
    ntohs                                    0x00002b09   Thumb Code     4  inet.o(.text)
    ntohl                                    0x00002b0d   Thumb Code     4  inet.o(.text)
    ip_init                                  0x00002b15   Thumb Code     2  ip.o(.text)
    ip_route                                 0x00002b17   Thumb Code    34  ip.o(.text)
    ip_input                                 0x00002b39   Thumb Code   434  ip.o(.text)
    ip_output_if                             0x00002ceb   Thumb Code   210  ip.o(.text)
    ip_output                                0x00002dbd   Thumb Code    62  ip.o(.text)
    ip_addr_isbroadcast                      0x00002e0d   Thumb Code    48  ip_addr.o(.text)
    fs_init                                  0x00002e3d   Thumb Code     2  lmi_fs.o(.text)
    fs_tick                                  0x00002e3f   Thumb Code     2  lmi_fs.o(.text)
    fs_open                                  0x00002e41   Thumb Code    98  lmi_fs.o(.text)
    fs_close                                 0x00002ea3   Thumb Code    22  lmi_fs.o(.text)
    fs_read                                  0x00002eb9   Thumb Code   188  lmi_fs.o(.text)
    low_level_init                           0x00002fd9   Thumb Code    80  luminaryif.o(.text)
    low_level_output                         0x00003029   Thumb Code    96  luminaryif.o(.text)
    low_level_input                          0x00003089   Thumb Code   226  luminaryif.o(.text)
    ethernetif_output                        0x0000316b   Thumb Code    10  luminaryif.o(.text)
    ethernetif_input                         0x00003175   Thumb Code   112  luminaryif.o(.text)
    sys_arch_unprotect                       0x000031e5   Thumb Code    10  luminaryif.o(.text)
    sys_arch_protect                         0x000031ef   Thumb Code     4  luminaryif.o(.text)
    ethernetif_enqueue                       0x000031f3   Thumb Code    46  luminaryif.o(.text)
    ethernetif_dequeue                       0x00003221   Thumb Code   134  luminaryif.o(.text)
    arp_timer                                0x000032a7   Thumb Code     4  luminaryif.o(.text)
    ethernetif_init                          0x000032ab   Thumb Code    86  luminaryif.o(.text)
    mem_init                                 0x000033a7   Thumb Code    54  mem.o(.text)
    mem_free                                 0x000033dd   Thumb Code    66  mem.o(.text)
    mem_realloc                              0x0000341f   Thumb Code   128  mem.o(.text)
    mem_malloc                               0x0000349f   Thumb Code   180  mem.o(.text)
    memp_init                                0x00003561   Thumb Code   100  memp.o(.text)
    memp_malloc                              0x000035c5   Thumb Code    78  memp.o(.text)
    memp_free                                0x00003613   Thumb Code    52  memp.o(.text)
    netif_set_gw                             0x00003655   Thumb Code     8  netif.o(.text)
    netif_set_netmask                        0x0000365d   Thumb Code     8  netif.o(.text)
    netif_set_ipaddr                         0x00003665   Thumb Code    86  netif.o(.text)
    netif_set_addr                           0x000036bb   Thumb Code    30  netif.o(.text)
    netif_add                                0x000036d9   Thumb Code    72  netif.o(.text)
    netif_remove                             0x00003721   Thumb Code    52  netif.o(.text)
    netif_find                               0x00003755   Thumb Code    56  netif.o(.text)
    netif_set_default                        0x0000378d   Thumb Code     6  netif.o(.text)
    netif_set_up                             0x00003793   Thumb Code    12  netif.o(.text)
    netif_is_up                              0x0000379f   Thumb Code    10  netif.o(.text)
    netif_set_down                           0x000037a9   Thumb Code    12  netif.o(.text)
    netif_init                               0x000037b5   Thumb Code    10  netif.o(.text)
    pbuf_init                                0x000037cd   Thumb Code    68  pbuf.o(.text)
    pbuf_free                                0x00003841   Thumb Code   122  pbuf.o(.text)
    pbuf_alloc                               0x000038bb   Thumb Code   292  pbuf.o(.text)
    pbuf_realloc                             0x000039df   Thumb Code    80  pbuf.o(.text)
    pbuf_header                              0x00003a2f   Thumb Code    78  pbuf.o(.text)
    pbuf_clen                                0x00003a7d   Thumb Code    18  pbuf.o(.text)
    pbuf_ref                                 0x00003a8f   Thumb Code    26  pbuf.o(.text)
    pbuf_cat                                 0x00003aa9   Thumb Code    40  pbuf.o(.text)
    pbuf_chain                               0x00003ad1   Thumb Code    16  pbuf.o(.text)
    pbuf_queue                               0x00003ae1   Thumb Code    30  pbuf.o(.text)
    pbuf_dequeue                             0x00003aff   Thumb Code    22  pbuf.o(.text)
    pbuf_take                                0x00003b15   Thumb Code   114  pbuf.o(.text)
    pbuf_dechain                             0x00003b87   Thumb Code    54  pbuf.o(.text)
    toState                                  0x00003bbd   Thumb Code   320  protocol.o(.text)
    doInit                                   0x00003cfd   Thumb Code    92  protocol.o(.text)
    issueManagement                          0x00003d59   Thumb Code    64  protocol.o(.text)
    handleManagement                         0x00003d99   Thumb Code   166  protocol.o(.text)
    handleDelayResp                          0x00003e3f   Thumb Code   202  protocol.o(.text)
    issueDelayResp                           0x00003f09   Thumb Code    70  protocol.o(.text)
    handleDelayReq                           0x00003f4f   Thumb Code   146  protocol.o(.text)
    handleFollowUp                           0x00003fe1   Thumb Code   166  protocol.o(.text)
    issueFollowup                            0x00004087   Thumb Code    68  protocol.o(.text)
    addForeign                               0x000040cb   Thumb Code   256  protocol.o(.text)
    issueDelayReq                            0x000041cb   Thumb Code    86  protocol.o(.text)
    handleSync                               0x00004221   Thumb Code   408  protocol.o(.text)
    handle                                   0x000043b9   Thumb Code   316  protocol.o(.text)
    issueSync                                0x000044f5   Thumb Code    80  protocol.o(.text)
    doState                                  0x00004545   Thumb Code   210  protocol.o(.text)
    protocol_first                           0x00004617   Thumb Code    42  protocol.o(.text)
    protocol_loop                            0x00004641   Thumb Code    12  protocol.o(.text)
    protocol                                 0x0000464d   Thumb Code    44  protocol.o(.text)
    msgPeek                                  0x00004679   Thumb Code     4  ptpd_msg.o(.text)
    msgUnpackHeader                          0x0000467d   Thumb Code    80  ptpd_msg.o(.text)
    msgUnpackSync                            0x000046cd   Thumb Code   266  ptpd_msg.o(.text)
    msgUnpackDelayReq                        0x000047d7   Thumb Code     2  ptpd_msg.o(.text)
    msgUnpackFollowUp                        0x000047d9   Thumb Code    44  ptpd_msg.o(.text)
    msgUnpackDelayResp                       0x00004805   Thumb Code    76  ptpd_msg.o(.text)
    msgUnpackManagement                      0x00004851   Thumb Code    88  ptpd_msg.o(.text)
    msgUnloadManagement                      0x000048a9   Thumb Code   272  ptpd_msg.o(.text)
    msgUnpackManagementPayload               0x000049b9   Thumb Code   660  ptpd_msg.o(.text)
    msgPackHeader                            0x00004c4d   Thumb Code    94  ptpd_msg.o(.text)
    msgPackSync                              0x00004cab   Thumb Code   364  ptpd_msg.o(.text)
    msgPackDelayReq                          0x00004e17   Thumb Code   362  ptpd_msg.o(.text)
    msgPackFollowUp                          0x00004f81   Thumb Code    84  ptpd_msg.o(.text)
    msgPackDelayResp                         0x00004fd5   Thumb Code   112  ptpd_msg.o(.text)
    msgPackManagement                        0x00005045   Thumb Code   116  ptpd_msg.o(.text)
    msgPackManagementResponse                0x000050b9   Thumb Code  1122  ptpd_msg.o(.text)
    netQGet                                  0x00005555   Thumb Code    40  ptpd_net.o(.text)
    lookupSubdomainAddress                   0x0000558d   Thumb Code   116  ptpd_net.o(.text)
    netInit                                  0x00005601   Thumb Code   276  ptpd_net.o(.text)
    netShutdown                              0x00005715   Thumb Code    62  ptpd_net.o(.text)
    netSelect                                0x00005753   Thumb Code    30  ptpd_net.o(.text)
    netRecvEvent                             0x00005771   Thumb Code    80  ptpd_net.o(.text)
    netRecvGeneral                           0x000057c1   Thumb Code    66  ptpd_net.o(.text)
    netSendEvent                             0x00005803   Thumb Code    72  ptpd_net.o(.text)
    netSendGeneral                           0x0000584b   Thumb Code    72  ptpd_net.o(.text)
    initClock                                0x00005959   Thumb Code    80  ptpd_servo.o(.text)
    updateDelay                              0x000059a9   Thumb Code   170  ptpd_servo.o(.text)
    updateOffset                             0x00005a53   Thumb Code    70  ptpd_servo.o(.text)
    updateClock                              0x00005a99   Thumb Code   212  ptpd_servo.o(.text)
    initTimer                                0x00005b75   Thumb Code     8  ptpd_timer.o(.text)
    timerTick                                0x00005b7d   Thumb Code    10  ptpd_timer.o(.text)
    timerUpdate                              0x00005b87   Thumb Code    66  ptpd_timer.o(.text)
    timerStop                                0x00005bc9   Thumb Code    16  ptpd_timer.o(.text)
    timerStart                               0x00005bd9   Thumb Code    26  ptpd_timer.o(.text)
    timerExpired                             0x00005bf3   Thumb Code    40  ptpd_timer.o(.text)
    RandomAddEntropy                         0x00005c21   Thumb Code    18  random.o(.text)
    RandomSeed                               0x00005c33   Thumb Code   358  random.o(.text)
    RandomNumber                             0x00005d99   Thumb Code    16  random.o(.text)
    raw_init                                 0x00005dc9   Thumb Code     8  raw.o(.text)
    raw_input                                0x00005dd1   Thumb Code    74  raw.o(.text)
    raw_bind                                 0x00005e1b   Thumb Code    10  raw.o(.text)
    raw_connect                              0x00005e25   Thumb Code    10  raw.o(.text)
    raw_recv                                 0x00005e2f   Thumb Code     6  raw.o(.text)
    raw_sendto                               0x00005e35   Thumb Code   138  raw.o(.text)
    raw_send                                 0x00005ebf   Thumb Code     4  raw.o(.text)
    raw_remove                               0x00005ec3   Thumb Code    40  raw.o(.text)
    raw_new                                  0x00005eeb   Thumb Code    40  raw.o(.text)
    RIT128x96x4Clear                         0x00005f89   Thumb Code    68  rit128x96x4.o(.text)
    RIT128x96x4StringDraw                    0x00005fcd   Thumb Code   214  rit128x96x4.o(.text)
    RIT128x96x4ImageDraw                     0x000060a3   Thumb Code    98  rit128x96x4.o(.text)
    RIT128x96x4Enable                        0x00006105   Thumb Code    84  rit128x96x4.o(.text)
    RIT128x96x4Disable                       0x00006159   Thumb Code    64  rit128x96x4.o(.text)
    RIT128x96x4Init                          0x00006199   Thumb Code   116  rit128x96x4.o(.text)
    RIT128x96x4DisplayOn                     0x0000620d   Thumb Code    30  rit128x96x4.o(.text)
    RIT128x96x4DisplayOff                    0x0000622b   Thumb Code     8  rit128x96x4.o(.text)
    stats_init                               0x0000624d   Thumb Code    10  stats.o(.text)
    tcp_init                                 0x0000625d   Thumb Code    20  tcp.o(.text)
    tcp_seg_free                             0x00006271   Thumb Code    32  tcp.o(.text)
    tcp_segs_free                            0x00006291   Thumb Code    26  tcp.o(.text)
    tcp_pcb_purge                            0x000062ab   Thumb Code    46  tcp.o(.text)
    tcp_pcb_remove                           0x000062d9   Thumb Code    90  tcp.o(.text)
    tcp_abort                                0x00006333   Thumb Code   142  tcp.o(.text)
    tcp_slowtmr                              0x000063c1   Thumb Code   482  tcp.o(.text)
    tcp_fasttmr                              0x000065a3   Thumb Code    44  tcp.o(.text)
    tcp_tmr                                  0x000065cf   Thumb Code    28  tcp.o(.text)
    tcp_close                                0x000065eb   Thumb Code   130  tcp.o(.text)
    tcp_bind                                 0x000066c9   Thumb Code   116  tcp.o(.text)
    tcp_listen                               0x00006743   Thumb Code    92  tcp.o(.text)
    tcp_recved                               0x0000679f   Thumb Code    70  tcp.o(.text)
    tcp_next_iss                             0x000067e5   Thumb Code    12  tcp.o(.text)
    tcp_connect                              0x000067f1   Thumb Code   142  tcp.o(.text)
    tcp_setprio                              0x0000687f   Thumb Code     4  tcp.o(.text)
    tcp_seg_copy                             0x00006883   Thumb Code    34  tcp.o(.text)
    tcp_alloc                                0x000068bf   Thumb Code   230  tcp.o(.text)
    tcp_new                                  0x000069a5   Thumb Code     4  tcp.o(.text)
    tcp_arg                                  0x000069a9   Thumb Code     4  tcp.o(.text)
    tcp_recv                                 0x000069ad   Thumb Code     6  tcp.o(.text)
    tcp_sent                                 0x000069b3   Thumb Code     4  tcp.o(.text)
    tcp_err                                  0x000069b7   Thumb Code     6  tcp.o(.text)
    tcp_accept                               0x000069bd   Thumb Code     4  tcp.o(.text)
    tcp_poll                                 0x000069c1   Thumb Code     8  tcp.o(.text)
    tcp_input                                0x000073cf   Thumb Code   810  tcp_in.o(.text)
    tcp_enqueue                              0x000076f9   Thumb Code   652  tcp_out.o(.text)
    tcp_send_ctrl                            0x00007985   Thumb Code    26  tcp_out.o(.text)
    tcp_write                                0x0000799f   Thumb Code    56  tcp_out.o(.text)
    tcp_output                               0x00007a85   Thumb Code   480  tcp_out.o(.text)
    tcp_rst                                  0x00007c65   Thumb Code   186  tcp_out.o(.text)
    tcp_rexmit_rto                           0x00007d1f   Thumb Code    64  tcp_out.o(.text)
    tcp_rexmit                               0x00007d5f   Thumb Code    56  tcp_out.o(.text)
    tcp_keepalive                            0x00007d97   Thumb Code   150  tcp_out.o(.text)
    UARTStdioInit                            0x00007e31   Thumb Code    70  uartstdio.o(.text)
    UARTgets                                 0x00007ea9   Thumb Code   106  uartstdio.o(.text)
    UARTprintf                               0x00007f13   Thumb Code   380  uartstdio.o(.text)
    udp_init                                 0x000080ad   Thumb Code    10  udp.o(.text)
    udp_input                                0x000080b7   Thumb Code   398  udp.o(.text)
    udp_bind                                 0x00008245   Thumb Code    86  udp.o(.text)
    udp_send                                 0x0000829b   Thumb Code   272  udp.o(.text)
    udp_sendto                               0x000083ab   Thumb Code    26  udp.o(.text)
    udp_connect                              0x000083c5   Thumb Code    72  udp.o(.text)
    udp_disconnect                           0x0000840d   Thumb Code    20  udp.o(.text)
    udp_recv                                 0x00008421   Thumb Code     6  udp.o(.text)
    udp_remove                               0x00008427   Thumb Code    40  udp.o(.text)
    udp_new                                  0x0000844f   Thumb Code    28  udp.o(.text)
    uvsnprintf                               0x00008479   Thumb Code   532  ustdlib.o(.text)
    usprintf                                 0x0000868d   Thumb Code    22  ustdlib.o(.text)
    usnprintf                                0x000086a3   Thumb Code    14  ustdlib.o(.text)
    ulocaltime                               0x000086b1   Thumb Code   154  ustdlib.o(.text)
    ustrtoul                                 0x0000874b   Thumb Code   156  ustdlib.o(.text)
    DiagOpenStdio                            0x000087f9   Thumb Code     6  uvision.o(.text)
    DiagOpen                                 0x000087ff   Thumb Code     6  uvision.o(.text)
    DiagClose                                0x00008805   Thumb Code     6  uvision.o(.text)
    DiagWrite                                0x0000880b   Thumb Code     6  uvision.o(.text)
    DiagRead                                 0x00008811   Thumb Code     6  uvision.o(.text)
    DiagFlen                                 0x00008817   Thumb Code     6  uvision.o(.text)
    DiagExit                                 0x0000881d   Thumb Code     2  uvision.o(.text)
    DiagCommandString                        0x0000881f   Thumb Code     4  uvision.o(.text)
    CPUcpsid                                 0x00008825   Thumb Code     0  cpu_keil.o(.text)
    CPUcpsie                                 0x0000882d   Thumb Code     0  cpu_keil.o(.text)
    CPUwfi                                   0x00008835   Thumb Code     0  cpu_keil.o(.text)
    __aeabi_memcpy                           0x00008839   Thumb Code    36  memcpya.o(.text)
    __aeabi_memcpy4                          0x00008839   Thumb Code     0  memcpya.o(.text)
    __aeabi_memcpy8                          0x00008839   Thumb Code     0  memcpya.o(.text)
    __aeabi_memset                           0x0000885d   Thumb Code    14  memseta.o(.text)
    __aeabi_memset4                          0x0000885d   Thumb Code     0  memseta.o(.text)
    __aeabi_memset8                          0x0000885d   Thumb Code     0  memseta.o(.text)
    __aeabi_memclr                           0x0000886b   Thumb Code     4  memseta.o(.text)
    __aeabi_memclr4                          0x0000886b   Thumb Code     0  memseta.o(.text)
    __aeabi_memclr8                          0x0000886b   Thumb Code     0  memseta.o(.text)
    _memset_wrapper                          0x0000886f   Thumb Code    20  memseta.o(.text)
    strstr                                   0x00008883   Thumb Code    44  strstr.o(.text)
    strncpy                                  0x000088af   Thumb Code    24  strncpy.o(.text)
    strchr                                   0x000088c7   Thumb Code    18  strchr.o(.text)
    strlen                                   0x000088d9   Thumb Code    16  strlen.o(.text)
    memcmp                                   0x000088e9   Thumb Code    26  memcmp.o(.text)
    strncmp                                  0x00008903   Thumb Code    30  strncmp.o(.text)
    __init                                   0x00008921   Thumb Code    30  init.o(.text)
    __scatterload_rt2                        0x00008921   Thumb Code     0  init.o(.text)
    __decompress                             0x0000894d   Thumb Code     0  __dczerorl.o(.text)
    __decompress0                            0x0000894d   Thumb Code    58  __dczerorl.o(.text)
    EthernetConfigGet                        0x00008987   Thumb Code    20  ethernet.o(i.EthernetConfigGet)
    EthernetConfigSet                        0x0000899b   Thumb Code    42  ethernet.o(i.EthernetConfigSet)
    EthernetEnable                           0x000089c5   Thumb Code    34  ethernet.o(i.EthernetEnable)
    EthernetInitExpClk                       0x000089e9   Thumb Code    12  ethernet.o(i.EthernetInitExpClk)
    EthernetIntClear                         0x000089f9   Thumb Code     4  ethernet.o(i.EthernetIntClear)
    EthernetIntDisable                       0x000089fd   Thumb Code     8  ethernet.o(i.EthernetIntDisable)
    EthernetIntEnable                        0x00008a05   Thumb Code     8  ethernet.o(i.EthernetIntEnable)
    EthernetIntStatus                        0x00008a0d   Thumb Code    14  ethernet.o(i.EthernetIntStatus)
    EthernetMACAddrGet                       0x00008a1b   Thumb Code    48  ethernet.o(i.EthernetMACAddrGet)
    EthernetMACAddrSet                       0x00008a4b   Thumb Code    52  ethernet.o(i.EthernetMACAddrSet)
    EthernetPacketAvail                      0x00008a7f   Thumb Code    10  ethernet.o(i.EthernetPacketAvail)
    EthernetSpaceAvail                       0x00008a89   Thumb Code    10  ethernet.o(i.EthernetSpaceAvail)
    FlashUserGet                             0x00008a95   Thumb Code    50  flash.o(i.FlashUserGet)
    GPIODirModeSet                           0x00008acd   Thumb Code    38  gpio.o(i.GPIODirModeSet)
    GPIOPadConfigSet                         0x00008af3   Thumb Code   148  gpio.o(i.GPIOPadConfigSet)
    GPIOPinRead                              0x00008b87   Thumb Code     6  gpio.o(i.GPIOPinRead)
    GPIOPinTypeGPIOInput                     0x00008b8d   Thumb Code    28  gpio.o(i.GPIOPinTypeGPIOInput)
    GPIOPinTypeGPIOOutput                    0x00008ba9   Thumb Code    28  gpio.o(i.GPIOPinTypeGPIOOutput)
    GPIOPinTypeSSI                           0x00008bc5   Thumb Code    28  gpio.o(i.GPIOPinTypeSSI)
    GPIOPinTypeUART                          0x00008be1   Thumb Code    28  gpio.o(i.GPIOPinTypeUART)
    GPIOPinWrite                             0x00008bfd   Thumb Code     6  gpio.o(i.GPIOPinWrite)
    IntEnable                                0x00008c03   Thumb Code    96  interrupt.o(i.IntEnable)
    IntMasterDisable                         0x00008c63   Thumb Code    10  interrupt.o(i.IntMasterDisable)
    IntMasterEnable                          0x00008c6d   Thumb Code    10  interrupt.o(i.IntMasterEnable)
    IntPrioritySet                           0x00008c79   Thumb Code    30  interrupt.o(i.IntPrioritySet)
    SSIConfigSetExpClk                       0x00008c9d   Thumb Code    62  ssi.o(i.SSIConfigSetExpClk)
    SSIDataGet                               0x00008cdb   Thumb Code    12  ssi.o(i.SSIDataGet)
    SSIDataGetNonBlocking                    0x00008ce7   Thumb Code    18  ssi.o(i.SSIDataGetNonBlocking)
    SSIDataPut                               0x00008cf9   Thumb Code    10  ssi.o(i.SSIDataPut)
    SSIDisable                               0x00008d03   Thumb Code    10  ssi.o(i.SSIDisable)
    SSIEnable                                0x00008d0d   Thumb Code    10  ssi.o(i.SSIEnable)
    SysCtlClockGet                           0x00008d19   Thumb Code   256  sysctl.o(i.SysCtlClockGet)
    SysCtlClockSet                           0x00008e31   Thumb Code   268  sysctl.o(i.SysCtlClockSet)
    SysCtlPeripheralEnable                   0x00008f4d   Thumb Code    24  sysctl.o(i.SysCtlPeripheralEnable)
    SysCtlPeripheralPresent                  0x00008f69   Thumb Code    30  sysctl.o(i.SysCtlPeripheralPresent)
    SysCtlPeripheralReset                    0x00008f8d   Thumb Code    44  sysctl.o(i.SysCtlPeripheralReset)
    SysTickEnable                            0x00008fbd   Thumb Code    14  systick.o(i.SysTickEnable)
    SysTickIntEnable                         0x00008fcb   Thumb Code    14  systick.o(i.SysTickIntEnable)
    SysTickPeriodGet                         0x00008fd9   Thumb Code    10  systick.o(i.SysTickPeriodGet)
    SysTickPeriodSet                         0x00008fe3   Thumb Code    10  systick.o(i.SysTickPeriodSet)
    SysTickValueGet                          0x00008fed   Thumb Code     8  systick.o(i.SysTickValueGet)
    TimerConfigure                           0x00008ff5   Thumb Code    26  timer.o(i.TimerConfigure)
    TimerControlEvent                        0x0000900f   Thumb Code    18  timer.o(i.TimerControlEvent)
    TimerEnable                              0x00009021   Thumb Code    14  timer.o(i.TimerEnable)
    TimerLoadSet                             0x0000902f   Thumb Code    18  timer.o(i.TimerLoadSet)
    TimerPrescaleSet                         0x00009041   Thumb Code    18  timer.o(i.TimerPrescaleSet)
    TimerValueGet                            0x00009053   Thumb Code    12  timer.o(i.TimerValueGet)
    UARTCharGet                              0x0000905f   Thumb Code    10  uart.o(i.UARTCharGet)
    UARTCharPut                              0x00009069   Thumb Code    10  uart.o(i.UARTCharPut)
    UARTConfigSetExpClk                      0x00009073   Thumb Code    48  uart.o(i.UARTConfigSetExpClk)
    UARTDisable                              0x000090a3   Thumb Code    26  uart.o(i.UARTDisable)
    UARTEnable                               0x000090bd   Thumb Code    20  uart.o(i.UARTEnable)
    __scatterload_copy                       0x000090d1   Thumb Code    14  handlers.o(i.__scatterload_copy)
    __scatterload_null                       0x000090df   Thumb Code     2  handlers.o(i.__scatterload_null)
    __scatterload_zeroinit                   0x000090e1   Thumb Code    14  handlers.o(i.__scatterload_zeroinit)
    ip_addr_any                              0x000090f4   Data           4  ip_addr.o(.constdata)
    ip_addr_broadcast                        0x000090f8   Data           4  ip_addr.o(.constdata)
    file_styles_css                          0x000090fc   Data          16  lmi_fs.o(.constdata)
    file_404_html                            0x00009dc8   Data          16  lmi_fs.o(.constdata)
    file_index_html                          0x00009dd8   Data          16  lmi_fs.o(.constdata)
    file_ptpclock_shtml                      0x00009de8   Data          16  lmi_fs.o(.constdata)
    tcp_backoff                              0x0000a05f   Data          13  tcp.o(.constdata)
    Region$$Table$$Base                      0x0000a1c8   Number         0  anon$$obj.o(Region$$Table)
    Region$$Table$$Limit                     0x0000a1e8   Number         0  anon$$obj.o(Region$$Table)
    g_ulTCPFastTimer                         0x20000008   Data           4  enet_lwip.o(.data)
    g_ulTCPSlowTimer                         0x2000000c   Data           4  enet_lwip.o(.data)
    g_ulARPTimer                             0x20000010   Data           4  enet_lwip.o(.data)
    g_ulDHCPCoarseTimer                      0x20000014   Data           4  enet_lwip.o(.data)
    g_ulDHCPFineTimer                        0x20000018   Data           4  enet_lwip.o(.data)
    g_ulDHCPTimeoutTimer                     0x2000001c   Data           4  enet_lwip.o(.data)
    g_ulFlags                                0x20000030   Data           4  enet_ptpd.o(.data)
    g_ulSystemTimeSeconds                    0x20000034   Data           4  enet_ptpd.o(.data)
    g_ulSystemTimeNanoSeconds                0x20000038   Data           4  enet_ptpd.o(.data)
    g_ulSystemTimeTicks                      0x2000003c   Data           4  enet_ptpd.o(.data)
    g_ppcDay                                 0x20000040   Data          28  enet_ptpd.o(.data)
    g_ppcMonth                               0x2000005c   Data          48  enet_ptpd.o(.data)
    netif_list                               0x200000b4   Data           4  netif.o(.data)
    netif_default                            0x200000b8   Data           4  netif.o(.data)
    tcp_ticks                                0x200000e8   Data           4  tcp.o(.data)
    tcp_listen_pcbs                          0x200000ec   Data           4  tcp.o(.data)
    tcp_active_pcbs                          0x200000f0   Data           4  tcp.o(.data)
    tcp_tw_pcbs                              0x200000f4   Data           4  tcp.o(.data)
    tcp_tmp_pcb                              0x200000f8   Data           4  tcp.o(.data)
    tcp_input_pcb                            0x20000114   Data           4  tcp_in.o(.data)
    udp_pcbs                                 0x20000138   Data           4  udp.o(.data)
    lwip_stats                               0x20006c1c   Data         276  stats.o(.bss)
    __initial_sp                             0x20007548   Number         0  startup_rvmdk.o(STACK)


================================================================================

Memory Map of the image

  Image Entry point : 0x000000f1

  Load Region LR_IROM1 (Base: 0x00000000, Size: 0x0000a328, Max: 0x00040000, ABSOLUTE, COMPRESSED[0x0000a244])

    Execution Region ER_IROM1 (Base: 0x00000000, Size: 0x0000a1e8, Max: 0x00040000, ABSOLUTE)

    Base Addr    Size         Type   Attr      Idx    E Section Name        Object

    0x00000000   0x000000fc   Code   RO          624  * RESET               startup_rvmdk.o
    0x000000fc   0x0000000c   Code   RO         2217  * $$startup$$         entry.o(mc_w.l)
    0x00000108   0x00000006   Code   RO         1505    .emb_text           sysctl.o(driverlib.lib)
    0x0000010e   0x00000002   PAD
    0x00000110   0x00000002   Code   RO         2241    .emb_text           init.o(mc_w.l)
    0x00000112   0x00000002   PAD
    0x00000114   0x00000128   Code   RO            1    .text               arith.o
    0x0000023c   0x00000558   Code   RO           37    .text               bmc.o
    0x00000794   0x00000c90   Code   RO           49    .text               dhcp.o
    0x00001424   0x0000034c   Code   RO          126    .text               enet_lwip.o
    0x00001770   0x000006a0   Code   RO          202    .text               enet_ptpd.o
    0x00001e10   0x00000644   Code   RO          235    .text               etharp.o
    0x00002454   0x00000284   Code   RO          252    .text               httpd.o
    0x000026d8   0x000001a0   Code   RO          272    .text               icmp.o
    0x00002878   0x0000029c   Code   RO          284    .text               inet.o
    0x00002b14   0x000002f8   Code   RO          301    .text               ip.o
    0x00002e0c   0x00000030   Code   RO          320    .text               ip_addr.o
    0x00002e3c   0x0000019c   Code   RO          354    .text               lmi_fs.o
    0x00002fd8   0x00000380   Code   RO          381    .text               luminaryif.o
    0x00003358   0x00000208   Code   RO          416    .text               mem.o
    0x00003560   0x000000f4   Code   RO          430    .text               memp.o
    0x00003654   0x00000178   Code   RO          444    .text               netif.o
    0x000037cc   0x000003f0   Code   RO          460    .text               pbuf.o
    0x00003bbc   0x00000abc   Code   RO          474    .text               protocol.o
    0x00004678   0x00000edc   Code   RO          486    .text               ptpd_msg.o
    0x00005554   0x00000404   Code   RO          516    .text               ptpd_net.o
    0x00005958   0x0000021c   Code   RO          528    .text               ptpd_servo.o
    0x00005b74   0x000000ac   Code   RO          541    .text               ptpd_timer.o
    0x00005c20   0x000001a8   Code   RO          554    .text               random.o
    0x00005dc8   0x00000150   Code   RO          568    .text               raw.o
    0x00005f18   0x00000334   Code   RO          581    .text               rit128x96x4.o
    0x0000624c   0x00000010   Code   RO          631    .text               stats.o
    0x0000625c   0x00000778   Code   RO          653    .text               tcp.o
    0x000069d4   0x00000d24   Code   RO          671    .text               tcp_in.o
    0x000076f8   0x00000738   Code   RO          689    .text               tcp_out.o
    0x00007e30   0x0000027c   Code   RO          701    .text               uartstdio.o
    0x000080ac   0x000003cc   Code   RO          734    .text               udp.o
    0x00008478   0x00000380   Code   RO          757    .text               ustdlib.o
    0x000087f8   0x0000002a   Code   RO          777    .text               uvision.o
    0x00008822   0x00000002   PAD
    0x00008824   0x00000014   Code   RO         2213    .text               cpu_keil.o(driverlib.lib)
    0x00008838   0x00000024   Code   RO         2222    .text               memcpya.o(mc_w.l)
    0x0000885c   0x00000026   Code   RO         2224    .text               memseta.o(mc_w.l)
    0x00008882   0x0000002c   Code   RO         2226    .text               strstr.o(mc_w.l)
    0x000088ae   0x00000018   Code   RO         2228    .text               strncpy.o(mc_w.l)
    0x000088c6   0x00000012   Code   RO         2230    .text               strchr.o(mc_w.l)
    0x000088d8   0x00000010   Code   RO         2232    .text               strlen.o(mc_w.l)
    0x000088e8   0x0000001a   Code   RO         2234    .text               memcmp.o(mc_w.l)
    0x00008902   0x0000001e   Code   RO         2236    .text               strncmp.o(mc_w.l)
    0x00008920   0x0000002c   Code   RO         2240    .text               init.o(mc_w.l)
    0x0000894c   0x0000003a   Code   RO         2251    .text               __dczerorl.o(mc_w.l)
    0x00008986   0x00000014   Code   RO          794    i.EthernetConfigGet  ethernet.o(driverlib.lib)
    0x0000899a   0x0000002a   Code   RO          793    i.EthernetConfigSet  ethernet.o(driverlib.lib)
    0x000089c4   0x00000022   Code   RO          797    i.EthernetEnable    ethernet.o(driverlib.lib)
    0x000089e6   0x00000002   PAD
    0x000089e8   0x00000010   Code   RO          792    i.EthernetInitExpClk  ethernet.o(driverlib.lib)
    0x000089f8   0x00000004   Code   RO          812    i.EthernetIntClear  ethernet.o(driverlib.lib)
    0x000089fc   0x00000008   Code   RO          810    i.EthernetIntDisable  ethernet.o(driverlib.lib)
    0x00008a04   0x00000008   Code   RO          809    i.EthernetIntEnable  ethernet.o(driverlib.lib)
    0x00008a0c   0x0000000e   Code   RO          811    i.EthernetIntStatus  ethernet.o(driverlib.lib)
    0x00008a1a   0x00000030   Code   RO          796    i.EthernetMACAddrGet  ethernet.o(driverlib.lib)
    0x00008a4a   0x00000034   Code   RO          795    i.EthernetMACAddrSet  ethernet.o(driverlib.lib)
    0x00008a7e   0x0000000a   Code   RO          799    i.EthernetPacketAvail  ethernet.o(driverlib.lib)
    0x00008a88   0x0000000a   Code   RO          800    i.EthernetSpaceAvail  ethernet.o(driverlib.lib)
    0x00008a92   0x00000002   PAD
    0x00008a94   0x00000038   Code   RO          989    i.FlashUserGet      flash.o(driverlib.lib)
    0x00008acc   0x00000026   Code   RO         1113    i.GPIODirModeSet    gpio.o(driverlib.lib)
    0x00008af2   0x00000094   Code   RO         1117    i.GPIOPadConfigSet  gpio.o(driverlib.lib)
    0x00008b86   0x00000006   Code   RO         1125    i.GPIOPinRead       gpio.o(driverlib.lib)
    0x00008b8c   0x0000001c   Code   RO         1129    i.GPIOPinTypeGPIOInput  gpio.o(driverlib.lib)
    0x00008ba8   0x0000001c   Code   RO         1130    i.GPIOPinTypeGPIOOutput  gpio.o(driverlib.lib)
    0x00008bc4   0x0000001c   Code   RO         1135    i.GPIOPinTypeSSI    gpio.o(driverlib.lib)
    0x00008be0   0x0000001c   Code   RO         1137    i.GPIOPinTypeUART   gpio.o(driverlib.lib)
    0x00008bfc   0x00000006   Code   RO         1126    i.GPIOPinWrite      gpio.o(driverlib.lib)
    0x00008c02   0x00000060   Code   RO         1316    i.IntEnable         interrupt.o(driverlib.lib)
    0x00008c62   0x0000000a   Code   RO         1309    i.IntMasterDisable  interrupt.o(driverlib.lib)
    0x00008c6c   0x0000000a   Code   RO         1308    i.IntMasterEnable   interrupt.o(driverlib.lib)
    0x00008c76   0x00000002   PAD
    0x00008c78   0x00000024   Code   RO         1314    i.IntPrioritySet    interrupt.o(driverlib.lib)
    0x00008c9c   0x0000003e   Code   RO         1402    i.SSIConfigSetExpClk  ssi.o(driverlib.lib)
    0x00008cda   0x0000000c   Code   RO         1413    i.SSIDataGet        ssi.o(driverlib.lib)
    0x00008ce6   0x00000012   Code   RO         1414    i.SSIDataGetNonBlocking  ssi.o(driverlib.lib)
    0x00008cf8   0x0000000a   Code   RO         1411    i.SSIDataPut        ssi.o(driverlib.lib)
    0x00008d02   0x0000000a   Code   RO         1404    i.SSIDisable        ssi.o(driverlib.lib)
    0x00008d0c   0x0000000a   Code   RO         1403    i.SSIEnable         ssi.o(driverlib.lib)
    0x00008d16   0x00000002   PAD
    0x00008d18   0x00000118   Code   RO         1534    i.SysCtlClockGet    sysctl.o(driverlib.lib)
    0x00008e30   0x0000011c   Code   RO         1533    i.SysCtlClockSet    sysctl.o(driverlib.lib)
    0x00008f4c   0x0000001c   Code   RO         1511    i.SysCtlPeripheralEnable  sysctl.o(driverlib.lib)
    0x00008f68   0x00000024   Code   RO         1509    i.SysCtlPeripheralPresent  sysctl.o(driverlib.lib)
    0x00008f8c   0x00000030   Code   RO         1510    i.SysCtlPeripheralReset  sysctl.o(driverlib.lib)
    0x00008fbc   0x0000000e   Code   RO         1780    i.SysTickEnable     systick.o(driverlib.lib)
    0x00008fca   0x0000000e   Code   RO         1784    i.SysTickIntEnable  systick.o(driverlib.lib)
    0x00008fd8   0x0000000a   Code   RO         1787    i.SysTickPeriodGet  systick.o(driverlib.lib)
    0x00008fe2   0x0000000a   Code   RO         1786    i.SysTickPeriodSet  systick.o(driverlib.lib)
    0x00008fec   0x00000008   Code   RO         1788    i.SysTickValueGet   systick.o(driverlib.lib)
    0x00008ff4   0x0000001a   Code   RO         1854    i.TimerConfigure    timer.o(driverlib.lib)
    0x0000900e   0x00000012   Code   RO         1857    i.TimerControlEvent  timer.o(driverlib.lib)
    0x00009020   0x0000000e   Code   RO         1852    i.TimerEnable       timer.o(driverlib.lib)
    0x0000902e   0x00000012   Code   RO         1865    i.TimerLoadSet      timer.o(driverlib.lib)
    0x00009040   0x00000012   Code   RO         1861    i.TimerPrescaleSet  timer.o(driverlib.lib)
    0x00009052   0x0000000c   Code   RO         1867    i.TimerValueGet     timer.o(driverlib.lib)
    0x0000905e   0x0000000a   Code   RO         2052    i.UARTCharGet       uart.o(driverlib.lib)
    0x00009068   0x0000000a   Code   RO         2054    i.UARTCharPut       uart.o(driverlib.lib)
    0x00009072   0x00000030   Code   RO         2045    i.UARTConfigSetExpClk  uart.o(driverlib.lib)
    0x000090a2   0x0000001a   Code   RO         2044    i.UARTDisable       uart.o(driverlib.lib)
    0x000090bc   0x00000014   Code   RO         2043    i.UARTEnable        uart.o(driverlib.lib)
    0x000090d0   0x0000000e   Code   RO         2245    i.__scatterload_copy  handlers.o(mc_w.l)
    0x000090de   0x00000002   Code   RO         2247    i.__scatterload_null  handlers.o(mc_w.l)
    0x000090e0   0x0000000e   Code   RO         2246    i.__scatterload_zeroinit  handlers.o(mc_w.l)
    0x000090ee   0x00000006   Data   RO          236    .constdata          etharp.o
    0x000090f4   0x00000004   Data   RO          321    .constdata          ip_addr.o
    0x000090f8   0x00000004   Data   RO          322    .constdata          ip_addr.o
    0x000090fc   0x00000010   Data   RO          355    .constdata          lmi_fs.o
    0x0000910c   0x00000147   Data   RO          356    .constdata          lmi_fs.o
    0x00009253   0x00000504   Data   RO          357    .constdata          lmi_fs.o
    0x00009757   0x0000044f   Data   RO          358    .constdata          lmi_fs.o
    0x00009ba6   0x00000220   Data   RO          359    .constdata          lmi_fs.o
    0x00009dc6   0x00000002   PAD
    0x00009dc8   0x00000010   Data   RO          360    .constdata          lmi_fs.o
    0x00009dd8   0x00000010   Data   RO          361    .constdata          lmi_fs.o
    0x00009de8   0x00000010   Data   RO          362    .constdata          lmi_fs.o
    0x00009df8   0x0000002c   Data   RO          431    .constdata          memp.o
    0x00009e24   0x0000023b   Data   RO          583    .constdata          rit128x96x4.o
    0x0000a05f   0x0000000d   Data   RO          655    .constdata          tcp.o
    0x0000a06c   0x00000004   Data   RO          703    .constdata          uartstdio.o
    0x0000a070   0x0000001c   Data   RO          758    .constdata          ustdlib.o
    0x0000a08c   0x0000005c   Data   RO         1318    .constdata          interrupt.o(driverlib.lib)
    0x0000a0e8   0x00000080   Data   RO         1543    .constdata          sysctl.o(driverlib.lib)
    0x0000a168   0x0000004c   Data   RO          204    .conststring        enet_ptpd.o
    0x0000a1b4   0x00000011   Data   RO          704    .conststring        uartstdio.o
    0x0000a1c5   0x00000003   PAD
    0x0000a1c8   0x00000020   Data   RO         2244    Region$$Table       anon$$obj.o


    Execution Region RW_IRAM1 (Base: 0x20000000, Size: 0x00007548, Max: 0x00010000, ABSOLUTE, COMPRESSED[0x0000005c])

    Base Addr    Size         Type   Attr      Idx    E Section Name        Object

    0x20000000   0x00000004   Data   RW           50    .data               dhcp.o
    0x20000004   0x00000020   Data   RW          127    .data               enet_lwip.o
    0x20000024   0x00000068   Data   RW          203    .data               enet_ptpd.o
    0x2000008c   0x00000004   Data   RW          253    .data               httpd.o
    0x20000090   0x00000002   Data   RW          302    .data               ip.o
    0x20000092   0x00000002   PAD
    0x20000094   0x0000000c   Data   RW          382    .data               luminaryif.o
    0x200000a0   0x00000010   Data   RW          417    .data               mem.o
    0x200000b0   0x0000000c   Data   RW          445    .data               netif.o
    0x200000bc   0x00000004   Data   RW          461    .data               pbuf.o
    0x200000c0   0x00000004   Data   RW          529    .data               ptpd_servo.o
    0x200000c4   0x00000004   Data   RW          542    .data               ptpd_timer.o
    0x200000c8   0x00000008   Data   RW          555    .data               random.o
    0x200000d0   0x00000004   Data   RW          569    .data               raw.o
    0x200000d4   0x00000009   Data   RW          582    .data               rit128x96x4.o
    0x200000dd   0x00000003   PAD
    0x200000e0   0x0000001c   Data   RW          654    .data               tcp.o
    0x200000fc   0x0000001c   Data   RW          672    .data               tcp_in.o
    0x20000118   0x00000020   Data   RW          702    .data               uartstdio.o
    0x20000138   0x00000008   Data   RW          735    .data               udp.o
    0x20000140   0x00000034   Zero   RW          128    .bss                enet_lwip.o
    0x20000174   0x0000073f   Zero   RW          205    .bss                enet_ptpd.o
    0x200008b3   0x00000001   PAD
    0x200008b4   0x000000c8   Zero   RW          237    .bss                etharp.o
    0x2000097c   0x00002328   Zero   RW          254    .bss                httpd.o
    0x20002ca4   0x00000010   Zero   RW          285    .bss                inet.o
    0x20002cb4   0x00000024   Zero   RW          383    .bss                luminaryif.o
    0x20002cd8   0x00001008   Zero   RW          418    .bss                mem.o
    0x20003ce0   0x00000bf7   Zero   RW          432    .bss                memp.o
    0x200048d7   0x00002303   Zero   RW          462    .bss                pbuf.o
    0x20006bda   0x00000002   PAD
    0x20006bdc   0x00000040   Zero   RW          556    .bss                random.o
    0x20006c1c   0x00000114   Zero   RW          632    .bss                stats.o
    0x20006d30   0x00000014   Zero   RW          673    .bss                tcp_in.o
    0x20006d44   0x00000004   PAD
    0x20006d48   0x00000800   Zero   RW          622    STACK               startup_rvmdk.o


================================================================================

Image component sizes


      Code (inc. data)   RO Data    RW Data    ZI Data      Debug   Object Name

       296         12          0          0          0      21831   arith.o
      1368         50          0          0          0       3813   bmc.o
      3216         46          0          4          0      25098   dhcp.o
       844        156          0         32         52      12309   enet_lwip.o
      1696        248         76        104       1855       5312   enet_ptpd.o
      1604         18          6          0        200       6461   etharp.o
       644         44          0          4       9000       3853   httpd.o
       416          6          0          0          0       1799   icmp.o
       668         10          0          0         16       7440   inet.o
       760         18          0          2          0       3223   ip.o
        48          0          8          0          0       9466   ip_addr.o
       412        100       3322          0          0       3465   lmi_fs.o
       896         16          0         12         36       7189   luminaryif.o
       520         14          0         16       4104       2711   mem.o
       244         14         44          0       3063       2050   memp.o
       376         14          0         12          0       4673   netif.o
      1008         12          0          4       8963       5376   pbuf.o
      2748         36          0          0          0       7812   protocol.o
      3804         84          0          0          0      15145   ptpd_msg.o
      1028        134          0          0          0       5383   ptpd_net.o
       540          8          0          4          0       2185   ptpd_servo.o
       172          6          0          4          0       1772   ptpd_timer.o
       424         32          0          8         64       1815   random.o
       336          6          0          4          0       3102   raw.o
       820         26        571          9          0       5570   rit128x96x4.o
       252        242          0          0       2048        228   startup_rvmdk.o
        16          6          0          0        276       1780   stats.o
      1912         32         13         28          0      13966   tcp.o
      3364         70          0         28         20      11146   tcp_in.o
      1848         16          0          0          0       5325   tcp_out.o
       636         30         21         32          0       2712   uartstdio.o
       972         14          0          8          0      10069   udp.o
       896         18         28          0          0       3856   ustdlib.o
        42          0          0          0          0       1558   uvision.o

    ------------------------------------------------------------------------
     34828       1538       4126        320      29704     219495   Object Totals
         0          0         32          0          0          0   (incl. Generated)
         2          0          5          5          7          2   (incl. Padding)

    ------------------------------------------------------------------------

      Code (inc. data)   RO Data    RW Data    ZI Data      Debug   Library Member Name

        58          0          0          0          0          0   __dczerorl.o
        20          0          0          0          0        255   cpu_keil.o
        12          4          0          0          0          0   entry.o
       266          4          0          0          0       9173   ethernet.o
        56          6          0          0          0        572   flash.o
       310          0          0          0          0       4649   gpio.o
        30          0          0          0          0          0   handlers.o
        46         14          0          0          0          0   init.o
       152          6         92          0          0       2673   interrupt.o
        26          0          0          0          0          0   memcmp.o
        36          0          0          0          0          0   memcpya.o
        38          0          0          0          0          0   memseta.o
       122          0          0          0          0       3120   ssi.o
        18          0          0          0          0          0   strchr.o
        16          0          0          0          0          0   strlen.o
        30          0          0          0          0          0   strncmp.o
        24          0          0          0          0          0   strncpy.o
        44          0          0          0          0          0   strstr.o
       682         54        128          0          0       4450   sysctl.o
        56          0          0          0          0       2046   systick.o
       106          0          0          0          0       2986   timer.o
       114          0          0          0          0       2645   uart.o

    ------------------------------------------------------------------------
      2274         88        220          0          0      32569   Library Totals
        12          0          0          0          0          0   (incl. Padding)

    ------------------------------------------------------------------------

      Code (inc. data)   RO Data    RW Data    ZI Data      Debug   Library Name

      1884         70        220          0          0      32569   driverlib.lib
       378         18          0          0          0          0   mc_w.l

    ------------------------------------------------------------------------
      2274         88        220          0          0      32569   Library Totals

    ------------------------------------------------------------------------

================================================================================


      Code (inc. data)   RO Data    RW Data    ZI Data      Debug   

     37102       1626       4346        320      29704     252064   Grand Totals
     37102       1626       4346         92      29704     252064   ELF Image Totals (compressed)
     37102       1626       4346         92          0          0   ROM Totals

================================================================================

    Total RO  Size (Code + RO Data)                41448 (  40.48kB)
    Total RW  Size (RW Data + ZI Data)             30024 (  29.32kB)
    Total ROM Size (Code + RO Data + RW Data)      41540 (  40.57kB)

================================================================================

