<html>
<body>
<pre>
<h1>µVision3 Build Log</h1>
<h2>Project:</h2>
C:\workspace\ptresearch\ptidesBareIron\PtidesOS\SimplePtidesOS\SimplePtidesOS.uv2
Project File Date:  10/28/2008

<h2>Output:</h2>
Build target 'Simulator'
compiling SimplePtidesOS.c...
functions.h(37): warning:  #1295-D: Deprecated declaration event_remove - give arg types
functions.h(42): warning:  #1295-D: Deprecated declaration getCurrentPhysicalTime - give arg types
functions.h(43): warning:  #1295-D: Deprecated declaration disableInterrupt - give arg types
functions.h(44): warning:  #1295-D: Deprecated declaration enableInterrupt - give arg types
functions.h(45): warning:  #1295-D: Deprecated declaration die - give arg types
SimplePtidesOS.c(223): warning:  #223-D: function "malloc" declared implicitly
SimplePtidesOS.c(270): warning:  #223-D: function "free" declared implicitly
SimplePtidesOS.c(665): warning:  #550-D: variable "model_delay3" was set but never used
compiling rit128x96x4.c...
linking...
Program Size: Code=3640 RO-data=276 RW-data=64 ZI-data=512  
".\Obj\Blinky.axf" - 0 Error(s), 8 Warning(s).
Clean started: Project: 'SimplePtidesOS'
   deleting intermediate output files for target 'Simulator'
   deleting intermediate output files for target 'LM3S8962 Flash'
Build target 'Simulator'
assembling Startup.s...
compiling SimplePtidesOS.c...
functions.h(37): warning:  #1295-D: Deprecated declaration event_remove - give arg types
functions.h(42): warning:  #1295-D: Deprecated declaration getCurrentPhysicalTime - give arg types
functions.h(43): warning:  #1295-D: Deprecated declaration disableInterrupt - give arg types
functions.h(44): warning:  #1295-D: Deprecated declaration enableInterrupt - give arg types
functions.h(45): warning:  #1295-D: Deprecated declaration die - give arg types
SimplePtidesOS.c(223): warning:  #223-D: function "malloc" declared implicitly
SimplePtidesOS.c(270): warning:  #223-D: function "free" declared implicitly
SimplePtidesOS.c(665): warning:  #550-D: variable "model_delay3" was set but never used
compiling rit128x96x4.c...
linking...
Program Size: Code=3640 RO-data=276 RW-data=64 ZI-data=512  
".\Obj\Blinky.axf" - 0 Error(s), 8 Warning(s).
Build target 'Simulator'
compiling SimplePtidesOS.c...
functions.h(37): warning:  #1295-D: Deprecated declaration event_remove - give arg types
functions.h(42): warning:  #1295-D: Deprecated declaration getCurrentPhysicalTime - give arg types
functions.h(43): warning:  #1295-D: Deprecated declaration disableInterrupt - give arg types
functions.h(44): warning:  #1295-D: Deprecated declaration enableInterrupt - give arg types
functions.h(45): warning:  #1295-D: Deprecated declaration die - give arg types
SimplePtidesOS.c(213): warning:  #223-D: function "malloc" declared implicitly
SimplePtidesOS.c(255): warning:  #177-D: variable "event_free" was declared but never referenced
SimplePtidesOS.c(460): warning:  #223-D: function "free" declared implicitly
SimplePtidesOS.c(650): warning:  #550-D: variable "model_delay3" was set but never used
linking...
Program Size: Code=3552 RO-data=276 RW-data=64 ZI-data=512  
".\Obj\Blinky.axf" - 0 Error(s), 9 Warning(s).
Build target 'Simulator'
compiling SimplePtidesOS.c...
Event.h(54): error:  #20: identifier "act" is undefined
Event.h(54): error:  #20: identifier "evt" is undefined
Event.h(54): error:  #168: a function type is not allowed here
functions.h(37): warning:  #1295-D: Deprecated declaration event_remove - give arg types
functions.h(42): warning:  #1295-D: Deprecated declaration getCurrentPhysicalTime - give arg types
functions.h(43): warning:  #1295-D: Deprecated declaration disableInterrupt - give arg types
functions.h(44): warning:  #1295-D: Deprecated declaration enableInterrupt - give arg types
functions.h(45): warning:  #1295-D: Deprecated declaration die - give arg types
SimplePtidesOS.c(213): warning:  #223-D: function "malloc" declared implicitly
SimplePtidesOS.c(459): warning:  #223-D: function "free" declared implicitly
SimplePtidesOS.c(649): warning:  #550-D: variable "model_delay3" was set but never used
Target not created
Build target 'Simulator'
compiling SimplePtidesOS.c...
Event.h(54): error:  #20: identifier "act" is undefined
Event.h(54): error:  #20: identifier "evt" is undefined
functions.h(37): warning:  #1295-D: Deprecated declaration event_remove - give arg types
functions.h(42): warning:  #1295-D: Deprecated declaration getCurrentPhysicalTime - give arg types
functions.h(43): warning:  #1295-D: Deprecated declaration disableInterrupt - give arg types
functions.h(44): warning:  #1295-D: Deprecated declaration enableInterrupt - give arg types
functions.h(45): warning:  #1295-D: Deprecated declaration die - give arg types
SimplePtidesOS.c(213): warning:  #223-D: function "malloc" declared implicitly
SimplePtidesOS.c(459): warning:  #223-D: function "free" declared implicitly
SimplePtidesOS.c(649): warning:  #550-D: variable "model_delay3" was set but never used
Target not created
Build target 'Simulator'
compiling SimplePtidesOS.c...
Event.h(54): error:  #92: identifier-list parameters may only be used in a function definition
Event.h(54): error:  #18: expected a ")"
functions.h(37): warning:  #1295-D: Deprecated declaration event_remove - give arg types
functions.h(42): warning:  #1295-D: Deprecated declaration getCurrentPhysicalTime - give arg types
functions.h(43): warning:  #1295-D: Deprecated declaration disableInterrupt - give arg types
functions.h(44): warning:  #1295-D: Deprecated declaration enableInterrupt - give arg types
functions.h(45): warning:  #1295-D: Deprecated declaration die - give arg types
SimplePtidesOS.c(213): warning:  #223-D: function "malloc" declared implicitly
SimplePtidesOS.c(459): warning:  #223-D: function "free" declared implicitly
SimplePtidesOS.c(649): warning:  #550-D: variable "model_delay3" was set but never used
Target not created
Build target 'Simulator'
compiling SimplePtidesOS.c...
Event.h(54): error:  #92: identifier-list parameters may only be used in a function definition
functions.h(37): warning:  #1295-D: Deprecated declaration event_remove - give arg types
functions.h(42): warning:  #1295-D: Deprecated declaration getCurrentPhysicalTime - give arg types
functions.h(43): warning:  #1295-D: Deprecated declaration disableInterrupt - give arg types
functions.h(44): warning:  #1295-D: Deprecated declaration enableInterrupt - give arg types
functions.h(45): warning:  #1295-D: Deprecated declaration die - give arg types
SimplePtidesOS.c(213): warning:  #223-D: function "malloc" declared implicitly
SimplePtidesOS.c(459): warning:  #223-D: function "free" declared implicitly
SimplePtidesOS.c(649): warning:  #550-D: variable "model_delay3" was set but never used
Target not created
Build target 'Simulator'
compiling SimplePtidesOS.c...
functions.h(37): warning:  #1295-D: Deprecated declaration event_remove - give arg types
functions.h(42): warning:  #1295-D: Deprecated declaration getCurrentPhysicalTime - give arg types
functions.h(43): warning:  #1295-D: Deprecated declaration disableInterrupt - give arg types
functions.h(44): warning:  #1295-D: Deprecated declaration enableInterrupt - give arg types
functions.h(45): warning:  #1295-D: Deprecated declaration die - give arg types
SimplePtidesOS.c(213): warning:  #223-D: function "malloc" declared implicitly
SimplePtidesOS.c(459): warning:  #223-D: function "free" declared implicitly
SimplePtidesOS.c(649): warning:  #550-D: variable "model_delay3" was set but never used
linking...
Program Size: Code=3548 RO-data=276 RW-data=64 ZI-data=512  
".\Obj\Blinky.axf" - 0 Error(s), 8 Warning(s).
Build target 'Simulator'
compiling SimplePtidesOS.c...
Event.h(54): error:  #92: identifier-list parameters may only be used in a function definition
functions.h(37): warning:  #1295-D: Deprecated declaration event_remove - give arg types
functions.h(42): warning:  #1295-D: Deprecated declaration getCurrentPhysicalTime - give arg types
functions.h(43): warning:  #1295-D: Deprecated declaration disableInterrupt - give arg types
functions.h(44): warning:  #1295-D: Deprecated declaration enableInterrupt - give arg types
functions.h(45): warning:  #1295-D: Deprecated declaration die - give arg types
SimplePtidesOS.c(213): warning:  #223-D: function "malloc" declared implicitly
SimplePtidesOS.c(459): warning:  #223-D: function "free" declared implicitly
SimplePtidesOS.c(649): warning:  #550-D: variable "model_delay3" was set but never used
Target not created
Build target 'Simulator'
compiling SimplePtidesOS.c...
Event.h(54): error:  #92: identifier-list parameters may only be used in a function definition
functions.h(37): warning:  #1295-D: Deprecated declaration event_remove - give arg types
functions.h(42): warning:  #1295-D: Deprecated declaration getCurrentPhysicalTime - give arg types
functions.h(43): warning:  #1295-D: Deprecated declaration disableInterrupt - give arg types
functions.h(44): warning:  #1295-D: Deprecated declaration enableInterrupt - give arg types
functions.h(45): warning:  #1295-D: Deprecated declaration die - give arg types
SimplePtidesOS.c(213): warning:  #223-D: function "malloc" declared implicitly
SimplePtidesOS.c(459): warning:  #223-D: function "free" declared implicitly
SimplePtidesOS.c(649): warning:  #550-D: variable "model_delay3" was set but never used
Target not created
Build target 'Simulator'
compiling SimplePtidesOS.c...
Event.h(54): error:  #20: identifier "evt" is undefined
functions.h(37): warning:  #1295-D: Deprecated declaration event_remove - give arg types
functions.h(42): warning:  #1295-D: Deprecated declaration getCurrentPhysicalTime - give arg types
functions.h(43): warning:  #1295-D: Deprecated declaration disableInterrupt - give arg types
functions.h(44): warning:  #1295-D: Deprecated declaration enableInterrupt - give arg types
functions.h(45): warning:  #1295-D: Deprecated declaration die - give arg types
SimplePtidesOS.c(213): warning:  #223-D: function "malloc" declared implicitly
SimplePtidesOS.c(459): warning:  #223-D: function "free" declared implicitly
SimplePtidesOS.c(649): warning:  #550-D: variable "model_delay3" was set but never used
Target not created
Build target 'Simulator'
compiling SimplePtidesOS.c...
Event.h(74): error:  #101: "evt" has already been declared in the current scope
Event.h(82): error:  #256: invalid redeclaration of type name "Event" (declared at line 52)
functions.h(37): warning:  #1295-D: Deprecated declaration event_remove - give arg types
functions.h(42): warning:  #1295-D: Deprecated declaration getCurrentPhysicalTime - give arg types
functions.h(43): warning:  #1295-D: Deprecated declaration disableInterrupt - give arg types
functions.h(44): warning:  #1295-D: Deprecated declaration enableInterrupt - give arg types
functions.h(45): warning:  #1295-D: Deprecated declaration die - give arg types
SimplePtidesOS.c(213): warning:  #223-D: function "malloc" declared implicitly
SimplePtidesOS.c(459): warning:  #223-D: function "free" declared implicitly
SimplePtidesOS.c(649): warning:  #550-D: variable "model_delay3" was set but never used
Target not created
Build target 'Simulator'
compiling SimplePtidesOS.c...
functions.h(37): warning:  #1295-D: Deprecated declaration event_remove - give arg types
functions.h(42): warning:  #1295-D: Deprecated declaration getCurrentPhysicalTime - give arg types
functions.h(43): warning:  #1295-D: Deprecated declaration disableInterrupt - give arg types
functions.h(44): warning:  #1295-D: Deprecated declaration enableInterrupt - give arg types
functions.h(45): warning:  #1295-D: Deprecated declaration die - give arg types
SimplePtidesOS.c(104): error:  #136: struct "evt" has no field "actorToFire"
SimplePtidesOS.c(105): error:  #136: struct "evt" has no field "actorFrom"
SimplePtidesOS.c(112): error:  #136: struct "evt" has no field "actorToFire"
SimplePtidesOS.c(144): error:  #136: struct "evt" has no field "actorToFire"
SimplePtidesOS.c(145): error:  #136: struct "evt" has no field "actorFrom"
SimplePtidesOS.c(154): error:  #136: struct "evt" has no field "actorToFire"
SimplePtidesOS.c(175): error:  #136: struct "evt" has no field "actorToFire"
SimplePtidesOS.c(176): error:  #136: struct "evt" has no field "actorFrom"
SimplePtidesOS.c(183): error:  #136: struct "evt" has no field "actorToFire"
SimplePtidesOS.c(213): warning:  #223-D: function "malloc" declared implicitly
SimplePtidesOS.c(270): error:  #136: struct "evt" has no field "actorToFire"
SimplePtidesOS.c(287): error:  #136: struct "evt" has no field "actorToFire"
SimplePtidesOS.c(366): error:  #136: struct "evt" has no field "actorToFire"
SimplePtidesOS.c(367): error:  #136: struct "evt" has no field "actorFrom"
SimplePtidesOS.c(372): error:  #136: struct "evt" has no field "actorToFire"
SimplePtidesOS.c(424): error:  #136: struct "evt" has no field "actorToFire"
SimplePtidesOS.c(425): error:  #136: struct "evt" has no field "actorFrom"
SimplePtidesOS.c(430): error:  #136: struct "evt" has no field "actorToFire"
SimplePtidesOS.c(459): warning:  #223-D: function "free" declared implicitly
SimplePtidesOS.c(463): error:  #136: struct "evt" has no field "actorFrom"
SimplePtidesOS.c(531): error:  #136: struct "evt" has no field "actorToFire"
SimplePtidesOS.c(532): error:  #136: struct "evt" has no field "actorFrom"
SimplePtidesOS.c(541): error:  #136: struct "evt" has no field "actorToFire"
SimplePtidesOS.c(559): error:  #136: struct "evt" has no field "actorToFire"
SimplePtidesOS.c(559): error:  #136: struct "evt" has no field "actorToFire"
SimplePtidesOS.c(559): error:  #136: struct "evt" has no field "actorToFire"
SimplePtidesOS.c(562): error:  #136: struct "evt" has no field "actorFrom"
SimplePtidesOS.c(562): error:  #136: struct "evt" has no field "actorFrom"
SimplePtidesOS.c(562): error:  #136: struct "evt" has no field "actorFrom"
SimplePtidesOS.c(649): warning:  #550-D: variable "model_delay3" was set but never used
Target not created
Build target 'Simulator'
compiling SimplePtidesOS.c...
Event.h(45): error:  #169: expected a declaration
Event.h(55): error:  #20: identifier "evt" is undefined
Event.h(67): error:  #101: "evt" has already been declared in the current scope
functions.h(37): warning:  #1295-D: Deprecated declaration event_remove - give arg types
functions.h(42): warning:  #1295-D: Deprecated declaration getCurrentPhysicalTime - give arg types
functions.h(43): warning:  #1295-D: Deprecated declaration disableInterrupt - give arg types
functions.h(44): warning:  #1295-D: Deprecated declaration enableInterrupt - give arg types
functions.h(45): warning:  #1295-D: Deprecated declaration die - give arg types
SimplePtidesOS.c(213): warning:  #223-D: function "malloc" declared implicitly
SimplePtidesOS.c(459): warning:  #223-D: function "free" declared implicitly
SimplePtidesOS.c(649): warning:  #550-D: variable "model_delay3" was set but never used
Target not created
Build target 'Simulator'
compiling SimplePtidesOS.c...
Event.h(75): error:  #70: incomplete type is not allowed
Event.h(79): error:  #81: more than one storage class may not be specified
Event.h(79): error:  #65: expected a ";"
functions.h(37): warning:  #1295-D: Deprecated declaration event_remove - give arg types
functions.h(42): warning:  #1295-D: Deprecated declaration getCurrentPhysicalTime - give arg types
functions.h(43): warning:  #1295-D: Deprecated declaration disableInterrupt - give arg types
functions.h(44): warning:  #1295-D: Deprecated declaration enableInterrupt - give arg types
functions.h(45): warning:  #1295-D: Deprecated declaration die - give arg types
SimplePtidesOS.c(34): error:  #757: variable "Event_Link" is not a type name
SimplePtidesOS.c(211): error:  #20: identifier "compare_event" is undefined
SimplePtidesOS.c(211): error:  #32: expression must have arithmetic type
SimplePtidesOS.c(212): error:  #20: identifier "before_event" is undefined
SimplePtidesOS.c(212): error:  #32: expression must have arithmetic type
SimplePtidesOS.c(213): error:  #20: identifier "tmp" is undefined
SimplePtidesOS.c(213): error:  #32: expression must have arithmetic type
SimplePtidesOS.c(213): error:  #29: expected an expression
SimplePtidesOS.c(213): error:  #32: expression must have arithmetic type
SimplePtidesOS.c(213): error:  #65: expected a ";"
SimplePtidesOS.c(255): error:  #132: expression must have pointer-to-struct-or-union type
SimplePtidesOS.c(270): error:  #132: expression must have pointer-to-struct-or-union type
SimplePtidesOS.c(274): error:  #132: expression must have pointer-to-struct-or-union type
SimplePtidesOS.c(450): error:  #132: expression must have pointer-to-struct-or-union type
SimplePtidesOS.c(459): warning:  #223-D: function "free" declared implicitly
SimplePtidesOS.c(649): warning:  #550-D: variable "model_delay3" was set but never used
Target not created
Build target 'Simulator'
compiling SimplePtidesOS.c...
functions.h(37): warning:  #1295-D: Deprecated declaration event_remove - give arg types
functions.h(42): warning:  #1295-D: Deprecated declaration getCurrentPhysicalTime - give arg types
functions.h(43): warning:  #1295-D: Deprecated declaration disableInterrupt - give arg types
functions.h(44): warning:  #1295-D: Deprecated declaration enableInterrupt - give arg types
functions.h(45): warning:  #1295-D: Deprecated declaration die - give arg types
SimplePtidesOS.c(213): warning:  #223-D: function "malloc" declared implicitly
SimplePtidesOS.c(459): warning:  #223-D: function "free" declared implicitly
SimplePtidesOS.c(649): warning:  #550-D: variable "model_delay3" was set but never used
linking...
Program Size: Code=3548 RO-data=276 RW-data=64 ZI-data=512  
".\Obj\Blinky.axf" - 0 Error(s), 8 Warning(s).
Build target 'Simulator'
compiling SimplePtidesOS.c...
Event.h(77): error:  #256: invalid redeclaration of type name "Actor" (declared at line 62)
functions.h(37): warning:  #1295-D: Deprecated declaration event_remove - give arg types
functions.h(42): warning:  #1295-D: Deprecated declaration getCurrentPhysicalTime - give arg types
functions.h(43): warning:  #1295-D: Deprecated declaration disableInterrupt - give arg types
functions.h(44): warning:  #1295-D: Deprecated declaration enableInterrupt - give arg types
functions.h(45): warning:  #1295-D: Deprecated declaration die - give arg types
SimplePtidesOS.c(104): error:  #136: struct "Actors" has no field "nextActor1"
SimplePtidesOS.c(105): error:  #513: a value of type "Actor *" cannot be assigned to an entity of type "Actor *"
SimplePtidesOS.c(110): error:  #136: struct "Actors" has no field "nextActor2"
SimplePtidesOS.c(112): error:  #136: struct "Actors" has no field "nextActor2"
SimplePtidesOS.c(144): error:  #136: struct "Actors" has no field "nextActor1"
SimplePtidesOS.c(145): error:  #513: a value of type "Actor *" cannot be assigned to an entity of type "Actor *"
SimplePtidesOS.c(151): error:  #136: struct "Actors" has no field "nextActor2"
SimplePtidesOS.c(154): error:  #136: struct "Actors" has no field "nextActor2"
SimplePtidesOS.c(175): error:  #136: struct "Actors" has no field "nextActor1"
SimplePtidesOS.c(176): error:  #513: a value of type "Actor *" cannot be assigned to an entity of type "Actor *"
SimplePtidesOS.c(180): error:  #136: struct "Actors" has no field "nextActor2"
SimplePtidesOS.c(183): error:  #136: struct "Actors" has no field "nextActor2"
SimplePtidesOS.c(213): warning:  #223-D: function "malloc" declared implicitly
SimplePtidesOS.c(287): error:  #144: a value of type "Actor *" cannot be used to initialize an entity of type "Actor *"
SimplePtidesOS.c(290): error:  #136: struct "Actors" has no field "type"
SimplePtidesOS.c(290): error:  #136: struct "Actors" has no field "type"
SimplePtidesOS.c(290): error:  #136: struct "Actors" has no field "type"
SimplePtidesOS.c(292): error:  #136: struct "Actors" has no field "type"
SimplePtidesOS.c(292): error:  #136: struct "Actors" has no field "type"
SimplePtidesOS.c(296): error:  #136: struct "Actors" has no field "type"
SimplePtidesOS.c(296): error:  #136: struct "Actors" has no field "type"
SimplePtidesOS.c(300): error:  #136: struct "Actors" has no field "type"
SimplePtidesOS.c(300): error:  #136: struct "Actors" has no field "type"
SimplePtidesOS.c(304): error:  #136: struct "Actors" has no field "type"
SimplePtidesOS.c(304): error:  #136: struct "Actors" has no field "type"
SimplePtidesOS.c(308): error:  #136: struct "Actors" has no field "type"
SimplePtidesOS.c(308): error:  #136: struct "Actors" has no field "type"
SimplePtidesOS.c(312): error:  #136: struct "Actors" has no field "type"
SimplePtidesOS.c(312): error:  #136: struct "Actors" has no field "type"
SimplePtidesOS.c(316): error:  #136: struct "Actors" has no field "type"
Target not created
Build target 'Simulator'
compiling SimplePtidesOS.c...
Event.h(78): error:  #256: invalid redeclaration of type name "Actor" (declared at line 63)
functions.h(37): warning:  #1295-D: Deprecated declaration event_remove - give arg types
functions.h(42): warning:  #1295-D: Deprecated declaration getCurrentPhysicalTime - give arg types
functions.h(43): warning:  #1295-D: Deprecated declaration disableInterrupt - give arg types
functions.h(44): warning:  #1295-D: Deprecated declaration enableInterrupt - give arg types
functions.h(45): warning:  #1295-D: Deprecated declaration die - give arg types
SimplePtidesOS.c(104): error:  #136: struct "Actors" has no field "nextActor1"
SimplePtidesOS.c(105): error:  #513: a value of type "Actor *" cannot be assigned to an entity of type "Actor *"
SimplePtidesOS.c(110): error:  #136: struct "Actors" has no field "nextActor2"
SimplePtidesOS.c(112): error:  #136: struct "Actors" has no field "nextActor2"
SimplePtidesOS.c(144): error:  #136: struct "Actors" has no field "nextActor1"
SimplePtidesOS.c(145): error:  #513: a value of type "Actor *" cannot be assigned to an entity of type "Actor *"
SimplePtidesOS.c(151): error:  #136: struct "Actors" has no field "nextActor2"
SimplePtidesOS.c(154): error:  #136: struct "Actors" has no field "nextActor2"
SimplePtidesOS.c(175): error:  #136: struct "Actors" has no field "nextActor1"
SimplePtidesOS.c(176): error:  #513: a value of type "Actor *" cannot be assigned to an entity of type "Actor *"
SimplePtidesOS.c(180): error:  #136: struct "Actors" has no field "nextActor2"
SimplePtidesOS.c(183): error:  #136: struct "Actors" has no field "nextActor2"
SimplePtidesOS.c(213): warning:  #223-D: function "malloc" declared implicitly
SimplePtidesOS.c(287): error:  #144: a value of type "Actor *" cannot be used to initialize an entity of type "Actor *"
SimplePtidesOS.c(290): error:  #136: struct "Actors" has no field "type"
SimplePtidesOS.c(290): error:  #136: struct "Actors" has no field "type"
SimplePtidesOS.c(290): error:  #136: struct "Actors" has no field "type"
SimplePtidesOS.c(292): error:  #136: struct "Actors" has no field "type"
SimplePtidesOS.c(292): error:  #136: struct "Actors" has no field "type"
SimplePtidesOS.c(296): error:  #136: struct "Actors" has no field "type"
SimplePtidesOS.c(296): error:  #136: struct "Actors" has no field "type"
SimplePtidesOS.c(300): error:  #136: struct "Actors" has no field "type"
SimplePtidesOS.c(300): error:  #136: struct "Actors" has no field "type"
SimplePtidesOS.c(304): error:  #136: struct "Actors" has no field "type"
SimplePtidesOS.c(304): error:  #136: struct "Actors" has no field "type"
SimplePtidesOS.c(308): error:  #136: struct "Actors" has no field "type"
SimplePtidesOS.c(308): error:  #136: struct "Actors" has no field "type"
SimplePtidesOS.c(312): error:  #136: struct "Actors" has no field "type"
SimplePtidesOS.c(312): error:  #136: struct "Actors" has no field "type"
SimplePtidesOS.c(316): error:  #136: struct "Actors" has no field "type"
Target not created
Build target 'Simulator'
compiling SimplePtidesOS.c...
functions.h(37): warning:  #1295-D: Deprecated declaration event_remove - give arg types
functions.h(42): warning:  #1295-D: Deprecated declaration getCurrentPhysicalTime - give arg types
functions.h(43): warning:  #1295-D: Deprecated declaration disableInterrupt - give arg types
functions.h(44): warning:  #1295-D: Deprecated declaration enableInterrupt - give arg types
functions.h(45): warning:  #1295-D: Deprecated declaration die - give arg types
SimplePtidesOS.c(213): warning:  #223-D: function "malloc" declared implicitly
SimplePtidesOS.c(459): warning:  #223-D: function "free" declared implicitly
SimplePtidesOS.c(649): warning:  #550-D: variable "model_delay3" was set but never used
linking...
Program Size: Code=3548 RO-data=276 RW-data=64 ZI-data=512  
".\Obj\Blinky.axf" - 0 Error(s), 8 Warning(s).
Build target 'Simulator'
compiling SimplePtidesOS.c...
Event.h(55): error:  #20: identifier "act" is undefined
Event.h(55): error:  #20: identifier "evt" is undefined
functions.h(37): warning:  #1295-D: Deprecated declaration event_remove - give arg types
functions.h(42): warning:  #1295-D: Deprecated declaration getCurrentPhysicalTime - give arg types
functions.h(43): warning:  #1295-D: Deprecated declaration disableInterrupt - give arg types
functions.h(44): warning:  #1295-D: Deprecated declaration enableInterrupt - give arg types
functions.h(45): warning:  #1295-D: Deprecated declaration die - give arg types
SimplePtidesOS.c(213): warning:  #223-D: function "malloc" declared implicitly
SimplePtidesOS.c(459): warning:  #223-D: function "free" declared implicitly
SimplePtidesOS.c(649): warning:  #550-D: variable "model_delay3" was set but never used
Target not created
Build target 'Simulator'
compiling SimplePtidesOS.c...
Event.h(45): warning:  #375-D: declaration requires a typedef name
Event.h(55): error:  #20: identifier "act" is undefined
Event.h(55): error:  #20: identifier "evt" is undefined
functions.h(37): warning:  #1295-D: Deprecated declaration event_remove - give arg types
functions.h(42): warning:  #1295-D: Deprecated declaration getCurrentPhysicalTime - give arg types
functions.h(43): warning:  #1295-D: Deprecated declaration disableInterrupt - give arg types
functions.h(44): warning:  #1295-D: Deprecated declaration enableInterrupt - give arg types
functions.h(45): warning:  #1295-D: Deprecated declaration die - give arg types
SimplePtidesOS.c(213): warning:  #223-D: function "malloc" declared implicitly
SimplePtidesOS.c(459): warning:  #223-D: function "free" declared implicitly
SimplePtidesOS.c(649): warning:  #550-D: variable "model_delay3" was set but never used
Target not created
Build target 'Simulator'
compiling SimplePtidesOS.c...
Event.h(55): error:  #20: identifier "evt" is undefined
Event.h(65): error:  #256: invalid redeclaration of type name "Actor" (declared at line 44)
functions.h(37): warning:  #1295-D: Deprecated declaration event_remove - give arg types
functions.h(42): warning:  #1295-D: Deprecated declaration getCurrentPhysicalTime - give arg types
functions.h(43): warning:  #1295-D: Deprecated declaration disableInterrupt - give arg types
functions.h(44): warning:  #1295-D: Deprecated declaration enableInterrupt - give arg types
functions.h(45): warning:  #1295-D: Deprecated declaration die - give arg types
SimplePtidesOS.c(213): warning:  #223-D: function "malloc" declared implicitly
SimplePtidesOS.c(459): warning:  #223-D: function "free" declared implicitly
SimplePtidesOS.c(649): warning:  #550-D: variable "model_delay3" was set but never used
Target not created
Build target 'Simulator'
compiling SimplePtidesOS.c...
Event.h(55): error:  #20: identifier "evt" is undefined
functions.h(37): warning:  #1295-D: Deprecated declaration event_remove - give arg types
functions.h(42): warning:  #1295-D: Deprecated declaration getCurrentPhysicalTime - give arg types
functions.h(43): warning:  #1295-D: Deprecated declaration disableInterrupt - give arg types
functions.h(44): warning:  #1295-D: Deprecated declaration enableInterrupt - give arg types
functions.h(45): warning:  #1295-D: Deprecated declaration die - give arg types
SimplePtidesOS.c(104): error:  #513: a value of type "struct act *" cannot be assigned to an entity of type "Actor *"
SimplePtidesOS.c(112): error:  #513: a value of type "struct act *" cannot be assigned to an entity of type "Actor *"
SimplePtidesOS.c(144): error:  #513: a value of type "struct act *" cannot be assigned to an entity of type "Actor *"
SimplePtidesOS.c(154): error:  #513: a value of type "struct act *" cannot be assigned to an entity of type "Actor *"
SimplePtidesOS.c(175): error:  #513: a value of type "struct act *" cannot be assigned to an entity of type "Actor *"
SimplePtidesOS.c(183): error:  #513: a value of type "struct act *" cannot be assigned to an entity of type "Actor *"
SimplePtidesOS.c(213): warning:  #223-D: function "malloc" declared implicitly
SimplePtidesOS.c(366): error:  #513: a value of type "struct act *" cannot be assigned to an entity of type "Actor *"
SimplePtidesOS.c(372): error:  #513: a value of type "struct act *" cannot be assigned to an entity of type "Actor *"
SimplePtidesOS.c(424): error:  #513: a value of type "struct act *" cannot be assigned to an entity of type "Actor *"
SimplePtidesOS.c(430): error:  #513: a value of type "struct act *" cannot be assigned to an entity of type "Actor *"
SimplePtidesOS.c(459): warning:  #223-D: function "free" declared implicitly
SimplePtidesOS.c(531): error:  #513: a value of type "struct act *" cannot be assigned to an entity of type "Actor *"
SimplePtidesOS.c(541): error:  #513: a value of type "struct act *" cannot be assigned to an entity of type "Actor *"
SimplePtidesOS.c(707): error:  #513: a value of type "Actor *" cannot be assigned to an entity of type "struct act *"
SimplePtidesOS.c(709): error:  #513: a value of type "Actor *" cannot be assigned to an entity of type "struct act *"
SimplePtidesOS.c(711): error:  #513: a value of type "Actor *" cannot be assigned to an entity of type "struct act *"
SimplePtidesOS.c(714): error:  #513: a value of type "Actor *" cannot be assigned to an entity of type "struct act *"
SimplePtidesOS.c(716): error:  #513: a value of type "Actor *" cannot be assigned to an entity of type "struct act *"
SimplePtidesOS.c(718): error:  #513: a value of type "Actor *" cannot be assigned to an entity of type "struct act *"
SimplePtidesOS.c(721): error:  #513: a value of type "Actor *" cannot be assigned to an entity of type "struct act *"
SimplePtidesOS.c(723): error:  #513: a value of type "Actor *" cannot be assigned to an entity of type "struct act *"
SimplePtidesOS.c(726): error:  #513: a value of type "Actor *" cannot be assigned to an entity of type "struct act *"
SimplePtidesOS.c(649): warning:  #550-D: variable "model_delay3" was set but never used
Target not created
Build target 'Simulator'
compiling SimplePtidesOS.c...
Event.h(54): error:  #20: identifier "evt" is undefined
functions.h(37): warning:  #1295-D: Deprecated declaration event_remove - give arg types
functions.h(42): warning:  #1295-D: Deprecated declaration getCurrentPhysicalTime - give arg types
functions.h(43): warning:  #1295-D: Deprecated declaration disableInterrupt - give arg types
functions.h(44): warning:  #1295-D: Deprecated declaration enableInterrupt - give arg types
functions.h(45): warning:  #1295-D: Deprecated declaration die - give arg types
SimplePtidesOS.c(213): warning:  #223-D: function "malloc" declared implicitly
SimplePtidesOS.c(459): warning:  #223-D: function "free" declared implicitly
SimplePtidesOS.c(649): warning:  #550-D: variable "model_delay3" was set but never used
Target not created
Build target 'Simulator'
compiling SimplePtidesOS.c...
Event.h(55): error:  #20: identifier "evt" is undefined
functions.h(37): warning:  #1295-D: Deprecated declaration event_remove - give arg types
functions.h(42): warning:  #1295-D: Deprecated declaration getCurrentPhysicalTime - give arg types
functions.h(43): warning:  #1295-D: Deprecated declaration disableInterrupt - give arg types
functions.h(44): warning:  #1295-D: Deprecated declaration enableInterrupt - give arg types
functions.h(45): warning:  #1295-D: Deprecated declaration die - give arg types
SimplePtidesOS.c(213): warning:  #223-D: function "malloc" declared implicitly
SimplePtidesOS.c(459): warning:  #223-D: function "free" declared implicitly
SimplePtidesOS.c(649): warning:  #550-D: variable "model_delay3" was set but never used
Target not created
Build target 'Simulator'
compiling SimplePtidesOS.c...
functions.h(37): warning:  #1295-D: Deprecated declaration event_remove - give arg types
functions.h(42): warning:  #1295-D: Deprecated declaration getCurrentPhysicalTime - give arg types
functions.h(43): warning:  #1295-D: Deprecated declaration disableInterrupt - give arg types
functions.h(44): warning:  #1295-D: Deprecated declaration enableInterrupt - give arg types
functions.h(45): warning:  #1295-D: Deprecated declaration die - give arg types
SimplePtidesOS.c(213): warning:  #223-D: function "malloc" declared implicitly
SimplePtidesOS.c(459): warning:  #223-D: function "free" declared implicitly
SimplePtidesOS.c(649): warning:  #550-D: variable "model_delay3" was set but never used
linking...
Program Size: Code=3548 RO-data=276 RW-data=64 ZI-data=512  
".\Obj\Blinky.axf" - 0 Error(s), 8 Warning(s).
Build target 'Simulator'
compiling SimplePtidesOS.c...
functions.h(37): warning:  #1295-D: Deprecated declaration event_remove - give arg types
functions.h(42): warning:  #1295-D: Deprecated declaration getCurrentPhysicalTime - give arg types
functions.h(43): warning:  #1295-D: Deprecated declaration disableInterrupt - give arg types
functions.h(44): warning:  #1295-D: Deprecated declaration enableInterrupt - give arg types
functions.h(45): warning:  #1295-D: Deprecated declaration die - give arg types
SimplePtidesOS.c(213): warning:  #223-D: function "malloc" declared implicitly
SimplePtidesOS.c(459): warning:  #223-D: function "free" declared implicitly
SimplePtidesOS.c(649): warning:  #550-D: variable "model_delay3" was set but never used
linking...
Program Size: Code=3548 RO-data=276 RW-data=64 ZI-data=512  
".\Obj\Blinky.axf" - 0 Error(s), 8 Warning(s).
Build target 'Simulator'
compiling SimplePtidesOS.c...
functions.h(37): warning:  #1295-D: Deprecated declaration event_remove - give arg types
functions.h(42): warning:  #1295-D: Deprecated declaration getCurrentPhysicalTime - give arg types
functions.h(43): warning:  #1295-D: Deprecated declaration disableInterrupt - give arg types
functions.h(44): warning:  #1295-D: Deprecated declaration enableInterrupt - give arg types
functions.h(45): warning:  #1295-D: Deprecated declaration die - give arg types
SimplePtidesOS.c(213): warning:  #223-D: function "malloc" declared implicitly
SimplePtidesOS.c(459): warning:  #223-D: function "free" declared implicitly
SimplePtidesOS.c(669): error:  #165: too few arguments in function call
SimplePtidesOS.c(669): error:  #513: a value of type "void" cannot be assigned to an entity of type "void (*)(Actor *, Event *)"
SimplePtidesOS.c(649): warning:  #550-D: variable "model_delay3" was set but never used
Target not created
Build target 'Simulator'
compiling SimplePtidesOS.c...
functions.h(37): warning:  #1295-D: Deprecated declaration event_remove - give arg types
functions.h(42): warning:  #1295-D: Deprecated declaration getCurrentPhysicalTime - give arg types
functions.h(43): warning:  #1295-D: Deprecated declaration disableInterrupt - give arg types
functions.h(44): warning:  #1295-D: Deprecated declaration enableInterrupt - give arg types
functions.h(45): warning:  #1295-D: Deprecated declaration die - give arg types
SimplePtidesOS.c(213): warning:  #223-D: function "malloc" declared implicitly
SimplePtidesOS.c(459): warning:  #223-D: function "free" declared implicitly
SimplePtidesOS.c(669): warning:  #513-D: a value of type "void (*)(Actor *)" cannot be assigned to an entity of type "void (*)(Actor *, Event *)"
SimplePtidesOS.c(649): warning:  #550-D: variable "model_delay3" was set but never used
linking...
Program Size: Code=3556 RO-data=276 RW-data=64 ZI-data=512  
".\Obj\Blinky.axf" - 0 Error(s), 9 Warning(s).
Build target 'Simulator'
compiling SimplePtidesOS.c...
functions.h(37): warning:  #1295-D: Deprecated declaration event_remove - give arg types
functions.h(42): warning:  #1295-D: Deprecated declaration getCurrentPhysicalTime - give arg types
functions.h(43): warning:  #1295-D: Deprecated declaration disableInterrupt - give arg types
functions.h(44): warning:  #1295-D: Deprecated declaration enableInterrupt - give arg types
functions.h(45): warning:  #1295-D: Deprecated declaration die - give arg types
SimplePtidesOS.c(213): warning:  #223-D: function "malloc" declared implicitly
SimplePtidesOS.c(459): warning:  #223-D: function "free" declared implicitly
SimplePtidesOS.c(669): warning:  #513-D: a value of type "void (*)(Actor *)" cannot be assigned to an entity of type "void (*)(Actor *, Event *)"
SimplePtidesOS.c(649): warning:  #550-D: variable "model_delay3" was set but never used
linking...
Program Size: Code=3604 RO-data=276 RW-data=64 ZI-data=512  
".\Obj\Blinky.axf" - 0 Error(s), 9 Warning(s).
Build target 'Simulator'
compiling SimplePtidesOS.c...
functions.h(37): warning:  #1295-D: Deprecated declaration event_remove - give arg types
functions.h(42): warning:  #1295-D: Deprecated declaration getCurrentPhysicalTime - give arg types
functions.h(43): warning:  #1295-D: Deprecated declaration disableInterrupt - give arg types
functions.h(44): warning:  #1295-D: Deprecated declaration enableInterrupt - give arg types
functions.h(45): warning:  #1295-D: Deprecated declaration die - give arg types
SimplePtidesOS.c(213): warning:  #223-D: function "malloc" declared implicitly
SimplePtidesOS.c(290): error:  #136: struct "Actor" has no field "type"
SimplePtidesOS.c(290): error:  #136: struct "Actor" has no field "type"
SimplePtidesOS.c(290): error:  #136: struct "Actor" has no field "type"
SimplePtidesOS.c(292): error:  #136: struct "Actor" has no field "type"
SimplePtidesOS.c(292): error:  #136: struct "Actor" has no field "type"
SimplePtidesOS.c(296): error:  #136: struct "Actor" has no field "type"
SimplePtidesOS.c(296): error:  #136: struct "Actor" has no field "type"
SimplePtidesOS.c(300): error:  #136: struct "Actor" has no field "type"
SimplePtidesOS.c(300): error:  #136: struct "Actor" has no field "type"
SimplePtidesOS.c(304): error:  #136: struct "Actor" has no field "type"
SimplePtidesOS.c(304): error:  #136: struct "Actor" has no field "type"
SimplePtidesOS.c(308): error:  #136: struct "Actor" has no field "type"
SimplePtidesOS.c(308): error:  #136: struct "Actor" has no field "type"
SimplePtidesOS.c(312): error:  #136: struct "Actor" has no field "type"
SimplePtidesOS.c(312): error:  #136: struct "Actor" has no field "type"
SimplePtidesOS.c(316): error:  #136: struct "Actor" has no field "type"
SimplePtidesOS.c(316): error:  #136: struct "Actor" has no field "type"
SimplePtidesOS.c(321): error:  #136: struct "Actor" has no field "type"
SimplePtidesOS.c(321): error:  #136: struct "Actor" has no field "type"
SimplePtidesOS.c(321): error:  #136: struct "Actor" has no field "type"
SimplePtidesOS.c(459): warning:  #223-D: function "free" declared implicitly
SimplePtidesOS.c(466): error:  #136: struct "Actor" has no field "type"
SimplePtidesOS.c(466): error:  #136: struct "Actor" has no field "type"
SimplePtidesOS.c(559): error:  #136: struct "Actor" has no field "type"
SimplePtidesOS.c(559): error:  #136: struct "Actor" has no field "type"
SimplePtidesOS.c(559): error:  #136: struct "Actor" has no field "type"
SimplePtidesOS.c(562): error:  #136: struct "Actor" has no field "type"
SimplePtidesOS.c(562): error:  #136: struct "Actor" has no field "type"
SimplePtidesOS.c(562): error:  #136: struct "Actor" has no field "type"
SimplePtidesOS.c(661): error:  #136: struct "Actor" has no field "type"
SimplePtidesOS.c(662): error:  #136: struct "Actor" has no field "type"
Target not created
Build target 'Simulator'
compiling SimplePtidesOS.c...
functions.h(37): warning:  #1295-D: Deprecated declaration event_remove - give arg types
functions.h(42): warning:  #1295-D: Deprecated declaration getCurrentPhysicalTime - give arg types
functions.h(43): warning:  #1295-D: Deprecated declaration disableInterrupt - give arg types
functions.h(44): warning:  #1295-D: Deprecated declaration enableInterrupt - give arg types
functions.h(45): warning:  #1295-D: Deprecated declaration die - give arg types
SimplePtidesOS.c(213): warning:  #223-D: function "malloc" declared implicitly
SimplePtidesOS.c(289): error:  #154: expression must have struct or union type
SimplePtidesOS.c(423): warning:  #223-D: function "free" declared implicitly
SimplePtidesOS.c(430): error:  #136: struct "Actor" has no field "type"
SimplePtidesOS.c(430): error:  #136: struct "Actor" has no field "type"
SimplePtidesOS.c(523): error:  #136: struct "Actor" has no field "type"
SimplePtidesOS.c(523): error:  #136: struct "Actor" has no field "type"
SimplePtidesOS.c(523): error:  #136: struct "Actor" has no field "type"
SimplePtidesOS.c(526): error:  #136: struct "Actor" has no field "type"
SimplePtidesOS.c(526): error:  #136: struct "Actor" has no field "type"
SimplePtidesOS.c(526): error:  #136: struct "Actor" has no field "type"
SimplePtidesOS.c(625): error:  #136: struct "Actor" has no field "type"
SimplePtidesOS.c(626): error:  #136: struct "Actor" has no field "type"
SimplePtidesOS.c(627): error:  #136: struct "Actor" has no field "type"
SimplePtidesOS.c(629): error:  #136: struct "Actor" has no field "type"
SimplePtidesOS.c(630): error:  #136: struct "Actor" has no field "type"
SimplePtidesOS.c(631): error:  #136: struct "Actor" has no field "type"
SimplePtidesOS.c(633): warning:  #513-D: a value of type "void (*)(Actor *)" cannot be assigned to an entity of type "void (*)(Actor *, Event *)"
SimplePtidesOS.c(634): error:  #136: struct "Actor" has no field "type"
SimplePtidesOS.c(635): error:  #136: struct "Actor" has no field "type"
SimplePtidesOS.c(636): error:  #136: struct "Actor" has no field "type"
SimplePtidesOS.c(639): error:  #136: struct "Actor" has no field "type"
SimplePtidesOS.c(640): error:  #136: struct "Actor" has no field "type"
SimplePtidesOS.c(641): error:  #136: struct "Actor" has no field "type"
SimplePtidesOS.c(644): error:  #136: struct "Actor" has no field "type"
SimplePtidesOS.c(645): error:  #136: struct "Actor" has no field "type"
SimplePtidesOS.c(646): error:  #136: struct "Actor" has no field "type"
SimplePtidesOS.c(649): error:  #136: struct "Actor" has no field "type"
SimplePtidesOS.c(650): error:  #136: struct "Actor" has no field "type"
SimplePtidesOS.c(651): error:  #136: struct "Actor" has no field "type"
SimplePtidesOS.c(654): error:  #136: struct "Actor" has no field "type"
SimplePtidesOS.c(655): error:  #136: struct "Actor" has no field "type"
SimplePtidesOS.c(656): error:  #136: struct "Actor" has no field "type"
Target not created
Build target 'Simulator'
compiling SimplePtidesOS.c...
functions.h(37): warning:  #1295-D: Deprecated declaration event_remove - give arg types
functions.h(42): warning:  #1295-D: Deprecated declaration getCurrentPhysicalTime - give arg types
functions.h(43): warning:  #1295-D: Deprecated declaration disableInterrupt - give arg types
functions.h(44): warning:  #1295-D: Deprecated declaration enableInterrupt - give arg types
functions.h(45): warning:  #1295-D: Deprecated declaration die - give arg types
SimplePtidesOS.c(213): warning:  #223-D: function "malloc" declared implicitly
SimplePtidesOS.c(289): error:  #154: expression must have struct or union type
SimplePtidesOS.c(423): warning:  #223-D: function "free" declared implicitly
SimplePtidesOS.c(430): error:  #136: struct "Actor" has no field "type"
SimplePtidesOS.c(430): error:  #136: struct "Actor" has no field "type"
SimplePtidesOS.c(523): error:  #136: struct "Actor" has no field "type"
SimplePtidesOS.c(523): error:  #136: struct "Actor" has no field "type"
SimplePtidesOS.c(523): error:  #136: struct "Actor" has no field "type"
SimplePtidesOS.c(526): error:  #136: struct "Actor" has no field "type"
SimplePtidesOS.c(526): error:  #136: struct "Actor" has no field "type"
SimplePtidesOS.c(526): error:  #136: struct "Actor" has no field "type"
SimplePtidesOS.c(625): error:  #136: struct "Actor" has no field "type"
SimplePtidesOS.c(626): error:  #136: struct "Actor" has no field "type"
SimplePtidesOS.c(627): error:  #136: struct "Actor" has no field "type"
SimplePtidesOS.c(629): error:  #136: struct "Actor" has no field "type"
SimplePtidesOS.c(630): error:  #136: struct "Actor" has no field "type"
SimplePtidesOS.c(631): error:  #136: struct "Actor" has no field "type"
SimplePtidesOS.c(633): warning:  #513-D: a value of type "void (*)(Actor *)" cannot be assigned to an entity of type "void (*)(Actor *, Event *)"
SimplePtidesOS.c(634): error:  #136: struct "Actor" has no field "type"
SimplePtidesOS.c(635): error:  #136: struct "Actor" has no field "type"
SimplePtidesOS.c(636): error:  #136: struct "Actor" has no field "type"
SimplePtidesOS.c(639): error:  #136: struct "Actor" has no field "type"
SimplePtidesOS.c(640): error:  #136: struct "Actor" has no field "type"
SimplePtidesOS.c(641): error:  #136: struct "Actor" has no field "type"
SimplePtidesOS.c(644): error:  #136: struct "Actor" has no field "type"
SimplePtidesOS.c(645): error:  #136: struct "Actor" has no field "type"
SimplePtidesOS.c(646): error:  #136: struct "Actor" has no field "type"
SimplePtidesOS.c(649): error:  #136: struct "Actor" has no field "type"
SimplePtidesOS.c(650): error:  #136: struct "Actor" has no field "type"
SimplePtidesOS.c(651): error:  #136: struct "Actor" has no field "type"
SimplePtidesOS.c(654): error:  #136: struct "Actor" has no field "type"
SimplePtidesOS.c(655): error:  #136: struct "Actor" has no field "type"
SimplePtidesOS.c(656): error:  #136: struct "Actor" has no field "type"
Target not created
Build target 'Simulator'
compiling SimplePtidesOS.c...
functions.h(37): warning:  #1295-D: Deprecated declaration event_remove - give arg types
functions.h(42): warning:  #1295-D: Deprecated declaration getCurrentPhysicalTime - give arg types
functions.h(43): warning:  #1295-D: Deprecated declaration disableInterrupt - give arg types
functions.h(44): warning:  #1295-D: Deprecated declaration enableInterrupt - give arg types
functions.h(45): warning:  #1295-D: Deprecated declaration die - give arg types
SimplePtidesOS.c(213): warning:  #223-D: function "malloc" declared implicitly
SimplePtidesOS.c(289): error:  #144: a value of type "void (*)(Actor *, Event *)" cannot be used to initialize an entity of type "void *"
SimplePtidesOS.c(423): warning:  #223-D: function "free" declared implicitly
SimplePtidesOS.c(430): error:  #136: struct "Actor" has no field "type"
SimplePtidesOS.c(430): error:  #136: struct "Actor" has no field "type"
SimplePtidesOS.c(523): error:  #136: struct "Actor" has no field "type"
SimplePtidesOS.c(523): error:  #136: struct "Actor" has no field "type"
SimplePtidesOS.c(523): error:  #136: struct "Actor" has no field "type"
SimplePtidesOS.c(526): error:  #136: struct "Actor" has no field "type"
SimplePtidesOS.c(526): error:  #136: struct "Actor" has no field "type"
SimplePtidesOS.c(526): error:  #136: struct "Actor" has no field "type"
SimplePtidesOS.c(625): error:  #136: struct "Actor" has no field "type"
SimplePtidesOS.c(626): error:  #136: struct "Actor" has no field "type"
SimplePtidesOS.c(627): error:  #136: struct "Actor" has no field "type"
SimplePtidesOS.c(629): error:  #136: struct "Actor" has no field "type"
SimplePtidesOS.c(630): error:  #136: struct "Actor" has no field "type"
SimplePtidesOS.c(631): error:  #136: struct "Actor" has no field "type"
SimplePtidesOS.c(633): warning:  #513-D: a value of type "void (*)(Actor *)" cannot be assigned to an entity of type "void (*)(Actor *, Event *)"
SimplePtidesOS.c(634): error:  #136: struct "Actor" has no field "type"
SimplePtidesOS.c(635): error:  #136: struct "Actor" has no field "type"
SimplePtidesOS.c(636): error:  #136: struct "Actor" has no field "type"
SimplePtidesOS.c(639): error:  #136: struct "Actor" has no field "type"
SimplePtidesOS.c(640): error:  #136: struct "Actor" has no field "type"
SimplePtidesOS.c(641): error:  #136: struct "Actor" has no field "type"
SimplePtidesOS.c(644): error:  #136: struct "Actor" has no field "type"
SimplePtidesOS.c(645): error:  #136: struct "Actor" has no field "type"
SimplePtidesOS.c(646): error:  #136: struct "Actor" has no field "type"
SimplePtidesOS.c(649): error:  #136: struct "Actor" has no field "type"
SimplePtidesOS.c(650): error:  #136: struct "Actor" has no field "type"
SimplePtidesOS.c(651): error:  #136: struct "Actor" has no field "type"
SimplePtidesOS.c(654): error:  #136: struct "Actor" has no field "type"
SimplePtidesOS.c(655): error:  #136: struct "Actor" has no field "type"
SimplePtidesOS.c(656): error:  #136: struct "Actor" has no field "type"
Target not created
Build target 'Simulator'
compiling SimplePtidesOS.c...
functions.h(37): warning:  #1295-D: Deprecated declaration event_remove - give arg types
functions.h(42): warning:  #1295-D: Deprecated declaration getCurrentPhysicalTime - give arg types
functions.h(43): warning:  #1295-D: Deprecated declaration disableInterrupt - give arg types
functions.h(44): warning:  #1295-D: Deprecated declaration enableInterrupt - give arg types
functions.h(45): warning:  #1295-D: Deprecated declaration die - give arg types
SimplePtidesOS.c(213): warning:  #223-D: function "malloc" declared implicitly
SimplePtidesOS.c(289): error:  #20: identifier "func" is undefined
SimplePtidesOS.c(423): warning:  #223-D: function "free" declared implicitly
SimplePtidesOS.c(430): error:  #136: struct "Actor" has no field "type"
SimplePtidesOS.c(430): error:  #136: struct "Actor" has no field "type"
SimplePtidesOS.c(523): error:  #136: struct "Actor" has no field "type"
SimplePtidesOS.c(523): error:  #136: struct "Actor" has no field "type"
SimplePtidesOS.c(523): error:  #136: struct "Actor" has no field "type"
SimplePtidesOS.c(526): error:  #136: struct "Actor" has no field "type"
SimplePtidesOS.c(526): error:  #136: struct "Actor" has no field "type"
SimplePtidesOS.c(526): error:  #136: struct "Actor" has no field "type"
SimplePtidesOS.c(625): error:  #136: struct "Actor" has no field "type"
SimplePtidesOS.c(626): error:  #136: struct "Actor" has no field "type"
SimplePtidesOS.c(627): error:  #136: struct "Actor" has no field "type"
SimplePtidesOS.c(629): error:  #136: struct "Actor" has no field "type"
SimplePtidesOS.c(630): error:  #136: struct "Actor" has no field "type"
SimplePtidesOS.c(631): error:  #136: struct "Actor" has no field "type"
SimplePtidesOS.c(633): warning:  #513-D: a value of type "void (*)(Actor *)" cannot be assigned to an entity of type "void (*)(Actor *, Event *)"
SimplePtidesOS.c(634): error:  #136: struct "Actor" has no field "type"
SimplePtidesOS.c(635): error:  #136: struct "Actor" has no field "type"
SimplePtidesOS.c(636): error:  #136: struct "Actor" has no field "type"
SimplePtidesOS.c(639): error:  #136: struct "Actor" has no field "type"
SimplePtidesOS.c(640): error:  #136: struct "Actor" has no field "type"
SimplePtidesOS.c(641): error:  #136: struct "Actor" has no field "type"
SimplePtidesOS.c(644): error:  #136: struct "Actor" has no field "type"
SimplePtidesOS.c(645): error:  #136: struct "Actor" has no field "type"
SimplePtidesOS.c(646): error:  #136: struct "Actor" has no field "type"
SimplePtidesOS.c(649): error:  #136: struct "Actor" has no field "type"
SimplePtidesOS.c(650): error:  #136: struct "Actor" has no field "type"
SimplePtidesOS.c(651): error:  #136: struct "Actor" has no field "type"
SimplePtidesOS.c(654): error:  #136: struct "Actor" has no field "type"
SimplePtidesOS.c(655): error:  #136: struct "Actor" has no field "type"
SimplePtidesOS.c(656): error:  #136: struct "Actor" has no field "type"
Target not created
Build target 'Simulator'
compiling SimplePtidesOS.c...
functions.h(37): warning:  #1295-D: Deprecated declaration event_remove - give arg types
functions.h(42): warning:  #1295-D: Deprecated declaration getCurrentPhysicalTime - give arg types
functions.h(43): warning:  #1295-D: Deprecated declaration disableInterrupt - give arg types
functions.h(44): warning:  #1295-D: Deprecated declaration enableInterrupt - give arg types
functions.h(45): warning:  #1295-D: Deprecated declaration die - give arg types
SimplePtidesOS.c(213): warning:  #223-D: function "malloc" declared implicitly
SimplePtidesOS.c(289): error:  #20: identifier "func" is undefined
SimplePtidesOS.c(423): warning:  #223-D: function "free" declared implicitly
SimplePtidesOS.c(430): error:  #136: struct "Actor" has no field "type"
SimplePtidesOS.c(430): error:  #136: struct "Actor" has no field "type"
SimplePtidesOS.c(523): error:  #136: struct "Actor" has no field "type"
SimplePtidesOS.c(523): error:  #136: struct "Actor" has no field "type"
SimplePtidesOS.c(523): error:  #136: struct "Actor" has no field "type"
SimplePtidesOS.c(526): error:  #136: struct "Actor" has no field "type"
SimplePtidesOS.c(526): error:  #136: struct "Actor" has no field "type"
SimplePtidesOS.c(526): error:  #136: struct "Actor" has no field "type"
SimplePtidesOS.c(625): error:  #136: struct "Actor" has no field "type"
SimplePtidesOS.c(626): error:  #136: struct "Actor" has no field "type"
SimplePtidesOS.c(627): error:  #136: struct "Actor" has no field "type"
SimplePtidesOS.c(629): error:  #136: struct "Actor" has no field "type"
SimplePtidesOS.c(630): error:  #136: struct "Actor" has no field "type"
SimplePtidesOS.c(631): error:  #136: struct "Actor" has no field "type"
SimplePtidesOS.c(633): warning:  #513-D: a value of type "void (*)(Actor *)" cannot be assigned to an entity of type "void (*)(Actor *, Event *)"
SimplePtidesOS.c(634): error:  #136: struct "Actor" has no field "type"
SimplePtidesOS.c(635): error:  #136: struct "Actor" has no field "type"
SimplePtidesOS.c(636): error:  #136: struct "Actor" has no field "type"
SimplePtidesOS.c(639): error:  #136: struct "Actor" has no field "type"
SimplePtidesOS.c(640): error:  #136: struct "Actor" has no field "type"
SimplePtidesOS.c(641): error:  #136: struct "Actor" has no field "type"
SimplePtidesOS.c(644): error:  #136: struct "Actor" has no field "type"
SimplePtidesOS.c(645): error:  #136: struct "Actor" has no field "type"
SimplePtidesOS.c(646): error:  #136: struct "Actor" has no field "type"
SimplePtidesOS.c(649): error:  #136: struct "Actor" has no field "type"
SimplePtidesOS.c(650): error:  #136: struct "Actor" has no field "type"
SimplePtidesOS.c(651): error:  #136: struct "Actor" has no field "type"
SimplePtidesOS.c(654): error:  #136: struct "Actor" has no field "type"
SimplePtidesOS.c(655): error:  #136: struct "Actor" has no field "type"
SimplePtidesOS.c(656): error:  #136: struct "Actor" has no field "type"
Target not created
Build target 'Simulator'
compiling SimplePtidesOS.c...
functions.h(37): warning:  #1295-D: Deprecated declaration event_remove - give arg types
functions.h(42): warning:  #1295-D: Deprecated declaration getCurrentPhysicalTime - give arg types
functions.h(43): warning:  #1295-D: Deprecated declaration disableInterrupt - give arg types
functions.h(44): warning:  #1295-D: Deprecated declaration enableInterrupt - give arg types
functions.h(45): warning:  #1295-D: Deprecated declaration die - give arg types
SimplePtidesOS.c(213): warning:  #223-D: function "malloc" declared implicitly
SimplePtidesOS.c(289): error:  #20: identifier "func" is undefined
SimplePtidesOS.c(423): warning:  #223-D: function "free" declared implicitly
SimplePtidesOS.c(430): error:  #136: struct "Actor" has no field "type"
SimplePtidesOS.c(430): error:  #136: struct "Actor" has no field "type"
SimplePtidesOS.c(523): error:  #136: struct "Actor" has no field "type"
SimplePtidesOS.c(523): error:  #136: struct "Actor" has no field "type"
SimplePtidesOS.c(523): error:  #136: struct "Actor" has no field "type"
SimplePtidesOS.c(526): error:  #136: struct "Actor" has no field "type"
SimplePtidesOS.c(526): error:  #136: struct "Actor" has no field "type"
SimplePtidesOS.c(526): error:  #136: struct "Actor" has no field "type"
SimplePtidesOS.c(625): error:  #136: struct "Actor" has no field "type"
SimplePtidesOS.c(626): error:  #136: struct "Actor" has no field "type"
SimplePtidesOS.c(627): error:  #136: struct "Actor" has no field "type"
SimplePtidesOS.c(629): error:  #136: struct "Actor" has no field "type"
SimplePtidesOS.c(630): error:  #136: struct "Actor" has no field "type"
SimplePtidesOS.c(631): error:  #136: struct "Actor" has no field "type"
SimplePtidesOS.c(633): warning:  #513-D: a value of type "void (*)(Actor *)" cannot be assigned to an entity of type "void (*)(Actor *, Event *)"
SimplePtidesOS.c(634): error:  #136: struct "Actor" has no field "type"
SimplePtidesOS.c(635): error:  #136: struct "Actor" has no field "type"
SimplePtidesOS.c(636): error:  #136: struct "Actor" has no field "type"
SimplePtidesOS.c(639): error:  #136: struct "Actor" has no field "type"
SimplePtidesOS.c(640): error:  #136: struct "Actor" has no field "type"
SimplePtidesOS.c(641): error:  #136: struct "Actor" has no field "type"
SimplePtidesOS.c(644): error:  #136: struct "Actor" has no field "type"
SimplePtidesOS.c(645): error:  #136: struct "Actor" has no field "type"
SimplePtidesOS.c(646): error:  #136: struct "Actor" has no field "type"
SimplePtidesOS.c(649): error:  #136: struct "Actor" has no field "type"
SimplePtidesOS.c(650): error:  #136: struct "Actor" has no field "type"
SimplePtidesOS.c(651): error:  #136: struct "Actor" has no field "type"
SimplePtidesOS.c(654): error:  #136: struct "Actor" has no field "type"
SimplePtidesOS.c(655): error:  #136: struct "Actor" has no field "type"
SimplePtidesOS.c(656): error:  #136: struct "Actor" has no field "type"
Target not created
Build target 'Simulator'
compiling SimplePtidesOS.c...
functions.h(37): warning:  #1295-D: Deprecated declaration event_remove - give arg types
functions.h(42): warning:  #1295-D: Deprecated declaration getCurrentPhysicalTime - give arg types
functions.h(43): warning:  #1295-D: Deprecated declaration disableInterrupt - give arg types
functions.h(44): warning:  #1295-D: Deprecated declaration enableInterrupt - give arg types
functions.h(45): warning:  #1295-D: Deprecated declaration die - give arg types
SimplePtidesOS.c(213): warning:  #223-D: function "malloc" declared implicitly
SimplePtidesOS.c(423): warning:  #223-D: function "free" declared implicitly
SimplePtidesOS.c(430): error:  #136: struct "Actor" has no field "type"
SimplePtidesOS.c(430): error:  #136: struct "Actor" has no field "type"
SimplePtidesOS.c(523): error:  #136: struct "Actor" has no field "type"
SimplePtidesOS.c(523): error:  #136: struct "Actor" has no field "type"
SimplePtidesOS.c(523): error:  #136: struct "Actor" has no field "type"
SimplePtidesOS.c(526): error:  #136: struct "Actor" has no field "type"
SimplePtidesOS.c(526): error:  #136: struct "Actor" has no field "type"
SimplePtidesOS.c(526): error:  #136: struct "Actor" has no field "type"
SimplePtidesOS.c(625): error:  #136: struct "Actor" has no field "type"
SimplePtidesOS.c(626): error:  #136: struct "Actor" has no field "type"
SimplePtidesOS.c(627): error:  #136: struct "Actor" has no field "type"
SimplePtidesOS.c(629): error:  #136: struct "Actor" has no field "type"
SimplePtidesOS.c(630): error:  #136: struct "Actor" has no field "type"
SimplePtidesOS.c(631): error:  #136: struct "Actor" has no field "type"
SimplePtidesOS.c(633): warning:  #513-D: a value of type "void (*)(Actor *)" cannot be assigned to an entity of type "void (*)(Actor *, Event *)"
SimplePtidesOS.c(634): error:  #136: struct "Actor" has no field "type"
SimplePtidesOS.c(635): error:  #136: struct "Actor" has no field "type"
SimplePtidesOS.c(636): error:  #136: struct "Actor" has no field "type"
SimplePtidesOS.c(639): error:  #136: struct "Actor" has no field "type"
SimplePtidesOS.c(640): error:  #136: struct "Actor" has no field "type"
SimplePtidesOS.c(641): error:  #136: struct "Actor" has no field "type"
SimplePtidesOS.c(644): error:  #136: struct "Actor" has no field "type"
SimplePtidesOS.c(645): error:  #136: struct "Actor" has no field "type"
SimplePtidesOS.c(646): error:  #136: struct "Actor" has no field "type"
SimplePtidesOS.c(649): error:  #136: struct "Actor" has no field "type"
SimplePtidesOS.c(650): error:  #136: struct "Actor" has no field "type"
SimplePtidesOS.c(651): error:  #136: struct "Actor" has no field "type"
SimplePtidesOS.c(654): error:  #136: struct "Actor" has no field "type"
SimplePtidesOS.c(655): error:  #136: struct "Actor" has no field "type"
SimplePtidesOS.c(656): error:  #136: struct "Actor" has no field "type"
SimplePtidesOS.c(659): error:  #136: struct "Actor" has no field "type"
Target not created
Build target 'Simulator'
compiling SimplePtidesOS.c...
functions.h(37): warning:  #1295-D: Deprecated declaration event_remove - give arg types
functions.h(42): warning:  #1295-D: Deprecated declaration getCurrentPhysicalTime - give arg types
functions.h(43): warning:  #1295-D: Deprecated declaration disableInterrupt - give arg types
functions.h(44): warning:  #1295-D: Deprecated declaration enableInterrupt - give arg types
functions.h(45): warning:  #1295-D: Deprecated declaration die - give arg types
SimplePtidesOS.c(213): warning:  #223-D: function "malloc" declared implicitly
SimplePtidesOS.c(427): warning:  #223-D: function "free" declared implicitly
SimplePtidesOS.c(434): error:  #136: struct "Actor" has no field "type"
SimplePtidesOS.c(434): error:  #136: struct "Actor" has no field "type"
SimplePtidesOS.c(527): error:  #136: struct "Actor" has no field "type"
SimplePtidesOS.c(527): error:  #136: struct "Actor" has no field "type"
SimplePtidesOS.c(527): error:  #136: struct "Actor" has no field "type"
SimplePtidesOS.c(530): error:  #136: struct "Actor" has no field "type"
SimplePtidesOS.c(530): error:  #136: struct "Actor" has no field "type"
SimplePtidesOS.c(530): error:  #136: struct "Actor" has no field "type"
SimplePtidesOS.c(629): warning:  #513-D: a value of type "void (*)(Actor *)" cannot be assigned to an entity of type "void (*)(Actor *, Event *)"
SimplePtidesOS.c(617): warning:  #550-D: variable "model_delay3" was set but never used
Target not created
Build target 'Simulator'
compiling SimplePtidesOS.c...
functions.h(37): warning:  #1295-D: Deprecated declaration event_remove - give arg types
functions.h(42): warning:  #1295-D: Deprecated declaration getCurrentPhysicalTime - give arg types
functions.h(43): warning:  #1295-D: Deprecated declaration disableInterrupt - give arg types
functions.h(44): warning:  #1295-D: Deprecated declaration enableInterrupt - give arg types
functions.h(45): warning:  #1295-D: Deprecated declaration die - give arg types
SimplePtidesOS.c(213): warning:  #223-D: function "malloc" declared implicitly
SimplePtidesOS.c(427): warning:  #223-D: function "free" declared implicitly
SimplePtidesOS.c(531): error:  #136: struct "Actor" has no field "type"
SimplePtidesOS.c(531): error:  #136: struct "Actor" has no field "type"
SimplePtidesOS.c(531): error:  #136: struct "Actor" has no field "type"
SimplePtidesOS.c(631): warning:  #513-D: a value of type "void (*)(Actor *)" cannot be assigned to an entity of type "void (*)(Actor *, Event *)"
SimplePtidesOS.c(619): warning:  #550-D: variable "model_delay3" was set but never used
Target not created
Build target 'Simulator'
compiling SimplePtidesOS.c...
functions.h(37): warning:  #1295-D: Deprecated declaration event_remove - give arg types
functions.h(42): warning:  #1295-D: Deprecated declaration getCurrentPhysicalTime - give arg types
functions.h(43): warning:  #1295-D: Deprecated declaration disableInterrupt - give arg types
functions.h(44): warning:  #1295-D: Deprecated declaration enableInterrupt - give arg types
functions.h(45): warning:  #1295-D: Deprecated declaration die - give arg types
SimplePtidesOS.c(213): warning:  #223-D: function "malloc" declared implicitly
SimplePtidesOS.c(427): warning:  #223-D: function "free" declared implicitly
SimplePtidesOS.c(631): warning:  #513-D: a value of type "void (*)(Actor *)" cannot be assigned to an entity of type "void (*)(Actor *, Event *)"
SimplePtidesOS.c(619): warning:  #550-D: variable "model_delay3" was set but never used
linking...
Program Size: Code=3152 RO-data=32 RW-data=64 ZI-data=512  
".\Obj\Blinky.axf" - 0 Error(s), 9 Warning(s).
Build target 'Simulator'
compiling SimplePtidesOS.c...
SimplePtidesOS.c(12): error:  #5: cannot open source input file "Event.h": No such file or directory
Target not created
Build target 'Simulator'
compiling SimplePtidesOS.c...
functions.h(37): warning:  #1295-D: Deprecated declaration event_remove - give arg types
functions.h(42): warning:  #1295-D: Deprecated declaration getCurrentPhysicalTime - give arg types
functions.h(43): warning:  #1295-D: Deprecated declaration disableInterrupt - give arg types
functions.h(44): warning:  #1295-D: Deprecated declaration enableInterrupt - give arg types
functions.h(45): warning:  #1295-D: Deprecated declaration die - give arg types
SimplePtidesOS.c(213): warning:  #223-D: function "malloc" declared implicitly
SimplePtidesOS.c(427): warning:  #223-D: function "free" declared implicitly
SimplePtidesOS.c(631): warning:  #513-D: a value of type "void (*)(Actor *)" cannot be assigned to an entity of type "void (*)(Actor *, Event *)"
SimplePtidesOS.c(619): warning:  #550-D: variable "model_delay3" was set but never used
linking...
Program Size: Code=3152 RO-data=32 RW-data=64 ZI-data=512  
".\Obj\Blinky.axf" - 0 Error(s), 9 Warning(s).
Build target 'Simulator'
linking...
Program Size: Code=3152 RO-data=32 RW-data=64 ZI-data=512  
".\Obj\Blinky.axf" - 0 Error(s), 0 Warning(s).
Build target 'Simulator'
compiling SimplePtidesOS.c...
functions.h(37): warning:  #1295-D: Deprecated declaration event_remove - give arg types
functions.h(42): warning:  #1295-D: Deprecated declaration getCurrentPhysicalTime - give arg types
functions.h(43): warning:  #1295-D: Deprecated declaration disableInterrupt - give arg types
functions.h(44): warning:  #1295-D: Deprecated declaration enableInterrupt - give arg types
functions.h(45): warning:  #1295-D: Deprecated declaration die - give arg types
SimplePtidesOS.c(213): warning:  #223-D: function "malloc" declared implicitly
SimplePtidesOS.c(427): warning:  #223-D: function "free" declared implicitly
SimplePtidesOS.c(631): warning:  #513-D: a value of type "void (*)(Actor *)" cannot be assigned to an entity of type "void (*)(Actor *, Event *)"
SimplePtidesOS.c(619): warning:  #550-D: variable "model_delay3" was set but never used
linking...
Program Size: Code=3152 RO-data=32 RW-data=64 ZI-data=512  
".\Obj\Blinky.axf" - 0 Error(s), 9 Warning(s).
Build target 'Simulator'
linking...
Program Size: Code=3152 RO-data=32 RW-data=64 ZI-data=512  
".\Obj\Blinky.axf" - 0 Error(s), 0 Warning(s).
Build target 'Simulator'
compiling SimplePtidesOS.c...
functions.h(37): warning:  #1295-D: Deprecated declaration event_remove - give arg types
functions.h(42): warning:  #1295-D: Deprecated declaration getCurrentPhysicalTime - give arg types
functions.h(43): warning:  #1295-D: Deprecated declaration disableInterrupt - give arg types
functions.h(44): warning:  #1295-D: Deprecated declaration enableInterrupt - give arg types
functions.h(45): warning:  #1295-D: Deprecated declaration die - give arg types
SimplePtidesOS.c(213): warning:  #223-D: function "malloc" declared implicitly
SimplePtidesOS.c(427): warning:  #223-D: function "free" declared implicitly
SimplePtidesOS.c(631): warning:  #513-D: a value of type "void (*)(Actor *)" cannot be assigned to an entity of type "void (*)(Actor *, Event *)"
SimplePtidesOS.c(619): warning:  #550-D: variable "model_delay3" was set but never used
linking...
Program Size: Code=3152 RO-data=32 RW-data=64 ZI-data=512  
".\Obj\Blinky.axf" - 0 Error(s), 9 Warning(s).
Build target 'Simulator'
linking...
Program Size: Code=3152 RO-data=32 RW-data=64 ZI-data=512  
".\Obj\Blinky.axf" - 0 Error(s), 0 Warning(s).
Build target 'Simulator'
compiling SimplePtidesOS.c...
functions.h(37): warning:  #1295-D: Deprecated declaration event_remove - give arg types
functions.h(42): warning:  #1295-D: Deprecated declaration getCurrentPhysicalTime - give arg types
functions.h(43): warning:  #1295-D: Deprecated declaration disableInterrupt - give arg types
functions.h(44): warning:  #1295-D: Deprecated declaration enableInterrupt - give arg types
functions.h(45): warning:  #1295-D: Deprecated declaration die - give arg types
SimplePtidesOS.c(213): warning:  #223-D: function "malloc" declared implicitly
SimplePtidesOS.c(427): warning:  #223-D: function "free" declared implicitly
SimplePtidesOS.c(631): warning:  #513-D: a value of type "void (*)(Actor *)" cannot be assigned to an entity of type "void (*)(Actor *, Event *)"
SimplePtidesOS.c(619): warning:  #550-D: variable "model_delay3" was set but never used
linking...
Program Size: Code=3152 RO-data=32 RW-data=64 ZI-data=512  
".\Obj\Blinky.axf" - 0 Error(s), 9 Warning(s).
Build target 'Simulator'
compiling SimplePtidesOS.c...
functions.h(37): warning:  #1295-D: Deprecated declaration event_remove - give arg types
functions.h(42): warning:  #1295-D: Deprecated declaration getCurrentPhysicalTime - give arg types
functions.h(43): warning:  #1295-D: Deprecated declaration disableInterrupt - give arg types
functions.h(44): warning:  #1295-D: Deprecated declaration enableInterrupt - give arg types
functions.h(45): warning:  #1295-D: Deprecated declaration die - give arg types
SimplePtidesOS.c(213): warning:  #223-D: function "malloc" declared implicitly
SimplePtidesOS.c(427): warning:  #223-D: function "free" declared implicitly
SimplePtidesOS.c(631): warning:  #513-D: a value of type "void (*)(Actor *)" cannot be assigned to an entity of type "void (*)(Actor *, Event *)"
SimplePtidesOS.c(619): warning:  #550-D: variable "model_delay3" was set but never used
linking...
Program Size: Code=3152 RO-data=32 RW-data=64 ZI-data=512  
".\Obj\Blinky.axf" - 0 Error(s), 9 Warning(s).
Build target 'Simulator'
linking...
Program Size: Code=3152 RO-data=32 RW-data=64 ZI-data=512  
".\Obj\Blinky.axf" - 0 Error(s), 0 Warning(s).
Build target 'Simulator'
compiling SimplePtidesOS.c...
functions.h(37): warning:  #1295-D: Deprecated declaration event_remove - give arg types
functions.h(42): warning:  #1295-D: Deprecated declaration getCurrentPhysicalTime - give arg types
functions.h(43): warning:  #1295-D: Deprecated declaration disableInterrupt - give arg types
functions.h(44): warning:  #1295-D: Deprecated declaration enableInterrupt - give arg types
functions.h(45): warning:  #1295-D: Deprecated declaration die - give arg types
SimplePtidesOS.c(213): warning:  #223-D: function "malloc" declared implicitly
SimplePtidesOS.c(427): warning:  #223-D: function "free" declared implicitly
SimplePtidesOS.c(631): warning:  #513-D: a value of type "void (*)(Actor *)" cannot be assigned to an entity of type "void (*)(Actor *, Event *)"
SimplePtidesOS.c(619): warning:  #550-D: variable "model_delay3" was set but never used
linking...
Program Size: Code=3152 RO-data=32 RW-data=64 ZI-data=512  
".\Obj\Blinky.axf" - 0 Error(s), 9 Warning(s).
Build target 'Simulator'
linking...
Program Size: Code=3152 RO-data=32 RW-data=64 ZI-data=512  
".\Obj\Blinky.axf" - 0 Error(s), 0 Warning(s).
Build target 'Simulator'
compiling SimplePtidesOS.c...
functions.h(37): warning:  #1295-D: Deprecated declaration event_remove - give arg types
functions.h(42): warning:  #1295-D: Deprecated declaration getCurrentPhysicalTime - give arg types
functions.h(43): warning:  #1295-D: Deprecated declaration disableInterrupt - give arg types
functions.h(44): warning:  #1295-D: Deprecated declaration enableInterrupt - give arg types
functions.h(45): warning:  #1295-D: Deprecated declaration die - give arg types
SimplePtidesOS.c(213): warning:  #223-D: function "malloc" declared implicitly
SimplePtidesOS.c(427): warning:  #223-D: function "free" declared implicitly
SimplePtidesOS.c(631): warning:  #513-D: a value of type "void (*)(Actor *)" cannot be assigned to an entity of type "void (*)(Actor *, Event *)"
SimplePtidesOS.c(619): warning:  #550-D: variable "model_delay3" was set but never used
linking...
Program Size: Code=3152 RO-data=32 RW-data=64 ZI-data=512  
".\Obj\Blinky.axf" - 0 Error(s), 9 Warning(s).
Build target 'Simulator'
compiling SimplePtidesOS.c...
functions.h(37): warning:  #1295-D: Deprecated declaration event_remove - give arg types
functions.h(42): warning:  #1295-D: Deprecated declaration getCurrentPhysicalTime - give arg types
functions.h(43): warning:  #1295-D: Deprecated declaration disableInterrupt - give arg types
functions.h(44): warning:  #1295-D: Deprecated declaration enableInterrupt - give arg types
functions.h(45): warning:  #1295-D: Deprecated declaration die - give arg types
SimplePtidesOS.c(34): error:  #20: identifier "Event_Link" is undefined
SimplePtidesOS.c(211): error:  #20: identifier "Event_Link" is undefined
SimplePtidesOS.c(211): error:  #20: identifier "compare_event" is undefined
SimplePtidesOS.c(212): error:  #20: identifier "before_event" is undefined
SimplePtidesOS.c(213): error:  #20: identifier "tmp" is undefined
SimplePtidesOS.c(213): error:  #29: expected an expression
SimplePtidesOS.c(213): error:  #65: expected a ";"
SimplePtidesOS.c(255): error:  #132: expression must have pointer-to-struct-or-union type
SimplePtidesOS.c(270): error:  #132: expression must have pointer-to-struct-or-union type
SimplePtidesOS.c(274): error:  #132: expression must have pointer-to-struct-or-union type
SimplePtidesOS.c(418): error:  #132: expression must have pointer-to-struct-or-union type
SimplePtidesOS.c(427): warning:  #223-D: function "free" declared implicitly
SimplePtidesOS.c(631): warning:  #513-D: a value of type "void (*)(Actor *)" cannot be assigned to an entity of type "void (*)(Actor *, Event *)"
SimplePtidesOS.c(619): warning:  #550-D: variable "model_delay3" was set but never used
Target not created
Build target 'Simulator'
compiling SimplePtidesOS.c...
functions.h(37): warning:  #1295-D: Deprecated declaration event_remove - give arg types
functions.h(42): warning:  #1295-D: Deprecated declaration getCurrentPhysicalTime - give arg types
functions.h(43): warning:  #1295-D: Deprecated declaration disableInterrupt - give arg types
functions.h(44): warning:  #1295-D: Deprecated declaration enableInterrupt - give arg types
functions.h(45): warning:  #1295-D: Deprecated declaration die - give arg types
SimplePtidesOS.c(213): warning:  #223-D: function "malloc" declared implicitly
SimplePtidesOS.c(213): error:  #20: identifier "Event_Link" is undefined
SimplePtidesOS.c(219): error:  #136: struct "Event" has no field "thisEvent"
SimplePtidesOS.c(221): error:  #136: struct "Event" has no field "thisEvent"
SimplePtidesOS.c(222): error:  #136: struct "Event" has no field "thisEvent"
SimplePtidesOS.c(226): error:  #136: struct "Event" has no field "next"
SimplePtidesOS.c(227): error:  #136: struct "Event" has no field "next"
SimplePtidesOS.c(231): error:  #136: struct "Event" has no field "next"
SimplePtidesOS.c(232): error:  #136: struct "Event" has no field "thisEvent"
SimplePtidesOS.c(237): error:  #136: struct "Event" has no field "next"
SimplePtidesOS.c(255): error:  #136: struct "Event" has no field "next"
SimplePtidesOS.c(270): error:  #136: struct "Event" has no field "thisEvent"
SimplePtidesOS.c(274): error:  #136: struct "Event" has no field "thisEvent"
SimplePtidesOS.c(418): error:  #136: struct "Event" has no field "thisEvent"
SimplePtidesOS.c(427): warning:  #223-D: function "free" declared implicitly
SimplePtidesOS.c(631): warning:  #513-D: a value of type "void (*)(Actor *)" cannot be assigned to an entity of type "void (*)(Actor *, Event *)"
SimplePtidesOS.c(619): warning:  #550-D: variable "model_delay3" was set but never used
Target not created
Build target 'Simulator'
compiling SimplePtidesOS.c...
functions.h(37): warning:  #1295-D: Deprecated declaration event_remove - give arg types
functions.h(42): warning:  #1295-D: Deprecated declaration getCurrentPhysicalTime - give arg types
functions.h(43): warning:  #1295-D: Deprecated declaration disableInterrupt - give arg types
functions.h(44): warning:  #1295-D: Deprecated declaration enableInterrupt - give arg types
functions.h(45): warning:  #1295-D: Deprecated declaration die - give arg types
SimplePtidesOS.c(213): warning:  #223-D: function "malloc" declared implicitly
SimplePtidesOS.c(213): error:  #20: identifier "Event_Link" is undefined
SimplePtidesOS.c(232): error:  #136: struct "Event" has no field "thisEvent"
SimplePtidesOS.c(270): error:  #136: struct "Event" has no field "thisEvent"
SimplePtidesOS.c(274): error:  #136: struct "Event" has no field "thisEvent"
SimplePtidesOS.c(418): error:  #136: struct "Event" has no field "thisEvent"
SimplePtidesOS.c(427): warning:  #223-D: function "free" declared implicitly
SimplePtidesOS.c(631): warning:  #513-D: a value of type "void (*)(Actor *)" cannot be assigned to an entity of type "void (*)(Actor *, Event *)"
SimplePtidesOS.c(619): warning:  #550-D: variable "model_delay3" was set but never used
Target not created
Build target 'Simulator'
compiling SimplePtidesOS.c...
functions.h(37): warning:  #1295-D: Deprecated declaration event_remove - give arg types
functions.h(42): warning:  #1295-D: Deprecated declaration getCurrentPhysicalTime - give arg types
functions.h(43): warning:  #1295-D: Deprecated declaration disableInterrupt - give arg types
functions.h(44): warning:  #1295-D: Deprecated declaration enableInterrupt - give arg types
functions.h(45): warning:  #1295-D: Deprecated declaration die - give arg types
SimplePtidesOS.c(213): warning:  #223-D: function "malloc" declared implicitly
SimplePtidesOS.c(213): error:  #20: identifier "Event_Link" is undefined
SimplePtidesOS.c(273): error:  #136: struct "Event" has no field "thisEvent"
SimplePtidesOS.c(426): warning:  #223-D: function "free" declared implicitly
SimplePtidesOS.c(630): warning:  #513-D: a value of type "void (*)(Actor *)" cannot be assigned to an entity of type "void (*)(Actor *, Event *)"
SimplePtidesOS.c(618): warning:  #550-D: variable "model_delay3" was set but never used
Target not created
Build target 'Simulator'
compiling SimplePtidesOS.c...
functions.h(37): warning:  #1295-D: Deprecated declaration event_remove - give arg types
functions.h(42): warning:  #1295-D: Deprecated declaration getCurrentPhysicalTime - give arg types
functions.h(43): warning:  #1295-D: Deprecated declaration disableInterrupt - give arg types
[...]
SimplePtidesOS.c(108): error:  #167: argument of type "Event *" is incompatible with parameter of type "Event"
SimplePtidesOS.c(115): error:  #167: argument of type "Event *" is incompatible with parameter of type "Event"
SimplePtidesOS.c(135): warning:  #223-D: function "malloc" declared implicitly
SimplePtidesOS.c(149): error:  #167: argument of type "Event *" is incompatible with parameter of type "Event"
SimplePtidesOS.c(157): error:  #167: argument of type "Event *" is incompatible with parameter of type "Event"
SimplePtidesOS.c(170): error:  #29: expected an expression
SimplePtidesOS.c(172): error:  #268: declaration may not appear after executable statement in block
SimplePtidesOS.c(184): warning:  #223-D: function "malloc" declared implicitly
SimplePtidesOS.c(186): error:  #167: argument of type "Event *" is incompatible with parameter of type "Event"
SimplePtidesOS.c(215): warning:  #223-D: function "malloc" declared implicitly
SimplePtidesOS.c(428): warning:  #223-D: function "free" declared implicitly
SimplePtidesOS.c(632): warning:  #513-D: a value of type "void (*)(Actor *)" cannot be assigned to an entity of type "void (*)(Actor *, Event *)"
SimplePtidesOS.c(620): warning:  #550-D: variable "model_delay3" was set but never used
Target not created
Build target 'Simulator'
compiling SimplePtidesOS.c...
functions.h(37): warning:  #1295-D: Deprecated declaration event_remove - give arg types
functions.h(42): warning:  #1295-D: Deprecated declaration getCurrentPhysicalTime - give arg types
functions.h(43): warning:  #1295-D: Deprecated declaration disableInterrupt - give arg types
functions.h(44): warning:  #1295-D: Deprecated declaration enableInterrupt - give arg types
functions.h(45): warning:  #1295-D: Deprecated declaration die - give arg types
SimplePtidesOS.c(93): warning:  #223-D: function "malloc" declared implicitly
SimplePtidesOS.c(108): error:  #167: argument of type "Event *" is incompatible with parameter of type "Event"
SimplePtidesOS.c(115): error:  #167: argument of type "Event *" is incompatible with parameter of type "Event"
SimplePtidesOS.c(135): warning:  #223-D: function "malloc" declared implicitly
SimplePtidesOS.c(149): error:  #167: argument of type "Event *" is incompatible with parameter of type "Event"
SimplePtidesOS.c(157): error:  #167: argument of type "Event *" is incompatible with parameter of type "Event"
SimplePtidesOS.c(171): error:  #29: expected an expression
SimplePtidesOS.c(184): warning:  #223-D: function "malloc" declared implicitly
SimplePtidesOS.c(186): error:  #167: argument of type "Event *" is incompatible with parameter of type "Event"
SimplePtidesOS.c(215): warning:  #223-D: function "malloc" declared implicitly
SimplePtidesOS.c(428): warning:  #223-D: function "free" declared implicitly
SimplePtidesOS.c(632): warning:  #513-D: a value of type "void (*)(Actor *)" cannot be assigned to an entity of type "void (*)(Actor *, Event *)"
SimplePtidesOS.c(620): warning:  #550-D: variable "model_delay3" was set but never used
Target not created
Build target 'Simulator'
compiling SimplePtidesOS.c...
functions.h(37): warning:  #1295-D: Deprecated declaration event_remove - give arg types
functions.h(42): warning:  #1295-D: Deprecated declaration getCurrentPhysicalTime - give arg types
functions.h(43): warning:  #1295-D: Deprecated declaration disableInterrupt - give arg types
functions.h(44): warning:  #1295-D: Deprecated declaration enableInterrupt - give arg types
functions.h(45): warning:  #1295-D: Deprecated declaration die - give arg types
SimplePtidesOS.c(93): warning:  #223-D: function "malloc" declared implicitly
SimplePtidesOS.c(108): error:  #167: argument of type "Event *" is incompatible with parameter of type "Event"
SimplePtidesOS.c(115): error:  #167: argument of type "Event *" is incompatible with parameter of type "Event"
SimplePtidesOS.c(135): warning:  #223-D: function "malloc" declared implicitly
SimplePtidesOS.c(149): error:  #167: argument of type "Event *" is incompatible with parameter of type "Event"
SimplePtidesOS.c(157): error:  #167: argument of type "Event *" is incompatible with parameter of type "Event"
SimplePtidesOS.c(171): warning:  #223-D: function "malloc" declared implicitly
SimplePtidesOS.c(186): error:  #167: argument of type "Event *" is incompatible with parameter of type "Event"
SimplePtidesOS.c(215): warning:  #223-D: function "malloc" declared implicitly
SimplePtidesOS.c(428): warning:  #223-D: function "free" declared implicitly
SimplePtidesOS.c(632): warning:  #513-D: a value of type "void (*)(Actor *)" cannot be assigned to an entity of type "void (*)(Actor *, Event *)"
SimplePtidesOS.c(620): warning:  #550-D: variable "model_delay3" was set but never used
Target not created
Build target 'Simulator'
compiling SimplePtidesOS.c...
functions.h(37): warning:  #1295-D: Deprecated declaration event_remove - give arg types
functions.h(42): warning:  #1295-D: Deprecated declaration getCurrentPhysicalTime - give arg types
functions.h(43): warning:  #1295-D: Deprecated declaration disableInterrupt - give arg types
functions.h(44): warning:  #1295-D: Deprecated declaration enableInterrupt - give arg types
functions.h(45): warning:  #1295-D: Deprecated declaration die - give arg types
SimplePtidesOS.c(93): warning:  #223-D: function "malloc" declared implicitly
SimplePtidesOS.c(108): error:  #167: argument of type "Event *" is incompatible with parameter of type "Event"
SimplePtidesOS.c(115): error:  #167: argument of type "Event *" is incompatible with parameter of type "Event"
SimplePtidesOS.c(135): warning:  #223-D: function "malloc" declared implicitly
SimplePtidesOS.c(149): error:  #167: argument of type "Event *" is incompatible with parameter of type "Event"
SimplePtidesOS.c(157): error:  #167: argument of type "Event *" is incompatible with parameter of type "Event"
SimplePtidesOS.c(171): warning:  #223-D: function "malloc" declared implicitly
SimplePtidesOS.c(181): error:  #167: argument of type "Event *" is incompatible with parameter of type "Event"
SimplePtidesOS.c(187): error:  #167: argument of type "Event *" is incompatible with parameter of type "Event"
SimplePtidesOS.c(216): warning:  #223-D: function "malloc" declared implicitly
SimplePtidesOS.c(429): warning:  #223-D: function "free" declared implicitly
SimplePtidesOS.c(633): warning:  #513-D: a value of type "void (*)(Actor *)" cannot be assigned to an entity of type "void (*)(Actor *, Event *)"
SimplePtidesOS.c(621): warning:  #550-D: variable "model_delay3" was set but never used
Target not created
Build target 'Simulator'
compiling SimplePtidesOS.c...
functions.h(37): warning:  #1295-D: Deprecated declaration event_remove - give arg types
functions.h(42): warning:  #1295-D: Deprecated declaration getCurrentPhysicalTime - give arg types
functions.h(43): warning:  #1295-D: Deprecated declaration disableInterrupt - give arg types
functions.h(44): warning:  #1295-D: Deprecated declaration enableInterrupt - give arg types
functions.h(45): warning:  #1295-D: Deprecated declaration die - give arg types
SimplePtidesOS.c(93): warning:  #223-D: function "malloc" declared implicitly
SimplePtidesOS.c(108): error:  #167: argument of type "Event *" is incompatible with parameter of type "Event"
SimplePtidesOS.c(115): error:  #167: argument of type "Event *" is incompatible with parameter of type "Event"
SimplePtidesOS.c(135): warning:  #223-D: function "malloc" declared implicitly
SimplePtidesOS.c(149): error:  #167: argument of type "Event *" is incompatible with parameter of type "Event"
SimplePtidesOS.c(157): error:  #167: argument of type "Event *" is incompatible with parameter of type "Event"
SimplePtidesOS.c(171): warning:  #223-D: function "malloc" declared implicitly
SimplePtidesOS.c(181): error:  #167: argument of type "Event *" is incompatible with parameter of type "Event"
SimplePtidesOS.c(187): error:  #167: argument of type "Event *" is incompatible with parameter of type "Event"
SimplePtidesOS.c(216): warning:  #223-D: function "malloc" declared implicitly
SimplePtidesOS.c(429): warning:  #223-D: function "free" declared implicitly
SimplePtidesOS.c(447): error:  #165: too few arguments in function call
SimplePtidesOS.c(478): error:  #165: too few arguments in function call
SimplePtidesOS.c(621): warning:  #550-D: variable "model_delay3" was set but never used
Target not created
Build target 'Simulator'
compiling SimplePtidesOS.c...
functions.h(37): warning:  #1295-D: Deprecated declaration event_remove - give arg types
functions.h(42): warning:  #1295-D: Deprecated declaration getCurrentPhysicalTime - give arg types
functions.h(43): warning:  #1295-D: Deprecated declaration disableInterrupt - give arg types
functions.h(44): warning:  #1295-D: Deprecated declaration enableInterrupt - give arg types
functions.h(45): warning:  #1295-D: Deprecated declaration die - give arg types
SimplePtidesOS.c(93): warning:  #223-D: function "malloc" declared implicitly
SimplePtidesOS.c(108): error:  #167: argument of type "Event *" is incompatible with parameter of type "Event"
SimplePtidesOS.c(115): error:  #167: argument of type "Event *" is incompatible with parameter of type "Event"
SimplePtidesOS.c(135): warning:  #223-D: function "malloc" declared implicitly
SimplePtidesOS.c(149): error:  #167: argument of type "Event *" is incompatible with parameter of type "Event"
SimplePtidesOS.c(157): error:  #167: argument of type "Event *" is incompatible with parameter of type "Event"
SimplePtidesOS.c(171): warning:  #223-D: function "malloc" declared implicitly
SimplePtidesOS.c(181): error:  #167: argument of type "Event *" is incompatible with parameter of type "Event"
SimplePtidesOS.c(187): error:  #167: argument of type "Event *" is incompatible with parameter of type "Event"
SimplePtidesOS.c(216): warning:  #223-D: function "malloc" declared implicitly
SimplePtidesOS.c(429): warning:  #223-D: function "free" declared implicitly
SimplePtidesOS.c(624): warning:  #550-D: variable "model_delay3" was set but never used
Target not created
Build target 'Simulator'
compiling SimplePtidesOS.c...
functions.h(37): warning:  #1295-D: Deprecated declaration event_remove - give arg types
functions.h(42): warning:  #1295-D: Deprecated declaration getCurrentPhysicalTime - give arg types
functions.h(43): warning:  #1295-D: Deprecated declaration disableInterrupt - give arg types
functions.h(44): warning:  #1295-D: Deprecated declaration enableInterrupt - give arg types
functions.h(45): warning:  #1295-D: Deprecated declaration die - give arg types
SimplePtidesOS.c(93): warning:  #223-D: function "malloc" declared implicitly
SimplePtidesOS.c(108): error:  #167: argument of type "Event *" is incompatible with parameter of type "Event"
SimplePtidesOS.c(115): error:  #167: argument of type "Event *" is incompatible with parameter of type "Event"
SimplePtidesOS.c(135): warning:  #223-D: function "malloc" declared implicitly
SimplePtidesOS.c(149): error:  #167: argument of type "Event *" is incompatible with parameter of type "Event"
SimplePtidesOS.c(157): error:  #167: argument of type "Event *" is incompatible with parameter of type "Event"
SimplePtidesOS.c(171): warning:  #223-D: function "malloc" declared implicitly
SimplePtidesOS.c(181): error:  #167: argument of type "Event *" is incompatible with parameter of type "Event"
SimplePtidesOS.c(187): error:  #167: argument of type "Event *" is incompatible with parameter of type "Event"
SimplePtidesOS.c(208): error:  #147-D: declaration is incompatible with "void event_add(Event)" (declared at line 36 of "functions.h")
SimplePtidesOS.c(211): error:  #154: expression must have struct or union type
SimplePtidesOS.c(342): error:  #167: argument of type "Event" is incompatible with parameter of type "Event *"
SimplePtidesOS.c(400): error:  #167: argument of type "Event" is incompatible with parameter of type "Event *"
SimplePtidesOS.c(402): error:  #167: argument of type "Event" is incompatible with parameter of type "Event *"
SimplePtidesOS.c(428): warning:  #223-D: function "free" declared implicitly
SimplePtidesOS.c(508): error:  #167: argument of type "Event" is incompatible with parameter of type "Event *"
SimplePtidesOS.c(514): error:  #167: argument of type "Event" is incompatible with parameter of type "Event *"
SimplePtidesOS.c(623): warning:  #550-D: variable "model_delay3" was set but never used
Target not created
Build target 'Simulator'
compiling SimplePtidesOS.c...
functions.h(37): warning:  #1295-D: Deprecated declaration event_remove - give arg types
functions.h(42): warning:  #1295-D: Deprecated declaration getCurrentPhysicalTime - give arg types
functions.h(43): warning:  #1295-D: Deprecated declaration disableInterrupt - give arg types
functions.h(44): warning:  #1295-D: Deprecated declaration enableInterrupt - give arg types
functions.h(45): warning:  #1295-D: Deprecated declaration die - give arg types
SimplePtidesOS.c(93): warning:  #223-D: function "malloc" declared implicitly
SimplePtidesOS.c(135): warning:  #223-D: function "malloc" declared implicitly
SimplePtidesOS.c(171): warning:  #223-D: function "malloc" declared implicitly
SimplePtidesOS.c(211): error:  #154: expression must have struct or union type
SimplePtidesOS.c(342): error:  #167: argument of type "Event" is incompatible with parameter of type "Event *"
SimplePtidesOS.c(400): error:  #167: argument of type "Event" is incompatible with parameter of type "Event *"
SimplePtidesOS.c(402): error:  #167: argument of type "Event" is incompatible with parameter of type "Event *"
SimplePtidesOS.c(428): warning:  #223-D: function "free" declared implicitly
SimplePtidesOS.c(508): error:  #167: argument of type "Event" is incompatible with parameter of type "Event *"
SimplePtidesOS.c(514): error:  #167: argument of type "Event" is incompatible with parameter of type "Event *"
SimplePtidesOS.c(623): warning:  #550-D: variable "model_delay3" was set but never used
Target not created
Build target 'Simulator'
compiling SimplePtidesOS.c...
functions.h(37): warning:  #1295-D: Deprecated declaration event_remove - give arg types
functions.h(42): warning:  #1295-D: Deprecated declaration getCurrentPhysicalTime - give arg types
functions.h(43): warning:  #1295-D: Deprecated declaration disableInterrupt - give arg types
functions.h(44): warning:  #1295-D: Deprecated declaration enableInterrupt - give arg types
functions.h(45): warning:  #1295-D: Deprecated declaration die - give arg types
SimplePtidesOS.c(93): warning:  #223-D: function "malloc" declared implicitly
SimplePtidesOS.c(135): warning:  #223-D: function "malloc" declared implicitly
SimplePtidesOS.c(171): warning:  #223-D: function "malloc" declared implicitly
SimplePtidesOS.c(334): warning:  #223-D: function "malloc" declared implicitly
SimplePtidesOS.c(403): error:  #167: argument of type "Event" is incompatible with parameter of type "Event *"
SimplePtidesOS.c(405): error:  #167: argument of type "Event" is incompatible with parameter of type "Event *"
SimplePtidesOS.c(431): warning:  #223-D: function "free" declared implicitly
SimplePtidesOS.c(511): error:  #167: argument of type "Event" is incompatible with parameter of type "Event *"
SimplePtidesOS.c(517): error:  #167: argument of type "Event" is incompatible with parameter of type "Event *"
SimplePtidesOS.c(626): warning:  #550-D: variable "model_delay3" was set but never used
Target not created
Build target 'Simulator'
compiling SimplePtidesOS.c...
functions.h(37): warning:  #1295-D: Deprecated declaration event_remove - give arg types
functions.h(42): warning:  #1295-D: Deprecated declaration getCurrentPhysicalTime - give arg types
functions.h(43): warning:  #1295-D: Deprecated declaration disableInterrupt - give arg types
functions.h(44): warning:  #1295-D: Deprecated declaration enableInterrupt - give arg types
functions.h(45): warning:  #1295-D: Deprecated declaration die - give arg types
SimplePtidesOS.c(93): warning:  #223-D: function "malloc" declared implicitly
SimplePtidesOS.c(113): error:  #20: identifier "new_event" is undefined
SimplePtidesOS.c(135): warning:  #223-D: function "malloc" declared implicitly
SimplePtidesOS.c(172): warning:  #223-D: function "malloc" declared implicitly
SimplePtidesOS.c(336): warning:  #223-D: function "malloc" declared implicitly
SimplePtidesOS.c(394): warning:  #223-D: function "malloc" declared implicitly
SimplePtidesOS.c(404): error:  #144: a value of type "Event *" cannot be used to initialize an entity of type "Event"
SimplePtidesOS.c(405): error:  #75: operand of "*" must be a pointer
SimplePtidesOS.c(406): error:  #44: expression must have pointer type
SimplePtidesOS.c(407): error:  #167: argument of type "Event" is incompatible with parameter of type "Event *"
SimplePtidesOS.c(434): warning:  #223-D: function "free" declared implicitly
SimplePtidesOS.c(500): error:  #65: expected a ";"
SimplePtidesOS.c(506): error:  #20: identifier "newEvent" is undefined
SimplePtidesOS.c(518): warning:  #223-D: function "malloc" declared implicitly
SimplePtidesOS.c(630): warning:  #550-D: variable "model_delay3" was set but never used
Target not created
Build target 'Simulator'
compiling SimplePtidesOS.c...
functions.h(37): warning:  #1295-D: Deprecated declaration event_remove - give arg types
functions.h(42): warning:  #1295-D: Deprecated declaration getCurrentPhysicalTime - give arg types
functions.h(43): warning:  #1295-D: Deprecated declaration disableInterrupt - give arg types
functions.h(44): warning:  #1295-D: Deprecated declaration enableInterrupt - give arg types
functions.h(45): warning:  #1295-D: Deprecated declaration die - give arg types
SimplePtidesOS.c(93): warning:  #223-D: function "malloc" declared implicitly
SimplePtidesOS.c(135): warning:  #223-D: function "malloc" declared implicitly
SimplePtidesOS.c(172): warning:  #223-D: function "malloc" declared implicitly
SimplePtidesOS.c(336): warning:  #223-D: function "malloc" declared implicitly
SimplePtidesOS.c(394): warning:  #223-D: function "malloc" declared implicitly
SimplePtidesOS.c(434): warning:  #223-D: function "free" declared implicitly
SimplePtidesOS.c(500): error:  #65: expected a ";"
SimplePtidesOS.c(506): error:  #20: identifier "newEvent" is undefined
SimplePtidesOS.c(518): warning:  #223-D: function "malloc" declared implicitly
SimplePtidesOS.c(630): warning:  #550-D: variable "model_delay3" was set but never used
Target not created
Build target 'Simulator'
compiling SimplePtidesOS.c...
functions.h(37): warning:  #1295-D: Deprecated declaration event_remove - give arg types
functions.h(42): warning:  #1295-D: Deprecated declaration getCurrentPhysicalTime - give arg types
functions.h(43): warning:  #1295-D: Deprecated declaration disableInterrupt - give arg types
functions.h(44): warning:  #1295-D: Deprecated declaration enableInterrupt - give arg types
functions.h(45): warning:  #1295-D: Deprecated declaration die - give arg types
SimplePtidesOS.c(93): warning:  #223-D: function "malloc" declared implicitly
SimplePtidesOS.c(135): warning:  #223-D: function "malloc" declared implicitly
SimplePtidesOS.c(172): warning:  #223-D: function "malloc" declared implicitly
SimplePtidesOS.c(336): warning:  #223-D: function "malloc" declared implicitly
SimplePtidesOS.c(394): warning:  #223-D: function "malloc" declared implicitly
SimplePtidesOS.c(434): warning:  #223-D: function "free" declared implicitly
SimplePtidesOS.c(500): warning:  #223-D: function "malloc" declared implicitly
SimplePtidesOS.c(630): warning:  #550-D: variable "model_delay3" was set but never used
linking...
Program Size: Code=3140 RO-data=32 RW-data=64 ZI-data=512  
".\Obj\Blinky.axf" - 0 Error(s), 13 Warning(s).
