ARM Linker, RVCT3.1 [Build 934] for uVision [Standard]

================================================================================

Image component sizes


      Code (inc. data)   RO Data    RW Data    ZI Data      Debug   Object Name

       504         66          0         24          0      19647   blockq.o
       784         42          0         32          0       3125   blocktim.o
       264         50          0         16          0       3022   death.o
       560         78          0         24       7460       6073   emac.o
       964         82          0         32          0       3794   genqtest.o
       220         14          0         20      24004       3327   heap_2.o
         0          0        456          0          0       2225   http-strings.o
       788        142        395         68         32       7333   httpd-cgi.o
       156         18       4472          0         12       4188   httpd-fs.o
      1550        118          0          0          0       7373   httpd.o
       116         22          0          4          0       2544   integer.o
       140          0          0          0          0       2677   list.o
       780        282       3230         12         25       6085   main.o
       776         80        571         25          0       5692   osram128x64x4.o
        72         14          0          0          0       1228   partest.o
       276         42          0         12          0       2361   pollq.o
       318         34          0          4          0       3571   port.o
       656         46          0          0          0       6820   psock.o
       752        112          0         24          0       3557   qpeek.o
       940          0          0          0          0       7878   queue.o
       820         76        571         28          0       6140   rit128x96x4.o
       424         46          0         18          0       3088   semtest.o
       276        256          0          0       2048        476   startup_rvmdk.o
      2438        234          0         76        252      21321   tasks.o
        50          0          0          0          0       2638   timer.o
        52         14          0         12          0        777   timertest.o
      2938        102          0         54       8284      16070   uip.o
       896         92          6          8         96       4429   uip_arp.o
       664         80          0          0         32      20216   uip_task.o

    ------------------------------------------------------------------------
     19196       2142       9743        500      42248     177676   Object Totals
         0          0         32          0          0          0   (incl. Generated)
        22          0         10          7          3          1   (incl. Padding)

    ------------------------------------------------------------------------

      Code (inc. data)   RO Data    RW Data    ZI Data      Debug   Library Member Name

        56          6          0          0          0          0   __0snprintf.o
        44          6          0          0          0          0   __0sprintf.o
        58          0          0          0          0          0   __dczerorl.o
         8          0          0          0          0          0   __main.o
       744          4         17          0          0          0   __printf.o
        52          8          0          0          0          0   __scatter.o
        28          0          0          0          0          0   __scatter_zi.o
        52         10          0          0          0          0   _printf_char_common.o
       120         18          0          0          0          0   _printf_dec.o
        10          0          0          0          0          0   _printf_input_char.o
       162          0          0          0          0          0   _printf_intcommon.o
        26          0          0          0          0          0   _printf_outstr_char.o
        76          0          0          0          0          0   _printf_pad.o
        88          0          0          0          0          0   _printf_str.o
        16          0          0          0          0          0   _snputc.o
        10          0          0          0          0          0   _sputc.o
        16          0          0          0          0          0   aeabi_memset.o
        10          0          0          0          0          0   boardinit2.o
         8          0          0          0          0          0   boardinit3.o
         0          0          0          0          0         18   cpu_keil.o
       188          4          0          0          0       7676   ethernet.o
        12          0          0          0          0          0   exit.o
        56          6          0          0          0        572   flash.o
        14          0          0          0          0          0   fpinit.o
       254          0          0          0          0       3573   gpio.o
       132          6         92          0          0       1821   interrupt.o
        62          0          0          0          0          0   kernel.o
       196          0          0          0          0          0   lib_init.o
         8          4          0          0         96          0   libspace.o
         2          0          0          0          0          0   no_argv.o
        12          6          0          0          0          0   rt_fp_status_addr_intlibspace.o
        12          6          0          0          0          0   rt_locale_intlibspace.o
        68          0          0          0          0          0   rt_memclr.o
        78          0          0          0          0          0   rt_memclr_w.o
       140          0          0          0          0          0   rt_memcpy_v6.o
       106          0          0          0          0          0   rt_memcpy_w.o
        12          6          0          0          0          0   rt_stackheap_storage_intlibspace.o
        16          0          0          0          0          0   rtudiv10.o
       122          0          0          0          0       3120   ssi.o
        38          0          0          0          0          0   stkheap2.o
        26          0          0          0          0          0   strcat.o
        24          0          0          0          0          0   strchr.o
        74          0          0          0          0          0   strcpy.o
        68          0          0          0          0          0   strlen.o
        72          0          0          0          0          0   strncmp.o
        86          0          0          0          0          0   strncpy.o
        22          0          0          0          0          0   strrchr.o
        36          0          0          0          0          0   strstr.o
        20         10          0          0          0          0   sys_exit.o
        74          0          0          0          0          0   sys_stackheap_outer.o
       488         54        128          0          0       4388   sysctl.o
         4          0          0          0          0        460   timer.o
         2          0          0          0          0          0   use_no_semi.o

    ------------------------------------------------------------------------
      4124        154        237          0        100      21628   Library Totals
        16          0          0          0          4          0   (incl. Padding)

    ------------------------------------------------------------------------

      Code (inc. data)   RO Data    RW Data    ZI Data      Debug   Library Name

      2850         84         17          0         96          0   c_w.l
      1244         70        220          0          0      21628   driverlib.lib
        14          0          0          0          0          0   fz_ws.l

    ------------------------------------------------------------------------
      4124        154        237          0        100      21628   Library Totals

    ------------------------------------------------------------------------

================================================================================


      Code (inc. data)   RO Data    RW Data    ZI Data      Debug   

     23320       2296       9980        500      42348     199304   Grand Totals
     23320       2296       9980         64      42348     199304   ELF Image Totals (compressed)
     23320       2296       9980         64          0          0   ROM Totals

================================================================================

    Total RO  Size (Code + RO Data)                33300 (  32.52kB)
    Total RW  Size (RW Data + ZI Data)             42848 (  41.84kB)
    Total ROM Size (Code + RO Data + RW Data)      33364 (  32.58kB)

================================================================================

