ARM Linker, RVCT3.1 [Build 934] for uVision [Standard]

================================================================================

Section Cross References

    startup.o(RESET) refers to startup.o(STACK) for __initial_sp
    startup.o(RESET) refers to startup.o(.text) for Reset_Handler
    startup.o(.text) refers to entry.o($$startup$$) for __main
    simpleptidesos.o(.text) refers to printf2.o(i.__0printf_2) for __1printf
    simpleptidesos.o(.text) refers to malloc.o(i.free) for free
    simpleptidesos.o(.text) refers to perror.o(.text) for perror
    simpleptidesos.o(.text) refers to malloc.o(i.malloc) for malloc
    simpleptidesos.o(.text) refers to memcpya.o(.text) for __aeabi_memcpy4
    simpleptidesos.o(.text) refers to dadd.o(.text) for __aeabi_dadd
    simpleptidesos.o(.text) refers to simpleptidesos.o(.data) for EVENT_QUEUE_HEAD
    simpleptidesos.o(.text) refers to simpleptidesos.o(.constdata) for .constdata
    simpleptidesos.o(.text) refers to dflt.o(.text) for __aeabi_i2d
    simpleptidesos.o(.text) refers to printf2.o(i.__0fprintf_2) for __1fprintf
    simpleptidesos.o(.text) refers to stderr.o(.data) for __stderr
    simpleptidesos.o(.text) refers (Special) to stubs.o(c$$printf_stubs) for _printf_percent
    simpleptidesos.o(.data) refers (Special) to stubs.o(c$$printf_stubs) for _printf_percent
    simpleptidesos.o(.constdata) refers (Special) to stubs.o(c$$printf_stubs) for _printf_percent
    rit128x96x4.o(.text) refers to gpio.o(i.GPIOPinWrite) for GPIOPinWrite
    rit128x96x4.o(.text) refers to ssi.o(i.SSIDataPut) for SSIDataPut
    rit128x96x4.o(.text) refers to ssi.o(i.SSIDataGet) for SSIDataGet
    rit128x96x4.o(.text) refers to ssi.o(i.SSIDisable) for SSIDisable
    rit128x96x4.o(.text) refers to sysctl.o(i.SysCtlClockGet) for SysCtlClockGet
    rit128x96x4.o(.text) refers to ssi.o(i.SSIConfigSetExpClk) for SSIConfigSetExpClk
    rit128x96x4.o(.text) refers to gpio.o(i.GPIOPinTypeSSI) for GPIOPinTypeSSI
    rit128x96x4.o(.text) refers to gpio.o(i.GPIOPadConfigSet) for GPIOPadConfigSet
    rit128x96x4.o(.text) refers to ssi.o(i.SSIEnable) for SSIEnable
    rit128x96x4.o(.text) refers to ssi.o(i.SSIDataGetNonBlocking) for SSIDataGetNonBlocking
    rit128x96x4.o(.text) refers to gpio.o(i.GPIOPinTypeGPIOOutput) for GPIOPinTypeGPIOOutput
    rit128x96x4.o(.text) refers to sysctl.o(i.SysCtlPeripheralEnable) for SysCtlPeripheralEnable
    rit128x96x4.o(.text) refers to rit128x96x4.o(.data) for .data
    rit128x96x4.o(.text) refers to rit128x96x4.o(.constdata) for .constdata
    gpio.o(i.GPIOPortIntRegister) refers to gpio.o(i.GPIOGetIntNumber) for GPIOGetIntNumber
    gpio.o(i.GPIOPortIntRegister) refers to interrupt.o(i.IntRegister) for IntRegister
    gpio.o(i.GPIOPortIntRegister) refers to interrupt.o(i.IntEnable) for IntEnable
    gpio.o(i.GPIOPortIntUnregister) refers to gpio.o(i.GPIOGetIntNumber) for GPIOGetIntNumber
    gpio.o(i.GPIOPortIntUnregister) refers to interrupt.o(i.IntDisable) for IntDisable
    gpio.o(i.GPIOPortIntUnregister) refers to interrupt.o(i.IntUnregister) for IntUnregister
    gpio.o(i.GPIOPinTypeADC) refers to gpio.o(i.GPIODirModeSet) for GPIODirModeSet
    gpio.o(i.GPIOPinTypeADC) refers to gpio.o(i.GPIOPadConfigSet) for GPIOPadConfigSet
    gpio.o(i.GPIOPinTypeCAN) refers to gpio.o(i.GPIODirModeSet) for GPIODirModeSet
    gpio.o(i.GPIOPinTypeCAN) refers to gpio.o(i.GPIOPadConfigSet) for GPIOPadConfigSet
    gpio.o(i.GPIOPinTypeComparator) refers to gpio.o(i.GPIODirModeSet) for GPIODirModeSet
    gpio.o(i.GPIOPinTypeComparator) refers to gpio.o(i.GPIOPadConfigSet) for GPIOPadConfigSet
    gpio.o(i.GPIOPinTypeGPIOInput) refers to gpio.o(i.GPIODirModeSet) for GPIODirModeSet
    gpio.o(i.GPIOPinTypeGPIOInput) refers to gpio.o(i.GPIOPadConfigSet) for GPIOPadConfigSet
    gpio.o(i.GPIOPinTypeGPIOOutput) refers to gpio.o(i.GPIODirModeSet) for GPIODirModeSet
    gpio.o(i.GPIOPinTypeGPIOOutput) refers to gpio.o(i.GPIOPadConfigSet) for GPIOPadConfigSet
    gpio.o(i.GPIOPinTypeGPIOOutputOD) refers to gpio.o(i.GPIODirModeSet) for GPIODirModeSet
    gpio.o(i.GPIOPinTypeGPIOOutputOD) refers to gpio.o(i.GPIOPadConfigSet) for GPIOPadConfigSet
    gpio.o(i.GPIOPinTypeI2C) refers to gpio.o(i.GPIODirModeSet) for GPIODirModeSet
    gpio.o(i.GPIOPinTypeI2C) refers to gpio.o(i.GPIOPadConfigSet) for GPIOPadConfigSet
    gpio.o(i.GPIOPinTypePWM) refers to gpio.o(i.GPIODirModeSet) for GPIODirModeSet
    gpio.o(i.GPIOPinTypePWM) refers to gpio.o(i.GPIOPadConfigSet) for GPIOPadConfigSet
    gpio.o(i.GPIOPinTypeQEI) refers to gpio.o(i.GPIODirModeSet) for GPIODirModeSet
    gpio.o(i.GPIOPinTypeQEI) refers to gpio.o(i.GPIOPadConfigSet) for GPIOPadConfigSet
    gpio.o(i.GPIOPinTypeSSI) refers to gpio.o(i.GPIODirModeSet) for GPIODirModeSet
    gpio.o(i.GPIOPinTypeSSI) refers to gpio.o(i.GPIOPadConfigSet) for GPIOPadConfigSet
    gpio.o(i.GPIOPinTypeTimer) refers to gpio.o(i.GPIODirModeSet) for GPIODirModeSet
    gpio.o(i.GPIOPinTypeTimer) refers to gpio.o(i.GPIOPadConfigSet) for GPIOPadConfigSet
    gpio.o(i.GPIOPinTypeUART) refers to gpio.o(i.GPIODirModeSet) for GPIODirModeSet
    gpio.o(i.GPIOPinTypeUART) refers to gpio.o(i.GPIOPadConfigSet) for GPIOPadConfigSet
    gpio.o(i.GPIOPinTypeUSBDigital) refers to gpio.o(i.GPIODirModeSet) for GPIODirModeSet
    gpio.o(i.GPIOPinTypeUSBDigital) refers to gpio.o(i.GPIOPadConfigSet) for GPIOPadConfigSet
    ssi.o(i.SSIIntRegister) refers to interrupt.o(i.IntRegister) for IntRegister
    ssi.o(i.SSIIntRegister) refers to interrupt.o(i.IntEnable) for IntEnable
    ssi.o(i.SSIIntUnregister) refers to interrupt.o(i.IntDisable) for IntDisable
    ssi.o(i.SSIIntUnregister) refers to interrupt.o(i.IntUnregister) for IntUnregister
    sysctl.o(i.SysCtlPeripheralPresent) refers to sysctl.o(.constdata) for .constdata
    sysctl.o(i.SysCtlPeripheralReset) refers to sysctl.o(.constdata) for .constdata
    sysctl.o(i.SysCtlPeripheralEnable) refers to sysctl.o(.constdata) for .constdata
    sysctl.o(i.SysCtlPeripheralDisable) refers to sysctl.o(.constdata) for .constdata
    sysctl.o(i.SysCtlPeripheralSleepEnable) refers to sysctl.o(.constdata) for .constdata
    sysctl.o(i.SysCtlPeripheralSleepDisable) refers to sysctl.o(.constdata) for .constdata
    sysctl.o(i.SysCtlPeripheralDeepSleepEnable) refers to sysctl.o(.constdata) for .constdata
    sysctl.o(i.SysCtlPeripheralDeepSleepDisable) refers to sysctl.o(.constdata) for .constdata
    sysctl.o(i.SysCtlIntRegister) refers to interrupt.o(i.IntRegister) for IntRegister
    sysctl.o(i.SysCtlIntRegister) refers to interrupt.o(i.IntEnable) for IntEnable
    sysctl.o(i.SysCtlIntUnregister) refers to interrupt.o(i.IntDisable) for IntDisable
    sysctl.o(i.SysCtlIntUnregister) refers to interrupt.o(i.IntUnregister) for IntUnregister
    sysctl.o(i.SysCtlSleep) refers to cpu.o(.text) for CPUwfi
    sysctl.o(i.SysCtlDeepSleep) refers to cpu.o(.text) for CPUwfi
    sysctl.o(i.SysCtlClockSet) refers to sysctl.o(.emb_text) for SysCtlDelay
    sysctl.o(i.SysCtlClockGet) refers to sysctl.o(.constdata) for .constdata
    interrupt.o(i.IntMasterEnable) refers to cpu.o(.text) for CPUcpsie
    interrupt.o(i.IntMasterDisable) refers to cpu.o(.text) for CPUcpsid
    interrupt.o(i.IntRegister) refers to interrupt.o(vtable) for vtable
    interrupt.o(i.IntUnregister) refers to interrupt.o(i.IntDefaultHandler) for IntDefaultHandler
    interrupt.o(i.IntUnregister) refers to interrupt.o(vtable) for vtable
    interrupt.o(i.IntPriorityGroupingSet) refers to interrupt.o(.constdata) for .constdata
    interrupt.o(i.IntPriorityGroupingGet) refers to interrupt.o(.constdata) for .constdata
    interrupt.o(i.IntPrioritySet) refers to interrupt.o(.constdata) for .constdata
    interrupt.o(i.IntPriorityGet) refers to interrupt.o(.constdata) for .constdata
    entry.o($$startup$$) refers to init.o(.text) for __init
    entry.o($$startup$$) refers to startup.o(STACK) for __initial_sp
    entry.o(__vectab_stack_and_reset_area) refers to startup.o(STACK) for __initial_sp
    entry.o(__vectab_stack_and_reset_area) refers to entry.o($$startup$$) for __main
    perror.o(.text) refers to fputs.o(.text) for fputs
    perror.o(.text) refers to errno.o(i.__aeabi_errno_addr) for __aeabi_errno_addr
    perror.o(.text) refers to strerror.o(.text) for strerror
    perror.o(.text) refers to stderr.o(.data) for __stderr
    printfb.o(i.__0fprintf_bare) refers to printfb.o(i._printf_core) for _printf_core
    printfb.o(i.__0fprintf_bare) refers to fputc.o(.text) for fputc
    printfb.o(i.__0vfprintf_bare) refers to printfb.o(i._printf_core) for _printf_core
    printfb.o(i.__0vfprintf_bare) refers to fputc.o(.text) for fputc
    printfb.o(i.__0printf_bare) refers to printfb.o(i._printf_core) for _printf_core
    printfb.o(i.__0printf_bare) refers to fputc.o(.text) for fputc
    printfb.o(i.__0printf_bare) refers to stdout.o(.data) for __stdout
    printfb.o(i.__0vprintf_bare) refers to printfb.o(i._printf_core) for _printf_core
    printfb.o(i.__0vprintf_bare) refers to fputc.o(.text) for fputc
    printfb.o(i.__0vprintf_bare) refers to stdout.o(.data) for __stdout
    printfb.o(i.__0sprintf_bare) refers to printfb.o(i._printf_core) for _printf_core
    printfb.o(i.__0sprintf_bare) refers to printfb.o(i._sputc) for _sputc
    printfb.o(i.__0vsprintf_bare) refers to printfb.o(i._printf_core) for _printf_core
    printfb.o(i.__0vsprintf_bare) refers to printfb.o(i._sputc) for _sputc
    printf0.o(i.__0fprintf_0) refers to printf0.o(i._printf_core) for _printf_core
    printf0.o(i.__0fprintf_0) refers to fputc.o(.text) for fputc
    printf0.o(i.__0vfprintf_0) refers to printf0.o(i._printf_core) for _printf_core
    printf0.o(i.__0vfprintf_0) refers to fputc.o(.text) for fputc
    printf0.o(i.__0printf_0) refers to printf0.o(i._printf_core) for _printf_core
    printf0.o(i.__0printf_0) refers to fputc.o(.text) for fputc
    printf0.o(i.__0printf_0) refers to stdout.o(.data) for __stdout
    printf0.o(i.__0vprintf_0) refers to printf0.o(i._printf_core) for _printf_core
    printf0.o(i.__0vprintf_0) refers to fputc.o(.text) for fputc
    printf0.o(i.__0vprintf_0) refers to stdout.o(.data) for __stdout
    printf0.o(i.__0sprintf_0) refers to printf0.o(i._printf_core) for _printf_core
    printf0.o(i.__0sprintf_0) refers to printf0.o(i._sputc) for _sputc
    printf0.o(i.__0vsprintf_0) refers to printf0.o(i._printf_core) for _printf_core
    printf0.o(i.__0vsprintf_0) refers to printf0.o(i._sputc) for _sputc
    printf1.o(i._printf_core) refers to uidiv.o(.text) for __aeabi_uidivmod
    printf1.o(i.__0fprintf_1) refers to printf1.o(i._printf_core) for _printf_core
    printf1.o(i.__0fprintf_1) refers to fputc.o(.text) for fputc
    printf1.o(i.__0vfprintf_1) refers to printf1.o(i._printf_core) for _printf_core
    printf1.o(i.__0vfprintf_1) refers to fputc.o(.text) for fputc
    printf1.o(i.__0printf_1) refers to printf1.o(i._printf_core) for _printf_core
    printf1.o(i.__0printf_1) refers to fputc.o(.text) for fputc
    printf1.o(i.__0printf_1) refers to stdout.o(.data) for __stdout
    printf1.o(i.__0vprintf_1) refers to printf1.o(i._printf_core) for _printf_core
    printf1.o(i.__0vprintf_1) refers to fputc.o(.text) for fputc
    printf1.o(i.__0vprintf_1) refers to stdout.o(.data) for __stdout
    printf1.o(i.__0sprintf_1) refers to printf1.o(i._printf_core) for _printf_core
    printf1.o(i.__0sprintf_1) refers to printf1.o(i._sputc) for _sputc
    printf1.o(i.__0vsprintf_1) refers to printf1.o(i._printf_core) for _printf_core
    printf1.o(i.__0vsprintf_1) refers to printf1.o(i._sputc) for _sputc
    printf2.o(i.__0fprintf_2) refers to printf2.o(i._printf_core) for _printf_core
    printf2.o(i.__0fprintf_2) refers to fputc.o(.text) for fputc
    printf2.o(i.__0vfprintf_2) refers to printf2.o(i._printf_core) for _printf_core
    printf2.o(i.__0vfprintf_2) refers to fputc.o(.text) for fputc
    printf2.o(i.__0printf_2) refers to printf2.o(i._printf_core) for _printf_core
    printf2.o(i.__0printf_2) refers to fputc.o(.text) for fputc
    printf2.o(i.__0printf_2) refers to stdout.o(.data) for __stdout
    printf2.o(i.__0vprintf_2) refers to printf2.o(i._printf_core) for _printf_core
    printf2.o(i.__0vprintf_2) refers to fputc.o(.text) for fputc
    printf2.o(i.__0vprintf_2) refers to stdout.o(.data) for __stdout
    printf2.o(i.__0sprintf_2) refers to printf2.o(i._printf_core) for _printf_core
    printf2.o(i.__0sprintf_2) refers to printf2.o(i._sputc) for _sputc
    printf2.o(i.__0vsprintf_2) refers to printf2.o(i._printf_core) for _printf_core
    printf2.o(i.__0vsprintf_2) refers to printf2.o(i._sputc) for _sputc
    printf3.o(i._printf_core) refers to uidiv.o(.text) for __aeabi_uidivmod
    printf3.o(i.__0fprintf_3) refers to printf3.o(i._printf_core) for _printf_core
    printf3.o(i.__0fprintf_3) refers to fputc.o(.text) for fputc
    printf3.o(i.__0vfprintf_3) refers to printf3.o(i._printf_core) for _printf_core
    printf3.o(i.__0vfprintf_3) refers to fputc.o(.text) for fputc
    printf3.o(i.__0printf_3) refers to printf3.o(i._printf_core) for _printf_core
    printf3.o(i.__0printf_3) refers to fputc.o(.text) for fputc
    printf3.o(i.__0printf_3) refers to stdout.o(.data) for __stdout
    printf3.o(i.__0vprintf_3) refers to printf3.o(i._printf_core) for _printf_core
    printf3.o(i.__0vprintf_3) refers to fputc.o(.text) for fputc
    printf3.o(i.__0vprintf_3) refers to stdout.o(.data) for __stdout
    printf3.o(i.__0sprintf_3) refers to printf3.o(i._printf_core) for _printf_core
    printf3.o(i.__0sprintf_3) refers to printf3.o(i._sputc) for _sputc
    printf3.o(i.__0vsprintf_3) refers to printf3.o(i._printf_core) for _printf_core
    printf3.o(i.__0vsprintf_3) refers to printf3.o(i._sputc) for _sputc
    printf4.o(i._printf_core) refers to uldiv.o(.text) for __aeabi_uldivmod
    printf4.o(i.__0fprintf_4) refers to printf4.o(i._printf_core) for _printf_core
    printf4.o(i.__0fprintf_4) refers to fputc.o(.text) for fputc
    printf4.o(i.__0vfprintf_4) refers to printf4.o(i._printf_core) for _printf_core
    printf4.o(i.__0vfprintf_4) refers to fputc.o(.text) for fputc
    printf4.o(i.__0printf_4) refers to printf4.o(i._printf_core) for _printf_core
    printf4.o(i.__0printf_4) refers to fputc.o(.text) for fputc
    printf4.o(i.__0printf_4) refers to stdout.o(.data) for __stdout
    printf4.o(i.__0vprintf_4) refers to printf4.o(i._printf_core) for _printf_core
    printf4.o(i.__0vprintf_4) refers to fputc.o(.text) for fputc
    printf4.o(i.__0vprintf_4) refers to stdout.o(.data) for __stdout
    printf4.o(i.__0sprintf_4) refers to printf4.o(i._printf_core) for _printf_core
    printf4.o(i.__0sprintf_4) refers to printf4.o(i._sputc) for _sputc
    printf4.o(i.__0vsprintf_4) refers to printf4.o(i._printf_core) for _printf_core
    printf4.o(i.__0vsprintf_4) refers to printf4.o(i._sputc) for _sputc
    printf5.o(i._printf_core) refers to uldiv.o(.text) for __aeabi_uldivmod
    printf5.o(i.__0fprintf_5) refers to printf5.o(i._printf_core) for _printf_core
    printf5.o(i.__0fprintf_5) refers to fputc.o(.text) for fputc
    printf5.o(i.__0vfprintf_5) refers to printf5.o(i._printf_core) for _printf_core
    printf5.o(i.__0vfprintf_5) refers to fputc.o(.text) for fputc
    printf5.o(i.__0printf_5) refers to printf5.o(i._printf_core) for _printf_core
    printf5.o(i.__0printf_5) refers to fputc.o(.text) for fputc
    printf5.o(i.__0printf_5) refers to stdout.o(.data) for __stdout
    printf5.o(i.__0vprintf_5) refers to printf5.o(i._printf_core) for _printf_core
    printf5.o(i.__0vprintf_5) refers to fputc.o(.text) for fputc
    printf5.o(i.__0vprintf_5) refers to stdout.o(.data) for __stdout
    printf5.o(i.__0sprintf_5) refers to printf5.o(i._printf_core) for _printf_core
    printf5.o(i.__0sprintf_5) refers to printf5.o(i._sputc) for _sputc
    printf5.o(i.__0vsprintf_5) refers to printf5.o(i._printf_core) for _printf_core
    printf5.o(i.__0vsprintf_5) refers to printf5.o(i._sputc) for _sputc
    printf6.o(i._printf_core) refers to printf6.o(i._printf_pre_padding) for _printf_pre_padding
    printf6.o(i._printf_core) refers to uidiv.o(.text) for __aeabi_uidivmod
    printf6.o(i._printf_core) refers to printf6.o(i._printf_post_padding) for _printf_post_padding
    printf6.o(i.__0fprintf_6) refers to printf6.o(i._printf_core) for _printf_core
    printf6.o(i.__0fprintf_6) refers to fputc.o(.text) for fputc
    printf6.o(i.__0vfprintf_6) refers to printf6.o(i._printf_core) for _printf_core
    printf6.o(i.__0vfprintf_6) refers to fputc.o(.text) for fputc
    printf6.o(i.__0printf_6) refers to printf6.o(i._printf_core) for _printf_core
    printf6.o(i.__0printf_6) refers to fputc.o(.text) for fputc
    printf6.o(i.__0printf_6) refers to stdout.o(.data) for __stdout
    printf6.o(i.__0vprintf_6) refers to printf6.o(i._printf_core) for _printf_core
    printf6.o(i.__0vprintf_6) refers to fputc.o(.text) for fputc
    printf6.o(i.__0vprintf_6) refers to stdout.o(.data) for __stdout
    printf6.o(i.__0sprintf_6) refers to printf6.o(i._printf_core) for _printf_core
    printf6.o(i.__0sprintf_6) refers to printf6.o(i._sputc) for _sputc
    printf6.o(i.__0vsprintf_6) refers to printf6.o(i._printf_core) for _printf_core
    printf6.o(i.__0vsprintf_6) refers to printf6.o(i._sputc) for _sputc
    printf7.o(i._printf_core) refers to printf7.o(i._printf_pre_padding) for _printf_pre_padding
    printf7.o(i._printf_core) refers to uldiv.o(.text) for __aeabi_uldivmod
    printf7.o(i._printf_core) refers to printf7.o(i._printf_post_padding) for _printf_post_padding
    printf7.o(i.__0fprintf_7) refers to printf7.o(i._printf_core) for _printf_core
    printf7.o(i.__0fprintf_7) refers to fputc.o(.text) for fputc
    printf7.o(i.__0vfprintf_7) refers to printf7.o(i._printf_core) for _printf_core
    printf7.o(i.__0vfprintf_7) refers to fputc.o(.text) for fputc
    printf7.o(i.__0printf_7) refers to printf7.o(i._printf_core) for _printf_core
    printf7.o(i.__0printf_7) refers to fputc.o(.text) for fputc
    printf7.o(i.__0printf_7) refers to stdout.o(.data) for __stdout
    printf7.o(i.__0vprintf_7) refers to printf7.o(i._printf_core) for _printf_core
    printf7.o(i.__0vprintf_7) refers to fputc.o(.text) for fputc
    printf7.o(i.__0vprintf_7) refers to stdout.o(.data) for __stdout
    printf7.o(i.__0sprintf_7) refers to printf7.o(i._printf_core) for _printf_core
    printf7.o(i.__0sprintf_7) refers to printf7.o(i._sputc) for _sputc
    printf7.o(i.__0vsprintf_7) refers to printf7.o(i._printf_core) for _printf_core
    printf7.o(i.__0vsprintf_7) refers to printf7.o(i._sputc) for _sputc
    printf8.o(i._printf_core) refers to printf8.o(i._printf_pre_padding) for _printf_pre_padding
    printf8.o(i._printf_core) refers to uldiv.o(.text) for __aeabi_uldivmod
    printf8.o(i._printf_core) refers to printf8.o(i._printf_post_padding) for _printf_post_padding
    printf8.o(i.__0fprintf_8) refers to printf8.o(i._printf_core) for _printf_core
    printf8.o(i.__0fprintf_8) refers to fputc.o(.text) for fputc
    printf8.o(i.__0vfprintf_8) refers to printf8.o(i._printf_core) for _printf_core
    printf8.o(i.__0vfprintf_8) refers to fputc.o(.text) for fputc
    printf8.o(i.__0printf_8) refers to printf8.o(i._printf_core) for _printf_core
    printf8.o(i.__0printf_8) refers to fputc.o(.text) for fputc
    printf8.o(i.__0printf_8) refers to stdout.o(.data) for __stdout
    printf8.o(i.__0vprintf_8) refers to printf8.o(i._printf_core) for _printf_core
    printf8.o(i.__0vprintf_8) refers to fputc.o(.text) for fputc
    printf8.o(i.__0vprintf_8) refers to stdout.o(.data) for __stdout
    printf8.o(i.__0sprintf_8) refers to printf8.o(i._printf_core) for _printf_core
    printf8.o(i.__0sprintf_8) refers to printf8.o(i._sputc) for _sputc
    printf8.o(i.__0vsprintf_8) refers to printf8.o(i._printf_core) for _printf_core
    printf8.o(i.__0vsprintf_8) refers to printf8.o(i._sputc) for _sputc
    printfa.o(i._fp_digits) refers to dmul.o(.text) for __aeabi_dmul
    printfa.o(i._fp_digits) refers to ddiv.o(.text) for __aeabi_ddiv
    printfa.o(i._fp_digits) refers to cdrcmple.o(.text) for __aeabi_cdrcmple
    printfa.o(i._fp_digits) refers to dadd.o(.text) for __aeabi_dadd
    printfa.o(i._fp_digits) refers to dfixull.o(.text) for __aeabi_d2ulz
    printfa.o(i._fp_digits) refers to uldiv.o(.text) for __aeabi_uldivmod
    printfa.o(i._fp_digits) refers (Special) to iusefp.o(.text) for __I_use_fp
    printfa.o(i._printf_core) refers to printfa.o(i._printf_pre_padding) for _printf_pre_padding
    printfa.o(i._printf_core) refers to uldiv.o(.text) for __aeabi_uldivmod
    printfa.o(i._printf_core) refers to printfa.o(i._printf_post_padding) for _printf_post_padding
    printfa.o(i._printf_core) refers to printfa.o(i._fp_digits) for _fp_digits
    printfa.o(i._printf_core) refers to uidiv.o(.text) for __aeabi_uidivmod
    printfa.o(i._printf_core) refers (Special) to iusefp.o(.text) for __I_use_fp
    printfa.o(i.__0fprintf) refers to printfa.o(i._printf_core) for _printf_core
    printfa.o(i.__0fprintf) refers to fputc.o(.text) for fputc
    printfa.o(i.__0fprintf) refers (Special) to iusefp.o(.text) for __I_use_fp
    printfa.o(i.__0vfprintf) refers to printfa.o(i._printf_core) for _printf_core
    printfa.o(i.__0vfprintf) refers to fputc.o(.text) for fputc
    printfa.o(i.__0vfprintf) refers (Special) to iusefp.o(.text) for __I_use_fp
    printfa.o(i.__0printf) refers to printfa.o(i._printf_core) for _printf_core
    printfa.o(i.__0printf) refers to fputc.o(.text) for fputc
    printfa.o(i.__0printf) refers to stdout.o(.data) for __stdout
    printfa.o(i.__0printf) refers (Special) to iusefp.o(.text) for __I_use_fp
    printfa.o(i.__0vprintf) refers to printfa.o(i._printf_core) for _printf_core
    printfa.o(i.__0vprintf) refers to fputc.o(.text) for fputc
    printfa.o(i.__0vprintf) refers to stdout.o(.data) for __stdout
    printfa.o(i.__0vprintf) refers (Special) to iusefp.o(.text) for __I_use_fp
    printfa.o(i.__0sprintf) refers to printfa.o(i._printf_core) for _printf_core
    printfa.o(i.__0sprintf) refers to printfa.o(i._sputc) for _sputc
    printfa.o(i.__0sprintf) refers (Special) to iusefp.o(.text) for __I_use_fp
    printfa.o(i.__0vsprintf) refers to printfa.o(i._printf_core) for _printf_core
    printfa.o(i.__0vsprintf) refers to printfa.o(i._sputc) for _sputc
    printfa.o(i.__0vsprintf) refers (Special) to iusefp.o(.text) for __I_use_fp
    printfa.o(i._printf_pre_padding) refers (Special) to iusefp.o(.text) for __I_use_fp
    printfa.o(i._printf_post_padding) refers (Special) to iusefp.o(.text) for __I_use_fp
    printfa.o(i._sputc) refers (Special) to iusefp.o(.text) for __I_use_fp
    malloc.o(i.malloc) refers to mvars.o(.data) for __microlib_freelist_initialised
    malloc.o(i.malloc) refers to mvars.o(.data) for __microlib_freelist
    malloc.o(i.malloc) refers to startup.o(HEAP) for __heap_base
    malloc.o(i.free) refers to mvars.o(.data) for __microlib_freelist
    dadd.o(.text) refers to llushr.o(.text) for __aeabi_llsr
    dadd.o(.text) refers to llshl.o(.text) for __aeabi_llsl
    dadd.o(.text) refers to depilogue.o(.text) for _double_epilogue
    dadd.o(.text) refers (Special) to iusefp.o(.text) for __I_use_fp
    dflt.o(.text) refers to depilogue.o(.text) for _double_epilogue
    dflt.o(.text) refers (Special) to iusefp.o(.text) for __I_use_fp
    init.o(.text) refers to init.o(.emb_text) for __call_main
    init.o(.text) refers to simpleptidesos.o(.text) for main
    fputs.o(.text) refers to fputc.o(.text) for fputc
    fputs_e.o(.text) refers to fputc.o(.text) for fputc
    fputc.o(.text) refers (Special) to iusesemip.o(.text) for __I_use_semihosting_fputc
    uldiv.o(.text) refers to llushr.o(.text) for __aeabi_llsr
    uldiv.o(.text) refers to llshl.o(.text) for __aeabi_llsl
    errno.o(i.__aeabi_errno_addr) refers to errno.o(.data) for .data
    errno.o(i.__set_errno) refers to errno.o(.data) for .data
    errno.o(i.__read_errno) refers to errno.o(.data) for .data
    depilogue.o(.text) refers (Special) to iusefp.o(.text) for __I_use_fp
    dmul.o(.text) refers to depilogue.o(.text) for _double_epilogue
    dmul.o(.text) refers (Special) to iusefp.o(.text) for __I_use_fp
    ddiv.o(.text) refers to depilogue.o(.text) for _double_epilogue
    ddiv.o(.text) refers (Special) to iusefp.o(.text) for __I_use_fp
    dfixull.o(.text) refers to llushr.o(.text) for __aeabi_llsr
    dfixull.o(.text) refers to llshl.o(.text) for __aeabi_llsl
    dfixull.o(.text) refers (Special) to iusefp.o(.text) for __I_use_fp
    cdrcmple.o(.text) refers (Special) to iusefp.o(.text) for __I_use_fp


================================================================================

Removing Unused input sections from the image.

    Removing rit128x96x4.o(.text), (924 bytes).
    Removing rit128x96x4.o(.data), (9 bytes).
    Removing rit128x96x4.o(.constdata), (571 bytes).
    Removing gpio.o(i.GPIODirModeSet), (40 bytes).
    Removing gpio.o(i.GPIODirModeGet), (34 bytes).
    Removing gpio.o(i.GPIOIntTypeSet), (58 bytes).
    Removing gpio.o(i.GPIOIntTypeGet), (48 bytes).
    Removing gpio.o(i.GPIOPadConfigSet), (176 bytes).
    Removing gpio.o(i.GPIOPadConfigGet), (140 bytes).
    Removing gpio.o(i.GPIOPinIntEnable), (12 bytes).
    Removing gpio.o(i.GPIOPinIntDisable), (14 bytes).
    Removing gpio.o(i.GPIOPinIntStatus), (14 bytes).
    Removing gpio.o(i.GPIOPinIntClear), (6 bytes).
    Removing gpio.o(i.GPIOPortIntRegister), (26 bytes).
    Removing gpio.o(i.GPIOPortIntUnregister), (22 bytes).
    Removing gpio.o(i.GPIOPinRead), (6 bytes).
    Removing gpio.o(i.GPIOPinWrite), (6 bytes).
    Removing gpio.o(i.GPIOPinTypeADC), (28 bytes).
    Removing gpio.o(i.GPIOPinTypeCAN), (28 bytes).
    Removing gpio.o(i.GPIOPinTypeComparator), (28 bytes).
    Removing gpio.o(i.GPIOPinTypeGPIOInput), (28 bytes).
    Removing gpio.o(i.GPIOPinTypeGPIOOutput), (28 bytes).
    Removing gpio.o(i.GPIOPinTypeGPIOOutputOD), (28 bytes).
    Removing gpio.o(i.GPIOPinTypeI2C), (28 bytes).
    Removing gpio.o(i.GPIOPinTypePWM), (28 bytes).
    Removing gpio.o(i.GPIOPinTypeQEI), (28 bytes).
    Removing gpio.o(i.GPIOPinTypeSSI), (28 bytes).
    Removing gpio.o(i.GPIOPinTypeTimer), (28 bytes).
    Removing gpio.o(i.GPIOPinTypeUART), (28 bytes).
    Removing gpio.o(i.GPIOPinTypeUSBDigital), (28 bytes).
    Removing gpio.o(i.GPIOGetIntNumber), (164 bytes).
    Removing ssi.o(i.SSIConfigSetExpClk), (74 bytes).
    Removing ssi.o(i.SSIEnable), (10 bytes).
    Removing ssi.o(i.SSIDisable), (10 bytes).
    Removing ssi.o(i.SSIIntRegister), (32 bytes).
    Removing ssi.o(i.SSIIntUnregister), (32 bytes).
    Removing ssi.o(i.SSIIntEnable), (8 bytes).
    Removing ssi.o(i.SSIIntDisable), (10 bytes).
    Removing ssi.o(i.SSIIntStatus), (10 bytes).
    Removing ssi.o(i.SSIIntClear), (4 bytes).
    Removing ssi.o(i.SSIDataPut), (12 bytes).
    Removing ssi.o(i.SSIDataPutNonBlocking), (16 bytes).
    Removing ssi.o(i.SSIDataGet), (14 bytes).
    Removing ssi.o(i.SSIDataGetNonBlocking), (18 bytes).
    Removing ssi.o(i.SSIDMAEnable), (8 bytes).
    Removing ssi.o(i.SSIDMADisable), (10 bytes).
    Removing sysctl.o(.emb_text), (6 bytes).
    Removing sysctl.o(i.SysCtlSRAMSizeGet), (20 bytes).
    Removing sysctl.o(i.SysCtlFlashSizeGet), (20 bytes).
    Removing sysctl.o(i.SysCtlPinPresent), (16 bytes).
    Removing sysctl.o(i.SysCtlPeripheralPresent), (32 bytes).
    Removing sysctl.o(i.SysCtlPeripheralReset), (56 bytes).
    Removing sysctl.o(i.SysCtlPeripheralEnable), (32 bytes).
    Removing sysctl.o(i.SysCtlPeripheralDisable), (32 bytes).
    Removing sysctl.o(i.SysCtlPeripheralSleepEnable), (32 bytes).
    Removing sysctl.o(i.SysCtlPeripheralSleepDisable), (32 bytes).
    Removing sysctl.o(i.SysCtlPeripheralDeepSleepEnable), (32 bytes).
    Removing sysctl.o(i.SysCtlPeripheralDeepSleepDisable), (32 bytes).
    Removing sysctl.o(i.SysCtlPeripheralClockGating), (24 bytes).
    Removing sysctl.o(i.SysCtlIntRegister), (20 bytes).
    Removing sysctl.o(i.SysCtlIntUnregister), (18 bytes).
    Removing sysctl.o(i.SysCtlIntEnable), (16 bytes).
    Removing sysctl.o(i.SysCtlIntDisable), (16 bytes).
    Removing sysctl.o(i.SysCtlIntClear), (12 bytes).
    Removing sysctl.o(i.SysCtlIntStatus), (16 bytes).
    Removing sysctl.o(i.SysCtlLDOSet), (12 bytes).
    Removing sysctl.o(i.SysCtlLDOGet), (12 bytes).
    Removing sysctl.o(i.SysCtlLDOConfigSet), (12 bytes).
    Removing sysctl.o(i.SysCtlReset), (16 bytes).
    Removing sysctl.o(i.SysCtlSleep), (4 bytes).
    Removing sysctl.o(i.SysCtlDeepSleep), (32 bytes).
    Removing sysctl.o(i.SysCtlResetCauseGet), (12 bytes).
    Removing sysctl.o(i.SysCtlResetCauseClear), (16 bytes).
    Removing sysctl.o(i.SysCtlBrownOutConfigSet), (16 bytes).
    Removing sysctl.o(i.SysCtlClockSet), (288 bytes).
    Removing sysctl.o(i.SysCtlClockGet), (320 bytes).
    Removing sysctl.o(i.SysCtlPWMClockSet), (20 bytes).
    Removing sysctl.o(i.SysCtlPWMClockGet), (24 bytes).
    Removing sysctl.o(i.SysCtlADCSpeedSet), (40 bytes).
    Removing sysctl.o(i.SysCtlADCSpeedGet), (16 bytes).
    Removing sysctl.o(i.SysCtlIOSCVerificationSet), (24 bytes).
    Removing sysctl.o(i.SysCtlMOSCVerificationSet), (24 bytes).
    Removing sysctl.o(i.SysCtlPLLVerificationSet), (24 bytes).
    Removing sysctl.o(i.SysCtlClkVerificationClear), (16 bytes).
    Removing sysctl.o(i.SysCtlGPIOAHBEnable), (16 bytes).
    Removing sysctl.o(i.SysCtlGPIOAHBDisable), (20 bytes).
    Removing sysctl.o(i.SysCtlUSBPLLEnable), (16 bytes).
    Removing sysctl.o(i.SysCtlUSBPLLDisable), (16 bytes).
    Removing sysctl.o(.constdata), (156 bytes).
    Removing cpu.o(.text), (20 bytes).
    Removing interrupt.o(i.IntDefaultHandler), (2 bytes).
    Removing interrupt.o(i.IntMasterEnable), (10 bytes).
    Removing interrupt.o(i.IntMasterDisable), (10 bytes).
    Removing interrupt.o(i.IntRegister), (52 bytes).
    Removing interrupt.o(i.IntUnregister), (20 bytes).
    Removing interrupt.o(i.IntPriorityGroupingSet), (28 bytes).
    Removing interrupt.o(i.IntPriorityGroupingGet), (36 bytes).
    Removing interrupt.o(i.IntPrioritySet), (40 bytes).
    Removing interrupt.o(i.IntPriorityGet), (28 bytes).
    Removing interrupt.o(i.IntEnable), (104 bytes).
    Removing interrupt.o(i.IntDisable), (104 bytes).
    Removing interrupt.o(.constdata), (96 bytes).
    Removing interrupt.o(vtable), (256 bytes).

103 unused section(s) (total 5324 bytes) removed from the image.

================================================================================

Image Symbol Table

    Local Symbols

    Symbol Name                              Value     Ov Type        Size  Object(Section)

    RESET                                    0x00000000   Section       64  startup.o(RESET)
    ../../microlib/division.c                0x00000000   Number         0  uldiv.o ABSOLUTE
    ../../microlib/division.c                0x00000000   Number         0  uidiv.o ABSOLUTE
    ../../microlib/errno.c                   0x00000000   Number         0  errno.o ABSOLUTE
    ../../microlib/fpadd.c                   0x00000000   Number         0  dadd.o ABSOLUTE
    ../../microlib/fpdiv.c                   0x00000000   Number         0  ddiv.o ABSOLUTE
    ../../microlib/fpepilogue.c              0x00000000   Number         0  depilogue.o ABSOLUTE
    ../../microlib/fpfix.c                   0x00000000   Number         0  dfixull.o ABSOLUTE
    ../../microlib/fpflt.c                   0x00000000   Number         0  dflt.o ABSOLUTE
    ../../microlib/fpmul.c                   0x00000000   Number         0  dmul.o ABSOLUTE
    ../../microlib/init/entry.s              0x00000000   Number         0  entry.o ABSOLUTE
    ../../microlib/init/handlers.c           0x00000000   Number         0  handlers.o ABSOLUTE
    ../../microlib/init/init.c               0x00000000   Number         0  init.o ABSOLUTE
    ../../microlib/longlong.c                0x00000000   Number         0  llushr.o ABSOLUTE
    ../../microlib/longlong.c                0x00000000   Number         0  llshl.o ABSOLUTE
    ../../microlib/malloc/malloc.c           0x00000000   Number         0  malloc.o ABSOLUTE
    ../../microlib/malloc/mvars.c            0x00000000   Number         0  mvars.o ABSOLUTE
    ../../microlib/printf/printf.c           0x00000000   Number         0  printfa.o ABSOLUTE
    ../../microlib/printf/printf.c           0x00000000   Number         0  printf6.o ABSOLUTE
    ../../microlib/printf/printf.c           0x00000000   Number         0  printf7.o ABSOLUTE
    ../../microlib/printf/printf.c           0x00000000   Number         0  printfb.o ABSOLUTE
    ../../microlib/printf/printf.c           0x00000000   Number         0  printf0.o ABSOLUTE
    ../../microlib/printf/printf.c           0x00000000   Number         0  printf1.o ABSOLUTE
    ../../microlib/printf/printf.c           0x00000000   Number         0  printf2.o ABSOLUTE
    ../../microlib/printf/printf.c           0x00000000   Number         0  printf8.o ABSOLUTE
    ../../microlib/printf/printf.c           0x00000000   Number         0  printf3.o ABSOLUTE
    ../../microlib/printf/printf.c           0x00000000   Number         0  printf4.o ABSOLUTE
    ../../microlib/printf/printf.c           0x00000000   Number         0  printf5.o ABSOLUTE
    ../../microlib/printf/stubs.s            0x00000000   Number         0  stubs.o ABSOLUTE
    ../../microlib/stdio/fputc.c             0x00000000   Number         0  fputc.o ABSOLUTE
    ../../microlib/stdio/fputs.c             0x00000000   Number         0  fputs.o ABSOLUTE
    ../../microlib/stdio/fputs.c             0x00000000   Number         0  fputs_e.o ABSOLUTE
    ../../microlib/stdio/perror.c            0x00000000   Number         0  perror.o ABSOLUTE
    ../../microlib/stdio/streams.c           0x00000000   Number         0  stdout.o ABSOLUTE
    ../../microlib/stdio/streams.c           0x00000000   Number         0  stderr.o ABSOLUTE
    ../../microlib/string/memcpy.c           0x00000000   Number         0  memcpya.o ABSOLUTE
    ../../microlib/string/memcpy.c           0x00000000   Number         0  memcpyb.o ABSOLUTE
    ../../microlib/string/strerror.c         0x00000000   Number         0  strerror.o ABSOLUTE
    ../../microlib/stubs.s                   0x00000000   Number         0  iusesemip.o ABSOLUTE
    ../../microlib/stubs.s                   0x00000000   Number         0  iusefp.o ABSOLUTE
    ..\rit128x96x4.c                         0x00000000   Number         0  rit128x96x4.o ABSOLUTE
    SimplePtidesOS.c                         0x00000000   Number         0  simpleptidesos.o ABSOLUTE
    Startup.s                                0x00000000   Number         0  startup.o ABSOLUTE
    cdrcmple.s                               0x00000000   Number         0  cdrcmple.o ABSOLUTE
    dc.s                                     0x00000000   Number         0  dc.o ABSOLUTE
    src\\sysctl.c                            0x00000000   Number         0  sysctl.o ABSOLUTE
    src\cpu.S                                0x00000000   Number         0  cpu.o ABSOLUTE
    src\gpio.c                               0x00000000   Number         0  gpio.o ABSOLUTE
    src\interrupt.c                          0x00000000   Number         0  interrupt.o ABSOLUTE
    src\ssi.c                                0x00000000   Number         0  ssi.o ABSOLUTE
    src\sysctl.c                             0x00000000   Number         0  sysctl.o ABSOLUTE
    $$startup$$                              0x00000040   Section       12  entry.o($$startup$$)
    .emb_text                                0x0000004c   Section        2  init.o(.emb_text)
    .text                                    0x00000050   Section       28  startup.o(.text)
    .text                                    0x0000006c   Section     2000  simpleptidesos.o(.text)
    .text                                    0x0000083c   Section       64  perror.o(.text)
    .text                                    0x0000087c   Section       36  memcpya.o(.text)
    .text                                    0x000008a0   Section      418  dadd.o(.text)
    _double_addcore                          0x000008a1   Thumb Code   274  dadd.o(.text)
    .text                                    0x00000a42   Section       36  dflt.o(.text)
    .text                                    0x00000a68   Section       44  init.o(.text)
    .text                                    0x00000a94   Section       24  fputs.o(.text)
    .text                                    0x00000aac   Section       16  fputc.o(.text)
    .text                                    0x00000abc   Section       32  llshl.o(.text)
    .text                                    0x00000adc   Section       30  llushr.o(.text)
    .text                                    0x00000afc   Section      152  strerror.o(.text)
    .text                                    0x00000b94   Section      196  depilogue.o(.text)
    .text                                    0x00000b94   Number         0  iusefp.o(.text)
    .text                                    0x00000c58   Number         0  iusesemip.o(.text)
    c$$printf_stubs                          0x00000c58   Number         0  stubs.o(c$$printf_stubs)
    i.__0fprintf_2                           0x00000c58   Section       28  printf2.o(i.__0fprintf_2)
    i.__0printf_2                            0x00000c74   Section       32  printf2.o(i.__0printf_2)
    i.__aeabi_errno_addr                     0x00000c94   Section        8  errno.o(i.__aeabi_errno_addr)
    i.__scatterload_copy                     0x00000c9c   Section       14  handlers.o(i.__scatterload_copy)
    i.__scatterload_null                     0x00000caa   Section        2  handlers.o(i.__scatterload_null)
    i.__scatterload_zeroinit                 0x00000cac   Section       14  handlers.o(i.__scatterload_zeroinit)
    i._printf_core                           0x00000cba   Section      198  printf2.o(i._printf_core)
    _printf_core                             0x00000cbb   Thumb Code   198  printf2.o(i._printf_core)
    i.free                                   0x00000d80   Section       80  malloc.o(i.free)
    i.malloc                                 0x00000dd0   Section      104  malloc.o(i.malloc)
    .constdata                               0x00000e38   Section      242  simpleptidesos.o(.constdata)
    .data                                    0x20000000   Section       44  simpleptidesos.o(.data)
    .data                                    0x2000002c   Section        4  stderr.o(.data)
    .data                                    0x20000030   Section        4  stdout.o(.data)
    .data                                    0x20000034   Section        4  mvars.o(.data)
    .data                                    0x20000038   Section        4  mvars.o(.data)
    .data                                    0x2000003c   Section        4  errno.o(.data)
    _errno                                   0x2000003c   Data           4  errno.o(.data)
    HEAP                                     0x20000040   Number         0  startup.o(HEAP)
    STACK                                    0x20000040   Section      512  startup.o(STACK)

    Global Symbols

    Symbol Name                              Value     Ov Type        Size  Object(Section)

    BuildAttributes$$THM_ISAv4$M$P$D$K$S$PE$A:L22UL41UL21$X:L11$S22US41US21$IEEE1$IW$USESV6$~STKCKD$USESV7$~SHL$OTIME$EBA8$MICROLIB$REQ8$PRES8$EABIv2 0x00000000   Number         0  anon$$obj.o ABSOLUTE
    __Vectors                                0x00000000   Data           4  startup.o(RESET)
    __decompress                              - Undefined Weak Reference
    __main                                   0x00000041   Thumb Code     8  entry.o($$startup$$)
    __call_main                              0x0000004d   Thumb Code     2  init.o(.emb_text)
    Reset_Handler                            0x00000051   Thumb Code     4  startup.o(.text)
    NMI_Handler                              0x00000055   Thumb Code     2  startup.o(.text)
    HardFault_Handler                        0x00000057   Thumb Code     2  startup.o(.text)
    MemManage_Handler                        0x00000059   Thumb Code     2  startup.o(.text)
    BusFault_Handler                         0x0000005b   Thumb Code     2  startup.o(.text)
    UsageFault_Handler                       0x0000005d   Thumb Code     2  startup.o(.text)
    SVC_Handler                              0x0000005f   Thumb Code     2  startup.o(.text)
    DebugMon_Handler                         0x00000061   Thumb Code     2  startup.o(.text)
    PendSV_Handler                           0x00000063   Thumb Code     2  startup.o(.text)
    SysTick_Handler                          0x00000065   Thumb Code     2  startup.o(.text)
    event_remove                             0x0000006d   Thumb Code    48  simpleptidesos.o(.text)
    setActuationInterrupt                    0x0000009d   Thumb Code     2  simpleptidesos.o(.text)
    getCurrentPhysicalTime                   0x0000009f   Thumb Code     4  simpleptidesos.o(.text)
    actuator_fire                            0x000000a3   Thumb Code    44  simpleptidesos.o(.text)
    die                                      0x000000cf   Thumb Code    12  simpleptidesos.o(.text)
    event_add                                0x000000db   Thumb Code   114  simpleptidesos.o(.text)
    clock_fire                               0x0000014d   Thumb Code   100  simpleptidesos.o(.text)
    clock_init                               0x000001b1   Thumb Code    96  simpleptidesos.o(.text)
    computation_fire                         0x00000211   Thumb Code    90  simpleptidesos.o(.text)
    merge_fire                               0x0000026b   Thumb Code    64  simpleptidesos.o(.text)
    model_delay_fire                         0x000002ab   Thumb Code    92  simpleptidesos.o(.text)
    fire_actor                               0x00000307   Thumb Code   194  simpleptidesos.o(.text)
    execute_event                            0x000003c9   Thumb Code    42  simpleptidesos.o(.text)
    enableInterrupt                          0x000003f3   Thumb Code     2  simpleptidesos.o(.text)
    setTimedInterrupt                        0x000003f5   Thumb Code     2  simpleptidesos.o(.text)
    safeToProcess                            0x000003f7   Thumb Code   382  simpleptidesos.o(.text)
    disableInterrupt                         0x00000575   Thumb Code     2  simpleptidesos.o(.text)
    processEvents                            0x00000577   Thumb Code   150  simpleptidesos.o(.text)
    sensor_init                              0x0000060d   Thumb Code    90  simpleptidesos.o(.text)
    main                                     0x00000667   Thumb Code   344  simpleptidesos.o(.text)
    perror                                   0x0000083d   Thumb Code    50  perror.o(.text)
    __aeabi_memcpy                           0x0000087d   Thumb Code    36  memcpya.o(.text)
    __aeabi_memcpy4                          0x0000087d   Thumb Code     0  memcpya.o(.text)
    __aeabi_memcpy8                          0x0000087d   Thumb Code     0  memcpya.o(.text)
    __aeabi_dadd                             0x000009b3   Thumb Code    48  dadd.o(.text)
    __aeabi_dsub                             0x000009e3   Thumb Code    48  dadd.o(.text)
    __aeabi_drsub                            0x00000a13   Thumb Code    48  dadd.o(.text)
    __aeabi_i2d                              0x00000a43   Thumb Code    36  dflt.o(.text)
    __init                                   0x00000a69   Thumb Code    30  init.o(.text)
    __scatterload_rt2                        0x00000a69   Thumb Code     0  init.o(.text)
    fputs                                    0x00000a95   Thumb Code    24  fputs.o(.text)
    fputc                                    0x00000aad   Thumb Code    16  fputc.o(.text)
    __aeabi_llsl                             0x00000abd   Thumb Code    32  llshl.o(.text)
    _ll_shift_l                              0x00000abd   Thumb Code     0  llshl.o(.text)
    __aeabi_llsr                             0x00000add   Thumb Code    30  llushr.o(.text)
    _ll_ushift_r                             0x00000add   Thumb Code     0  llushr.o(.text)
    strerror                                 0x00000afd   Thumb Code    26  strerror.o(.text)
    __I_use_fp                               0x00000b94   Number         0  iusefp.o(.text)
    _double_round                            0x00000b95   Thumb Code    54  depilogue.o(.text)
    _double_epilogue                         0x00000bcb   Thumb Code   138  depilogue.o(.text)
    __0fprintf_2                             0x00000c59   Thumb Code    22  printf2.o(i.__0fprintf_2)
    __1fprintf                               0x00000c59   Thumb Code     0  printf2.o(i.__0fprintf_2)
    __I_use_semihosting_fputc                0x00000c58   Number         0  iusesemip.o(.text)
    _printf_charcount                        0x00000c58   Number         0  stubs.o(c$$printf_stubs)
    _printf_fp_dec                           0x00000c58   Number         0  stubs.o(c$$printf_stubs)
    _printf_fp_hex                           0x00000c58   Number         0  stubs.o(c$$printf_stubs)
    _printf_int_dec                          0x00000c58   Number         0  stubs.o(c$$printf_stubs)
    _printf_longlong_dec                     0x00000c58   Number         0  stubs.o(c$$printf_stubs)
    _printf_longlong_hex                     0x00000c58   Number         0  stubs.o(c$$printf_stubs)
    _printf_longlong_oct                     0x00000c58   Number         0  stubs.o(c$$printf_stubs)
    _printf_mbtowc                           0x00000c58   Number         0  stubs.o(c$$printf_stubs)
    _printf_percent                          0x00000c58   Number         0  stubs.o(c$$printf_stubs)
    _printf_pre_padding                      0x00000c58   Number         0  stubs.o(c$$printf_stubs)
    _printf_return_value                     0x00000c58   Number         0  stubs.o(c$$printf_stubs)
    _printf_sizespec                         0x00000c58   Number         0  stubs.o(c$$printf_stubs)
    _printf_str                              0x00000c58   Number         0  stubs.o(c$$printf_stubs)
    _printf_truncate_signed                  0x00000c58   Number         0  stubs.o(c$$printf_stubs)
    _printf_truncate_unsigned                0x00000c58   Number         0  stubs.o(c$$printf_stubs)
    _printf_wc                               0x00000c58   Number         0  stubs.o(c$$printf_stubs)
    _printf_wctomb                           0x00000c58   Number         0  stubs.o(c$$printf_stubs)
    __0printf_2                              0x00000c75   Thumb Code    22  printf2.o(i.__0printf_2)
    __1printf                                0x00000c75   Thumb Code     0  printf2.o(i.__0printf_2)
    __aeabi_errno_addr                       0x00000c95   Thumb Code     4  errno.o(i.__aeabi_errno_addr)
    __rt_errno_addr                          0x00000c95   Thumb Code     0  errno.o(i.__aeabi_errno_addr)
    __scatterload_copy                       0x00000c9d   Thumb Code    14  handlers.o(i.__scatterload_copy)
    __scatterload_null                       0x00000cab   Thumb Code     2  handlers.o(i.__scatterload_null)
    __scatterload_zeroinit                   0x00000cad   Thumb Code    14  handlers.o(i.__scatterload_zeroinit)
    free                                     0x00000d81   Thumb Code    76  malloc.o(i.free)
    malloc                                   0x00000dd1   Thumb Code    88  malloc.o(i.malloc)
    Region$$Table$$Base                      0x00000f2c   Number         0  anon$$obj.o(Region$$Table)
    Region$$Table$$Limit                     0x00000f4c   Number         0  anon$$obj.o(Region$$Table)
    EVENT_QUEUE_HEAD                         0x20000000   Data           4  simpleptidesos.o(.data)
    CK1_BUF_SIZE                             0x20000004   Data           4  simpleptidesos.o(.data)
    CK1_TIME                                 0x20000008   Data           4  simpleptidesos.o(.data)
    COMPUTATION_MODEL_TIME_ADJUSTMENT        0x2000000c   Data           4  simpleptidesos.o(.data)
    MERGE_MODEL_TIME_ADJUSTMENT              0x20000010   Data           4  simpleptidesos.o(.data)
    Tick                                     0x20000014   Data           1  simpleptidesos.o(.data)
    Time                                     0x20000018   Data           4  simpleptidesos.o(.data)
    Buttons                                  0x2000001c   Data           1  simpleptidesos.o(.data)
    TraceB                                   0x2000001d   Data           1  simpleptidesos.o(.data)
    stopSourceProcess                        0x20000020   Data           4  simpleptidesos.o(.data)
    SOURCE1                                  0x20000024   Data           4  simpleptidesos.o(.data)
    SOURCE2                                  0x20000028   Data           4  simpleptidesos.o(.data)
    __stderr                                 0x2000002c   Data           4  stderr.o(.data)
    __stdout                                 0x20000030   Data           4  stdout.o(.data)
    __microlib_freelist                      0x20000034   Data           4  mvars.o(.data)
    __microlib_freelist_initialised          0x20000038   Data           4  mvars.o(.data)
    __heap_base                              0x20000040   Number         0  startup.o(HEAP)
    __heap_limit                             0x20000040   Number         0  startup.o(HEAP)
    Stack_Top                                0x20000240   Number         0  startup.o(STACK)
    __initial_sp                             0x20000240   Number         0  startup.o(STACK)


================================================================================

Memory Map of the image

  Image Entry point : 0x00000041

  Load Region LR_IROM1 (Base: 0x00000000, Size: 0x00000f8c, Max: 0x00040000, ABSOLUTE)

    Execution Region ER_IROM1 (Base: 0x00000000, Size: 0x00000f4c, Max: 0x00040000, ABSOLUTE)

    Base Addr    Size         Type   Attr      Idx    E Section Name        Object

    0x00000000   0x00000040   Code   RO            3    RESET               startup.o
    0x00000040   0x0000000c   Code   RO          831  * $$startup$$         entry.o(mc_w.l)
    0x0000004c   0x00000002   Code   RO         1047    .emb_text           init.o(mc_w.l)
    0x0000004e   0x00000002   PAD
    0x00000050   0x0000001c   Code   RO            4    .text               startup.o
    0x0000006c   0x000007d0   Code   RO           13    .text               simpleptidesos.o
    0x0000083c   0x00000040   Code   RO          836    .text               perror.o(mc_w.l)
    0x0000087c   0x00000024   Code   RO          839    .text               memcpya.o(mc_w.l)
    0x000008a0   0x000001a2   Code   RO         1042    .text               dadd.o(mf_w.l)
    0x00000a42   0x00000024   Code   RO         1044    .text               dflt.o(mf_w.l)
    0x00000a66   0x00000002   PAD
    0x00000a68   0x0000002c   Code   RO         1046    .text               init.o(mc_w.l)
    0x00000a94   0x00000018   Code   RO         1050    .text               fputs.o(mc_w.l)
    0x00000aac   0x00000010   Code   RO         1054    .text               fputc.o(mc_w.l)
    0x00000abc   0x00000020   Code   RO         1061    .text               llshl.o(mc_w.l)
    0x00000adc   0x0000001e   Code   RO         1063    .text               llushr.o(mc_w.l)
    0x00000afa   0x00000002   PAD
    0x00000afc   0x00000098   Code   RO         1065    .text               strerror.o(mc_w.l)
    0x00000b94   0x00000000   Code   RO         1076    .text               iusefp.o(mc_w.l)
    0x00000b94   0x000000c4   Code   RO         1077    .text               depilogue.o(mf_w.l)
    0x00000c58   0x00000000   Code   RO         1087    .text               iusesemip.o(mc_w.l)
    0x00000c58   0x00000000   Code   RO         1037    c$$printf_stubs     stubs.o(mc_w.l)
    0x00000c58   0x0000001c   Code   RO          892    i.__0fprintf_2      printf2.o(mc_w.l)
    0x00000c74   0x00000020   Code   RO          894    i.__0printf_2       printf2.o(mc_w.l)
    0x00000c94   0x00000008   Code   RO         1069    i.__aeabi_errno_addr  errno.o(mc_w.l)
    0x00000c9c   0x0000000e   Code   RO         1089    i.__scatterload_copy  handlers.o(mc_w.l)
    0x00000caa   0x00000002   Code   RO         1091    i.__scatterload_null  handlers.o(mc_w.l)
    0x00000cac   0x0000000e   Code   RO         1090    i.__scatterload_zeroinit  handlers.o(mc_w.l)
    0x00000cba   0x000000c6   Code   RO          891    i._printf_core      printf2.o(mc_w.l)
    0x00000d80   0x00000050   Code   RO         1039    i.free              malloc.o(mc_w.l)
    0x00000dd0   0x00000068   Code   RO         1038    i.malloc            malloc.o(mc_w.l)
    0x00000e38   0x000000f2   Data   RO           15    .constdata          simpleptidesos.o
    0x00000f2a   0x00000002   PAD
    0x00000f2c   0x00000020   Data   RO         1088    Region$$Table       anon$$obj.o


    Execution Region RW_IRAM1 (Base: 0x20000000, Size: 0x00000240, Max: 0x00010000, ABSOLUTE)

    Base Addr    Size         Type   Attr      Idx    E Section Name        Object

    0x20000000   0x0000002c   Data   RW           14    .data               simpleptidesos.o
    0x2000002c   0x00000004   Data   RW          838    .data               stderr.o(mc_w.l)
    0x20000030   0x00000004   Data   RW         1056    .data               stdout.o(mc_w.l)
    0x20000034   0x00000004   Data   RW         1067    .data               mvars.o(mc_w.l)
    0x20000038   0x00000004   Data   RW         1068    .data               mvars.o(mc_w.l)
    0x2000003c   0x00000004   Data   RW         1072    .data               errno.o(mc_w.l)
    0x20000040   0x00000000   Zero   RW            2    HEAP                startup.o
    0x20000040   0x00000200   Zero   RW            1    STACK               startup.o


================================================================================

Image component sizes


      Code (inc. data)   RO Data    RW Data    ZI Data      Debug   Object Name

      2000        434        242         44          0       8720   simpleptidesos.o
        92         70          0          0        512       2056   startup.o

    ------------------------------------------------------------------------
      2092        504        276         44        512      10778   Object Totals
         0          0         32          0          0          0   (incl. Generated)
         0          0          2          0          0          2   (incl. Padding)

    ------------------------------------------------------------------------

      Code (inc. data)   RO Data    RW Data    ZI Data      Debug   Library Member Name

         0          0          0          0          0         18   cpu.o
       418          0          0          0          0          0   dadd.o
       196          4          0          0          0          0   depilogue.o
        36          0          0          0          0          0   dflt.o
        12          4          0          0          0          0   entry.o
         8          4          0          4          0          0   errno.o
        16          0          0          0          0          0   fputc.o
        24          0          0          0          0          0   fputs.o
        30          0          0          0          0          0   handlers.o
        46         14          0          0          0          0   init.o
         0          0          0          0          0          0   iusefp.o
         0          0          0          0          0          0   iusesemip.o
        32          0          0          0          0          0   llshl.o
        30          0          0          0          0          0   llushr.o
       184         20          0          0          0          0   malloc.o
        36          0          0          0          0          0   memcpya.o
         0          0          0          8          0          0   mvars.o
        64         14          0          0          0          0   perror.o
       258         16          0          0          0          0   printf2.o
         0          0          0          4          0          0   stderr.o
         0          0          0          4          0          0   stdout.o
       152        126          0          0          0          0   strerror.o
         0          0          0          0          0          0   stubs.o

    ------------------------------------------------------------------------
      1548        202          0         20          0         18   Library Totals
         6          0          0          0          0          0   (incl. Padding)

    ------------------------------------------------------------------------

      Code (inc. data)   RO Data    RW Data    ZI Data      Debug   Library Name

         0          0          0          0          0         18   DriverLib.lib
       892        198          0         20          0          0   mc_w.l
       650          4          0          0          0          0   mf_w.l

    ------------------------------------------------------------------------
      1548        202          0         20          0         18   Library Totals

    ------------------------------------------------------------------------

================================================================================


      Code (inc. data)   RO Data    RW Data    ZI Data      Debug   

      3640        706        276         64        512      10796   Grand Totals
      3640        706        276         64        512      10796   ELF Image Totals
      3640        706        276         64          0          0   ROM Totals

================================================================================

    Total RO  Size (Code + RO Data)                 3916 (   3.82kB)
    Total RW  Size (RW Data + ZI Data)               576 (   0.56kB)
    Total ROM Size (Code + RO Data + RW Data)       3980 (   3.89kB)

================================================================================

