<!doctype html public "-//w3c//dtd html 4.0 transitional//en">
<html><head>
<title>Static Call Graph - [.\Obj\Blinky.axf]</title></head>
<body><HR>
<H1>Static Call Graph for image .\Obj\Blinky.axf</H1><HR>
<BR><P>#&#060CALLGRAPH&#062# ARM Linker, RVCT3.1 [Build 934]: Last Updated: Mon Nov 10 16:18:50 2008
<BR><P>
<H3>Maximum Stack Usage =        684 bytes + Unknown(Functions without stacksize, Cycles, Untraceable Function Pointers)</H3><H3>
Call chain for Maximum Stack Depth:</H3>
main &rArr; IEEE1588Init &rArr; lwip_init &rArr; netif_add &rArr; netif_set_addr &rArr; netif_set_ipaddr &rArr; tcp_abort &rArr; tcp_pcb_remove &rArr; tcp_output &rArr; tcp_output_segment &rArr; ip_output &rArr; ip_output_if &rArr; inet_chksum &rArr; lwip_standard_chksum
<P>
<H3>
Functions with no stack information
</H3><UL>
 <LI><a href="#[b63438]">Reset_Handler</a>
 <LI><a href="#[107dc70]">CPUcpsid</a>
 <LI><a href="#[107dc28]">CPUcpsie</a>
 <LI><a href="#[107dbe0]">CPUwfi</a>
 <LI><a href="#[b63678]">NmiSR</a>
 <LI><a href="#[b63630]">FaultISR</a>
 <LI><a href="#[b635e8]">IntDefaultHandler</a>
</UL>
</UL>
<P>
<H3>
Mutually Recursive functions
</H3> <LI><a href="#[10ea1d8]">SSIDataPut</a>&nbsp;&nbsp;&nbsp;&rArr;&nbsp;&nbsp;&nbsp;<a href="#[10ea1d8]">SSIDataPut</a><BR>
 <LI><a href="#[10ea268]">SSIDataGet</a>&nbsp;&nbsp;&nbsp;&rArr;&nbsp;&nbsp;&nbsp;<a href="#[10ea268]">SSIDataGet</a><BR>
 <LI><a href="#[f8d4b8]">netif_set_netmask</a>&nbsp;&nbsp;&nbsp;&rArr;&nbsp;&nbsp;&nbsp;<a href="#[f8d4b8]">netif_set_netmask</a><BR>
 <LI><a href="#[f8d548]">netif_set_gw</a>&nbsp;&nbsp;&nbsp;&rArr;&nbsp;&nbsp;&nbsp;<a href="#[f8d548]">netif_set_gw</a><BR>
 <LI><a href="#[107fee8]">UARTConfigSetExpClk</a>&nbsp;&nbsp;&nbsp;&rArr;&nbsp;&nbsp;&nbsp;<a href="#[107fee8]">UARTConfigSetExpClk</a><BR>
 <LI><a href="#[1165700]">SysCtlDelay</a>&nbsp;&nbsp;&nbsp;&rArr;&nbsp;&nbsp;&nbsp;<a href="#[1165700]">SysCtlDelay</a><BR>
 <LI><a href="#[b63678]">NmiSR</a>&nbsp;&nbsp;&nbsp;&rArr;&nbsp;&nbsp;&nbsp;<a href="#[b63678]">NmiSR</a><BR>
 <LI><a href="#[b63630]">FaultISR</a>&nbsp;&nbsp;&nbsp;&rArr;&nbsp;&nbsp;&nbsp;<a href="#[b63630]">FaultISR</a><BR>
 <LI><a href="#[b635e8]">IntDefaultHandler</a>&nbsp;&nbsp;&nbsp;&rArr;&nbsp;&nbsp;&nbsp;<a href="#[b635e8]">IntDefaultHandler</a><BR>
</UL>
<P>
<H3>
Function Pointers
</H3><UL>
 <LI><a href="#[b63438]">Reset_Handler</a>
 <LI><a href="#[b63678]">NmiSR</a>
 <LI><a href="#[b63630]">FaultISR</a>
 <LI><a href="#[b635e8]">IntDefaultHandler</a>
 <LI><a href="#[b635e8]">IntDefaultHandler</a>
 <LI><a href="#[b635e8]">IntDefaultHandler</a>
 <LI><a href="#[b635e8]">IntDefaultHandler</a>
 <LI><a href="#[b635e8]">IntDefaultHandler</a>
 <LI><a href="#[b635e8]">IntDefaultHandler</a>
 <LI><a href="#[b632d0]">SysTickHandler</a>
 <LI><a href="#[b633a8]">IntGPIOa</a>
 <LI><a href="#[b63360]">IntGPIOb</a>
 <LI><a href="#[b63318]">IntGPIOc</a>
 <LI><a href="#[b635e8]">IntDefaultHandler</a>
 <LI><a href="#[b635e8]">IntDefaultHandler</a>
 <LI><a href="#[b631f8]">UARTIntHandler</a>
 <LI><a href="#[b635e8]">IntDefaultHandler</a>
 <LI><a href="#[b635e8]">IntDefaultHandler</a>
 <LI><a href="#[b635e8]">IntDefaultHandler</a>
 <LI><a href="#[b635e8]">IntDefaultHandler</a>
 <LI><a href="#[b635e8]">IntDefaultHandler</a>
 <LI><a href="#[b635e8]">IntDefaultHandler</a>
 <LI><a href="#[b635e8]">IntDefaultHandler</a>
 <LI><a href="#[b635e8]">IntDefaultHandler</a>
 <LI><a href="#[b635e8]">IntDefaultHandler</a>
 <LI><a href="#[b635e8]">IntDefaultHandler</a>
 <LI><a href="#[b635e8]">IntDefaultHandler</a>
 <LI><a href="#[b635e8]">IntDefaultHandler</a>
 <LI><a href="#[b635e8]">IntDefaultHandler</a>
 <LI><a href="#[b63288]">Timer0IntHandler</a>
 <LI><a href="#[b635e8]">IntDefaultHandler</a>
 <LI><a href="#[b63240]">Timer1IntHandler</a>
 <LI><a href="#[b635e8]">IntDefaultHandler</a>
 <LI><a href="#[b635e8]">IntDefaultHandler</a>
 <LI><a href="#[b635e8]">IntDefaultHandler</a>
 <LI><a href="#[b635e8]">IntDefaultHandler</a>
 <LI><a href="#[b635e8]">IntDefaultHandler</a>
 <LI><a href="#[b635e8]">IntDefaultHandler</a>
 <LI><a href="#[b635e8]">IntDefaultHandler</a>
 <LI><a href="#[b635e8]">IntDefaultHandler</a>
 <LI><a href="#[b635e8]">IntDefaultHandler</a>
 <LI><a href="#[b635e8]">IntDefaultHandler</a>
 <LI><a href="#[b635e8]">IntDefaultHandler</a>
 <LI><a href="#[b635e8]">IntDefaultHandler</a>
 <LI><a href="#[b635e8]">IntDefaultHandler</a>
 <LI><a href="#[b635e8]">IntDefaultHandler</a>
 <LI><a href="#[b635e8]">IntDefaultHandler</a>
 <LI><a href="#[b635e8]">IntDefaultHandler</a>
 <LI><a href="#[b635e8]">IntDefaultHandler</a>
 <LI><a href="#[b635e8]">IntDefaultHandler</a>
 <LI><a href="#[b635e8]">IntDefaultHandler</a>
 <LI><a href="#[b635e8]">IntDefaultHandler</a>
 <LI><a href="#[b635e8]">IntDefaultHandler</a>
 <LI><a href="#[b635e8]">IntDefaultHandler</a>
 <LI><a href="#[fe5ad8]">ip_input</a>
 <LI><a href="#[103df18]">ethernetif_init</a>
 <LI><a href="#[b5ef08]">main</a>
 <LI><a href="#[1071b20]">fputc</a>
</UL>
<P>
<H3>
Global Symbols
</H3>
<P><STRONG><a name="[b63438]"></a>Reset_Handler</STRONG> (Thumb, 0 bytes, Stack size unknown bytes, startup.o(RESET))
<BR><BR>[Calls]<UL><LI><a href="#[107d420]">&gt;&gt;</a>&nbsp;&nbsp;&nbsp;__main
</UL>
<BR>[Address Reference Count : 1]<UL><LI> startup.o(RESET)
</UL>
<P><STRONG><a name="[107d420]"></a>__main</STRONG> (Thumb, 8 bytes, Stack size 0 bytes, entry.o($$startup$$))
<BR><BR>[Calls]<UL><LI><a href="#[1072118]">&gt;&gt;</a>&nbsp;&nbsp;&nbsp;__init
</UL>
<BR>[Called By]<UL><LI><a href="#[b63438]">&gt;&gt;</a>&nbsp;&nbsp;&nbsp;Reset_Handler
</UL>

<P><STRONG><a name="[1165700]"></a>SysCtlDelay</STRONG> (Thumb, 6 bytes, Stack size 0 bytes, sysctl.o(.emb_text))
<BR><BR>[Calls]<UL><LI><a href="#[1165700]">&gt;&gt;</a>&nbsp;&nbsp;&nbsp;SysCtlDelay
</UL>
<BR>[Called By]<UL><LI><a href="#[1164f68]">&gt;&gt;</a>&nbsp;&nbsp;&nbsp;SysCtlClockSet
<LI><a href="#[1165700]">&gt;&gt;</a>&nbsp;&nbsp;&nbsp;SysCtlDelay
</UL>

<P><STRONG><a name="[1072160]"></a>__call_main</STRONG> (Thumb, 2 bytes, Stack size 0 bytes, init.o(.emb_text))
<BR><BR>[Called By]<UL><LI><a href="#[1072118]">&gt;&gt;</a>&nbsp;&nbsp;&nbsp;__init
</UL>

<P><STRONG><a name="[b5f730]"></a>itoa</STRONG> (Thumb, 38 bytes, Stack size 12 bytes, simpleptidesos.o(.text), UNUSED)

<P><STRONG><a name="[b632d0]"></a>SysTickHandler</STRONG> (Thumb, 10 bytes, Stack size 0 bytes, simpleptidesos.o(.text))
<BR>[Address Reference Count : 1]<UL><LI> startup.o(RESET)
</UL>
<P><STRONG><a name="[b63288]"></a>Timer0IntHandler</STRONG> (Thumb, 72 bytes, Stack size 8 bytes, simpleptidesos.o(.text))
<BR><BR>[Stack]<UL><LI>Max Depth = 16 + Unknown Stack Size
<LI>Call Chain = Timer0IntHandler &rArr; IntMasterEnable
</UL>
<BR>[Calls]<UL><LI><a href="#[10edea0]">&gt;&gt;</a>&nbsp;&nbsp;&nbsp;IntMasterEnable
<LI><a href="#[10edee8]">&gt;&gt;</a>&nbsp;&nbsp;&nbsp;IntMasterDisable
<LI><a href="#[115ba18]">&gt;&gt;</a>&nbsp;&nbsp;&nbsp;TimerIntClear
</UL>
<BR>[Address Reference Count : 1]<UL><LI> startup.o(RESET)
</UL>
<P><STRONG><a name="[b63240]"></a>Timer1IntHandler</STRONG> (Thumb, 44 bytes, Stack size 8 bytes, simpleptidesos.o(.text))
<BR><BR>[Stack]<UL><LI>Max Depth = 8<LI>Call Chain = Timer1IntHandler
</UL>
<BR>[Calls]<UL><LI><a href="#[115ba18]">&gt;&gt;</a>&nbsp;&nbsp;&nbsp;TimerIntClear
</UL>
<BR>[Address Reference Count : 1]<UL><LI> startup.o(RESET)
</UL>
<P><STRONG><a name="[b633a8]"></a>IntGPIOa</STRONG> (Thumb, 48 bytes, Stack size 8 bytes, simpleptidesos.o(.text))
<BR><BR>[Stack]<UL><LI>Max Depth = 80<LI>Call Chain = IntGPIOa &rArr; DisplayIntStatus &rArr; RIT128x96x4StringDraw &rArr; RITWriteData
</UL>
<BR>[Calls]<UL><LI><a href="#[b61308]">&gt;&gt;</a>&nbsp;&nbsp;&nbsp;Delay
<LI><a href="#[b61350]">&gt;&gt;</a>&nbsp;&nbsp;&nbsp;DisplayIntStatus
<LI><a href="#[10f2630]">&gt;&gt;</a>&nbsp;&nbsp;&nbsp;GPIOPinWrite
</UL>
<BR>[Address Reference Count : 1]<UL><LI> startup.o(RESET)
</UL>
<P><STRONG><a name="[b63360]"></a>IntGPIOb</STRONG> (Thumb, 58 bytes, Stack size 8 bytes, simpleptidesos.o(.text))
<BR><BR>[Stack]<UL><LI>Max Depth = 80<LI>Call Chain = IntGPIOb &rArr; DisplayIntStatus &rArr; RIT128x96x4StringDraw &rArr; RITWriteData
</UL>
<BR>[Calls]<UL><LI><a href="#[b61308]">&gt;&gt;</a>&nbsp;&nbsp;&nbsp;Delay
<LI><a href="#[b61350]">&gt;&gt;</a>&nbsp;&nbsp;&nbsp;DisplayIntStatus
<LI><a href="#[10f2630]">&gt;&gt;</a>&nbsp;&nbsp;&nbsp;GPIOPinWrite
</UL>
<BR>[Address Reference Count : 1]<UL><LI> startup.o(RESET)
</UL>
<P><STRONG><a name="[b63318]"></a>IntGPIOc</STRONG> (Thumb, 58 bytes, Stack size 8 bytes, simpleptidesos.o(.text))
<BR><BR>[Stack]<UL><LI>Max Depth = 80<LI>Call Chain = IntGPIOc &rArr; DisplayIntStatus &rArr; RIT128x96x4StringDraw &rArr; RITWriteData
</UL>
<BR>[Calls]<UL><LI><a href="#[b61308]">&gt;&gt;</a>&nbsp;&nbsp;&nbsp;Delay
<LI><a href="#[b61350]">&gt;&gt;</a>&nbsp;&nbsp;&nbsp;DisplayIntStatus
<LI><a href="#[10f2630]">&gt;&gt;</a>&nbsp;&nbsp;&nbsp;GPIOPinWrite
</UL>
<BR>[Address Reference Count : 1]<UL><LI> startup.o(RESET)
</UL>
<P><STRONG><a name="[b5f6e8]"></a>UARTSend</STRONG> (Thumb, 26 bytes, Stack size 16 bytes, simpleptidesos.o(.text), UNUSED)
<BR><BR>[Calls]<UL><LI><a href="#[107ffc0]">&gt;&gt;</a>&nbsp;&nbsp;&nbsp;UARTCharPutNonBlocking
</UL>

<P><STRONG><a name="[b5f6a0]"></a>setActuationInterrupt</STRONG> (Thumb, 2 bytes, Stack size 0 bytes, simpleptidesos.o(.text), UNUSED)

<P><STRONG><a name="[b5f658]"></a>getCurrentPhysicalTime</STRONG> (Thumb, 6 bytes, Stack size 0 bytes, simpleptidesos.o(.text), UNUSED)

<P><STRONG><a name="[b5f610]"></a>fireActuator</STRONG> (Thumb, 8 bytes, Stack size 0 bytes, simpleptidesos.o(.text), UNUSED)

<P><STRONG><a name="[b5f5c8]"></a>alreadyFiring</STRONG> (Thumb, 4 bytes, Stack size 0 bytes, simpleptidesos.o(.text), UNUSED)

<P><STRONG><a name="[b5f580]"></a>die</STRONG> (Thumb, 4 bytes, Stack size 0 bytes, simpleptidesos.o(.text), UNUSED)
<BR><BR>[Calls]<UL><LI><a href="#[107d078]">&gt;&gt;</a>&nbsp;&nbsp;&nbsp;perror
</UL>

<P><STRONG><a name="[b5f538]"></a>addEvent</STRONG> (Thumb, 52 bytes, Stack size 16 bytes, simpleptidesos.o(.text))
<BR><BR>[Stack]<UL><LI>Max Depth = 16<LI>Call Chain = addEvent
</UL>
<BR>[Called By]<UL><LI><a href="#[b5f028]">&gt;&gt;</a>&nbsp;&nbsp;&nbsp;initializeSensor
<LI><a href="#[b5f220]">&gt;&gt;</a>&nbsp;&nbsp;&nbsp;fireModelDelay
<LI><a href="#[b5f268]">&gt;&gt;</a>&nbsp;&nbsp;&nbsp;fireMerge
<LI><a href="#[b5f3d0]">&gt;&gt;</a>&nbsp;&nbsp;&nbsp;fireComputation
<LI><a href="#[b5f460]">&gt;&gt;</a>&nbsp;&nbsp;&nbsp;initializeClock
<LI><a href="#[b5f4f0]">&gt;&gt;</a>&nbsp;&nbsp;&nbsp;fireClock
</UL>

<P><STRONG><a name="[b5f4f0]"></a>fireClock</STRONG> (Thumb, 92 bytes, Stack size 24 bytes, simpleptidesos.o(.text))
<BR><BR>[Stack]<UL><LI>Max Depth = 44<LI>Call Chain = fireClock &rArr; malloc
</UL>
<BR>[Calls]<UL><LI><a href="#[b5f538]">&gt;&gt;</a>&nbsp;&nbsp;&nbsp;addEvent
<LI><a href="#[1072af8]">&gt;&gt;</a>&nbsp;&nbsp;&nbsp;malloc
<LI><a href="#[107cd48]">&gt;&gt;</a>&nbsp;&nbsp;&nbsp;__aeabi_memcpy4
</UL>
<BR>[Called By]<UL><LI><a href="#[b5f070]">&gt;&gt;</a>&nbsp;&nbsp;&nbsp;processAvailableEvents
<LI><a href="#[b5f0b8]">&gt;&gt;</a>&nbsp;&nbsp;&nbsp;processEvents
<LI><a href="#[b631f8]">&gt;&gt;</a>&nbsp;&nbsp;&nbsp;UARTIntHandler
</UL>

<P><STRONG><a name="[b5f4a8]"></a>newEvent</STRONG> (Thumb, 74 bytes, Stack size 16 bytes, simpleptidesos.o(.text))
<BR><BR>[Stack]<UL><LI>Max Depth = 64<LI>Call Chain = newEvent &rArr; RIT128x96x4StringDraw &rArr; RITWriteData
</UL>
<BR>[Calls]<UL><LI><a href="#[b5e728]">&gt;&gt;</a>&nbsp;&nbsp;&nbsp;RIT128x96x4StringDraw
<LI><a href="#[107a170]">&gt;&gt;</a>&nbsp;&nbsp;&nbsp;__1printf
</UL>
<BR>[Called By]<UL><LI><a href="#[b5f028]">&gt;&gt;</a>&nbsp;&nbsp;&nbsp;initializeSensor
<LI><a href="#[b5f220]">&gt;&gt;</a>&nbsp;&nbsp;&nbsp;fireModelDelay
<LI><a href="#[b5f268]">&gt;&gt;</a>&nbsp;&nbsp;&nbsp;fireMerge
<LI><a href="#[b5f3d0]">&gt;&gt;</a>&nbsp;&nbsp;&nbsp;fireComputation
<LI><a href="#[b5f460]">&gt;&gt;</a>&nbsp;&nbsp;&nbsp;initializeClock
</UL>

<P><STRONG><a name="[b5f460]"></a>initializeClock</STRONG> (Thumb, 64 bytes, Stack size 16 bytes, simpleptidesos.o(.text))
<BR><BR>[Stack]<UL><LI>Max Depth = 80<LI>Call Chain = initializeClock &rArr; newEvent &rArr; RIT128x96x4StringDraw &rArr; RITWriteData
</UL>
<BR>[Calls]<UL><LI><a href="#[b5f4a8]">&gt;&gt;</a>&nbsp;&nbsp;&nbsp;newEvent
<LI><a href="#[b5f538]">&gt;&gt;</a>&nbsp;&nbsp;&nbsp;addEvent
</UL>
<BR>[Called By]<UL><LI><a href="#[b5ef08]">&gt;&gt;</a>&nbsp;&nbsp;&nbsp;main
</UL>

<P><STRONG><a name="[b5f418]"></a>currentlyFiring</STRONG> (Thumb, 6 bytes, Stack size 0 bytes, simpleptidesos.o(.text), UNUSED)

<P><STRONG><a name="[b5f3d0]"></a>fireComputation</STRONG> (Thumb, 68 bytes, Stack size 24 bytes, simpleptidesos.o(.text), UNUSED)
<BR><BR>[Calls]<UL><LI><a href="#[b5f4a8]">&gt;&gt;</a>&nbsp;&nbsp;&nbsp;newEvent
<LI><a href="#[b5f538]">&gt;&gt;</a>&nbsp;&nbsp;&nbsp;addEvent
<LI><a href="#[1072718]">&gt;&gt;</a>&nbsp;&nbsp;&nbsp;__aeabi_dadd
<LI><a href="#[1072af8]">&gt;&gt;</a>&nbsp;&nbsp;&nbsp;malloc
</UL>

<P><STRONG><a name="[b5f388]"></a>freeEvent</STRONG> (Thumb, 16 bytes, Stack size 0 bytes, simpleptidesos.o(.text))
<BR><BR>[Called By]<UL><LI><a href="#[b5f340]">&gt;&gt;</a>&nbsp;&nbsp;&nbsp;removeEvent
</UL>

<P><STRONG><a name="[b5f340]"></a>removeEvent</STRONG> (Thumb, 30 bytes, Stack size 8 bytes, simpleptidesos.o(.text))
<BR><BR>[Stack]<UL><LI>Max Depth = 32<LI>Call Chain = removeEvent &rArr; __1printf
</UL>
<BR>[Calls]<UL><LI><a href="#[b5f388]">&gt;&gt;</a>&nbsp;&nbsp;&nbsp;freeEvent
<LI><a href="#[107a170]">&gt;&gt;</a>&nbsp;&nbsp;&nbsp;__1printf
</UL>
<BR>[Called By]<UL><LI><a href="#[b5f070]">&gt;&gt;</a>&nbsp;&nbsp;&nbsp;processAvailableEvents
<LI><a href="#[b5f0b8]">&gt;&gt;</a>&nbsp;&nbsp;&nbsp;processEvents
</UL>

<P><STRONG><a name="[b5f2f8]"></a>fireActor</STRONG> (Thumb, 28 bytes, Stack size 8 bytes, simpleptidesos.o(.text))
<BR><BR>[Stack]<UL><LI>Max Depth = 32<LI>Call Chain = fireActor &rArr; perror &rArr; fputs
</UL>
<BR>[Calls]<UL><LI><a href="#[107d078]">&gt;&gt;</a>&nbsp;&nbsp;&nbsp;perror
</UL>
<BR>[Called By]<UL><LI><a href="#[b5f070]">&gt;&gt;</a>&nbsp;&nbsp;&nbsp;processAvailableEvents
<LI><a href="#[b5f0b8]">&gt;&gt;</a>&nbsp;&nbsp;&nbsp;processEvents
<LI><a href="#[b5f2b0]">&gt;&gt;</a>&nbsp;&nbsp;&nbsp;executeEvent
</UL>

<P><STRONG><a name="[b5f2b0]"></a>executeEvent</STRONG> (Thumb, 22 bytes, Stack size 0 bytes, simpleptidesos.o(.text), UNUSED)
<BR><BR>[Calls]<UL><LI><a href="#[b5f2f8]">&gt;&gt;</a>&nbsp;&nbsp;&nbsp;fireActor
<LI><a href="#[107d078]">&gt;&gt;</a>&nbsp;&nbsp;&nbsp;perror
</UL>

<P><STRONG><a name="[b5f268]"></a>fireMerge</STRONG> (Thumb, 330 bytes, Stack size 16 bytes, simpleptidesos.o(.text), UNUSED)
<BR><BR>[Calls]<UL><LI><a href="#[b5f4a8]">&gt;&gt;</a>&nbsp;&nbsp;&nbsp;newEvent
<LI><a href="#[b5f538]">&gt;&gt;</a>&nbsp;&nbsp;&nbsp;addEvent
<LI><a href="#[107cd48]">&gt;&gt;</a>&nbsp;&nbsp;&nbsp;__aeabi_memcpy4
</UL>

<P><STRONG><a name="[b5f220]"></a>fireModelDelay</STRONG> (Thumb, 50 bytes, Stack size 16 bytes, simpleptidesos.o(.text), UNUSED)
<BR><BR>[Calls]<UL><LI><a href="#[b5f4a8]">&gt;&gt;</a>&nbsp;&nbsp;&nbsp;newEvent
<LI><a href="#[b5f538]">&gt;&gt;</a>&nbsp;&nbsp;&nbsp;addEvent
</UL>

<P><STRONG><a name="[b5f1d8]"></a>enableInterrupts</STRONG> (Thumb, 24 bytes, Stack size 8 bytes, simpleptidesos.o(.text))
<BR><BR>[Stack]<UL><LI>Max Depth = 16 + Unknown Stack Size
<LI>Call Chain = enableInterrupts &rArr; IntMasterEnable
</UL>
<BR>[Calls]<UL><LI><a href="#[107fbd0]">&gt;&gt;</a>&nbsp;&nbsp;&nbsp;UARTIntEnable
<LI><a href="#[10edea0]">&gt;&gt;</a>&nbsp;&nbsp;&nbsp;IntMasterEnable
<LI><a href="#[10edf30]">&gt;&gt;</a>&nbsp;&nbsp;&nbsp;IntEnable
</UL>
<BR>[Called By]<UL><LI><a href="#[b5f070]">&gt;&gt;</a>&nbsp;&nbsp;&nbsp;processAvailableEvents
<LI><a href="#[b5f0b8]">&gt;&gt;</a>&nbsp;&nbsp;&nbsp;processEvents
<LI><a href="#[b631f8]">&gt;&gt;</a>&nbsp;&nbsp;&nbsp;UARTIntHandler
</UL>

<P><STRONG><a name="[b5f190]"></a>setTimedInterrupt</STRONG> (Thumb, 2 bytes, Stack size 0 bytes, simpleptidesos.o(.text), UNUSED)

<P><STRONG><a name="[b5f148]"></a>safeToProcess</STRONG> (Thumb, 44 bytes, Stack size 0 bytes, simpleptidesos.o(.text))
<BR><BR>[Called By]<UL><LI><a href="#[b5f070]">&gt;&gt;</a>&nbsp;&nbsp;&nbsp;processAvailableEvents
<LI><a href="#[b5f0b8]">&gt;&gt;</a>&nbsp;&nbsp;&nbsp;processEvents
</UL>

<P><STRONG><a name="[b5f100]"></a>disableInterrupts</STRONG> (Thumb, 24 bytes, Stack size 8 bytes, simpleptidesos.o(.text))
<BR><BR>[Stack]<UL><LI>Max Depth = 16 + Unknown Stack Size
<LI>Call Chain = disableInterrupts &rArr; IntMasterDisable
</UL>
<BR>[Calls]<UL><LI><a href="#[107fc18]">&gt;&gt;</a>&nbsp;&nbsp;&nbsp;UARTIntDisable
<LI><a href="#[10edee8]">&gt;&gt;</a>&nbsp;&nbsp;&nbsp;IntMasterDisable
<LI><a href="#[10edf78]">&gt;&gt;</a>&nbsp;&nbsp;&nbsp;IntDisable
</UL>
<BR>[Called By]<UL><LI><a href="#[b5f070]">&gt;&gt;</a>&nbsp;&nbsp;&nbsp;processAvailableEvents
<LI><a href="#[b5f0b8]">&gt;&gt;</a>&nbsp;&nbsp;&nbsp;processEvents
<LI><a href="#[b631f8]">&gt;&gt;</a>&nbsp;&nbsp;&nbsp;UARTIntHandler
</UL>

<P><STRONG><a name="[b5f0b8]"></a>processEvents</STRONG> (Thumb, 132 bytes, Stack size 24 bytes, simpleptidesos.o(.text), UNUSED)
<BR><BR>[Calls]<UL><LI><a href="#[b5e728]">&gt;&gt;</a>&nbsp;&nbsp;&nbsp;RIT128x96x4StringDraw
<LI><a href="#[b5f100]">&gt;&gt;</a>&nbsp;&nbsp;&nbsp;disableInterrupts
<LI><a href="#[b5f148]">&gt;&gt;</a>&nbsp;&nbsp;&nbsp;safeToProcess
<LI><a href="#[b5f1d8]">&gt;&gt;</a>&nbsp;&nbsp;&nbsp;enableInterrupts
<LI><a href="#[b5f2f8]">&gt;&gt;</a>&nbsp;&nbsp;&nbsp;fireActor
<LI><a href="#[b5f340]">&gt;&gt;</a>&nbsp;&nbsp;&nbsp;removeEvent
<LI><a href="#[b5f4f0]">&gt;&gt;</a>&nbsp;&nbsp;&nbsp;fireClock
<LI><a href="#[1072b40]">&gt;&gt;</a>&nbsp;&nbsp;&nbsp;free
<LI><a href="#[107d078]">&gt;&gt;</a>&nbsp;&nbsp;&nbsp;perror
</UL>

<P><STRONG><a name="[b5f070]"></a>processAvailableEvents</STRONG> (Thumb, 90 bytes, Stack size 16 bytes, simpleptidesos.o(.text))
<BR><BR>[Stack]<UL><LI>Max Depth = 60 + Unknown Stack Size
<LI>Call Chain = processAvailableEvents &rArr; fireClock &rArr; malloc
</UL>
<BR>[Calls]<UL><LI><a href="#[b5f100]">&gt;&gt;</a>&nbsp;&nbsp;&nbsp;disableInterrupts
<LI><a href="#[b5f148]">&gt;&gt;</a>&nbsp;&nbsp;&nbsp;safeToProcess
<LI><a href="#[b5f1d8]">&gt;&gt;</a>&nbsp;&nbsp;&nbsp;enableInterrupts
<LI><a href="#[b5f2f8]">&gt;&gt;</a>&nbsp;&nbsp;&nbsp;fireActor
<LI><a href="#[b5f340]">&gt;&gt;</a>&nbsp;&nbsp;&nbsp;removeEvent
<LI><a href="#[b5f4f0]">&gt;&gt;</a>&nbsp;&nbsp;&nbsp;fireClock
<LI><a href="#[1072b40]">&gt;&gt;</a>&nbsp;&nbsp;&nbsp;free
</UL>
<BR>[Called By]<UL><LI><a href="#[b631f8]">&gt;&gt;</a>&nbsp;&nbsp;&nbsp;UARTIntHandler
</UL>

<P><STRONG><a name="[b5f028]"></a>initializeSensor</STRONG> (Thumb, 62 bytes, Stack size 16 bytes, simpleptidesos.o(.text))
<BR><BR>[Stack]<UL><LI>Max Depth = 80<LI>Call Chain = initializeSensor &rArr; newEvent &rArr; RIT128x96x4StringDraw &rArr; RITWriteData
</UL>
<BR>[Calls]<UL><LI><a href="#[b5f4a8]">&gt;&gt;</a>&nbsp;&nbsp;&nbsp;newEvent
<LI><a href="#[b5f538]">&gt;&gt;</a>&nbsp;&nbsp;&nbsp;addEvent
<LI><a href="#[10723d8]">&gt;&gt;</a>&nbsp;&nbsp;&nbsp;__aeabi_i2d
</UL>
<BR>[Called By]<UL><LI><a href="#[b5ef08]">&gt;&gt;</a>&nbsp;&nbsp;&nbsp;main
</UL>

<P><STRONG><a name="[b631f8]"></a>UARTIntHandler</STRONG> (Thumb, 48 bytes, Stack size 16 bytes, simpleptidesos.o(.text))
<BR><BR>[Stack]<UL><LI>Max Depth = 76 + Unknown Stack Size
<LI>Call Chain = UARTIntHandler &rArr; processAvailableEvents &rArr; fireClock &rArr; malloc
</UL>
<BR>[Calls]<UL><LI><a href="#[b5f070]">&gt;&gt;</a>&nbsp;&nbsp;&nbsp;processAvailableEvents
<LI><a href="#[b5f100]">&gt;&gt;</a>&nbsp;&nbsp;&nbsp;disableInterrupts
<LI><a href="#[b5f1d8]">&gt;&gt;</a>&nbsp;&nbsp;&nbsp;enableInterrupts
<LI><a href="#[b5f4f0]">&gt;&gt;</a>&nbsp;&nbsp;&nbsp;fireClock
<LI><a href="#[107fb40]">&gt;&gt;</a>&nbsp;&nbsp;&nbsp;UARTIntStatus
<LI><a href="#[107fc60]">&gt;&gt;</a>&nbsp;&nbsp;&nbsp;UARTIntClear
</UL>
<BR>[Address Reference Count : 1]<UL><LI> startup.o(RESET)
</UL>
<P><STRONG><a name="[b5efe0]"></a>initializeMemory</STRONG> (Thumb, 24 bytes, Stack size 0 bytes, simpleptidesos.o(.text))
<BR><BR>[Called By]<UL><LI><a href="#[b5ef08]">&gt;&gt;</a>&nbsp;&nbsp;&nbsp;main
</UL>

<P><STRONG><a name="[b5ef98]"></a>ptpd_systick_init</STRONG> (Thumb, 40 bytes, Stack size 8 bytes, simpleptidesos.o(.text))
<BR><BR>[Stack]<UL><LI>Max Depth = 16<LI>Call Chain = ptpd_systick_init &rArr; SysCtlClockGet
</UL>
<BR>[Calls]<UL><LI><a href="#[115ff28]">&gt;&gt;</a>&nbsp;&nbsp;&nbsp;SysTickPeriodGet
<LI><a href="#[1160000]">&gt;&gt;</a>&nbsp;&nbsp;&nbsp;SysTickIntEnable
<LI><a href="#[1160090]">&gt;&gt;</a>&nbsp;&nbsp;&nbsp;SysTickEnable
<LI><a href="#[1164fb0]">&gt;&gt;</a>&nbsp;&nbsp;&nbsp;SysCtlClockGet
</UL>
<BR>[Called By]<UL><LI><a href="#[b5ef50]">&gt;&gt;</a>&nbsp;&nbsp;&nbsp;IEEE1588Init
</UL>

<P><STRONG><a name="[b5ef50]"></a>IEEE1588Init</STRONG> (Thumb, 264 bytes, Stack size 32 bytes, simpleptidesos.o(.text))
<BR><BR>[Stack]<UL><LI>Max Depth = 340 + Unknown Stack Size
<LI>Call Chain = IEEE1588Init &rArr; lwip_init &rArr; netif_add &rArr; netif_set_addr &rArr; netif_set_ipaddr &rArr; tcp_abort &rArr; tcp_pcb_remove &rArr; tcp_output &rArr; tcp_output_segment &rArr; ip_output &rArr; ip_output_if &rArr; inet_chksum &rArr; lwip_standard_chksum
</UL>
<BR>[Calls]<UL><LI><a href="#[b5dcc0]">&gt;&gt;</a>&nbsp;&nbsp;&nbsp;lwip_init
<LI><a href="#[b5dd08]">&gt;&gt;</a>&nbsp;&nbsp;&nbsp;httpd_init
<LI><a href="#[b5e728]">&gt;&gt;</a>&nbsp;&nbsp;&nbsp;RIT128x96x4StringDraw
<LI><a href="#[b5ef98]">&gt;&gt;</a>&nbsp;&nbsp;&nbsp;ptpd_systick_init
<LI><a href="#[fd3538]">&gt;&gt;</a>&nbsp;&nbsp;&nbsp;FlashUserGet
<LI><a href="#[fd8788]">&gt;&gt;</a>&nbsp;&nbsp;&nbsp;EthernetMACAddrSet
<LI><a href="#[107d078]">&gt;&gt;</a>&nbsp;&nbsp;&nbsp;perror
<LI><a href="#[10edd80]">&gt;&gt;</a>&nbsp;&nbsp;&nbsp;IntPrioritySet
<LI><a href="#[10edea0]">&gt;&gt;</a>&nbsp;&nbsp;&nbsp;IntMasterEnable
<LI><a href="#[10f2b88]">&gt;&gt;</a>&nbsp;&nbsp;&nbsp;GPIOPadConfigSet
<LI><a href="#[10f2ca8]">&gt;&gt;</a>&nbsp;&nbsp;&nbsp;GPIODirModeSet
<LI><a href="#[115b700]">&gt;&gt;</a>&nbsp;&nbsp;&nbsp;TimerPrescaleSet
<LI><a href="#[115b820]">&gt;&gt;</a>&nbsp;&nbsp;&nbsp;TimerLoadSet
<LI><a href="#[115ba60]">&gt;&gt;</a>&nbsp;&nbsp;&nbsp;TimerEnable
<LI><a href="#[115bbc8]">&gt;&gt;</a>&nbsp;&nbsp;&nbsp;TimerControlEvent
<LI><a href="#[115bc10]">&gt;&gt;</a>&nbsp;&nbsp;&nbsp;TimerConfigure
<LI><a href="#[1164860]">&gt;&gt;</a>&nbsp;&nbsp;&nbsp;SysCtlPeripheralReset
<LI><a href="#[11648f0]">&gt;&gt;</a>&nbsp;&nbsp;&nbsp;SysCtlPeripheralEnable
</UL>
<BR>[Called By]<UL><LI><a href="#[b5ef08]">&gt;&gt;</a>&nbsp;&nbsp;&nbsp;main
</UL>

<P><STRONG><a name="[b5ef08]"></a>main</STRONG> (Thumb, 532 bytes, Stack size 344 bytes, simpleptidesos.o(.text))
<BR><BR>[Stack]<UL><LI>Max Depth = 684 + Unknown Stack Size
<LI>Call Chain = main &rArr; IEEE1588Init &rArr; lwip_init &rArr; netif_add &rArr; netif_set_addr &rArr; netif_set_ipaddr &rArr; tcp_abort &rArr; tcp_pcb_remove &rArr; tcp_output &rArr; tcp_output_segment &rArr; ip_output &rArr; ip_output_if &rArr; inet_chksum &rArr; lwip_standard_chksum
</UL>
<BR>[Calls]<UL><LI><a href="#[b5e728]">&gt;&gt;</a>&nbsp;&nbsp;&nbsp;RIT128x96x4StringDraw
<LI><a href="#[b5e770]">&gt;&gt;</a>&nbsp;&nbsp;&nbsp;RIT128x96x4Init
<LI><a href="#[b5ef50]">&gt;&gt;</a>&nbsp;&nbsp;&nbsp;IEEE1588Init
<LI><a href="#[b5efe0]">&gt;&gt;</a>&nbsp;&nbsp;&nbsp;initializeMemory
<LI><a href="#[b5f028]">&gt;&gt;</a>&nbsp;&nbsp;&nbsp;initializeSensor
<LI><a href="#[b5f460]">&gt;&gt;</a>&nbsp;&nbsp;&nbsp;initializeClock
<LI><a href="#[107fbd0]">&gt;&gt;</a>&nbsp;&nbsp;&nbsp;UARTIntEnable
<LI><a href="#[107fee8]">&gt;&gt;</a>&nbsp;&nbsp;&nbsp;UARTConfigSetExpClk
<LI><a href="#[10edea0]">&gt;&gt;</a>&nbsp;&nbsp;&nbsp;IntMasterEnable
<LI><a href="#[10edf30]">&gt;&gt;</a>&nbsp;&nbsp;&nbsp;IntEnable
<LI><a href="#[10f26c0]">&gt;&gt;</a>&nbsp;&nbsp;&nbsp;GPIOPinTypeUART
<LI><a href="#[115b820]">&gt;&gt;</a>&nbsp;&nbsp;&nbsp;TimerLoadSet
<LI><a href="#[115b988]">&gt;&gt;</a>&nbsp;&nbsp;&nbsp;TimerIntEnable
<LI><a href="#[115ba60]">&gt;&gt;</a>&nbsp;&nbsp;&nbsp;TimerEnable
<LI><a href="#[115bc10]">&gt;&gt;</a>&nbsp;&nbsp;&nbsp;TimerConfigure
<LI><a href="#[115fee0]">&gt;&gt;</a>&nbsp;&nbsp;&nbsp;SysTickPeriodSet
<LI><a href="#[1160090]">&gt;&gt;</a>&nbsp;&nbsp;&nbsp;SysTickEnable
<LI><a href="#[11648f0]">&gt;&gt;</a>&nbsp;&nbsp;&nbsp;SysCtlPeripheralEnable
<LI><a href="#[1164f68]">&gt;&gt;</a>&nbsp;&nbsp;&nbsp;SysCtlClockSet
<LI><a href="#[1164fb0]">&gt;&gt;</a>&nbsp;&nbsp;&nbsp;SysCtlClockGet
</UL>
<BR>[Address Reference Count : 1]<UL><LI> init.o(.text)
</UL>
<P><STRONG><a name="[b5eec0]"></a>setTime</STRONG> (Thumb, 26 bytes, Stack size 8 bytes, simpleptidesos.o(.text), UNUSED)
<BR><BR>[Calls]<UL><LI><a href="#[b5dac8]">&gt;&gt;</a>&nbsp;&nbsp;&nbsp;sys_arch_unprotect
<LI><a href="#[b5db10]">&gt;&gt;</a>&nbsp;&nbsp;&nbsp;sys_arch_protect
</UL>
<BR>[Called By]<UL><LI><a href="#[1036248]">&gt;&gt;</a>&nbsp;&nbsp;&nbsp;updateClock
<LI><a href="#[10367e8]">&gt;&gt;</a>&nbsp;&nbsp;&nbsp;msgUnloadManagement
</UL>

<P><STRONG><a name="[b5ee78]"></a>getTime</STRONG> (Thumb, 74 bytes, Stack size 32 bytes, simpleptidesos.o(.text), UNUSED)
<BR><BR>[Calls]<UL><LI><a href="#[115fe98]">&gt;&gt;</a>&nbsp;&nbsp;&nbsp;SysTickValueGet
<LI><a href="#[115ff28]">&gt;&gt;</a>&nbsp;&nbsp;&nbsp;SysTickPeriodGet
</UL>
<BR>[Called By]<UL><LI><a href="#[b5ede8]">&gt;&gt;</a>&nbsp;&nbsp;&nbsp;getRxTime
<LI><a href="#[1036248]">&gt;&gt;</a>&nbsp;&nbsp;&nbsp;updateClock
<LI><a href="#[10368c0]">&gt;&gt;</a>&nbsp;&nbsp;&nbsp;msgPackManagementResponse
<LI><a href="#[1036cf8]">&gt;&gt;</a>&nbsp;&nbsp;&nbsp;issueSync
<LI><a href="#[1036d40]">&gt;&gt;</a>&nbsp;&nbsp;&nbsp;handle
<LI><a href="#[1036dd0]">&gt;&gt;</a>&nbsp;&nbsp;&nbsp;issueDelayReq
</UL>

<P><STRONG><a name="[b5ee30]"></a>adjust_rx_timestamp</STRONG> (Thumb, 44 bytes, Stack size 0 bytes, simpleptidesos.o(.text), UNUSED)
<BR><BR>[Called By]<UL><LI><a href="#[b5ede8]">&gt;&gt;</a>&nbsp;&nbsp;&nbsp;getRxTime
</UL>

<P><STRONG><a name="[b5ede8]"></a>getRxTime</STRONG> (Thumb, 74 bytes, Stack size 16 bytes, simpleptidesos.o(.text), UNUSED)
<BR><BR>[Calls]<UL><LI><a href="#[b5ee30]">&gt;&gt;</a>&nbsp;&nbsp;&nbsp;adjust_rx_timestamp
<LI><a href="#[b5ee78]">&gt;&gt;</a>&nbsp;&nbsp;&nbsp;getTime
<LI><a href="#[115b5e0]">&gt;&gt;</a>&nbsp;&nbsp;&nbsp;TimerValueGet
</UL>
<BR>[Called By]<UL><LI><a href="#[103e0c8]">&gt;&gt;</a>&nbsp;&nbsp;&nbsp;low_level_input
</UL>

<P><STRONG><a name="[b5eda0]"></a>ptpd_init</STRONG> (Thumb, 218 bytes, Stack size 16 bytes, simpleptidesos.o(.text), UNUSED)
<BR><BR>[Calls]<UL><LI><a href="#[b5dba0]">&gt;&gt;</a>&nbsp;&nbsp;&nbsp;protocol_first
<LI><a href="#[fd87d0]">&gt;&gt;</a>&nbsp;&nbsp;&nbsp;EthernetMACAddrGet
<LI><a href="#[fd8aa0]">&gt;&gt;</a>&nbsp;&nbsp;&nbsp;EthernetConfigSet
<LI><a href="#[fd8ae8]">&gt;&gt;</a>&nbsp;&nbsp;&nbsp;EthernetConfigGet
<LI><a href="#[107ca78]">&gt;&gt;</a>&nbsp;&nbsp;&nbsp;__aeabi_memclr4
<LI><a href="#[107cd90]">&gt;&gt;</a>&nbsp;&nbsp;&nbsp;__aeabi_memcpy
</UL>
<BR>[Called By]<UL><LI><a href="#[b5ed10]">&gt;&gt;</a>&nbsp;&nbsp;&nbsp;SysTickIntHandler
</UL>

<P><STRONG><a name="[b5ed58]"></a>ptpd_tick</STRONG> (Thumb, 8 bytes, Stack size 0 bytes, simpleptidesos.o(.text), UNUSED)
<BR><BR>[Calls]<UL><LI><a href="#[b5db58]">&gt;&gt;</a>&nbsp;&nbsp;&nbsp;protocol_loop
</UL>
<BR>[Called By]<UL><LI><a href="#[b5ed10]">&gt;&gt;</a>&nbsp;&nbsp;&nbsp;SysTickIntHandler
</UL>

<P><STRONG><a name="[b5ed10]"></a>SysTickIntHandler</STRONG> (Thumb, 254 bytes, Stack size 24 bytes, simpleptidesos.o(.text), UNUSED)
<BR><BR>[Calls]<UL><LI><a href="#[b5da80]">&gt;&gt;</a>&nbsp;&nbsp;&nbsp;timerTick
<LI><a href="#[b5dc78]">&gt;&gt;</a>&nbsp;&nbsp;&nbsp;lwip_tick
<LI><a href="#[b5ed58]">&gt;&gt;</a>&nbsp;&nbsp;&nbsp;ptpd_tick
<LI><a href="#[b5eda0]">&gt;&gt;</a>&nbsp;&nbsp;&nbsp;ptpd_init
<LI><a href="#[fd88f0]">&gt;&gt;</a>&nbsp;&nbsp;&nbsp;EthernetIntEnable
<LI><a href="#[10f2630]">&gt;&gt;</a>&nbsp;&nbsp;&nbsp;GPIOPinWrite
<LI><a href="#[115fee0]">&gt;&gt;</a>&nbsp;&nbsp;&nbsp;SysTickPeriodSet
</UL>

<P><STRONG><a name="[b5ecc8]"></a>adjFreq</STRONG> (Thumb, 54 bytes, Stack size 16 bytes, simpleptidesos.o(.text), UNUSED)
<BR><BR>[Called By]<UL><LI><a href="#[1036248]">&gt;&gt;</a>&nbsp;&nbsp;&nbsp;updateClock
<LI><a href="#[1036b48]">&gt;&gt;</a>&nbsp;&nbsp;&nbsp;initClock
</UL>

<P><STRONG><a name="[b5ec80]"></a>getRand</STRONG> (Thumb, 20 bytes, Stack size 8 bytes, simpleptidesos.o(.text), UNUSED)
<BR><BR>[Calls]<UL><LI><a href="#[b5e650]">&gt;&gt;</a>&nbsp;&nbsp;&nbsp;RandomSeed
<LI><a href="#[b5e698]">&gt;&gt;</a>&nbsp;&nbsp;&nbsp;RandomNumber
<LI><a href="#[b5e6e0]">&gt;&gt;</a>&nbsp;&nbsp;&nbsp;RandomAddEntropy
</UL>
<BR>[Called By]<UL><LI><a href="#[1036d88]">&gt;&gt;</a>&nbsp;&nbsp;&nbsp;handleSync
<LI><a href="#[10370a0]">&gt;&gt;</a>&nbsp;&nbsp;&nbsp;toState
</UL>

<P><STRONG><a name="[b5ec38]"></a>displayStats</STRONG> (Thumb, 2 bytes, Stack size 0 bytes, simpleptidesos.o(.text), UNUSED)
<BR><BR>[Called By]<UL><LI><a href="#[1036248]">&gt;&gt;</a>&nbsp;&nbsp;&nbsp;updateClock
<LI><a href="#[10370a0]">&gt;&gt;</a>&nbsp;&nbsp;&nbsp;toState
</UL>

<P><STRONG><a name="[b5dd08]"></a>httpd_init</STRONG> (Thumb, 34 bytes, Stack size 8 bytes, httpd.o(.text))
<BR><BR>[Stack]<UL><LI>Max Depth = 252 + Unknown Stack Size
<LI>Call Chain = httpd_init &rArr; tcp_new &rArr; tcp_alloc &rArr; tcp_abort &rArr; tcp_pcb_remove &rArr; tcp_output &rArr; tcp_output_segment &rArr; ip_output &rArr; ip_output_if &rArr; inet_chksum &rArr; lwip_standard_chksum
</UL>
<BR>[Calls]<UL><LI><a href="#[b5a9b8]">&gt;&gt;</a>&nbsp;&nbsp;&nbsp;tcp_new
<LI><a href="#[b5aa00]">&gt;&gt;</a>&nbsp;&nbsp;&nbsp;tcp_listen
<LI><a href="#[b5aad8]">&gt;&gt;</a>&nbsp;&nbsp;&nbsp;tcp_bind
<LI><a href="#[b5ab68]">&gt;&gt;</a>&nbsp;&nbsp;&nbsp;tcp_accept
</UL>
<BR>[Called By]<UL><LI><a href="#[b5ef50]">&gt;&gt;</a>&nbsp;&nbsp;&nbsp;IEEE1588Init
</UL>

<P><STRONG><a name="[b57fe8]"></a>tcp_init</STRONG> (Thumb, 20 bytes, Stack size 0 bytes, tcp.o(.text))
<BR><BR>[Called By]<UL><LI><a href="#[b5dcc0]">&gt;&gt;</a>&nbsp;&nbsp;&nbsp;lwip_init
</UL>

<P><STRONG><a name="[b57fa0]"></a>tcp_seg_free</STRONG> (Thumb, 32 bytes, Stack size 16 bytes, tcp.o(.text))
<BR><BR>[Stack]<UL><LI>Max Depth = 64 + Unknown Stack Size
<LI>Call Chain = tcp_seg_free &rArr; pbuf_free &rArr; memp_free &rArr; sys_arch_unprotect &rArr; IntMasterEnable
</UL>
<BR>[Calls]<UL><LI><a href="#[b57c40]">&gt;&gt;</a>&nbsp;&nbsp;&nbsp;memp_free
<LI><a href="#[b5ac40]">&gt;&gt;</a>&nbsp;&nbsp;&nbsp;pbuf_free
</UL>
<BR>[Called By]<UL><LI><a href="#[b57f58]">&gt;&gt;</a>&nbsp;&nbsp;&nbsp;tcp_segs_free
<LI><a href="#[b5a970]">&gt;&gt;</a>&nbsp;&nbsp;&nbsp;tcp_output
<LI><a href="#[f7f2e0]">&gt;&gt;</a>&nbsp;&nbsp;&nbsp;tcp_process
<LI><a href="#[f7f370]">&gt;&gt;</a>&nbsp;&nbsp;&nbsp;tcp_receive
</UL>

<P><STRONG><a name="[b57f58]"></a>tcp_segs_free</STRONG> (Thumb, 26 bytes, Stack size 16 bytes, tcp.o(.text))
<BR><BR>[Stack]<UL><LI>Max Depth = 80 + Unknown Stack Size
<LI>Call Chain = tcp_segs_free &rArr; tcp_seg_free &rArr; pbuf_free &rArr; memp_free &rArr; sys_arch_unprotect &rArr; IntMasterEnable
</UL>
<BR>[Calls]<UL><LI><a href="#[b57fa0]">&gt;&gt;</a>&nbsp;&nbsp;&nbsp;tcp_seg_free
</UL>
<BR>[Called By]<UL><LI><a href="#[b57b68]">&gt;&gt;</a>&nbsp;&nbsp;&nbsp;tcp_enqueue
<LI><a href="#[b57e80]">&gt;&gt;</a>&nbsp;&nbsp;&nbsp;tcp_slowtmr
<LI><a href="#[b57f10]">&gt;&gt;</a>&nbsp;&nbsp;&nbsp;tcp_pcb_purge
<LI><a href="#[b5abb0]">&gt;&gt;</a>&nbsp;&nbsp;&nbsp;tcp_abort
</UL>

<P><STRONG><a name="[b57f10]"></a>tcp_pcb_purge</STRONG> (Thumb, 46 bytes, Stack size 16 bytes, tcp.o(.text))
<BR><BR>[Stack]<UL><LI>Max Depth = 96 + Unknown Stack Size
<LI>Call Chain = tcp_pcb_purge &rArr; tcp_segs_free &rArr; tcp_seg_free &rArr; pbuf_free &rArr; memp_free &rArr; sys_arch_unprotect &rArr; IntMasterEnable
</UL>
<BR>[Calls]<UL><LI><a href="#[b57f58]">&gt;&gt;</a>&nbsp;&nbsp;&nbsp;tcp_segs_free
</UL>
<BR>[Called By]<UL><LI><a href="#[b57e80]">&gt;&gt;</a>&nbsp;&nbsp;&nbsp;tcp_slowtmr
<LI><a href="#[b57ec8]">&gt;&gt;</a>&nbsp;&nbsp;&nbsp;tcp_pcb_remove
<LI><a href="#[f7f2e0]">&gt;&gt;</a>&nbsp;&nbsp;&nbsp;tcp_process
</UL>

<P><STRONG><a name="[b57ec8]"></a>tcp_pcb_remove</STRONG> (Thumb, 90 bytes, Stack size 16 bytes, tcp.o(.text))
<BR><BR>[Stack]<UL><LI>Max Depth = 172 + Unknown Stack Size
<LI>Call Chain = tcp_pcb_remove &rArr; tcp_output &rArr; tcp_output_segment &rArr; ip_output &rArr; ip_output_if &rArr; inet_chksum &rArr; lwip_standard_chksum
</UL>
<BR>[Calls]<UL><LI><a href="#[b57f10]">&gt;&gt;</a>&nbsp;&nbsp;&nbsp;tcp_pcb_purge
<LI><a href="#[b5a970]">&gt;&gt;</a>&nbsp;&nbsp;&nbsp;tcp_output
</UL>
<BR>[Called By]<UL><LI><a href="#[b5aa90]">&gt;&gt;</a>&nbsp;&nbsp;&nbsp;tcp_close
<LI><a href="#[b5abb0]">&gt;&gt;</a>&nbsp;&nbsp;&nbsp;tcp_abort
<LI><a href="#[fee860]">&gt;&gt;</a>&nbsp;&nbsp;&nbsp;tcp_input
</UL>

<P><STRONG><a name="[b5abb0]"></a>tcp_abort</STRONG> (Thumb, 142 bytes, Stack size 48 bytes, tcp.o(.text))
<BR><BR>[Stack]<UL><LI>Max Depth = 220 + Unknown Stack Size
<LI>Call Chain = tcp_abort &rArr; tcp_pcb_remove &rArr; tcp_output &rArr; tcp_output_segment &rArr; ip_output &rArr; ip_output_if &rArr; inet_chksum &rArr; lwip_standard_chksum
</UL>
<BR>[Calls]<UL><LI><a href="#[b57a90]">&gt;&gt;</a>&nbsp;&nbsp;&nbsp;tcp_rst
<LI><a href="#[b57c40]">&gt;&gt;</a>&nbsp;&nbsp;&nbsp;memp_free
<LI><a href="#[b57ec8]">&gt;&gt;</a>&nbsp;&nbsp;&nbsp;tcp_pcb_remove
<LI><a href="#[b57f58]">&gt;&gt;</a>&nbsp;&nbsp;&nbsp;tcp_segs_free
</UL>
<BR>[Called By]<UL><LI><a href="#[b57cd0]">&gt;&gt;</a>&nbsp;&nbsp;&nbsp;tcp_alloc
<LI><a href="#[b57e80]">&gt;&gt;</a>&nbsp;&nbsp;&nbsp;tcp_slowtmr
<LI><a href="#[b5bd68]">&gt;&gt;</a>&nbsp;&nbsp;&nbsp;http_poll
<LI><a href="#[f7f2e0]">&gt;&gt;</a>&nbsp;&nbsp;&nbsp;tcp_process
<LI><a href="#[f8d500]">&gt;&gt;</a>&nbsp;&nbsp;&nbsp;netif_set_ipaddr
</UL>

<P><STRONG><a name="[b57e80]"></a>tcp_slowtmr</STRONG> (Thumb, 482 bytes, Stack size 32 bytes, tcp.o(.text), UNUSED)
<BR><BR>[Calls]<UL><LI><a href="#[b57ad8]">&gt;&gt;</a>&nbsp;&nbsp;&nbsp;tcp_rexmit_rto
<LI><a href="#[b57b20]">&gt;&gt;</a>&nbsp;&nbsp;&nbsp;tcp_keepalive
<LI><a href="#[b57c40]">&gt;&gt;</a>&nbsp;&nbsp;&nbsp;memp_free
<LI><a href="#[b57f10]">&gt;&gt;</a>&nbsp;&nbsp;&nbsp;tcp_pcb_purge
<LI><a href="#[b57f58]">&gt;&gt;</a>&nbsp;&nbsp;&nbsp;tcp_segs_free
<LI><a href="#[b5a970]">&gt;&gt;</a>&nbsp;&nbsp;&nbsp;tcp_output
<LI><a href="#[b5abb0]">&gt;&gt;</a>&nbsp;&nbsp;&nbsp;tcp_abort
</UL>
<BR>[Called By]<UL><LI><a href="#[b57df0]">&gt;&gt;</a>&nbsp;&nbsp;&nbsp;tcp_tmr
<LI><a href="#[b5dc78]">&gt;&gt;</a>&nbsp;&nbsp;&nbsp;lwip_tick
</UL>

<P><STRONG><a name="[b57e38]"></a>tcp_fasttmr</STRONG> (Thumb, 44 bytes, Stack size 8 bytes, tcp.o(.text), UNUSED)
<BR><BR>[Calls]<UL><LI><a href="#[b5a970]">&gt;&gt;</a>&nbsp;&nbsp;&nbsp;tcp_output
</UL>
<BR>[Called By]<UL><LI><a href="#[b57df0]">&gt;&gt;</a>&nbsp;&nbsp;&nbsp;tcp_tmr
<LI><a href="#[b5dc78]">&gt;&gt;</a>&nbsp;&nbsp;&nbsp;lwip_tick
</UL>

<P><STRONG><a name="[b57df0]"></a>tcp_tmr</STRONG> (Thumb, 28 bytes, Stack size 8 bytes, tcp.o(.text), UNUSED)
<BR><BR>[Calls]<UL><LI><a href="#[b57e38]">&gt;&gt;</a>&nbsp;&nbsp;&nbsp;tcp_fasttmr
<LI><a href="#[b57e80]">&gt;&gt;</a>&nbsp;&nbsp;&nbsp;tcp_slowtmr
</UL>

<P><STRONG><a name="[b5aa90]"></a>tcp_close</STRONG> (Thumb, 130 bytes, Stack size 16 bytes, tcp.o(.text), UNUSED)
<BR><BR>[Calls]<UL><LI><a href="#[b57a48]">&gt;&gt;</a>&nbsp;&nbsp;&nbsp;tcp_send_ctrl
<LI><a href="#[b57c40]">&gt;&gt;</a>&nbsp;&nbsp;&nbsp;memp_free
<LI><a href="#[b57ec8]">&gt;&gt;</a>&nbsp;&nbsp;&nbsp;tcp_pcb_remove
<LI><a href="#[b5a970]">&gt;&gt;</a>&nbsp;&nbsp;&nbsp;tcp_output
</UL>
<BR>[Called By]<UL><LI><a href="#[b58f18]">&gt;&gt;</a>&nbsp;&nbsp;&nbsp;tcp_recv_null
<LI><a href="#[b5bdf8]">&gt;&gt;</a>&nbsp;&nbsp;&nbsp;close_conn
</UL>

<P><STRONG><a name="[b5aad8]"></a>tcp_bind</STRONG> (Thumb, 116 bytes, Stack size 16 bytes, tcp.o(.text))
<BR><BR>[Stack]<UL><LI>Max Depth = 36<LI>Call Chain = tcp_bind &rArr; tcp_new_port
</UL>
<BR>[Calls]<UL><LI><a href="#[b58fa8]">&gt;&gt;</a>&nbsp;&nbsp;&nbsp;tcp_new_port
<LI><a href="#[107cd90]">&gt;&gt;</a>&nbsp;&nbsp;&nbsp;__aeabi_memcpy
</UL>
<BR>[Called By]<UL><LI><a href="#[b5dd08]">&gt;&gt;</a>&nbsp;&nbsp;&nbsp;httpd_init
</UL>

<P><STRONG><a name="[b5aa00]"></a>tcp_listen</STRONG> (Thumb, 92 bytes, Stack size 16 bytes, tcp.o(.text))
<BR><BR>[Stack]<UL><LI>Max Depth = 40 + Unknown Stack Size
<LI>Call Chain = tcp_listen &rArr; memp_malloc &rArr; sys_arch_unprotect &rArr; IntMasterEnable
</UL>
<BR>[Calls]<UL><LI><a href="#[b57bf8]">&gt;&gt;</a>&nbsp;&nbsp;&nbsp;memp_malloc
<LI><a href="#[b57c40]">&gt;&gt;</a>&nbsp;&nbsp;&nbsp;memp_free
</UL>
<BR>[Called By]<UL><LI><a href="#[b5dd08]">&gt;&gt;</a>&nbsp;&nbsp;&nbsp;httpd_init
</UL>

<P><STRONG><a name="[b5a898]"></a>tcp_recved</STRONG> (Thumb, 70 bytes, Stack size 0 bytes, tcp.o(.text), UNUSED)
<BR><BR>[Calls]<UL><LI><a href="#[b5a970]">&gt;&gt;</a>&nbsp;&nbsp;&nbsp;tcp_output
</UL>
<BR>[Called By]<UL><LI><a href="#[b5bcd8]">&gt;&gt;</a>&nbsp;&nbsp;&nbsp;http_recv
</UL>

<P><STRONG><a name="[b57da8]"></a>tcp_next_iss</STRONG> (Thumb, 12 bytes, Stack size 0 bytes, tcp.o(.text))
<BR><BR>[Called By]<UL><LI><a href="#[b57cd0]">&gt;&gt;</a>&nbsp;&nbsp;&nbsp;tcp_alloc
<LI><a href="#[b57d60]">&gt;&gt;</a>&nbsp;&nbsp;&nbsp;tcp_connect
</UL>

<P><STRONG><a name="[b57d60]"></a>tcp_connect</STRONG> (Thumb, 142 bytes, Stack size 32 bytes, tcp.o(.text), UNUSED)
<BR><BR>[Calls]<UL><LI><a href="#[b57b68]">&gt;&gt;</a>&nbsp;&nbsp;&nbsp;tcp_enqueue
<LI><a href="#[b57c88]">&gt;&gt;</a>&nbsp;&nbsp;&nbsp;htonl
<LI><a href="#[b57da8]">&gt;&gt;</a>&nbsp;&nbsp;&nbsp;tcp_next_iss
<LI><a href="#[b58fa8]">&gt;&gt;</a>&nbsp;&nbsp;&nbsp;tcp_new_port
<LI><a href="#[b5a970]">&gt;&gt;</a>&nbsp;&nbsp;&nbsp;tcp_output
<LI><a href="#[107cd90]">&gt;&gt;</a>&nbsp;&nbsp;&nbsp;__aeabi_memcpy
</UL>

<P><STRONG><a name="[b5a808]"></a>tcp_setprio</STRONG> (Thumb, 4 bytes, Stack size 0 bytes, tcp.o(.text), UNUSED)
<BR><BR>[Called By]<UL><LI><a href="#[b5bc90]">&gt;&gt;</a>&nbsp;&nbsp;&nbsp;http_accept
</UL>

<P><STRONG><a name="[b57d18]"></a>tcp_seg_copy</STRONG> (Thumb, 34 bytes, Stack size 16 bytes, tcp.o(.text))
<BR><BR>[Stack]<UL><LI>Max Depth = 40 + Unknown Stack Size
<LI>Call Chain = tcp_seg_copy &rArr; memp_malloc &rArr; sys_arch_unprotect &rArr; IntMasterEnable
</UL>
<BR>[Calls]<UL><LI><a href="#[b57bb0]">&gt;&gt;</a>&nbsp;&nbsp;&nbsp;pbuf_ref
<LI><a href="#[b57bf8]">&gt;&gt;</a>&nbsp;&nbsp;&nbsp;memp_malloc
<LI><a href="#[107cd48]">&gt;&gt;</a>&nbsp;&nbsp;&nbsp;__aeabi_memcpy4
</UL>
<BR>[Called By]<UL><LI><a href="#[f7f370]">&gt;&gt;</a>&nbsp;&nbsp;&nbsp;tcp_receive
</UL>

<P><STRONG><a name="[b57cd0]"></a>tcp_alloc</STRONG> (Thumb, 230 bytes, Stack size 24 bytes, tcp.o(.text))
<BR><BR>[Stack]<UL><LI>Max Depth = 244 + Unknown Stack Size
<LI>Call Chain = tcp_alloc &rArr; tcp_abort &rArr; tcp_pcb_remove &rArr; tcp_output &rArr; tcp_output_segment &rArr; ip_output &rArr; ip_output_if &rArr; inet_chksum &rArr; lwip_standard_chksum
</UL>
<BR>[Calls]<UL><LI><a href="#[b57bf8]">&gt;&gt;</a>&nbsp;&nbsp;&nbsp;memp_malloc
<LI><a href="#[b57da8]">&gt;&gt;</a>&nbsp;&nbsp;&nbsp;tcp_next_iss
<LI><a href="#[b5abb0]">&gt;&gt;</a>&nbsp;&nbsp;&nbsp;tcp_abort
<LI><a href="#[107ca78]">&gt;&gt;</a>&nbsp;&nbsp;&nbsp;__aeabi_memclr4
</UL>
<BR>[Called By]<UL><LI><a href="#[b5a9b8]">&gt;&gt;</a>&nbsp;&nbsp;&nbsp;tcp_new
<LI><a href="#[f7f298]">&gt;&gt;</a>&nbsp;&nbsp;&nbsp;tcp_listen_input
</UL>

<P><STRONG><a name="[b5a9b8]"></a>tcp_new</STRONG> (Thumb, 4 bytes, Stack size 0 bytes, tcp.o(.text))
<BR><BR>[Stack]<UL><LI>Max Depth = 244 + Unknown Stack Size
<LI>Call Chain = tcp_new &rArr; tcp_alloc &rArr; tcp_abort &rArr; tcp_pcb_remove &rArr; tcp_output &rArr; tcp_output_segment &rArr; ip_output &rArr; ip_output_if &rArr; inet_chksum &rArr; lwip_standard_chksum
</UL>
<BR>[Calls]<UL><LI><a href="#[b57cd0]">&gt;&gt;</a>&nbsp;&nbsp;&nbsp;tcp_alloc
</UL>
<BR>[Called By]<UL><LI><a href="#[b5dd08]">&gt;&gt;</a>&nbsp;&nbsp;&nbsp;httpd_init
</UL>

<P><STRONG><a name="[b5ab20]"></a>tcp_arg</STRONG> (Thumb, 4 bytes, Stack size 0 bytes, tcp.o(.text), UNUSED)
<BR><BR>[Called By]<UL><LI><a href="#[b5bc90]">&gt;&gt;</a>&nbsp;&nbsp;&nbsp;http_accept
<LI><a href="#[b5bdf8]">&gt;&gt;</a>&nbsp;&nbsp;&nbsp;close_conn
</UL>

<P><STRONG><a name="[b5a8e0]"></a>tcp_recv</STRONG> (Thumb, 6 bytes, Stack size 0 bytes, tcp.o(.text), UNUSED)
<BR><BR>[Called By]<UL><LI><a href="#[b5bc90]">&gt;&gt;</a>&nbsp;&nbsp;&nbsp;http_accept
<LI><a href="#[b5bdf8]">&gt;&gt;</a>&nbsp;&nbsp;&nbsp;close_conn
</UL>

<P><STRONG><a name="[b5a850]"></a>tcp_sent</STRONG> (Thumb, 4 bytes, Stack size 0 bytes, tcp.o(.text), UNUSED)
<BR><BR>[Called By]<UL><LI><a href="#[b5bcd8]">&gt;&gt;</a>&nbsp;&nbsp;&nbsp;http_recv
<LI><a href="#[b5bdf8]">&gt;&gt;</a>&nbsp;&nbsp;&nbsp;close_conn
</UL>

<P><STRONG><a name="[b5aa48]"></a>tcp_err</STRONG> (Thumb, 6 bytes, Stack size 0 bytes, tcp.o(.text), UNUSED)
<BR><BR>[Called By]<UL><LI><a href="#[b5bc90]">&gt;&gt;</a>&nbsp;&nbsp;&nbsp;http_accept
</UL>

<P><STRONG><a name="[b5ab68]"></a>tcp_accept</STRONG> (Thumb, 4 bytes, Stack size 0 bytes, tcp.o(.text))
<BR><BR>[Called By]<UL><LI><a href="#[b5dd08]">&gt;&gt;</a>&nbsp;&nbsp;&nbsp;httpd_init
</UL>

<P><STRONG><a name="[b5a928]"></a>tcp_poll</STRONG> (Thumb, 8 bytes, Stack size 0 bytes, tcp.o(.text), UNUSED)
<BR><BR>[Called By]<UL><LI><a href="#[b5bc90]">&gt;&gt;</a>&nbsp;&nbsp;&nbsp;http_accept
</UL>

<P><STRONG><a name="[b55a08]"></a>udp_init</STRONG> (Thumb, 10 bytes, Stack size 0 bytes, udp.o(.text))
<BR><BR>[Called By]<UL><LI><a href="#[b5dcc0]">&gt;&gt;</a>&nbsp;&nbsp;&nbsp;lwip_init
</UL>

<P><STRONG><a name="[b559c0]"></a>udp_input</STRONG> (Thumb, 398 bytes, Stack size 56 bytes, udp.o(.text))
<BR><BR>[Stack]<UL><LI>Max Depth = 180 + Unknown Stack Size
<LI>Call Chain = udp_input &rArr; icmp_dest_unreach &rArr; ip_output &rArr; ip_output_if &rArr; inet_chksum &rArr; lwip_standard_chksum
</UL>
<BR>[Calls]<UL><LI><a href="#[b55420]">&gt;&gt;</a>&nbsp;&nbsp;&nbsp;pbuf_header
<LI><a href="#[b554f8]">&gt;&gt;</a>&nbsp;&nbsp;&nbsp;ntohs
<LI><a href="#[b55540]">&gt;&gt;</a>&nbsp;&nbsp;&nbsp;ntohl
<LI><a href="#[b55660]">&gt;&gt;</a>&nbsp;&nbsp;&nbsp;ip_addr_isbroadcast
<LI><a href="#[b556a8]">&gt;&gt;</a>&nbsp;&nbsp;&nbsp;inet_chksum_pseudo
<LI><a href="#[b556f0]">&gt;&gt;</a>&nbsp;&nbsp;&nbsp;icmp_dest_unreach
<LI><a href="#[b5ac40]">&gt;&gt;</a>&nbsp;&nbsp;&nbsp;pbuf_free
</UL>
<BR>[Called By]<UL><LI><a href="#[fe5ad8]">&gt;&gt;</a>&nbsp;&nbsp;&nbsp;ip_input
</UL>

<P><STRONG><a name="[b55978]"></a>udp_bind</STRONG> (Thumb, 86 bytes, Stack size 20 bytes, udp.o(.text))
<BR><BR>[Stack]<UL><LI>Max Depth = 20<LI>Call Chain = udp_bind
</UL>
<BR>[Called By]<UL><LI><a href="#[b53d90]">&gt;&gt;</a>&nbsp;&nbsp;&nbsp;dhcp_decline
<LI><a href="#[b53dd8]">&gt;&gt;</a>&nbsp;&nbsp;&nbsp;dhcp_discover
<LI><a href="#[b53f40]">&gt;&gt;</a>&nbsp;&nbsp;&nbsp;dhcp_rebind
<LI><a href="#[b53fd0]">&gt;&gt;</a>&nbsp;&nbsp;&nbsp;dhcp_select
<LI><a href="#[b558a0]">&gt;&gt;</a>&nbsp;&nbsp;&nbsp;udp_connect
<LI><a href="#[b55930]">&gt;&gt;</a>&nbsp;&nbsp;&nbsp;udp_send
<LI><a href="#[f8d6f8]">&gt;&gt;</a>&nbsp;&nbsp;&nbsp;dhcp_inform
<LI><a href="#[f8d818]">&gt;&gt;</a>&nbsp;&nbsp;&nbsp;dhcp_release
<LI><a href="#[f8d8a8]">&gt;&gt;</a>&nbsp;&nbsp;&nbsp;dhcp_renew
<LI><a href="#[1036638]">&gt;&gt;</a>&nbsp;&nbsp;&nbsp;netInit
</UL>

<P><STRONG><a name="[b55930]"></a>udp_send</STRONG> (Thumb, 272 bytes, Stack size 48 bytes, udp.o(.text))
<BR><BR>[Stack]<UL><LI>Max Depth = 128 + Unknown Stack Size
<LI>Call Chain = udp_send &rArr; pbuf_alloc &rArr; pbuf_free &rArr; memp_free &rArr; sys_arch_unprotect &rArr; IntMasterEnable
</UL>
<BR>[Calls]<UL><LI><a href="#[b55420]">&gt;&gt;</a>&nbsp;&nbsp;&nbsp;pbuf_header
<LI><a href="#[b55468]">&gt;&gt;</a>&nbsp;&nbsp;&nbsp;pbuf_chain
<LI><a href="#[b554b0]">&gt;&gt;</a>&nbsp;&nbsp;&nbsp;pbuf_alloc
<LI><a href="#[b555d0]">&gt;&gt;</a>&nbsp;&nbsp;&nbsp;ip_route
<LI><a href="#[b55618]">&gt;&gt;</a>&nbsp;&nbsp;&nbsp;ip_output_if
<LI><a href="#[b556a8]">&gt;&gt;</a>&nbsp;&nbsp;&nbsp;inet_chksum_pseudo
<LI><a href="#[b55738]">&gt;&gt;</a>&nbsp;&nbsp;&nbsp;htons
<LI><a href="#[b55978]">&gt;&gt;</a>&nbsp;&nbsp;&nbsp;udp_bind
<LI><a href="#[b5ac40]">&gt;&gt;</a>&nbsp;&nbsp;&nbsp;pbuf_free
</UL>
<BR>[Called By]<UL><LI><a href="#[b53fd0]">&gt;&gt;</a>&nbsp;&nbsp;&nbsp;dhcp_select
<LI><a href="#[b558e8]">&gt;&gt;</a>&nbsp;&nbsp;&nbsp;udp_sendto
<LI><a href="#[f8d6f8]">&gt;&gt;</a>&nbsp;&nbsp;&nbsp;dhcp_inform
<LI><a href="#[f8d818]">&gt;&gt;</a>&nbsp;&nbsp;&nbsp;dhcp_release
<LI><a href="#[f8d8a8]">&gt;&gt;</a>&nbsp;&nbsp;&nbsp;dhcp_renew
</UL>

<P><STRONG><a name="[b558e8]"></a>udp_sendto</STRONG> (Thumb, 26 bytes, Stack size 16 bytes, udp.o(.text))
<BR><BR>[Stack]<UL><LI>Max Depth = 144 + Unknown Stack Size
<LI>Call Chain = udp_sendto &rArr; udp_send &rArr; pbuf_alloc &rArr; pbuf_free &rArr; memp_free &rArr; sys_arch_unprotect &rArr; IntMasterEnable
</UL>
<BR>[Calls]<UL><LI><a href="#[b55930]">&gt;&gt;</a>&nbsp;&nbsp;&nbsp;udp_send
</UL>
<BR>[Called By]<UL><LI><a href="#[b53d90]">&gt;&gt;</a>&nbsp;&nbsp;&nbsp;dhcp_decline
<LI><a href="#[b53dd8]">&gt;&gt;</a>&nbsp;&nbsp;&nbsp;dhcp_discover
<LI><a href="#[b53f40]">&gt;&gt;</a>&nbsp;&nbsp;&nbsp;dhcp_rebind
<LI><a href="#[10364d0]">&gt;&gt;</a>&nbsp;&nbsp;&nbsp;netSendGeneral
<LI><a href="#[1036518]">&gt;&gt;</a>&nbsp;&nbsp;&nbsp;netSendEvent
</UL>

<P><STRONG><a name="[b558a0]"></a>udp_connect</STRONG> (Thumb, 72 bytes, Stack size 16 bytes, udp.o(.text))
<BR><BR>[Stack]<UL><LI>Max Depth = 36<LI>Call Chain = udp_connect &rArr; udp_bind
</UL>
<BR>[Calls]<UL><LI><a href="#[b55978]">&gt;&gt;</a>&nbsp;&nbsp;&nbsp;udp_bind
</UL>
<BR>[Called By]<UL><LI><a href="#[b53d90]">&gt;&gt;</a>&nbsp;&nbsp;&nbsp;dhcp_decline
<LI><a href="#[b53dd8]">&gt;&gt;</a>&nbsp;&nbsp;&nbsp;dhcp_discover
<LI><a href="#[b53f40]">&gt;&gt;</a>&nbsp;&nbsp;&nbsp;dhcp_rebind
<LI><a href="#[b53fd0]">&gt;&gt;</a>&nbsp;&nbsp;&nbsp;dhcp_select
<LI><a href="#[f8d6f8]">&gt;&gt;</a>&nbsp;&nbsp;&nbsp;dhcp_inform
<LI><a href="#[f8d818]">&gt;&gt;</a>&nbsp;&nbsp;&nbsp;dhcp_release
<LI><a href="#[f8d8a8]">&gt;&gt;</a>&nbsp;&nbsp;&nbsp;dhcp_renew
<LI><a href="#[1036638]">&gt;&gt;</a>&nbsp;&nbsp;&nbsp;netInit
</UL>

<P><STRONG><a name="[b55858]"></a>udp_disconnect</STRONG> (Thumb, 20 bytes, Stack size 0 bytes, udp.o(.text), UNUSED)
<BR><BR>[Called By]<UL><LI><a href="#[1036488]">&gt;&gt;</a>&nbsp;&nbsp;&nbsp;netShutdown
<LI><a href="#[1036638]">&gt;&gt;</a>&nbsp;&nbsp;&nbsp;netInit
</UL>

<P><STRONG><a name="[b55810]"></a>udp_recv</STRONG> (Thumb, 6 bytes, Stack size 0 bytes, udp.o(.text))
<BR><BR>[Called By]<UL><LI><a href="#[b53dd8]">&gt;&gt;</a>&nbsp;&nbsp;&nbsp;dhcp_discover
<LI><a href="#[1036638]">&gt;&gt;</a>&nbsp;&nbsp;&nbsp;netInit
</UL>

<P><STRONG><a name="[b557c8]"></a>udp_remove</STRONG> (Thumb, 40 bytes, Stack size 0 bytes, udp.o(.text))
<BR><BR>[Stack]<UL><LI>Max Depth = 24 + Unknown Stack Size
<LI>Call Chain = udp_remove &rArr; memp_free &rArr; sys_arch_unprotect &rArr; IntMasterEnable
</UL>
<BR>[Calls]<UL><LI><a href="#[b57c40]">&gt;&gt;</a>&nbsp;&nbsp;&nbsp;memp_free
</UL>
<BR>[Called By]<UL><LI><a href="#[f8d6f8]">&gt;&gt;</a>&nbsp;&nbsp;&nbsp;dhcp_inform
<LI><a href="#[f8d788]">&gt;&gt;</a>&nbsp;&nbsp;&nbsp;dhcp_stop
<LI><a href="#[1036488]">&gt;&gt;</a>&nbsp;&nbsp;&nbsp;netShutdown
<LI><a href="#[1036638]">&gt;&gt;</a>&nbsp;&nbsp;&nbsp;netInit
</UL>

<P><STRONG><a name="[b55780]"></a>udp_new</STRONG> (Thumb, 28 bytes, Stack size 8 bytes, udp.o(.text))
<BR><BR>[Stack]<UL><LI>Max Depth = 32 + Unknown Stack Size
<LI>Call Chain = udp_new &rArr; memp_malloc &rArr; sys_arch_unprotect &rArr; IntMasterEnable
</UL>
<BR>[Calls]<UL><LI><a href="#[b57bf8]">&gt;&gt;</a>&nbsp;&nbsp;&nbsp;memp_malloc
<LI><a href="#[107ca78]">&gt;&gt;</a>&nbsp;&nbsp;&nbsp;__aeabi_memclr4
</UL>
<BR>[Called By]<UL><LI><a href="#[f8d6f8]">&gt;&gt;</a>&nbsp;&nbsp;&nbsp;dhcp_inform
<LI><a href="#[f8d740]">&gt;&gt;</a>&nbsp;&nbsp;&nbsp;dhcp_start
<LI><a href="#[1036638]">&gt;&gt;</a>&nbsp;&nbsp;&nbsp;netInit
</UL>

<P><STRONG><a name="[f8d8a8]"></a>dhcp_renew</STRONG> (Thumb, 160 bytes, Stack size 16 bytes, dhcp.o(.text), UNUSED)
<BR><BR>[Calls]<UL><LI><a href="#[b53c70]">&gt;&gt;</a>&nbsp;&nbsp;&nbsp;dhcp_option
<LI><a href="#[b53cb8]">&gt;&gt;</a>&nbsp;&nbsp;&nbsp;dhcp_option_byte
<LI><a href="#[b53d00]">&gt;&gt;</a>&nbsp;&nbsp;&nbsp;dhcp_delete_request
<LI><a href="#[b53d48]">&gt;&gt;</a>&nbsp;&nbsp;&nbsp;dhcp_set_state
<LI><a href="#[b54018]">&gt;&gt;</a>&nbsp;&nbsp;&nbsp;dhcp_create_request
<LI><a href="#[b54060]">&gt;&gt;</a>&nbsp;&nbsp;&nbsp;dhcp_option_short
<LI><a href="#[b540f0]">&gt;&gt;</a>&nbsp;&nbsp;&nbsp;dhcp_option_trailer
<LI><a href="#[b558a0]">&gt;&gt;</a>&nbsp;&nbsp;&nbsp;udp_connect
<LI><a href="#[b55930]">&gt;&gt;</a>&nbsp;&nbsp;&nbsp;udp_send
<LI><a href="#[b55978]">&gt;&gt;</a>&nbsp;&nbsp;&nbsp;udp_bind
<LI><a href="#[f8d428]">&gt;&gt;</a>&nbsp;&nbsp;&nbsp;pbuf_realloc
</UL>
<BR>[Called By]<UL><LI><a href="#[b53b98]">&gt;&gt;</a>&nbsp;&nbsp;&nbsp;dhcp_timeout
<LI><a href="#[f8d860]">&gt;&gt;</a>&nbsp;&nbsp;&nbsp;dhcp_coarse_tmr
</UL>

<P><STRONG><a name="[f8d860]"></a>dhcp_coarse_tmr</STRONG> (Thumb, 88 bytes, Stack size 8 bytes, dhcp.o(.text), UNUSED)
<BR><BR>[Calls]<UL><LI><a href="#[b53f40]">&gt;&gt;</a>&nbsp;&nbsp;&nbsp;dhcp_rebind
<LI><a href="#[f8d8a8]">&gt;&gt;</a>&nbsp;&nbsp;&nbsp;dhcp_renew
</UL>
<BR>[Called By]<UL><LI><a href="#[b5dc78]">&gt;&gt;</a>&nbsp;&nbsp;&nbsp;lwip_tick
</UL>

<P><STRONG><a name="[f8d818]"></a>dhcp_release</STRONG> (Thumb, 190 bytes, Stack size 16 bytes, dhcp.o(.text), UNUSED)
<BR><BR>[Calls]<UL><LI><a href="#[b53c70]">&gt;&gt;</a>&nbsp;&nbsp;&nbsp;dhcp_option
<LI><a href="#[b53cb8]">&gt;&gt;</a>&nbsp;&nbsp;&nbsp;dhcp_option_byte
<LI><a href="#[b53d00]">&gt;&gt;</a>&nbsp;&nbsp;&nbsp;dhcp_delete_request
<LI><a href="#[b53d48]">&gt;&gt;</a>&nbsp;&nbsp;&nbsp;dhcp_set_state
<LI><a href="#[b54018]">&gt;&gt;</a>&nbsp;&nbsp;&nbsp;dhcp_create_request
<LI><a href="#[b540f0]">&gt;&gt;</a>&nbsp;&nbsp;&nbsp;dhcp_option_trailer
<LI><a href="#[b558a0]">&gt;&gt;</a>&nbsp;&nbsp;&nbsp;udp_connect
<LI><a href="#[b55930]">&gt;&gt;</a>&nbsp;&nbsp;&nbsp;udp_send
<LI><a href="#[b55978]">&gt;&gt;</a>&nbsp;&nbsp;&nbsp;udp_bind
<LI><a href="#[f8d428]">&gt;&gt;</a>&nbsp;&nbsp;&nbsp;pbuf_realloc
<LI><a href="#[f8d4b8]">&gt;&gt;</a>&nbsp;&nbsp;&nbsp;netif_set_netmask
<LI><a href="#[f8d500]">&gt;&gt;</a>&nbsp;&nbsp;&nbsp;netif_set_ipaddr
<LI><a href="#[f8d548]">&gt;&gt;</a>&nbsp;&nbsp;&nbsp;netif_set_gw
<LI><a href="#[f8d590]">&gt;&gt;</a>&nbsp;&nbsp;&nbsp;netif_set_down
</UL>
<BR>[Called By]<UL><LI><a href="#[b53b98]">&gt;&gt;</a>&nbsp;&nbsp;&nbsp;dhcp_timeout
</UL>

<P><STRONG><a name="[f8d7d0]"></a>dhcp_fine_tmr</STRONG> (Thumb, 46 bytes, Stack size 16 bytes, dhcp.o(.text), UNUSED)
<BR><BR>[Calls]<UL><LI><a href="#[b53b98]">&gt;&gt;</a>&nbsp;&nbsp;&nbsp;dhcp_timeout
</UL>
<BR>[Called By]<UL><LI><a href="#[b5dc78]">&gt;&gt;</a>&nbsp;&nbsp;&nbsp;lwip_tick
</UL>

<P><STRONG><a name="[f8d788]"></a>dhcp_stop</STRONG> (Thumb, 64 bytes, Stack size 16 bytes, dhcp.o(.text))
<BR><BR>[Stack]<UL><LI>Max Depth = 64 + Unknown Stack Size
<LI>Call Chain = dhcp_stop &rArr; pbuf_free &rArr; memp_free &rArr; sys_arch_unprotect &rArr; IntMasterEnable
</UL>
<BR>[Calls]<UL><LI><a href="#[b53e68]">&gt;&gt;</a>&nbsp;&nbsp;&nbsp;dhcp_free_reply
<LI><a href="#[b557c8]">&gt;&gt;</a>&nbsp;&nbsp;&nbsp;udp_remove
<LI><a href="#[b5ac40]">&gt;&gt;</a>&nbsp;&nbsp;&nbsp;pbuf_free
<LI><a href="#[b5acd0]">&gt;&gt;</a>&nbsp;&nbsp;&nbsp;mem_free
</UL>
<BR>[Called By]<UL><LI><a href="#[b5dc78]">&gt;&gt;</a>&nbsp;&nbsp;&nbsp;lwip_tick
<LI><a href="#[f8d740]">&gt;&gt;</a>&nbsp;&nbsp;&nbsp;dhcp_start
</UL>

<P><STRONG><a name="[f8d740]"></a>dhcp_start</STRONG> (Thumb, 94 bytes, Stack size 16 bytes, dhcp.o(.text))
<BR><BR>[Stack]<UL><LI>Max Depth = 176 + Unknown Stack Size
<LI>Call Chain = dhcp_start &rArr; dhcp_discover &rArr; udp_sendto &rArr; udp_send &rArr; pbuf_alloc &rArr; pbuf_free &rArr; memp_free &rArr; sys_arch_unprotect &rArr; IntMasterEnable
</UL>
<BR>[Calls]<UL><LI><a href="#[b53dd8]">&gt;&gt;</a>&nbsp;&nbsp;&nbsp;dhcp_discover
<LI><a href="#[b55780]">&gt;&gt;</a>&nbsp;&nbsp;&nbsp;udp_new
<LI><a href="#[b5ac88]">&gt;&gt;</a>&nbsp;&nbsp;&nbsp;mem_malloc
<LI><a href="#[b5acd0]">&gt;&gt;</a>&nbsp;&nbsp;&nbsp;mem_free
<LI><a href="#[f8d788]">&gt;&gt;</a>&nbsp;&nbsp;&nbsp;dhcp_stop
<LI><a href="#[107ca78]">&gt;&gt;</a>&nbsp;&nbsp;&nbsp;__aeabi_memclr4
</UL>
<BR>[Called By]<UL><LI><a href="#[b5dcc0]">&gt;&gt;</a>&nbsp;&nbsp;&nbsp;lwip_init
</UL>

<P><STRONG><a name="[f8d6f8]"></a>dhcp_inform</STRONG> (Thumb, 172 bytes, Stack size 16 bytes, dhcp.o(.text), UNUSED)
<BR><BR>[Calls]<UL><LI><a href="#[b53c70]">&gt;&gt;</a>&nbsp;&nbsp;&nbsp;dhcp_option
<LI><a href="#[b53cb8]">&gt;&gt;</a>&nbsp;&nbsp;&nbsp;dhcp_option_byte
<LI><a href="#[b53d00]">&gt;&gt;</a>&nbsp;&nbsp;&nbsp;dhcp_delete_request
<LI><a href="#[b54018]">&gt;&gt;</a>&nbsp;&nbsp;&nbsp;dhcp_create_request
<LI><a href="#[b54060]">&gt;&gt;</a>&nbsp;&nbsp;&nbsp;dhcp_option_short
<LI><a href="#[b540f0]">&gt;&gt;</a>&nbsp;&nbsp;&nbsp;dhcp_option_trailer
<LI><a href="#[b55780]">&gt;&gt;</a>&nbsp;&nbsp;&nbsp;udp_new
<LI><a href="#[b557c8]">&gt;&gt;</a>&nbsp;&nbsp;&nbsp;udp_remove
<LI><a href="#[b558a0]">&gt;&gt;</a>&nbsp;&nbsp;&nbsp;udp_connect
<LI><a href="#[b55930]">&gt;&gt;</a>&nbsp;&nbsp;&nbsp;udp_send
<LI><a href="#[b55978]">&gt;&gt;</a>&nbsp;&nbsp;&nbsp;udp_bind
<LI><a href="#[b5ac88]">&gt;&gt;</a>&nbsp;&nbsp;&nbsp;mem_malloc
<LI><a href="#[b5acd0]">&gt;&gt;</a>&nbsp;&nbsp;&nbsp;mem_free
<LI><a href="#[f8d428]">&gt;&gt;</a>&nbsp;&nbsp;&nbsp;pbuf_realloc
<LI><a href="#[107ca78]">&gt;&gt;</a>&nbsp;&nbsp;&nbsp;__aeabi_memclr4
</UL>

<P><STRONG><a name="[f8d6b0]"></a>dhcp_arp_reply</STRONG> (Thumb, 24 bytes, Stack size 0 bytes, dhcp.o(.text), UNUSED)
<BR><BR>[Calls]<UL><LI><a href="#[b53d90]">&gt;&gt;</a>&nbsp;&nbsp;&nbsp;dhcp_decline
</UL>
<BR>[Called By]<UL><LI><a href="#[fe2080]">&gt;&gt;</a>&nbsp;&nbsp;&nbsp;etharp_arp_input
</UL>

<P><STRONG><a name="[b55738]"></a>htons</STRONG> (Thumb, 4 bytes, Stack size 0 bytes, inet.o(.text))
<BR><BR>[Called By]<UL><LI><a href="#[b55618]">&gt;&gt;</a>&nbsp;&nbsp;&nbsp;ip_output_if
<LI><a href="#[b556f0]">&gt;&gt;</a>&nbsp;&nbsp;&nbsp;icmp_dest_unreach
<LI><a href="#[b55930]">&gt;&gt;</a>&nbsp;&nbsp;&nbsp;udp_send
<LI><a href="#[b57a90]">&gt;&gt;</a>&nbsp;&nbsp;&nbsp;tcp_rst
<LI><a href="#[b57b20]">&gt;&gt;</a>&nbsp;&nbsp;&nbsp;tcp_keepalive
<LI><a href="#[b57b68]">&gt;&gt;</a>&nbsp;&nbsp;&nbsp;tcp_enqueue
<LI><a href="#[b5a970]">&gt;&gt;</a>&nbsp;&nbsp;&nbsp;tcp_output
<LI><a href="#[f8d668]">&gt;&gt;</a>&nbsp;&nbsp;&nbsp;etharp_query
<LI><a href="#[fe1ff0]">&gt;&gt;</a>&nbsp;&nbsp;&nbsp;etharp_output
<LI><a href="#[fe2038]">&gt;&gt;</a>&nbsp;&nbsp;&nbsp;etharp_request
<LI><a href="#[fe2080]">&gt;&gt;</a>&nbsp;&nbsp;&nbsp;etharp_arp_input
<LI><a href="#[fe2e90]">&gt;&gt;</a>&nbsp;&nbsp;&nbsp;update_arp_entry
<LI><a href="#[fe5ad8]">&gt;&gt;</a>&nbsp;&nbsp;&nbsp;ip_input
<LI><a href="#[fe8680]">&gt;&gt;</a>&nbsp;&nbsp;&nbsp;icmp_input
<LI><a href="#[fed498]">&gt;&gt;</a>&nbsp;&nbsp;&nbsp;tcp_output_segment
<LI><a href="#[103dfa8]">&gt;&gt;</a>&nbsp;&nbsp;&nbsp;ethernetif_dequeue
<LI><a href="#[103e038]">&gt;&gt;</a>&nbsp;&nbsp;&nbsp;ethernetif_input
</UL>

<P><STRONG><a name="[b556a8]"></a>inet_chksum_pseudo</STRONG> (Thumb, 138 bytes, Stack size 28 bytes, inet.o(.text))
<BR><BR>[Stack]<UL><LI>Max Depth = 36<LI>Call Chain = inet_chksum_pseudo &rArr; lwip_standard_chksum
</UL>
<BR>[Calls]<UL><LI><a href="#[f8c810]">&gt;&gt;</a>&nbsp;&nbsp;&nbsp;lwip_standard_chksum
</UL>
<BR>[Called By]<UL><LI><a href="#[b55930]">&gt;&gt;</a>&nbsp;&nbsp;&nbsp;udp_send
<LI><a href="#[b559c0]">&gt;&gt;</a>&nbsp;&nbsp;&nbsp;udp_input
<LI><a href="#[b57a90]">&gt;&gt;</a>&nbsp;&nbsp;&nbsp;tcp_rst
<LI><a href="#[b57b20]">&gt;&gt;</a>&nbsp;&nbsp;&nbsp;tcp_keepalive
<LI><a href="#[b5a970]">&gt;&gt;</a>&nbsp;&nbsp;&nbsp;tcp_output
<LI><a href="#[fed498]">&gt;&gt;</a>&nbsp;&nbsp;&nbsp;tcp_output_segment
<LI><a href="#[fee860]">&gt;&gt;</a>&nbsp;&nbsp;&nbsp;tcp_input
</UL>

<P><STRONG><a name="[f8c0c0]"></a>inet_chksum</STRONG> (Thumb, 24 bytes, Stack size 4 bytes, inet.o(.text))
<BR><BR>[Stack]<UL><LI>Max Depth = 12<LI>Call Chain = inet_chksum &rArr; lwip_standard_chksum
</UL>
<BR>[Calls]<UL><LI><a href="#[f8c810]">&gt;&gt;</a>&nbsp;&nbsp;&nbsp;lwip_standard_chksum
</UL>
<BR>[Called By]<UL><LI><a href="#[b55618]">&gt;&gt;</a>&nbsp;&nbsp;&nbsp;ip_output_if
<LI><a href="#[b556f0]">&gt;&gt;</a>&nbsp;&nbsp;&nbsp;icmp_dest_unreach
<LI><a href="#[fe5ad8]">&gt;&gt;</a>&nbsp;&nbsp;&nbsp;ip_input
</UL>

<P><STRONG><a name="[f8c078]"></a>inet_chksum_pbuf</STRONG> (Thumb, 70 bytes, Stack size 16 bytes, inet.o(.text))
<BR><BR>[Stack]<UL><LI>Max Depth = 24<LI>Call Chain = inet_chksum_pbuf &rArr; lwip_standard_chksum
</UL>
<BR>[Calls]<UL><LI><a href="#[f8c810]">&gt;&gt;</a>&nbsp;&nbsp;&nbsp;lwip_standard_chksum
</UL>
<BR>[Called By]<UL><LI><a href="#[fe8680]">&gt;&gt;</a>&nbsp;&nbsp;&nbsp;icmp_input
</UL>

<P><STRONG><a name="[b57c88]"></a>htonl</STRONG> (Thumb, 4 bytes, Stack size 0 bytes, inet.o(.text))
<BR><BR>[Called By]<UL><LI><a href="#[b53e20]">&gt;&gt;</a>&nbsp;&nbsp;&nbsp;dhcp_recv
<LI><a href="#[b53eb0]">&gt;&gt;</a>&nbsp;&nbsp;&nbsp;dhcp_handle_ack
<LI><a href="#[b53ef8]">&gt;&gt;</a>&nbsp;&nbsp;&nbsp;dhcp_bind
<LI><a href="#[b54018]">&gt;&gt;</a>&nbsp;&nbsp;&nbsp;dhcp_create_request
<LI><a href="#[b57a90]">&gt;&gt;</a>&nbsp;&nbsp;&nbsp;tcp_rst
<LI><a href="#[b57b20]">&gt;&gt;</a>&nbsp;&nbsp;&nbsp;tcp_keepalive
<LI><a href="#[b57b68]">&gt;&gt;</a>&nbsp;&nbsp;&nbsp;tcp_enqueue
<LI><a href="#[b57d60]">&gt;&gt;</a>&nbsp;&nbsp;&nbsp;tcp_connect
<LI><a href="#[b5a970]">&gt;&gt;</a>&nbsp;&nbsp;&nbsp;tcp_output
<LI><a href="#[b5dc78]">&gt;&gt;</a>&nbsp;&nbsp;&nbsp;lwip_tick
<LI><a href="#[b5dcc0]">&gt;&gt;</a>&nbsp;&nbsp;&nbsp;lwip_init
<LI><a href="#[f7f298]">&gt;&gt;</a>&nbsp;&nbsp;&nbsp;tcp_listen_input
<LI><a href="#[f7f370]">&gt;&gt;</a>&nbsp;&nbsp;&nbsp;tcp_receive
<LI><a href="#[fed498]">&gt;&gt;</a>&nbsp;&nbsp;&nbsp;tcp_output_segment
</UL>

<P><STRONG><a name="[f8c030]"></a>inet_aton</STRONG> (Thumb, 252 bytes, Stack size 36 bytes, inet.o(.text), UNUSED)
<BR><BR>[Called By]<UL><LI><a href="#[f8bfe8]">&gt;&gt;</a>&nbsp;&nbsp;&nbsp;inet_addr
<LI><a href="#[1036638]">&gt;&gt;</a>&nbsp;&nbsp;&nbsp;netInit
</UL>

<P><STRONG><a name="[f8bfe8]"></a>inet_addr</STRONG> (Thumb, 20 bytes, Stack size 8 bytes, inet.o(.text), UNUSED)
<BR><BR>[Calls]<UL><LI><a href="#[f8c030]">&gt;&gt;</a>&nbsp;&nbsp;&nbsp;inet_aton
</UL>

<P><STRONG><a name="[f8bfa0]"></a>inet_ntoa</STRONG> (Thumb, 86 bytes, Stack size 28 bytes, inet.o(.text), UNUSED)

<P><STRONG><a name="[b554f8]"></a>ntohs</STRONG> (Thumb, 4 bytes, Stack size 0 bytes, inet.o(.text))
<BR><BR>[Called By]<UL><LI><a href="#[b55618]">&gt;&gt;</a>&nbsp;&nbsp;&nbsp;ip_output_if
<LI><a href="#[b556f0]">&gt;&gt;</a>&nbsp;&nbsp;&nbsp;icmp_dest_unreach
<LI><a href="#[b559c0]">&gt;&gt;</a>&nbsp;&nbsp;&nbsp;udp_input
<LI><a href="#[b57a90]">&gt;&gt;</a>&nbsp;&nbsp;&nbsp;tcp_rst
<LI><a href="#[b57b20]">&gt;&gt;</a>&nbsp;&nbsp;&nbsp;tcp_keepalive
<LI><a href="#[b57b68]">&gt;&gt;</a>&nbsp;&nbsp;&nbsp;tcp_enqueue
<LI><a href="#[b5a970]">&gt;&gt;</a>&nbsp;&nbsp;&nbsp;tcp_output
<LI><a href="#[f7f328]">&gt;&gt;</a>&nbsp;&nbsp;&nbsp;tcp_parseopt
<LI><a href="#[f7f370]">&gt;&gt;</a>&nbsp;&nbsp;&nbsp;tcp_receive
<LI><a href="#[f82a30]">&gt;&gt;</a>&nbsp;&nbsp;&nbsp;raw_input
<LI><a href="#[fe2038]">&gt;&gt;</a>&nbsp;&nbsp;&nbsp;etharp_request
<LI><a href="#[fe2080]">&gt;&gt;</a>&nbsp;&nbsp;&nbsp;etharp_arp_input
<LI><a href="#[fe5ad8]">&gt;&gt;</a>&nbsp;&nbsp;&nbsp;ip_input
<LI><a href="#[fe8680]">&gt;&gt;</a>&nbsp;&nbsp;&nbsp;icmp_input
<LI><a href="#[fee860]">&gt;&gt;</a>&nbsp;&nbsp;&nbsp;tcp_input
</UL>

<P><STRONG><a name="[b55540]"></a>ntohl</STRONG> (Thumb, 4 bytes, Stack size 0 bytes, inet.o(.text))
<BR><BR>[Called By]<UL><LI><a href="#[b53d90]">&gt;&gt;</a>&nbsp;&nbsp;&nbsp;dhcp_decline
<LI><a href="#[b53e20]">&gt;&gt;</a>&nbsp;&nbsp;&nbsp;dhcp_recv
<LI><a href="#[b53ef8]">&gt;&gt;</a>&nbsp;&nbsp;&nbsp;dhcp_bind
<LI><a href="#[b53fd0]">&gt;&gt;</a>&nbsp;&nbsp;&nbsp;dhcp_select
<LI><a href="#[b559c0]">&gt;&gt;</a>&nbsp;&nbsp;&nbsp;udp_input
<LI><a href="#[b57ad8]">&gt;&gt;</a>&nbsp;&nbsp;&nbsp;tcp_rexmit_rto
<LI><a href="#[b5a970]">&gt;&gt;</a>&nbsp;&nbsp;&nbsp;tcp_output
<LI><a href="#[f7f2e0]">&gt;&gt;</a>&nbsp;&nbsp;&nbsp;tcp_process
<LI><a href="#[f7f370]">&gt;&gt;</a>&nbsp;&nbsp;&nbsp;tcp_receive
<LI><a href="#[f8d668]">&gt;&gt;</a>&nbsp;&nbsp;&nbsp;etharp_query
<LI><a href="#[fe1ff0]">&gt;&gt;</a>&nbsp;&nbsp;&nbsp;etharp_output
<LI><a href="#[fe2e90]">&gt;&gt;</a>&nbsp;&nbsp;&nbsp;update_arp_entry
<LI><a href="#[fe5ad8]">&gt;&gt;</a>&nbsp;&nbsp;&nbsp;ip_input
<LI><a href="#[fe8680]">&gt;&gt;</a>&nbsp;&nbsp;&nbsp;icmp_input
<LI><a href="#[fed498]">&gt;&gt;</a>&nbsp;&nbsp;&nbsp;tcp_output_segment
<LI><a href="#[fee818]">&gt;&gt;</a>&nbsp;&nbsp;&nbsp;tcp_rexmit
<LI><a href="#[fee860]">&gt;&gt;</a>&nbsp;&nbsp;&nbsp;tcp_input
</UL>

<P><STRONG><a name="[f8a9d8]"></a>mem_init</STRONG> (Thumb, 54 bytes, Stack size 16 bytes, mem.o(.text))
<BR><BR>[Stack]<UL><LI>Max Depth = 16<LI>Call Chain = mem_init
</UL>
<BR>[Calls]<UL><LI><a href="#[107cac0]">&gt;&gt;</a>&nbsp;&nbsp;&nbsp;__aeabi_memclr
</UL>
<BR>[Called By]<UL><LI><a href="#[b5dcc0]">&gt;&gt;</a>&nbsp;&nbsp;&nbsp;lwip_init
</UL>

<P><STRONG><a name="[b5acd0]"></a>mem_free</STRONG> (Thumb, 66 bytes, Stack size 4 bytes, mem.o(.text))
<BR><BR>[Stack]<UL><LI>Max Depth = 16<LI>Call Chain = mem_free &rArr; plug_holes
</UL>
<BR>[Calls]<UL><LI><a href="#[f8b1b8]">&gt;&gt;</a>&nbsp;&nbsp;&nbsp;plug_holes
</UL>
<BR>[Called By]<UL><LI><a href="#[b53be0]">&gt;&gt;</a>&nbsp;&nbsp;&nbsp;dhcp_unfold_reply
<LI><a href="#[b53e68]">&gt;&gt;</a>&nbsp;&nbsp;&nbsp;dhcp_free_reply
<LI><a href="#[b5ac40]">&gt;&gt;</a>&nbsp;&nbsp;&nbsp;pbuf_free
<LI><a href="#[b5ada8]">&gt;&gt;</a>&nbsp;&nbsp;&nbsp;fs_open
<LI><a href="#[b5adf0]">&gt;&gt;</a>&nbsp;&nbsp;&nbsp;fs_close
<LI><a href="#[b5bdf8]">&gt;&gt;</a>&nbsp;&nbsp;&nbsp;close_conn
<LI><a href="#[b5be40]">&gt;&gt;</a>&nbsp;&nbsp;&nbsp;conn_err
<LI><a href="#[f8d6f8]">&gt;&gt;</a>&nbsp;&nbsp;&nbsp;dhcp_inform
<LI><a href="#[f8d740]">&gt;&gt;</a>&nbsp;&nbsp;&nbsp;dhcp_start
<LI><a href="#[f8d788]">&gt;&gt;</a>&nbsp;&nbsp;&nbsp;dhcp_stop
</UL>

<P><STRONG><a name="[f8a990]"></a>mem_realloc</STRONG> (Thumb, 128 bytes, Stack size 20 bytes, mem.o(.text))
<BR><BR>[Stack]<UL><LI>Max Depth = 32<LI>Call Chain = mem_realloc &rArr; plug_holes
</UL>
<BR>[Calls]<UL><LI><a href="#[f8b1b8]">&gt;&gt;</a>&nbsp;&nbsp;&nbsp;plug_holes
</UL>
<BR>[Called By]<UL><LI><a href="#[f8d428]">&gt;&gt;</a>&nbsp;&nbsp;&nbsp;pbuf_realloc
</UL>

<P><STRONG><a name="[b5ac88]"></a>mem_malloc</STRONG> (Thumb, 180 bytes, Stack size 24 bytes, mem.o(.text))
<BR><BR>[Stack]<UL><LI>Max Depth = 24<LI>Call Chain = mem_malloc
</UL>
<BR>[Called By]<UL><LI><a href="#[b53be0]">&gt;&gt;</a>&nbsp;&nbsp;&nbsp;dhcp_unfold_reply
<LI><a href="#[b554b0]">&gt;&gt;</a>&nbsp;&nbsp;&nbsp;pbuf_alloc
<LI><a href="#[b5ada8]">&gt;&gt;</a>&nbsp;&nbsp;&nbsp;fs_open
<LI><a href="#[b5bc90]">&gt;&gt;</a>&nbsp;&nbsp;&nbsp;http_accept
<LI><a href="#[f8d6f8]">&gt;&gt;</a>&nbsp;&nbsp;&nbsp;dhcp_inform
<LI><a href="#[f8d740]">&gt;&gt;</a>&nbsp;&nbsp;&nbsp;dhcp_start
<LI><a href="#[103df18]">&gt;&gt;</a>&nbsp;&nbsp;&nbsp;ethernetif_init
</UL>

<P><STRONG><a name="[f88388]"></a>memp_init</STRONG> (Thumb, 100 bytes, Stack size 20 bytes, memp.o(.text))
<BR><BR>[Stack]<UL><LI>Max Depth = 20<LI>Call Chain = memp_init
</UL>
<BR>[Called By]<UL><LI><a href="#[b5dcc0]">&gt;&gt;</a>&nbsp;&nbsp;&nbsp;lwip_init
</UL>

<P><STRONG><a name="[b57bf8]"></a>memp_malloc</STRONG> (Thumb, 78 bytes, Stack size 16 bytes, memp.o(.text))
<BR><BR>[Stack]<UL><LI>Max Depth = 24 + Unknown Stack Size
<LI>Call Chain = memp_malloc &rArr; sys_arch_unprotect &rArr; IntMasterEnable
</UL>
<BR>[Calls]<UL><LI><a href="#[b5dac8]">&gt;&gt;</a>&nbsp;&nbsp;&nbsp;sys_arch_unprotect
<LI><a href="#[b5db10]">&gt;&gt;</a>&nbsp;&nbsp;&nbsp;sys_arch_protect
</UL>
<BR>[Called By]<UL><LI><a href="#[b554b0]">&gt;&gt;</a>&nbsp;&nbsp;&nbsp;pbuf_alloc
<LI><a href="#[b55780]">&gt;&gt;</a>&nbsp;&nbsp;&nbsp;udp_new
<LI><a href="#[b57b68]">&gt;&gt;</a>&nbsp;&nbsp;&nbsp;tcp_enqueue
<LI><a href="#[b57cd0]">&gt;&gt;</a>&nbsp;&nbsp;&nbsp;tcp_alloc
<LI><a href="#[b57d18]">&gt;&gt;</a>&nbsp;&nbsp;&nbsp;tcp_seg_copy
<LI><a href="#[b5aa00]">&gt;&gt;</a>&nbsp;&nbsp;&nbsp;tcp_listen
<LI><a href="#[f82838]">&gt;&gt;</a>&nbsp;&nbsp;&nbsp;raw_new
</UL>

<P><STRONG><a name="[b57c40]"></a>memp_free</STRONG> (Thumb, 52 bytes, Stack size 16 bytes, memp.o(.text))
<BR><BR>[Stack]<UL><LI>Max Depth = 24 + Unknown Stack Size
<LI>Call Chain = memp_free &rArr; sys_arch_unprotect &rArr; IntMasterEnable
</UL>
<BR>[Calls]<UL><LI><a href="#[b5dac8]">&gt;&gt;</a>&nbsp;&nbsp;&nbsp;sys_arch_unprotect
<LI><a href="#[b5db10]">&gt;&gt;</a>&nbsp;&nbsp;&nbsp;sys_arch_protect
</UL>
<BR>[Called By]<UL><LI><a href="#[b557c8]">&gt;&gt;</a>&nbsp;&nbsp;&nbsp;udp_remove
<LI><a href="#[b57b68]">&gt;&gt;</a>&nbsp;&nbsp;&nbsp;tcp_enqueue
<LI><a href="#[b57e80]">&gt;&gt;</a>&nbsp;&nbsp;&nbsp;tcp_slowtmr
<LI><a href="#[b57fa0]">&gt;&gt;</a>&nbsp;&nbsp;&nbsp;tcp_seg_free
<LI><a href="#[b5aa00]">&gt;&gt;</a>&nbsp;&nbsp;&nbsp;tcp_listen
<LI><a href="#[b5aa90]">&gt;&gt;</a>&nbsp;&nbsp;&nbsp;tcp_close
<LI><a href="#[b5abb0]">&gt;&gt;</a>&nbsp;&nbsp;&nbsp;tcp_abort
<LI><a href="#[b5ac40]">&gt;&gt;</a>&nbsp;&nbsp;&nbsp;pbuf_free
<LI><a href="#[f82880]">&gt;&gt;</a>&nbsp;&nbsp;&nbsp;raw_remove
<LI><a href="#[fee860]">&gt;&gt;</a>&nbsp;&nbsp;&nbsp;tcp_input
</UL>

<P><STRONG><a name="[f8d548]"></a>netif_set_gw</STRONG> (Thumb, 8 bytes, Stack size 0 bytes, netif.o(.text))
<BR><BR>[Calls]<UL><LI><a href="#[f8d548]">&gt;&gt;</a>&nbsp;&nbsp;&nbsp;netif_set_gw
</UL>
<BR>[Called By]<UL><LI><a href="#[b53ef8]">&gt;&gt;</a>&nbsp;&nbsp;&nbsp;dhcp_bind
<LI><a href="#[b5dc78]">&gt;&gt;</a>&nbsp;&nbsp;&nbsp;lwip_tick
<LI><a href="#[f86458]">&gt;&gt;</a>&nbsp;&nbsp;&nbsp;netif_set_addr
<LI><a href="#[f8d548]">&gt;&gt;</a>&nbsp;&nbsp;&nbsp;netif_set_gw
<LI><a href="#[f8d818]">&gt;&gt;</a>&nbsp;&nbsp;&nbsp;dhcp_release
</UL>

<P><STRONG><a name="[f8d4b8]"></a>netif_set_netmask</STRONG> (Thumb, 8 bytes, Stack size 0 bytes, netif.o(.text))
<BR><BR>[Calls]<UL><LI><a href="#[f8d4b8]">&gt;&gt;</a>&nbsp;&nbsp;&nbsp;netif_set_netmask
</UL>
<BR>[Called By]<UL><LI><a href="#[b53ef8]">&gt;&gt;</a>&nbsp;&nbsp;&nbsp;dhcp_bind
<LI><a href="#[b5dc78]">&gt;&gt;</a>&nbsp;&nbsp;&nbsp;lwip_tick
<LI><a href="#[f86458]">&gt;&gt;</a>&nbsp;&nbsp;&nbsp;netif_set_addr
<LI><a href="#[f8d4b8]">&gt;&gt;</a>&nbsp;&nbsp;&nbsp;netif_set_netmask
<LI><a href="#[f8d818]">&gt;&gt;</a>&nbsp;&nbsp;&nbsp;dhcp_release
</UL>

<P><STRONG><a name="[f8d500]"></a>netif_set_ipaddr</STRONG> (Thumb, 86 bytes, Stack size 16 bytes, netif.o(.text))
<BR><BR>[Stack]<UL><LI>Max Depth = 236 + Unknown Stack Size
<LI>Call Chain = netif_set_ipaddr &rArr; tcp_abort &rArr; tcp_pcb_remove &rArr; tcp_output &rArr; tcp_output_segment &rArr; ip_output &rArr; ip_output_if &rArr; inet_chksum &rArr; lwip_standard_chksum
</UL>
<BR>[Calls]<UL><LI><a href="#[b5abb0]">&gt;&gt;</a>&nbsp;&nbsp;&nbsp;tcp_abort
</UL>
<BR>[Called By]<UL><LI><a href="#[b53ef8]">&gt;&gt;</a>&nbsp;&nbsp;&nbsp;dhcp_bind
<LI><a href="#[b5dc78]">&gt;&gt;</a>&nbsp;&nbsp;&nbsp;lwip_tick
<LI><a href="#[f86458]">&gt;&gt;</a>&nbsp;&nbsp;&nbsp;netif_set_addr
<LI><a href="#[f8d818]">&gt;&gt;</a>&nbsp;&nbsp;&nbsp;dhcp_release
</UL>

<P><STRONG><a name="[f86458]"></a>netif_set_addr</STRONG> (Thumb, 30 bytes, Stack size 16 bytes, netif.o(.text))
<BR><BR>[Stack]<UL><LI>Max Depth = 252 + Unknown Stack Size
<LI>Call Chain = netif_set_addr &rArr; netif_set_ipaddr &rArr; tcp_abort &rArr; tcp_pcb_remove &rArr; tcp_output &rArr; tcp_output_segment &rArr; ip_output &rArr; ip_output_if &rArr; inet_chksum &rArr; lwip_standard_chksum
</UL>
<BR>[Calls]<UL><LI><a href="#[f8d4b8]">&gt;&gt;</a>&nbsp;&nbsp;&nbsp;netif_set_netmask
<LI><a href="#[f8d500]">&gt;&gt;</a>&nbsp;&nbsp;&nbsp;netif_set_ipaddr
<LI><a href="#[f8d548]">&gt;&gt;</a>&nbsp;&nbsp;&nbsp;netif_set_gw
</UL>
<BR>[Called By]<UL><LI><a href="#[f86410]">&gt;&gt;</a>&nbsp;&nbsp;&nbsp;netif_add
</UL>

<P><STRONG><a name="[f86410]"></a>netif_add</STRONG> (Thumb, 72 bytes, Stack size 24 bytes, netif.o(.text))
<BR><BR>[Stack]<UL><LI>Max Depth = 276 + Unknown Stack Size
<LI>Call Chain = netif_add &rArr; netif_set_addr &rArr; netif_set_ipaddr &rArr; tcp_abort &rArr; tcp_pcb_remove &rArr; tcp_output &rArr; tcp_output_segment &rArr; ip_output &rArr; ip_output_if &rArr; inet_chksum &rArr; lwip_standard_chksum
</UL>
<BR>[Calls]<UL><LI><a href="#[f86458]">&gt;&gt;</a>&nbsp;&nbsp;&nbsp;netif_set_addr
</UL>
<BR>[Called By]<UL><LI><a href="#[b5dcc0]">&gt;&gt;</a>&nbsp;&nbsp;&nbsp;lwip_init
</UL>

<P><STRONG><a name="[f863c8]"></a>netif_remove</STRONG> (Thumb, 52 bytes, Stack size 0 bytes, netif.o(.text), UNUSED)

<P><STRONG><a name="[f86380]"></a>netif_find</STRONG> (Thumb, 56 bytes, Stack size 8 bytes, netif.o(.text), UNUSED)

<P><STRONG><a name="[f86338]"></a>netif_set_default</STRONG> (Thumb, 6 bytes, Stack size 0 bytes, netif.o(.text))
<BR><BR>[Called By]<UL><LI><a href="#[b5dcc0]">&gt;&gt;</a>&nbsp;&nbsp;&nbsp;lwip_init
</UL>

<P><STRONG><a name="[f8d470]"></a>netif_set_up</STRONG> (Thumb, 12 bytes, Stack size 0 bytes, netif.o(.text))
<BR><BR>[Called By]<UL><LI><a href="#[b53ef8]">&gt;&gt;</a>&nbsp;&nbsp;&nbsp;dhcp_bind
<LI><a href="#[b5dcc0]">&gt;&gt;</a>&nbsp;&nbsp;&nbsp;lwip_init
</UL>

<P><STRONG><a name="[f862f0]"></a>netif_is_up</STRONG> (Thumb, 10 bytes, Stack size 0 bytes, netif.o(.text))
<BR><BR>[Called By]<UL><LI><a href="#[fe5ad8]">&gt;&gt;</a>&nbsp;&nbsp;&nbsp;ip_input
</UL>

<P><STRONG><a name="[f8d590]"></a>netif_set_down</STRONG> (Thumb, 12 bytes, Stack size 0 bytes, netif.o(.text), UNUSED)
<BR><BR>[Called By]<UL><LI><a href="#[f8d818]">&gt;&gt;</a>&nbsp;&nbsp;&nbsp;dhcp_release
</UL>

<P><STRONG><a name="[f862a8]"></a>netif_init</STRONG> (Thumb, 10 bytes, Stack size 0 bytes, netif.o(.text))
<BR><BR>[Called By]<UL><LI><a href="#[b5dcc0]">&gt;&gt;</a>&nbsp;&nbsp;&nbsp;lwip_init
</UL>

<P><STRONG><a name="[f84bb8]"></a>pbuf_init</STRONG> (Thumb, 68 bytes, Stack size 12 bytes, pbuf.o(.text))
<BR><BR>[Stack]<UL><LI>Max Depth = 12<LI>Call Chain = pbuf_init
</UL>
<BR>[Called By]<UL><LI><a href="#[b5dcc0]">&gt;&gt;</a>&nbsp;&nbsp;&nbsp;lwip_init
</UL>

<P><STRONG><a name="[b5ac40]"></a>pbuf_free</STRONG> (Thumb, 122 bytes, Stack size 24 bytes, pbuf.o(.text))
<BR><BR>[Stack]<UL><LI>Max Depth = 48 + Unknown Stack Size
<LI>Call Chain = pbuf_free &rArr; memp_free &rArr; sys_arch_unprotect &rArr; IntMasterEnable
</UL>
<BR>[Calls]<UL><LI><a href="#[b57c40]">&gt;&gt;</a>&nbsp;&nbsp;&nbsp;memp_free
<LI><a href="#[b5acd0]">&gt;&gt;</a>&nbsp;&nbsp;&nbsp;mem_free
<LI><a href="#[b5dac8]">&gt;&gt;</a>&nbsp;&nbsp;&nbsp;sys_arch_unprotect
<LI><a href="#[b5db10]">&gt;&gt;</a>&nbsp;&nbsp;&nbsp;sys_arch_protect
</UL>
<BR>[Called By]<UL><LI><a href="#[b53d00]">&gt;&gt;</a>&nbsp;&nbsp;&nbsp;dhcp_delete_request
<LI><a href="#[b53e20]">&gt;&gt;</a>&nbsp;&nbsp;&nbsp;dhcp_recv
<LI><a href="#[b554b0]">&gt;&gt;</a>&nbsp;&nbsp;&nbsp;pbuf_alloc
<LI><a href="#[b556f0]">&gt;&gt;</a>&nbsp;&nbsp;&nbsp;icmp_dest_unreach
<LI><a href="#[b55930]">&gt;&gt;</a>&nbsp;&nbsp;&nbsp;udp_send
<LI><a href="#[b559c0]">&gt;&gt;</a>&nbsp;&nbsp;&nbsp;udp_input
<LI><a href="#[b57a90]">&gt;&gt;</a>&nbsp;&nbsp;&nbsp;tcp_rst
<LI><a href="#[b57b20]">&gt;&gt;</a>&nbsp;&nbsp;&nbsp;tcp_keepalive
<LI><a href="#[b57b68]">&gt;&gt;</a>&nbsp;&nbsp;&nbsp;tcp_enqueue
<LI><a href="#[b57fa0]">&gt;&gt;</a>&nbsp;&nbsp;&nbsp;tcp_seg_free
<LI><a href="#[b58f18]">&gt;&gt;</a>&nbsp;&nbsp;&nbsp;tcp_recv_null
<LI><a href="#[b5a970]">&gt;&gt;</a>&nbsp;&nbsp;&nbsp;tcp_output
<LI><a href="#[b5bcd8]">&gt;&gt;</a>&nbsp;&nbsp;&nbsp;http_recv
<LI><a href="#[f82910]">&gt;&gt;</a>&nbsp;&nbsp;&nbsp;raw_sendto
<LI><a href="#[f84a08]">&gt;&gt;</a>&nbsp;&nbsp;&nbsp;pbuf_dechain
<LI><a href="#[f84a50]">&gt;&gt;</a>&nbsp;&nbsp;&nbsp;pbuf_take
<LI><a href="#[f8d428]">&gt;&gt;</a>&nbsp;&nbsp;&nbsp;pbuf_realloc
<LI><a href="#[f8d788]">&gt;&gt;</a>&nbsp;&nbsp;&nbsp;dhcp_stop
<LI><a href="#[fe2038]">&gt;&gt;</a>&nbsp;&nbsp;&nbsp;etharp_request
<LI><a href="#[fe2080]">&gt;&gt;</a>&nbsp;&nbsp;&nbsp;etharp_arp_input
<LI><a href="#[fe2158]">&gt;&gt;</a>&nbsp;&nbsp;&nbsp;etharp_tmr
<LI><a href="#[fe2e90]">&gt;&gt;</a>&nbsp;&nbsp;&nbsp;update_arp_entry
<LI><a href="#[fe2ed8]">&gt;&gt;</a>&nbsp;&nbsp;&nbsp;find_entry
<LI><a href="#[fe5ad8]">&gt;&gt;</a>&nbsp;&nbsp;&nbsp;ip_input
<LI><a href="#[fe8680]">&gt;&gt;</a>&nbsp;&nbsp;&nbsp;icmp_input
<LI><a href="#[fee860]">&gt;&gt;</a>&nbsp;&nbsp;&nbsp;tcp_input
<LI><a href="#[1036488]">&gt;&gt;</a>&nbsp;&nbsp;&nbsp;netShutdown
<LI><a href="#[10365a8]">&gt;&gt;</a>&nbsp;&nbsp;&nbsp;netRecvGeneral
<LI><a href="#[10365f0]">&gt;&gt;</a>&nbsp;&nbsp;&nbsp;netRecvEvent
<LI><a href="#[1036638]">&gt;&gt;</a>&nbsp;&nbsp;&nbsp;netInit
<LI><a href="#[103dfa8]">&gt;&gt;</a>&nbsp;&nbsp;&nbsp;ethernetif_dequeue
<LI><a href="#[103dff0]">&gt;&gt;</a>&nbsp;&nbsp;&nbsp;ethernetif_enqueue
<LI><a href="#[103e038]">&gt;&gt;</a>&nbsp;&nbsp;&nbsp;ethernetif_input
</UL>

<P><STRONG><a name="[b554b0]"></a>pbuf_alloc</STRONG> (Thumb, 292 bytes, Stack size 32 bytes, pbuf.o(.text))
<BR><BR>[Stack]<UL><LI>Max Depth = 80 + Unknown Stack Size
<LI>Call Chain = pbuf_alloc &rArr; pbuf_free &rArr; memp_free &rArr; sys_arch_unprotect &rArr; IntMasterEnable
</UL>
<BR>[Calls]<UL><LI><a href="#[b57bf8]">&gt;&gt;</a>&nbsp;&nbsp;&nbsp;memp_malloc
<LI><a href="#[b5ac40]">&gt;&gt;</a>&nbsp;&nbsp;&nbsp;pbuf_free
<LI><a href="#[b5ac88]">&gt;&gt;</a>&nbsp;&nbsp;&nbsp;mem_malloc
<LI><a href="#[f854b8]">&gt;&gt;</a>&nbsp;&nbsp;&nbsp;pbuf_pool_alloc
</UL>
<BR>[Called By]<UL><LI><a href="#[b54018]">&gt;&gt;</a>&nbsp;&nbsp;&nbsp;dhcp_create_request
<LI><a href="#[b556f0]">&gt;&gt;</a>&nbsp;&nbsp;&nbsp;icmp_dest_unreach
<LI><a href="#[b55930]">&gt;&gt;</a>&nbsp;&nbsp;&nbsp;udp_send
<LI><a href="#[b57a90]">&gt;&gt;</a>&nbsp;&nbsp;&nbsp;tcp_rst
<LI><a href="#[b57b20]">&gt;&gt;</a>&nbsp;&nbsp;&nbsp;tcp_keepalive
<LI><a href="#[b57b68]">&gt;&gt;</a>&nbsp;&nbsp;&nbsp;tcp_enqueue
<LI><a href="#[b5a970]">&gt;&gt;</a>&nbsp;&nbsp;&nbsp;tcp_output
<LI><a href="#[f82910]">&gt;&gt;</a>&nbsp;&nbsp;&nbsp;raw_sendto
<LI><a href="#[f84a50]">&gt;&gt;</a>&nbsp;&nbsp;&nbsp;pbuf_take
<LI><a href="#[fe2038]">&gt;&gt;</a>&nbsp;&nbsp;&nbsp;etharp_request
<LI><a href="#[1036638]">&gt;&gt;</a>&nbsp;&nbsp;&nbsp;netInit
<LI><a href="#[103e0c8]">&gt;&gt;</a>&nbsp;&nbsp;&nbsp;low_level_input
</UL>

<P><STRONG><a name="[f8d428]"></a>pbuf_realloc</STRONG> (Thumb, 80 bytes, Stack size 16 bytes, pbuf.o(.text))
<BR><BR>[Stack]<UL><LI>Max Depth = 64 + Unknown Stack Size
<LI>Call Chain = pbuf_realloc &rArr; pbuf_free &rArr; memp_free &rArr; sys_arch_unprotect &rArr; IntMasterEnable
</UL>
<BR>[Calls]<UL><LI><a href="#[b5ac40]">&gt;&gt;</a>&nbsp;&nbsp;&nbsp;pbuf_free
<LI><a href="#[f8a990]">&gt;&gt;</a>&nbsp;&nbsp;&nbsp;mem_realloc
</UL>
<BR>[Called By]<UL><LI><a href="#[b53d90]">&gt;&gt;</a>&nbsp;&nbsp;&nbsp;dhcp_decline
<LI><a href="#[b53dd8]">&gt;&gt;</a>&nbsp;&nbsp;&nbsp;dhcp_discover
<LI><a href="#[b53f40]">&gt;&gt;</a>&nbsp;&nbsp;&nbsp;dhcp_rebind
<LI><a href="#[b53fd0]">&gt;&gt;</a>&nbsp;&nbsp;&nbsp;dhcp_select
<LI><a href="#[f7f370]">&gt;&gt;</a>&nbsp;&nbsp;&nbsp;tcp_receive
<LI><a href="#[f8d6f8]">&gt;&gt;</a>&nbsp;&nbsp;&nbsp;dhcp_inform
<LI><a href="#[f8d818]">&gt;&gt;</a>&nbsp;&nbsp;&nbsp;dhcp_release
<LI><a href="#[f8d8a8]">&gt;&gt;</a>&nbsp;&nbsp;&nbsp;dhcp_renew
<LI><a href="#[fe5ad8]">&gt;&gt;</a>&nbsp;&nbsp;&nbsp;ip_input
<LI><a href="#[10364d0]">&gt;&gt;</a>&nbsp;&nbsp;&nbsp;netSendGeneral
<LI><a href="#[1036518]">&gt;&gt;</a>&nbsp;&nbsp;&nbsp;netSendEvent
</UL>

<P><STRONG><a name="[b55420]"></a>pbuf_header</STRONG> (Thumb, 78 bytes, Stack size 8 bytes, pbuf.o(.text))
<BR><BR>[Stack]<UL><LI>Max Depth = 8<LI>Call Chain = pbuf_header
</UL>
<BR>[Called By]<UL><LI><a href="#[b55618]">&gt;&gt;</a>&nbsp;&nbsp;&nbsp;ip_output_if
<LI><a href="#[b55930]">&gt;&gt;</a>&nbsp;&nbsp;&nbsp;udp_send
<LI><a href="#[b559c0]">&gt;&gt;</a>&nbsp;&nbsp;&nbsp;udp_input
<LI><a href="#[b57b68]">&gt;&gt;</a>&nbsp;&nbsp;&nbsp;tcp_enqueue
<LI><a href="#[f7f370]">&gt;&gt;</a>&nbsp;&nbsp;&nbsp;tcp_receive
<LI><a href="#[f82910]">&gt;&gt;</a>&nbsp;&nbsp;&nbsp;raw_sendto
<LI><a href="#[fe1ff0]">&gt;&gt;</a>&nbsp;&nbsp;&nbsp;etharp_output
<LI><a href="#[fe8680]">&gt;&gt;</a>&nbsp;&nbsp;&nbsp;icmp_input
<LI><a href="#[fee860]">&gt;&gt;</a>&nbsp;&nbsp;&nbsp;tcp_input
<LI><a href="#[103dfa8]">&gt;&gt;</a>&nbsp;&nbsp;&nbsp;ethernetif_dequeue
<LI><a href="#[103e038]">&gt;&gt;</a>&nbsp;&nbsp;&nbsp;ethernetif_input
</UL>

<P><STRONG><a name="[f84b70]"></a>pbuf_clen</STRONG> (Thumb, 18 bytes, Stack size 0 bytes, pbuf.o(.text))
<BR><BR>[Called By]<UL><LI><a href="#[f7f370]">&gt;&gt;</a>&nbsp;&nbsp;&nbsp;tcp_receive
</UL>

<P><STRONG><a name="[b57bb0]"></a>pbuf_ref</STRONG> (Thumb, 26 bytes, Stack size 8 bytes, pbuf.o(.text))
<BR><BR>[Stack]<UL><LI>Max Depth = 16 + Unknown Stack Size
<LI>Call Chain = pbuf_ref &rArr; sys_arch_unprotect &rArr; IntMasterEnable
</UL>
<BR>[Calls]<UL><LI><a href="#[b5dac8]">&gt;&gt;</a>&nbsp;&nbsp;&nbsp;sys_arch_unprotect
<LI><a href="#[b5db10]">&gt;&gt;</a>&nbsp;&nbsp;&nbsp;sys_arch_protect
</UL>
<BR>[Called By]<UL><LI><a href="#[b55468]">&gt;&gt;</a>&nbsp;&nbsp;&nbsp;pbuf_chain
<LI><a href="#[b57d18]">&gt;&gt;</a>&nbsp;&nbsp;&nbsp;tcp_seg_copy
<LI><a href="#[f84ae0]">&gt;&gt;</a>&nbsp;&nbsp;&nbsp;pbuf_queue
<LI><a href="#[f8d668]">&gt;&gt;</a>&nbsp;&nbsp;&nbsp;etharp_query
</UL>

<P><STRONG><a name="[f84b28]"></a>pbuf_cat</STRONG> (Thumb, 40 bytes, Stack size 8 bytes, pbuf.o(.text))
<BR><BR>[Stack]<UL><LI>Max Depth = 8<LI>Call Chain = pbuf_cat
</UL>
<BR>[Called By]<UL><LI><a href="#[b55468]">&gt;&gt;</a>&nbsp;&nbsp;&nbsp;pbuf_chain
<LI><a href="#[b57b68]">&gt;&gt;</a>&nbsp;&nbsp;&nbsp;tcp_enqueue
<LI><a href="#[f7f370]">&gt;&gt;</a>&nbsp;&nbsp;&nbsp;tcp_receive
</UL>

<P><STRONG><a name="[b55468]"></a>pbuf_chain</STRONG> (Thumb, 16 bytes, Stack size 8 bytes, pbuf.o(.text))
<BR><BR>[Stack]<UL><LI>Max Depth = 24 + Unknown Stack Size
<LI>Call Chain = pbuf_chain &rArr; pbuf_ref &rArr; sys_arch_unprotect &rArr; IntMasterEnable
</UL>
<BR>[Calls]<UL><LI><a href="#[b57bb0]">&gt;&gt;</a>&nbsp;&nbsp;&nbsp;pbuf_ref
<LI><a href="#[f84b28]">&gt;&gt;</a>&nbsp;&nbsp;&nbsp;pbuf_cat
[...]
</UL>

<P><STRONG><a name="[b53eb0]"></a>dhcp_handle_ack</STRONG> (Thumb, 220 bytes, Stack size 16 bytes, dhcp.o(.text), UNUSED)
<BR><BR>[Calls]<UL><LI><a href="#[b53c28]">&gt;&gt;</a>&nbsp;&nbsp;&nbsp;dhcp_get_option_long
<LI><a href="#[b53f88]">&gt;&gt;</a>&nbsp;&nbsp;&nbsp;dhcp_get_option_ptr
<LI><a href="#[b57c88]">&gt;&gt;</a>&nbsp;&nbsp;&nbsp;htonl
</UL>
<BR>[Called By]<UL><LI><a href="#[b53e20]">&gt;&gt;</a>&nbsp;&nbsp;&nbsp;dhcp_recv
</UL>

<P><STRONG><a name="[b53e68]"></a>dhcp_free_reply</STRONG> (Thumb, 32 bytes, Stack size 16 bytes, dhcp.o(.text))
<BR><BR>[Stack]<UL><LI>Max Depth = 32<LI>Call Chain = dhcp_free_reply &rArr; mem_free &rArr; plug_holes
</UL>
<BR>[Calls]<UL><LI><a href="#[b5acd0]">&gt;&gt;</a>&nbsp;&nbsp;&nbsp;mem_free
</UL>
<BR>[Called By]<UL><LI><a href="#[b53be0]">&gt;&gt;</a>&nbsp;&nbsp;&nbsp;dhcp_unfold_reply
<LI><a href="#[f8d788]">&gt;&gt;</a>&nbsp;&nbsp;&nbsp;dhcp_stop
</UL>

<P><STRONG><a name="[b53e20]"></a>dhcp_recv</STRONG> (Thumb, 256 bytes, Stack size 24 bytes, dhcp.o(.text), UNUSED)
<BR><BR>[Calls]<UL><LI><a href="#[b53be0]">&gt;&gt;</a>&nbsp;&nbsp;&nbsp;dhcp_unfold_reply
<LI><a href="#[b53c28]">&gt;&gt;</a>&nbsp;&nbsp;&nbsp;dhcp_get_option_long
<LI><a href="#[b53d48]">&gt;&gt;</a>&nbsp;&nbsp;&nbsp;dhcp_set_state
<LI><a href="#[b53eb0]">&gt;&gt;</a>&nbsp;&nbsp;&nbsp;dhcp_handle_ack
<LI><a href="#[b53ef8]">&gt;&gt;</a>&nbsp;&nbsp;&nbsp;dhcp_bind
<LI><a href="#[b53f88]">&gt;&gt;</a>&nbsp;&nbsp;&nbsp;dhcp_get_option_ptr
<LI><a href="#[b53fd0]">&gt;&gt;</a>&nbsp;&nbsp;&nbsp;dhcp_select
<LI><a href="#[b54138]">&gt;&gt;</a>&nbsp;&nbsp;&nbsp;dhcp_check
<LI><a href="#[b55540]">&gt;&gt;</a>&nbsp;&nbsp;&nbsp;ntohl
<LI><a href="#[b57c88]">&gt;&gt;</a>&nbsp;&nbsp;&nbsp;htonl
<LI><a href="#[b5ac40]">&gt;&gt;</a>&nbsp;&nbsp;&nbsp;pbuf_free
</UL>

<P><STRONG><a name="[b53dd8]"></a>dhcp_discover</STRONG> (Thumb, 224 bytes, Stack size 16 bytes, dhcp.o(.text))
<BR><BR>[Stack]<UL><LI>Max Depth = 160 + Unknown Stack Size
<LI>Call Chain = dhcp_discover &rArr; udp_sendto &rArr; udp_send &rArr; pbuf_alloc &rArr; pbuf_free &rArr; memp_free &rArr; sys_arch_unprotect &rArr; IntMasterEnable
</UL>
<BR>[Calls]<UL><LI><a href="#[b53c70]">&gt;&gt;</a>&nbsp;&nbsp;&nbsp;dhcp_option
<LI><a href="#[b53cb8]">&gt;&gt;</a>&nbsp;&nbsp;&nbsp;dhcp_option_byte
<LI><a href="#[b53d00]">&gt;&gt;</a>&nbsp;&nbsp;&nbsp;dhcp_delete_request
<LI><a href="#[b53d48]">&gt;&gt;</a>&nbsp;&nbsp;&nbsp;dhcp_set_state
<LI><a href="#[b54018]">&gt;&gt;</a>&nbsp;&nbsp;&nbsp;dhcp_create_request
<LI><a href="#[b54060]">&gt;&gt;</a>&nbsp;&nbsp;&nbsp;dhcp_option_short
<LI><a href="#[b540f0]">&gt;&gt;</a>&nbsp;&nbsp;&nbsp;dhcp_option_trailer
<LI><a href="#[b55810]">&gt;&gt;</a>&nbsp;&nbsp;&nbsp;udp_recv
<LI><a href="#[b558a0]">&gt;&gt;</a>&nbsp;&nbsp;&nbsp;udp_connect
<LI><a href="#[b558e8]">&gt;&gt;</a>&nbsp;&nbsp;&nbsp;udp_sendto
<LI><a href="#[b55978]">&gt;&gt;</a>&nbsp;&nbsp;&nbsp;udp_bind
<LI><a href="#[f8d428]">&gt;&gt;</a>&nbsp;&nbsp;&nbsp;pbuf_realloc
</UL>
<BR>[Called By]<UL><LI><a href="#[b53b98]">&gt;&gt;</a>&nbsp;&nbsp;&nbsp;dhcp_timeout
<LI><a href="#[f8d740]">&gt;&gt;</a>&nbsp;&nbsp;&nbsp;dhcp_start
</UL>

<P><STRONG><a name="[b53d90]"></a>dhcp_decline</STRONG> (Thumb, 156 bytes, Stack size 16 bytes, dhcp.o(.text), UNUSED)
<BR><BR>[Calls]<UL><LI><a href="#[b53c70]">&gt;&gt;</a>&nbsp;&nbsp;&nbsp;dhcp_option
<LI><a href="#[b53cb8]">&gt;&gt;</a>&nbsp;&nbsp;&nbsp;dhcp_option_byte
<LI><a href="#[b53d00]">&gt;&gt;</a>&nbsp;&nbsp;&nbsp;dhcp_delete_request
<LI><a href="#[b53d48]">&gt;&gt;</a>&nbsp;&nbsp;&nbsp;dhcp_set_state
<LI><a href="#[b54018]">&gt;&gt;</a>&nbsp;&nbsp;&nbsp;dhcp_create_request
<LI><a href="#[b54060]">&gt;&gt;</a>&nbsp;&nbsp;&nbsp;dhcp_option_short
<LI><a href="#[b540a8]">&gt;&gt;</a>&nbsp;&nbsp;&nbsp;dhcp_option_long
<LI><a href="#[b540f0]">&gt;&gt;</a>&nbsp;&nbsp;&nbsp;dhcp_option_trailer
<LI><a href="#[b55540]">&gt;&gt;</a>&nbsp;&nbsp;&nbsp;ntohl
<LI><a href="#[b558a0]">&gt;&gt;</a>&nbsp;&nbsp;&nbsp;udp_connect
<LI><a href="#[b558e8]">&gt;&gt;</a>&nbsp;&nbsp;&nbsp;udp_sendto
<LI><a href="#[b55978]">&gt;&gt;</a>&nbsp;&nbsp;&nbsp;udp_bind
<LI><a href="#[f8d428]">&gt;&gt;</a>&nbsp;&nbsp;&nbsp;pbuf_realloc
</UL>
<BR>[Called By]<UL><LI><a href="#[f8d6b0]">&gt;&gt;</a>&nbsp;&nbsp;&nbsp;dhcp_arp_reply
</UL>

<P><STRONG><a name="[b53d48]"></a>dhcp_set_state</STRONG> (Thumb, 14 bytes, Stack size 0 bytes, dhcp.o(.text))
<BR><BR>[Called By]<UL><LI><a href="#[b53d90]">&gt;&gt;</a>&nbsp;&nbsp;&nbsp;dhcp_decline
<LI><a href="#[b53dd8]">&gt;&gt;</a>&nbsp;&nbsp;&nbsp;dhcp_discover
<LI><a href="#[b53e20]">&gt;&gt;</a>&nbsp;&nbsp;&nbsp;dhcp_recv
<LI><a href="#[b53ef8]">&gt;&gt;</a>&nbsp;&nbsp;&nbsp;dhcp_bind
<LI><a href="#[b53f40]">&gt;&gt;</a>&nbsp;&nbsp;&nbsp;dhcp_rebind
<LI><a href="#[b53fd0]">&gt;&gt;</a>&nbsp;&nbsp;&nbsp;dhcp_select
<LI><a href="#[b54138]">&gt;&gt;</a>&nbsp;&nbsp;&nbsp;dhcp_check
<LI><a href="#[f8d818]">&gt;&gt;</a>&nbsp;&nbsp;&nbsp;dhcp_release
<LI><a href="#[f8d8a8]">&gt;&gt;</a>&nbsp;&nbsp;&nbsp;dhcp_renew
</UL>

<P><STRONG><a name="[b53d00]"></a>dhcp_delete_request</STRONG> (Thumb, 18 bytes, Stack size 8 bytes, dhcp.o(.text))
<BR><BR>[Stack]<UL><LI>Max Depth = 56 + Unknown Stack Size
<LI>Call Chain = dhcp_delete_request &rArr; pbuf_free &rArr; memp_free &rArr; sys_arch_unprotect &rArr; IntMasterEnable
</UL>
<BR>[Calls]<UL><LI><a href="#[b5ac40]">&gt;&gt;</a>&nbsp;&nbsp;&nbsp;pbuf_free
</UL>
<BR>[Called By]<UL><LI><a href="#[b53d90]">&gt;&gt;</a>&nbsp;&nbsp;&nbsp;dhcp_decline
<LI><a href="#[b53dd8]">&gt;&gt;</a>&nbsp;&nbsp;&nbsp;dhcp_discover
<LI><a href="#[b53f40]">&gt;&gt;</a>&nbsp;&nbsp;&nbsp;dhcp_rebind
<LI><a href="#[b53fd0]">&gt;&gt;</a>&nbsp;&nbsp;&nbsp;dhcp_select
<LI><a href="#[f8d6f8]">&gt;&gt;</a>&nbsp;&nbsp;&nbsp;dhcp_inform
<LI><a href="#[f8d818]">&gt;&gt;</a>&nbsp;&nbsp;&nbsp;dhcp_release
<LI><a href="#[f8d8a8]">&gt;&gt;</a>&nbsp;&nbsp;&nbsp;dhcp_renew
</UL>

<P><STRONG><a name="[b53cb8]"></a>dhcp_option_byte</STRONG> (Thumb, 16 bytes, Stack size 0 bytes, dhcp.o(.text))
<BR><BR>[Called By]<UL><LI><a href="#[b53d90]">&gt;&gt;</a>&nbsp;&nbsp;&nbsp;dhcp_decline
<LI><a href="#[b53dd8]">&gt;&gt;</a>&nbsp;&nbsp;&nbsp;dhcp_discover
<LI><a href="#[b53f40]">&gt;&gt;</a>&nbsp;&nbsp;&nbsp;dhcp_rebind
<LI><a href="#[b53fd0]">&gt;&gt;</a>&nbsp;&nbsp;&nbsp;dhcp_select
<LI><a href="#[f8d6f8]">&gt;&gt;</a>&nbsp;&nbsp;&nbsp;dhcp_inform
<LI><a href="#[f8d818]">&gt;&gt;</a>&nbsp;&nbsp;&nbsp;dhcp_release
<LI><a href="#[f8d8a8]">&gt;&gt;</a>&nbsp;&nbsp;&nbsp;dhcp_renew
</UL>

<P><STRONG><a name="[b53c70]"></a>dhcp_option</STRONG> (Thumb, 32 bytes, Stack size 8 bytes, dhcp.o(.text))
<BR><BR>[Stack]<UL><LI>Max Depth = 8<LI>Call Chain = dhcp_option
</UL>
<BR>[Called By]<UL><LI><a href="#[b53d90]">&gt;&gt;</a>&nbsp;&nbsp;&nbsp;dhcp_decline
<LI><a href="#[b53dd8]">&gt;&gt;</a>&nbsp;&nbsp;&nbsp;dhcp_discover
<LI><a href="#[b53f40]">&gt;&gt;</a>&nbsp;&nbsp;&nbsp;dhcp_rebind
<LI><a href="#[b53fd0]">&gt;&gt;</a>&nbsp;&nbsp;&nbsp;dhcp_select
<LI><a href="#[f8d6f8]">&gt;&gt;</a>&nbsp;&nbsp;&nbsp;dhcp_inform
<LI><a href="#[f8d818]">&gt;&gt;</a>&nbsp;&nbsp;&nbsp;dhcp_release
<LI><a href="#[f8d8a8]">&gt;&gt;</a>&nbsp;&nbsp;&nbsp;dhcp_renew
</UL>

<P><STRONG><a name="[b53c28]"></a>dhcp_get_option_long</STRONG> (Thumb, 22 bytes, Stack size 0 bytes, dhcp.o(.text), UNUSED)
<BR><BR>[Called By]<UL><LI><a href="#[b53e20]">&gt;&gt;</a>&nbsp;&nbsp;&nbsp;dhcp_recv
<LI><a href="#[b53eb0]">&gt;&gt;</a>&nbsp;&nbsp;&nbsp;dhcp_handle_ack
</UL>

<P><STRONG><a name="[b53be0]"></a>dhcp_unfold_reply</STRONG> (Thumb, 140 bytes, Stack size 24 bytes, dhcp.o(.text), UNUSED)
<BR><BR>[Calls]<UL><LI><a href="#[b53e68]">&gt;&gt;</a>&nbsp;&nbsp;&nbsp;dhcp_free_reply
<LI><a href="#[b5ac88]">&gt;&gt;</a>&nbsp;&nbsp;&nbsp;mem_malloc
<LI><a href="#[b5acd0]">&gt;&gt;</a>&nbsp;&nbsp;&nbsp;mem_free
</UL>
<BR>[Called By]<UL><LI><a href="#[b53e20]">&gt;&gt;</a>&nbsp;&nbsp;&nbsp;dhcp_recv
</UL>

<P><STRONG><a name="[b53b98]"></a>dhcp_timeout</STRONG> (Thumb, 114 bytes, Stack size 8 bytes, dhcp.o(.text), UNUSED)
<BR><BR>[Calls]<UL><LI><a href="#[b53dd8]">&gt;&gt;</a>&nbsp;&nbsp;&nbsp;dhcp_discover
<LI><a href="#[b53ef8]">&gt;&gt;</a>&nbsp;&nbsp;&nbsp;dhcp_bind
<LI><a href="#[b53f40]">&gt;&gt;</a>&nbsp;&nbsp;&nbsp;dhcp_rebind
<LI><a href="#[b53fd0]">&gt;&gt;</a>&nbsp;&nbsp;&nbsp;dhcp_select
<LI><a href="#[b54138]">&gt;&gt;</a>&nbsp;&nbsp;&nbsp;dhcp_check
<LI><a href="#[f8d818]">&gt;&gt;</a>&nbsp;&nbsp;&nbsp;dhcp_release
<LI><a href="#[f8d8a8]">&gt;&gt;</a>&nbsp;&nbsp;&nbsp;dhcp_renew
</UL>
<BR>[Called By]<UL><LI><a href="#[f8d7d0]">&gt;&gt;</a>&nbsp;&nbsp;&nbsp;dhcp_fine_tmr
</UL>

<P><STRONG><a name="[f8c810]"></a>lwip_standard_chksum</STRONG> (Thumb, 58 bytes, Stack size 8 bytes, inet.o(.text))
<BR><BR>[Stack]<UL><LI>Max Depth = 8<LI>Call Chain = lwip_standard_chksum
</UL>
<BR>[Called By]<UL><LI><a href="#[b556a8]">&gt;&gt;</a>&nbsp;&nbsp;&nbsp;inet_chksum_pseudo
<LI><a href="#[f8c078]">&gt;&gt;</a>&nbsp;&nbsp;&nbsp;inet_chksum_pbuf
<LI><a href="#[f8c0c0]">&gt;&gt;</a>&nbsp;&nbsp;&nbsp;inet_chksum
</UL>

<P><STRONG><a name="[f8b1b8]"></a>plug_holes</STRONG> (Thumb, 78 bytes, Stack size 12 bytes, mem.o(.text))
<BR><BR>[Stack]<UL><LI>Max Depth = 12<LI>Call Chain = plug_holes
</UL>
<BR>[Called By]<UL><LI><a href="#[b5acd0]">&gt;&gt;</a>&nbsp;&nbsp;&nbsp;mem_free
<LI><a href="#[f8a990]">&gt;&gt;</a>&nbsp;&nbsp;&nbsp;mem_realloc
</UL>

<P><STRONG><a name="[f854b8]"></a>pbuf_pool_alloc</STRONG> (Thumb, 48 bytes, Stack size 8 bytes, pbuf.o(.text))
<BR><BR>[Stack]<UL><LI>Max Depth = 16 + Unknown Stack Size
<LI>Call Chain = pbuf_pool_alloc &rArr; sys_arch_unprotect &rArr; IntMasterEnable
</UL>
<BR>[Calls]<UL><LI><a href="#[b5dac8]">&gt;&gt;</a>&nbsp;&nbsp;&nbsp;sys_arch_unprotect
<LI><a href="#[b5db10]">&gt;&gt;</a>&nbsp;&nbsp;&nbsp;sys_arch_protect
</UL>
<BR>[Called By]<UL><LI><a href="#[b554b0]">&gt;&gt;</a>&nbsp;&nbsp;&nbsp;pbuf_alloc
</UL>

<P><STRONG><a name="[f7f370]"></a>tcp_receive</STRONG> (Thumb, 1430 bytes, Stack size 32 bytes, tcp_in.o(.text))
<BR><BR>[Stack]<UL><LI>Max Depth = 196 + Unknown Stack Size
<LI>Call Chain = tcp_receive &rArr; tcp_rexmit &rArr; tcp_output &rArr; tcp_output_segment &rArr; ip_output &rArr; ip_output_if &rArr; inet_chksum &rArr; lwip_standard_chksum
</UL>
<BR>[Calls]<UL><LI><a href="#[b55420]">&gt;&gt;</a>&nbsp;&nbsp;&nbsp;pbuf_header
<LI><a href="#[b554f8]">&gt;&gt;</a>&nbsp;&nbsp;&nbsp;ntohs
<LI><a href="#[b55540]">&gt;&gt;</a>&nbsp;&nbsp;&nbsp;ntohl
<LI><a href="#[b57c88]">&gt;&gt;</a>&nbsp;&nbsp;&nbsp;htonl
<LI><a href="#[b57d18]">&gt;&gt;</a>&nbsp;&nbsp;&nbsp;tcp_seg_copy
<LI><a href="#[b57fa0]">&gt;&gt;</a>&nbsp;&nbsp;&nbsp;tcp_seg_free
<LI><a href="#[b5a970]">&gt;&gt;</a>&nbsp;&nbsp;&nbsp;tcp_output
<LI><a href="#[f84b28]">&gt;&gt;</a>&nbsp;&nbsp;&nbsp;pbuf_cat
<LI><a href="#[f84b70]">&gt;&gt;</a>&nbsp;&nbsp;&nbsp;pbuf_clen
<LI><a href="#[f8d428]">&gt;&gt;</a>&nbsp;&nbsp;&nbsp;pbuf_realloc
<LI><a href="#[fee818]">&gt;&gt;</a>&nbsp;&nbsp;&nbsp;tcp_rexmit
</UL>
<BR>[Called By]<UL><LI><a href="#[f7f2e0]">&gt;&gt;</a>&nbsp;&nbsp;&nbsp;tcp_process
</UL>

<P><STRONG><a name="[f7f328]"></a>tcp_parseopt</STRONG> (Thumb, 118 bytes, Stack size 24 bytes, tcp_in.o(.text))
<BR><BR>[Stack]<UL><LI>Max Depth = 24<LI>Call Chain = tcp_parseopt
</UL>
<BR>[Calls]<UL><LI><a href="#[b554f8]">&gt;&gt;</a>&nbsp;&nbsp;&nbsp;ntohs
</UL>
<BR>[Called By]<UL><LI><a href="#[f7f298]">&gt;&gt;</a>&nbsp;&nbsp;&nbsp;tcp_listen_input
<LI><a href="#[f7f2e0]">&gt;&gt;</a>&nbsp;&nbsp;&nbsp;tcp_process
</UL>

<P><STRONG><a name="[f7f2e0]"></a>tcp_process</STRONG> (Thumb, 794 bytes, Stack size 48 bytes, tcp_in.o(.text))
<BR><BR>[Stack]<UL><LI>Max Depth = 268 + Unknown Stack Size
<LI>Call Chain = tcp_process &rArr; tcp_abort &rArr; tcp_pcb_remove &rArr; tcp_output &rArr; tcp_output_segment &rArr; ip_output &rArr; ip_output_if &rArr; inet_chksum &rArr; lwip_standard_chksum
</UL>
<BR>[Calls]<UL><LI><a href="#[b55540]">&gt;&gt;</a>&nbsp;&nbsp;&nbsp;ntohl
<LI><a href="#[b57a90]">&gt;&gt;</a>&nbsp;&nbsp;&nbsp;tcp_rst
<LI><a href="#[b57f10]">&gt;&gt;</a>&nbsp;&nbsp;&nbsp;tcp_pcb_purge
<LI><a href="#[b57fa0]">&gt;&gt;</a>&nbsp;&nbsp;&nbsp;tcp_seg_free
<LI><a href="#[b5a970]">&gt;&gt;</a>&nbsp;&nbsp;&nbsp;tcp_output
<LI><a href="#[b5abb0]">&gt;&gt;</a>&nbsp;&nbsp;&nbsp;tcp_abort
<LI><a href="#[f7f328]">&gt;&gt;</a>&nbsp;&nbsp;&nbsp;tcp_parseopt
<LI><a href="#[f7f370]">&gt;&gt;</a>&nbsp;&nbsp;&nbsp;tcp_receive
</UL>
<BR>[Called By]<UL><LI><a href="#[fee860]">&gt;&gt;</a>&nbsp;&nbsp;&nbsp;tcp_input
</UL>

<P><STRONG><a name="[f7f298]"></a>tcp_listen_input</STRONG> (Thumb, 212 bytes, Stack size 32 bytes, tcp_in.o(.text))
<BR><BR>[Stack]<UL><LI>Max Depth = 276 + Unknown Stack Size
<LI>Call Chain = tcp_listen_input &rArr; tcp_alloc &rArr; tcp_abort &rArr; tcp_pcb_remove &rArr; tcp_output &rArr; tcp_output_segment &rArr; ip_output &rArr; ip_output_if &rArr; inet_chksum &rArr; lwip_standard_chksum
</UL>
<BR>[Calls]<UL><LI><a href="#[b57a90]">&gt;&gt;</a>&nbsp;&nbsp;&nbsp;tcp_rst
<LI><a href="#[b57b68]">&gt;&gt;</a>&nbsp;&nbsp;&nbsp;tcp_enqueue
<LI><a href="#[b57c88]">&gt;&gt;</a>&nbsp;&nbsp;&nbsp;htonl
<LI><a href="#[b57cd0]">&gt;&gt;</a>&nbsp;&nbsp;&nbsp;tcp_alloc
<LI><a href="#[b5a970]">&gt;&gt;</a>&nbsp;&nbsp;&nbsp;tcp_output
<LI><a href="#[f7f328]">&gt;&gt;</a>&nbsp;&nbsp;&nbsp;tcp_parseopt
</UL>
<BR>[Called By]<UL><LI><a href="#[fee860]">&gt;&gt;</a>&nbsp;&nbsp;&nbsp;tcp_input
</UL>

<P><STRONG><a name="[fed498]"></a>tcp_output_segment</STRONG> (Thumb, 174 bytes, Stack size 24 bytes, tcp_out.o(.text))
<BR><BR>[Stack]<UL><LI>Max Depth = 116<LI>Call Chain = tcp_output_segment &rArr; ip_output &rArr; ip_output_if &rArr; inet_chksum &rArr; lwip_standard_chksum
</UL>
<BR>[Calls]<UL><LI><a href="#[b55540]">&gt;&gt;</a>&nbsp;&nbsp;&nbsp;ntohl
<LI><a href="#[b555d0]">&gt;&gt;</a>&nbsp;&nbsp;&nbsp;ip_route
<LI><a href="#[b556a8]">&gt;&gt;</a>&nbsp;&nbsp;&nbsp;inet_chksum_pseudo
<LI><a href="#[b55738]">&gt;&gt;</a>&nbsp;&nbsp;&nbsp;htons
<LI><a href="#[b57c88]">&gt;&gt;</a>&nbsp;&nbsp;&nbsp;htonl
<LI><a href="#[fec688]">&gt;&gt;</a>&nbsp;&nbsp;&nbsp;ip_output
</UL>
<BR>[Called By]<UL><LI><a href="#[b5a970]">&gt;&gt;</a>&nbsp;&nbsp;&nbsp;tcp_output
</UL>

<P><STRONG><a name="[fe2ed8]"></a>find_entry</STRONG> (Thumb, 242 bytes, Stack size 48 bytes, etharp.o(.text), UNUSED)
<BR><BR>[Calls]<UL><LI><a href="#[b5ac40]">&gt;&gt;</a>&nbsp;&nbsp;&nbsp;pbuf_free
</UL>
<BR>[Called By]<UL><LI><a href="#[f8d668]">&gt;&gt;</a>&nbsp;&nbsp;&nbsp;etharp_query
<LI><a href="#[fe2e90]">&gt;&gt;</a>&nbsp;&nbsp;&nbsp;update_arp_entry
</UL>

<P><STRONG><a name="[fe2e90]"></a>update_arp_entry</STRONG> (Thumb, 194 bytes, Stack size 32 bytes, etharp.o(.text), UNUSED)
<BR><BR>[Calls]<UL><LI><a href="#[b55540]">&gt;&gt;</a>&nbsp;&nbsp;&nbsp;ntohl
<LI><a href="#[b55660]">&gt;&gt;</a>&nbsp;&nbsp;&nbsp;ip_addr_isbroadcast
<LI><a href="#[b55738]">&gt;&gt;</a>&nbsp;&nbsp;&nbsp;htons
<LI><a href="#[b5ac40]">&gt;&gt;</a>&nbsp;&nbsp;&nbsp;pbuf_free
<LI><a href="#[f84a98]">&gt;&gt;</a>&nbsp;&nbsp;&nbsp;pbuf_dequeue
<LI><a href="#[fe2ed8]">&gt;&gt;</a>&nbsp;&nbsp;&nbsp;find_entry
</UL>
<BR>[Called By]<UL><LI><a href="#[fe2080]">&gt;&gt;</a>&nbsp;&nbsp;&nbsp;etharp_arp_input
<LI><a href="#[fe20c8]">&gt;&gt;</a>&nbsp;&nbsp;&nbsp;etharp_ip_input
</UL>

<P><STRONG><a name="[fe00f0]"></a>enqueue_frame</STRONG> (Thumb, 72 bytes, Stack size 8 bytes, luminaryif.o(.text), UNUSED)
<BR><BR>[Calls]<UL><LI><a href="#[b5dac8]">&gt;&gt;</a>&nbsp;&nbsp;&nbsp;sys_arch_unprotect
<LI><a href="#[b5db10]">&gt;&gt;</a>&nbsp;&nbsp;&nbsp;sys_arch_protect
</UL>
<BR>[Called By]<UL><LI><a href="#[103dff0]">&gt;&gt;</a>&nbsp;&nbsp;&nbsp;ethernetif_enqueue
</UL>

<P><STRONG><a name="[1039ac8]"></a>lwip_display_address</STRONG> (Thumb, 52 bytes, Stack size 48 bytes, enet_lwip.o(.text), UNUSED)
<BR><BR>[Calls]<UL><LI><a href="#[b5e728]">&gt;&gt;</a>&nbsp;&nbsp;&nbsp;RIT128x96x4StringDraw
<LI><a href="#[103be20]">&gt;&gt;</a>&nbsp;&nbsp;&nbsp;usprintf
</UL>
<BR>[Called By]<UL><LI><a href="#[b5dc78]">&gt;&gt;</a>&nbsp;&nbsp;&nbsp;lwip_tick
</UL>

<P><STRONG><a name="[1032d20]"></a>eventRecv</STRONG> (Thumb, 8 bytes, Stack size 0 bytes, ptpd_net.o(.text), UNUSED)
<BR><BR>[Calls]<UL><LI><a href="#[1032c48]">&gt;&gt;</a>&nbsp;&nbsp;&nbsp;netQPut
</UL>

<P><STRONG><a name="[1032cd8]"></a>generalRecv</STRONG> (Thumb, 8 bytes, Stack size 0 bytes, ptpd_net.o(.text), UNUSED)
<BR><BR>[Calls]<UL><LI><a href="#[1032c48]">&gt;&gt;</a>&nbsp;&nbsp;&nbsp;netQPut
</UL>

<P><STRONG><a name="[1032c90]"></a>netQInit</STRONG> (Thumb, 10 bytes, Stack size 0 bytes, ptpd_net.o(.text), UNUSED)
<BR><BR>[Called By]<UL><LI><a href="#[1036638]">&gt;&gt;</a>&nbsp;&nbsp;&nbsp;netInit
</UL>

<P><STRONG><a name="[1032c48]"></a>netQPut</STRONG> (Thumb, 44 bytes, Stack size 0 bytes, ptpd_net.o(.text), UNUSED)
<BR><BR>[Called By]<UL><LI><a href="#[1032cd8]">&gt;&gt;</a>&nbsp;&nbsp;&nbsp;generalRecv
<LI><a href="#[1032d20]">&gt;&gt;</a>&nbsp;&nbsp;&nbsp;eventRecv
</UL>

<P><STRONG><a name="[1032c00]"></a>netQCheck</STRONG> (Thumb, 10 bytes, Stack size 0 bytes, ptpd_net.o(.text), UNUSED)
<BR><BR>[Called By]<UL><LI><a href="#[1036560]">&gt;&gt;</a>&nbsp;&nbsp;&nbsp;netSelect
</UL>

<P><STRONG><a name="[fdd2c0]"></a>RITWriteCommand</STRONG> (Thumb, 54 bytes, Stack size 16 bytes, rit128x96x4.o(.text))
<BR><BR>[Stack]<UL><LI>Max Depth = 16<LI>Call Chain = RITWriteCommand
</UL>
<BR>[Calls]<UL><LI><a href="#[10ea1d8]">&gt;&gt;</a>&nbsp;&nbsp;&nbsp;SSIDataPut
<LI><a href="#[10ea268]">&gt;&gt;</a>&nbsp;&nbsp;&nbsp;SSIDataGet
<LI><a href="#[10f2630]">&gt;&gt;</a>&nbsp;&nbsp;&nbsp;GPIOPinWrite
</UL>
<BR>[Called By]<UL><LI><a href="#[b5e728]">&gt;&gt;</a>&nbsp;&nbsp;&nbsp;RIT128x96x4StringDraw
<LI><a href="#[b5e770]">&gt;&gt;</a>&nbsp;&nbsp;&nbsp;RIT128x96x4Init
<LI><a href="#[b5e7b8]">&gt;&gt;</a>&nbsp;&nbsp;&nbsp;RIT128x96x4Clear
<LI><a href="#[fdcb28]">&gt;&gt;</a>&nbsp;&nbsp;&nbsp;RIT128x96x4DisplayOff
<LI><a href="#[fdcb70]">&gt;&gt;</a>&nbsp;&nbsp;&nbsp;RIT128x96x4DisplayOn
<LI><a href="#[fdcc48]">&gt;&gt;</a>&nbsp;&nbsp;&nbsp;RIT128x96x4ImageDraw
</UL>

<P><STRONG><a name="[fdd278]"></a>RITWriteData</STRONG> (Thumb, 54 bytes, Stack size 16 bytes, rit128x96x4.o(.text))
<BR><BR>[Stack]<UL><LI>Max Depth = 16<LI>Call Chain = RITWriteData
</UL>
<BR>[Calls]<UL><LI><a href="#[10ea1d8]">&gt;&gt;</a>&nbsp;&nbsp;&nbsp;SSIDataPut
<LI><a href="#[10ea268]">&gt;&gt;</a>&nbsp;&nbsp;&nbsp;SSIDataGet
<LI><a href="#[10f2630]">&gt;&gt;</a>&nbsp;&nbsp;&nbsp;GPIOPinWrite
</UL>
<BR>[Called By]<UL><LI><a href="#[b5e728]">&gt;&gt;</a>&nbsp;&nbsp;&nbsp;RIT128x96x4StringDraw
<LI><a href="#[b5e7b8]">&gt;&gt;</a>&nbsp;&nbsp;&nbsp;RIT128x96x4Clear
<LI><a href="#[fdcc48]">&gt;&gt;</a>&nbsp;&nbsp;&nbsp;RIT128x96x4ImageDraw
</UL>

<P><STRONG><a name="[107a2d8]"></a>_printf_core</STRONG> (Thumb, 326 bytes, Stack size 88 bytes, printf1.o(i._printf_core), UNUSED)
<BR><BR>[Calls]<UL><LI><a href="#[10716f0]">&gt;&gt;</a>&nbsp;&nbsp;&nbsp;__aeabi_uidivmod
</UL>
<BR>[Called By]<UL><LI><a href="#[107a1b8]">&gt;&gt;</a>&nbsp;&nbsp;&nbsp;__0printf_1
</UL>

<P><STRONG><a name="[1072760]"></a>_double_addcore</STRONG> (Thumb, 274 bytes, Stack size 64 bytes, dadd.o(.text), UNUSED)
<BR><BR>[Calls]<UL><LI><a href="#[10707e0]">&gt;&gt;</a>&nbsp;&nbsp;&nbsp;_double_epilogue
<LI><a href="#[1071200]">&gt;&gt;</a>&nbsp;&nbsp;&nbsp;__aeabi_llsr
<LI><a href="#[10713b0]">&gt;&gt;</a>&nbsp;&nbsp;&nbsp;__aeabi_llsl
</UL>
<BR>[Called By]<UL><LI><a href="#[1072688]">&gt;&gt;</a>&nbsp;&nbsp;&nbsp;__aeabi_drsub
<LI><a href="#[10726d0]">&gt;&gt;</a>&nbsp;&nbsp;&nbsp;__aeabi_dsub
<LI><a href="#[1072718]">&gt;&gt;</a>&nbsp;&nbsp;&nbsp;__aeabi_dadd
</UL>
<P>
<H3>
Undefined Global Symbols
</H3><HR></body></html>
