<!doctype html public "-//w3c//dtd html 4.0 transitional//en">
<html><head>
<title>Static Call Graph - [.\Obj\SimplePtidesOS.axf]</title></head>
<body><HR>
<H1>Static Call Graph for image .\Obj\SimplePtidesOS.axf</H1><HR>
<BR><P>#&#060CALLGRAPH&#062# ARM Linker, RVCT3.1 [Build 934]: Last Updated: Thu Nov 13 16:03:17 2008
<BR><P>
<H3>Maximum Stack Usage =        592 bytes + Unknown(Functions without stacksize, Cycles, Untraceable Function Pointers)</H3><H3>
Call chain for Maximum Stack Depth:</H3>
main &rArr; processEvents &rArr; setTimedInterrupt &rArr; __aeabi_ldivmod &rArr; __aeabi_uldivmod
<P>
<H3>
Functions with no stack information
</H3><UL>
 <LI><a href="#[b63438]">Reset_Handler</a>
 <LI><a href="#[108e8f0]">CPUcpsid</a>
 <LI><a href="#[108e8a8]">CPUcpsie</a>
 <LI><a href="#[108e860]">CPUwfi</a>
 <LI><a href="#[b63678]">NmiSR</a>
 <LI><a href="#[b63630]">FaultISR</a>
 <LI><a href="#[b635e8]">IntDefaultHandler</a>
</UL>
</UL>
<P>
<H3>
Mutually Recursive functions
</H3> <LI><a href="#[10fb260]">SSIDataPut</a>&nbsp;&nbsp;&nbsp;&rArr;&nbsp;&nbsp;&nbsp;<a href="#[10fb260]">SSIDataPut</a><BR>
 <LI><a href="#[10fb2f0]">SSIDataGet</a>&nbsp;&nbsp;&nbsp;&rArr;&nbsp;&nbsp;&nbsp;<a href="#[10fb2f0]">SSIDataGet</a><BR>
 <LI><a href="#[1090b68]">UARTConfigSetExpClk</a>&nbsp;&nbsp;&nbsp;&rArr;&nbsp;&nbsp;&nbsp;<a href="#[1090b68]">UARTConfigSetExpClk</a><BR>
 <LI><a href="#[1164d70]">SysCtlDelay</a>&nbsp;&nbsp;&nbsp;&rArr;&nbsp;&nbsp;&nbsp;<a href="#[1164d70]">SysCtlDelay</a><BR>
 <LI><a href="#[b63678]">NmiSR</a>&nbsp;&nbsp;&nbsp;&rArr;&nbsp;&nbsp;&nbsp;<a href="#[b63678]">NmiSR</a><BR>
 <LI><a href="#[b63630]">FaultISR</a>&nbsp;&nbsp;&nbsp;&rArr;&nbsp;&nbsp;&nbsp;<a href="#[b63630]">FaultISR</a><BR>
 <LI><a href="#[b635e8]">IntDefaultHandler</a>&nbsp;&nbsp;&nbsp;&rArr;&nbsp;&nbsp;&nbsp;<a href="#[b635e8]">IntDefaultHandler</a><BR>
</UL>
<P>
<H3>
Function Pointers
</H3><UL>
 <LI><a href="#[b63438]">Reset_Handler</a>
 <LI><a href="#[b63678]">NmiSR</a>
 <LI><a href="#[b63630]">FaultISR</a>
 <LI><a href="#[b635e8]">IntDefaultHandler</a>
 <LI><a href="#[b635e8]">IntDefaultHandler</a>
 <LI><a href="#[b635e8]">IntDefaultHandler</a>
 <LI><a href="#[b635e8]">IntDefaultHandler</a>
 <LI><a href="#[b635e8]">IntDefaultHandler</a>
 <LI><a href="#[b635e8]">IntDefaultHandler</a>
 <LI><a href="#[b631b0]">SysTickHandler</a>
 <LI><a href="#[b633a8]">IntGPIOa</a>
 <LI><a href="#[b63360]">IntGPIOb</a>
 <LI><a href="#[b63318]">IntGPIOc</a>
 <LI><a href="#[b632d0]">IntGPIOd</a>
 <LI><a href="#[b63288]">IntGPIOe</a>
 <LI><a href="#[b630d8]">UARTIntHandler</a>
 <LI><a href="#[b635e8]">IntDefaultHandler</a>
 <LI><a href="#[b635e8]">IntDefaultHandler</a>
 <LI><a href="#[b635e8]">IntDefaultHandler</a>
 <LI><a href="#[b635e8]">IntDefaultHandler</a>
 <LI><a href="#[b635e8]">IntDefaultHandler</a>
 <LI><a href="#[b635e8]">IntDefaultHandler</a>
 <LI><a href="#[b635e8]">IntDefaultHandler</a>
 <LI><a href="#[b635e8]">IntDefaultHandler</a>
 <LI><a href="#[b635e8]">IntDefaultHandler</a>
 <LI><a href="#[b635e8]">IntDefaultHandler</a>
 <LI><a href="#[b635e8]">IntDefaultHandler</a>
 <LI><a href="#[b635e8]">IntDefaultHandler</a>
 <LI><a href="#[b635e8]">IntDefaultHandler</a>
 <LI><a href="#[b63168]">Timer0IntHandler</a>
 <LI><a href="#[b635e8]">IntDefaultHandler</a>
 <LI><a href="#[b63120]">Timer1IntHandler</a>
 <LI><a href="#[b635e8]">IntDefaultHandler</a>
 <LI><a href="#[b635e8]">IntDefaultHandler</a>
 <LI><a href="#[b635e8]">IntDefaultHandler</a>
 <LI><a href="#[b635e8]">IntDefaultHandler</a>
 <LI><a href="#[b635e8]">IntDefaultHandler</a>
 <LI><a href="#[b635e8]">IntDefaultHandler</a>
 <LI><a href="#[b635e8]">IntDefaultHandler</a>
 <LI><a href="#[b635e8]">IntDefaultHandler</a>
 <LI><a href="#[b63240]">IntGPIOf</a>
 <LI><a href="#[b631f8]">IntGPIOg</a>
 <LI><a href="#[b635e8]">IntDefaultHandler</a>
 <LI><a href="#[b635e8]">IntDefaultHandler</a>
 <LI><a href="#[b635e8]">IntDefaultHandler</a>
 <LI><a href="#[b635e8]">IntDefaultHandler</a>
 <LI><a href="#[b635e8]">IntDefaultHandler</a>
 <LI><a href="#[b635e8]">IntDefaultHandler</a>
 <LI><a href="#[b635e8]">IntDefaultHandler</a>
 <LI><a href="#[b635e8]">IntDefaultHandler</a>
 <LI><a href="#[b635e8]">IntDefaultHandler</a>
 <LI><a href="#[b635e8]">IntDefaultHandler</a>
 <LI><a href="#[b635e8]">IntDefaultHandler</a>
 <LI><a href="#[b635e8]">IntDefaultHandler</a>
 <LI><a href="#[b5ede8]">timerHandler</a>
 <LI><a href="#[fe6780]">ip_input</a>
 <LI><a href="#[fdf300]">ethernetif_init</a>
 <LI><a href="#[b5e650]">main</a>
 <LI><a href="#[1082a30]">fputc</a>
 <LI><a href="#[108ace8]">_sputc</a>
</UL>
<P>
<H3>
Global Symbols
</H3>
<P><STRONG><a name="[b63438]"></a>Reset_Handler</STRONG> (Thumb, 0 bytes, Stack size unknown bytes, startup.o(RESET))
<BR><BR>[Calls]<UL><LI><a href="#[108e0a0]">&gt;&gt;</a>&nbsp;&nbsp;&nbsp;__main
</UL>
<BR>[Address Reference Count : 1]<UL><LI> startup.o(RESET)
</UL>
<P><STRONG><a name="[108e0a0]"></a>__main</STRONG> (Thumb, 8 bytes, Stack size 0 bytes, entry.o($$startup$$))
<BR><BR>[Calls]<UL><LI><a href="#[1083028]">&gt;&gt;</a>&nbsp;&nbsp;&nbsp;__init
</UL>
<BR>[Called By]<UL><LI><a href="#[b63438]">&gt;&gt;</a>&nbsp;&nbsp;&nbsp;Reset_Handler
</UL>

<P><STRONG><a name="[1164d70]"></a>SysCtlDelay</STRONG> (Thumb, 6 bytes, Stack size 0 bytes, sysctl.o(.emb_text))
<BR><BR>[Calls]<UL><LI><a href="#[1164d70]">&gt;&gt;</a>&nbsp;&nbsp;&nbsp;SysCtlDelay
</UL>
<BR>[Called By]<UL><LI><a href="#[11645d8]">&gt;&gt;</a>&nbsp;&nbsp;&nbsp;SysCtlClockSet
<LI><a href="#[1164d70]">&gt;&gt;</a>&nbsp;&nbsp;&nbsp;SysCtlDelay
</UL>

<P><STRONG><a name="[1083070]"></a>__call_main</STRONG> (Thumb, 2 bytes, Stack size 0 bytes, init.o(.emb_text))
<BR><BR>[Called By]<UL><LI><a href="#[1083028]">&gt;&gt;</a>&nbsp;&nbsp;&nbsp;__init
</UL>

<P><STRONG><a name="[b5ee30]"></a>itoa</STRONG> (Thumb, 38 bytes, Stack size 12 bytes, simpleptidesos.o(.text), UNUSED)

<P><STRONG><a name="[b5ede8]"></a>timerHandler</STRONG> (Thumb, 8 bytes, Stack size 0 bytes, simpleptidesos.o(.text))
<BR>[Address Reference Count : 1]<UL><LI> simpleptidesos.o(.text)
</UL>
<P><STRONG><a name="[b631b0]"></a>SysTickHandler</STRONG> (Thumb, 10 bytes, Stack size 0 bytes, simpleptidesos.o(.text))
<BR>[Address Reference Count : 1]<UL><LI> startup.o(RESET)
</UL>
<P><STRONG><a name="[b63168]"></a>Timer0IntHandler</STRONG> (Thumb, 80 bytes, Stack size 8 bytes, simpleptidesos.o(.text))
<BR><BR>[Stack]<UL><LI>Max Depth = 8<LI>Call Chain = Timer0IntHandler
</UL>
<BR>[Calls]<UL><LI><a href="#[10ff000]">&gt;&gt;</a>&nbsp;&nbsp;&nbsp;IntDisable
<LI><a href="#[115b090]">&gt;&gt;</a>&nbsp;&nbsp;&nbsp;TimerIntDisable
<LI><a href="#[115b0d8]">&gt;&gt;</a>&nbsp;&nbsp;&nbsp;TimerIntClear
<LI><a href="#[115b168]">&gt;&gt;</a>&nbsp;&nbsp;&nbsp;TimerDisable
</UL>
<BR>[Address Reference Count : 1]<UL><LI> startup.o(RESET)
</UL>
<P><STRONG><a name="[b63120]"></a>Timer1IntHandler</STRONG> (Thumb, 44 bytes, Stack size 8 bytes, simpleptidesos.o(.text))
<BR><BR>[Stack]<UL><LI>Max Depth = 8<LI>Call Chain = Timer1IntHandler
</UL>
<BR>[Calls]<UL><LI><a href="#[115b0d8]">&gt;&gt;</a>&nbsp;&nbsp;&nbsp;TimerIntClear
</UL>
<BR>[Address Reference Count : 1]<UL><LI> startup.o(RESET)
</UL>
<P><STRONG><a name="[b5eda0]"></a>setActuationInterrupt</STRONG> (Thumb, 2 bytes, Stack size 0 bytes, simpleptidesos.o(.text), UNUSED)

<P><STRONG><a name="[b5ed58]"></a>getCurrentPhysicalTime</STRONG> (Thumb, 24 bytes, Stack size 8 bytes, simpleptidesos.o(.text))
<BR><BR>[Stack]<UL><LI>Max Depth = 8<LI>Call Chain = getCurrentPhysicalTime
</UL>
<BR>[Calls]<UL><LI><a href="#[115f508]">&gt;&gt;</a>&nbsp;&nbsp;&nbsp;SysTickValueGet
</UL>
<BR>[Called By]<UL><LI><a href="#[b5e458]">&gt;&gt;</a>&nbsp;&nbsp;&nbsp;getRxTime
<LI><a href="#[b5e4e8]">&gt;&gt;</a>&nbsp;&nbsp;&nbsp;getTime
<LI><a href="#[b5e6e0]">&gt;&gt;</a>&nbsp;&nbsp;&nbsp;fireSensor
<LI><a href="#[b5e728]">&gt;&gt;</a>&nbsp;&nbsp;&nbsp;processAvailableEvents
<LI><a href="#[b5e770]">&gt;&gt;</a>&nbsp;&nbsp;&nbsp;processEvents
<LI><a href="#[b5eb60]">&gt;&gt;</a>&nbsp;&nbsp;&nbsp;initializeClock
<LI><a href="#[b5ed10]">&gt;&gt;</a>&nbsp;&nbsp;&nbsp;fireActuator
</UL>

<P><STRONG><a name="[b5ed10]"></a>fireActuator</STRONG> (Thumb, 80 bytes, Stack size 16 bytes, simpleptidesos.o(.text), UNUSED)
<BR><BR>[Calls]<UL><LI><a href="#[b5dd50]">&gt;&gt;</a>&nbsp;&nbsp;&nbsp;RIT128x96x4StringDraw
<LI><a href="#[b5ed58]">&gt;&gt;</a>&nbsp;&nbsp;&nbsp;getCurrentPhysicalTime
<LI><a href="#[108ab38]">&gt;&gt;</a>&nbsp;&nbsp;&nbsp;__1sprintf
</UL>

<P><STRONG><a name="[b5ecc8]"></a>alreadyFiring</STRONG> (Thumb, 4 bytes, Stack size 0 bytes, simpleptidesos.o(.text), UNUSED)

<P><STRONG><a name="[b5ec80]"></a>die</STRONG> (Thumb, 4 bytes, Stack size 0 bytes, simpleptidesos.o(.text), UNUSED)
<BR><BR>[Calls]<UL><LI><a href="#[108dcf8]">&gt;&gt;</a>&nbsp;&nbsp;&nbsp;perror
</UL>

<P><STRONG><a name="[b5ec38]"></a>addEvent</STRONG> (Thumb, 208 bytes, Stack size 40 bytes, simpleptidesos.o(.text))
<BR><BR>[Stack]<UL><LI>Max Depth = 88<LI>Call Chain = addEvent &rArr; RIT128x96x4StringDraw &rArr; RITWriteData
</UL>
<BR>[Calls]<UL><LI><a href="#[b5dd50]">&gt;&gt;</a>&nbsp;&nbsp;&nbsp;RIT128x96x4StringDraw
<LI><a href="#[108ab38]">&gt;&gt;</a>&nbsp;&nbsp;&nbsp;__1sprintf
</UL>
<BR>[Called By]<UL><LI><a href="#[b5e6e0]">&gt;&gt;</a>&nbsp;&nbsp;&nbsp;fireSensor
<LI><a href="#[b5e920]">&gt;&gt;</a>&nbsp;&nbsp;&nbsp;fireModelDelay
<LI><a href="#[b5e968]">&gt;&gt;</a>&nbsp;&nbsp;&nbsp;fireMerge
<LI><a href="#[b5ead0]">&gt;&gt;</a>&nbsp;&nbsp;&nbsp;fireComputation
<LI><a href="#[b5eb60]">&gt;&gt;</a>&nbsp;&nbsp;&nbsp;initializeClock
<LI><a href="#[b5eba8]">&gt;&gt;</a>&nbsp;&nbsp;&nbsp;fireClock
</UL>

<P><STRONG><a name="[b5ebf0]"></a>newEvent</STRONG> (Thumb, 64 bytes, Stack size 8 bytes, simpleptidesos.o(.text))
<BR><BR>[Stack]<UL><LI>Max Depth = 56<LI>Call Chain = newEvent &rArr; RIT128x96x4StringDraw &rArr; RITWriteData
</UL>
<BR>[Calls]<UL><LI><a href="#[b5dd50]">&gt;&gt;</a>&nbsp;&nbsp;&nbsp;RIT128x96x4StringDraw
</UL>
<BR>[Called By]<UL><LI><a href="#[b5e6e0]">&gt;&gt;</a>&nbsp;&nbsp;&nbsp;fireSensor
<LI><a href="#[b5e920]">&gt;&gt;</a>&nbsp;&nbsp;&nbsp;fireModelDelay
<LI><a href="#[b5e968]">&gt;&gt;</a>&nbsp;&nbsp;&nbsp;fireMerge
<LI><a href="#[b5ead0]">&gt;&gt;</a>&nbsp;&nbsp;&nbsp;fireComputation
<LI><a href="#[b5eb60]">&gt;&gt;</a>&nbsp;&nbsp;&nbsp;initializeClock
<LI><a href="#[b5eba8]">&gt;&gt;</a>&nbsp;&nbsp;&nbsp;fireClock
</UL>

<P><STRONG><a name="[b5eba8]"></a>fireClock</STRONG> (Thumb, 138 bytes, Stack size 24 bytes, simpleptidesos.o(.text))
<BR><BR>[Stack]<UL><LI>Max Depth = 112<LI>Call Chain = fireClock &rArr; addEvent &rArr; RIT128x96x4StringDraw &rArr; RITWriteData
</UL>
<BR>[Calls]<UL><LI><a href="#[b5dd50]">&gt;&gt;</a>&nbsp;&nbsp;&nbsp;RIT128x96x4StringDraw
<LI><a href="#[b5ebf0]">&gt;&gt;</a>&nbsp;&nbsp;&nbsp;newEvent
<LI><a href="#[b5ec38]">&gt;&gt;</a>&nbsp;&nbsp;&nbsp;addEvent
<LI><a href="#[108ab38]">&gt;&gt;</a>&nbsp;&nbsp;&nbsp;__1sprintf
<LI><a href="#[108d7a0]">&gt;&gt;</a>&nbsp;&nbsp;&nbsp;__aeabi_memcpy4
</UL>
<BR>[Called By]<UL><LI><a href="#[b5e728]">&gt;&gt;</a>&nbsp;&nbsp;&nbsp;processAvailableEvents
<LI><a href="#[b630d8]">&gt;&gt;</a>&nbsp;&nbsp;&nbsp;UARTIntHandler
</UL>

<P><STRONG><a name="[b5eb60]"></a>initializeClock</STRONG> (Thumb, 76 bytes, Stack size 24 bytes, simpleptidesos.o(.text))
<BR><BR>[Stack]<UL><LI>Max Depth = 112<LI>Call Chain = initializeClock &rArr; addEvent &rArr; RIT128x96x4StringDraw &rArr; RITWriteData
</UL>
<BR>[Calls]<UL><LI><a href="#[b5dd50]">&gt;&gt;</a>&nbsp;&nbsp;&nbsp;RIT128x96x4StringDraw
<LI><a href="#[b5ebf0]">&gt;&gt;</a>&nbsp;&nbsp;&nbsp;newEvent
<LI><a href="#[b5ec38]">&gt;&gt;</a>&nbsp;&nbsp;&nbsp;addEvent
<LI><a href="#[b5ed58]">&gt;&gt;</a>&nbsp;&nbsp;&nbsp;getCurrentPhysicalTime
</UL>
<BR>[Called By]<UL><LI><a href="#[b5e650]">&gt;&gt;</a>&nbsp;&nbsp;&nbsp;main
</UL>

<P><STRONG><a name="[b5eb18]"></a>currentlyFiring</STRONG> (Thumb, 6 bytes, Stack size 0 bytes, simpleptidesos.o(.text), UNUSED)

<P><STRONG><a name="[b5ead0]"></a>fireComputation</STRONG> (Thumb, 424 bytes, Stack size 24 bytes, simpleptidesos.o(.text), UNUSED)
<BR><BR>[Calls]<UL><LI><a href="#[b5dd50]">&gt;&gt;</a>&nbsp;&nbsp;&nbsp;RIT128x96x4StringDraw
<LI><a href="#[b5ebf0]">&gt;&gt;</a>&nbsp;&nbsp;&nbsp;newEvent
<LI><a href="#[b5ec38]">&gt;&gt;</a>&nbsp;&nbsp;&nbsp;addEvent
<LI><a href="#[1083628]">&gt;&gt;</a>&nbsp;&nbsp;&nbsp;__aeabi_dadd
<LI><a href="#[108ab38]">&gt;&gt;</a>&nbsp;&nbsp;&nbsp;__1sprintf
<LI><a href="#[108d7a0]">&gt;&gt;</a>&nbsp;&nbsp;&nbsp;__aeabi_memcpy4
</UL>

<P><STRONG><a name="[b5ea88]"></a>freeEvent</STRONG> (Thumb, 18 bytes, Stack size 0 bytes, simpleptidesos.o(.text))
<BR><BR>[Called By]<UL><LI><a href="#[b5e728]">&gt;&gt;</a>&nbsp;&nbsp;&nbsp;processAvailableEvents
<LI><a href="#[b5e770]">&gt;&gt;</a>&nbsp;&nbsp;&nbsp;processEvents
<LI><a href="#[b5ea40]">&gt;&gt;</a>&nbsp;&nbsp;&nbsp;removeEvent
</UL>

<P><STRONG><a name="[b5ea40]"></a>removeEvent</STRONG> (Thumb, 86 bytes, Stack size 8 bytes, simpleptidesos.o(.text))
<BR><BR>[Stack]<UL><LI>Max Depth = 56<LI>Call Chain = removeEvent &rArr; RIT128x96x4StringDraw &rArr; RITWriteData
</UL>
<BR>[Calls]<UL><LI><a href="#[b5dd50]">&gt;&gt;</a>&nbsp;&nbsp;&nbsp;RIT128x96x4StringDraw
<LI><a href="#[b5ea88]">&gt;&gt;</a>&nbsp;&nbsp;&nbsp;freeEvent
<LI><a href="#[108ab38]">&gt;&gt;</a>&nbsp;&nbsp;&nbsp;__1sprintf
<LI><a href="#[108abc8]">&gt;&gt;</a>&nbsp;&nbsp;&nbsp;__1printf
</UL>
<BR>[Called By]<UL><LI><a href="#[b5e728]">&gt;&gt;</a>&nbsp;&nbsp;&nbsp;processAvailableEvents
<LI><a href="#[b5e770]">&gt;&gt;</a>&nbsp;&nbsp;&nbsp;processEvents
</UL>

<P><STRONG><a name="[b5e9f8]"></a>fireActor</STRONG> (Thumb, 84 bytes, Stack size 8 bytes, simpleptidesos.o(.text))
<BR><BR>[Stack]<UL><LI>Max Depth = 56<LI>Call Chain = fireActor &rArr; RIT128x96x4StringDraw &rArr; RITWriteData
</UL>
<BR>[Calls]<UL><LI><a href="#[b5dd50]">&gt;&gt;</a>&nbsp;&nbsp;&nbsp;RIT128x96x4StringDraw
<LI><a href="#[108ab38]">&gt;&gt;</a>&nbsp;&nbsp;&nbsp;__1sprintf
<LI><a href="#[108dcf8]">&gt;&gt;</a>&nbsp;&nbsp;&nbsp;perror
</UL>
<BR>[Called By]<UL><LI><a href="#[b5e728]">&gt;&gt;</a>&nbsp;&nbsp;&nbsp;processAvailableEvents
<LI><a href="#[b5e770]">&gt;&gt;</a>&nbsp;&nbsp;&nbsp;processEvents
<LI><a href="#[b5e9b0]">&gt;&gt;</a>&nbsp;&nbsp;&nbsp;executeEvent
</UL>

<P><STRONG><a name="[b5e9b0]"></a>executeEvent</STRONG> (Thumb, 22 bytes, Stack size 0 bytes, simpleptidesos.o(.text), UNUSED)
<BR><BR>[Calls]<UL><LI><a href="#[b5e9f8]">&gt;&gt;</a>&nbsp;&nbsp;&nbsp;fireActor
<LI><a href="#[108dcf8]">&gt;&gt;</a>&nbsp;&nbsp;&nbsp;perror
</UL>

<P><STRONG><a name="[b5e968]"></a>fireMerge</STRONG> (Thumb, 112 bytes, Stack size 16 bytes, simpleptidesos.o(.text), UNUSED)
<BR><BR>[Calls]<UL><LI><a href="#[b5dd50]">&gt;&gt;</a>&nbsp;&nbsp;&nbsp;RIT128x96x4StringDraw
<LI><a href="#[b5ebf0]">&gt;&gt;</a>&nbsp;&nbsp;&nbsp;newEvent
<LI><a href="#[b5ec38]">&gt;&gt;</a>&nbsp;&nbsp;&nbsp;addEvent
<LI><a href="#[108ab38]">&gt;&gt;</a>&nbsp;&nbsp;&nbsp;__1sprintf
<LI><a href="#[108d7a0]">&gt;&gt;</a>&nbsp;&nbsp;&nbsp;__aeabi_memcpy4
</UL>

<P><STRONG><a name="[b5e920]"></a>fireModelDelay</STRONG> (Thumb, 128 bytes, Stack size 24 bytes, simpleptidesos.o(.text), UNUSED)
<BR><BR>[Calls]<UL><LI><a href="#[b5dd50]">&gt;&gt;</a>&nbsp;&nbsp;&nbsp;RIT128x96x4StringDraw
<LI><a href="#[b5ebf0]">&gt;&gt;</a>&nbsp;&nbsp;&nbsp;newEvent
<LI><a href="#[b5ec38]">&gt;&gt;</a>&nbsp;&nbsp;&nbsp;addEvent
<LI><a href="#[108ab38]">&gt;&gt;</a>&nbsp;&nbsp;&nbsp;__1sprintf
<LI><a href="#[108d7a0]">&gt;&gt;</a>&nbsp;&nbsp;&nbsp;__aeabi_memcpy4
</UL>

<P><STRONG><a name="[b5e8d8]"></a>higherPriority</STRONG> (Thumb, 4 bytes, Stack size 0 bytes, simpleptidesos.o(.text), UNUSED)

<P><STRONG><a name="[b5e890]"></a>enableInterrupts</STRONG> (Thumb, 4 bytes, Stack size 0 bytes, simpleptidesos.o(.text), UNUSED)
<BR><BR>[Calls]<UL><LI><a href="#[10fef28]">&gt;&gt;</a>&nbsp;&nbsp;&nbsp;IntMasterEnable
</UL>

<P><STRONG><a name="[b5e848]"></a>setTimedInterrupt</STRONG> (Thumb, 162 bytes, Stack size 40 bytes, simpleptidesos.o(.text))
<BR><BR>[Stack]<UL><LI>Max Depth = 104<LI>Call Chain = setTimedInterrupt &rArr; __aeabi_ldivmod &rArr; __aeabi_uldivmod
</UL>
<BR>[Calls]<UL><LI><a href="#[108da10]">&gt;&gt;</a>&nbsp;&nbsp;&nbsp;__aeabi_ldivmod
<LI><a href="#[10fefb8]">&gt;&gt;</a>&nbsp;&nbsp;&nbsp;IntEnable
<LI><a href="#[115aca0]">&gt;&gt;</a>&nbsp;&nbsp;&nbsp;TimerValueGet
<LI><a href="#[115aee0]">&gt;&gt;</a>&nbsp;&nbsp;&nbsp;TimerLoadSet
<LI><a href="#[115b048]">&gt;&gt;</a>&nbsp;&nbsp;&nbsp;TimerIntEnable
<LI><a href="#[115b120]">&gt;&gt;</a>&nbsp;&nbsp;&nbsp;TimerEnable
<LI><a href="#[115b168]">&gt;&gt;</a>&nbsp;&nbsp;&nbsp;TimerDisable
<LI><a href="#[115b2d0]">&gt;&gt;</a>&nbsp;&nbsp;&nbsp;TimerConfigure
</UL>
<BR>[Called By]<UL><LI><a href="#[b5e770]">&gt;&gt;</a>&nbsp;&nbsp;&nbsp;processEvents
</UL>

<P><STRONG><a name="[b5e800]"></a>safeToProcess</STRONG> (Thumb, 56 bytes, Stack size 0 bytes, simpleptidesos.o(.text))
<BR><BR>[Called By]<UL><LI><a href="#[b5e728]">&gt;&gt;</a>&nbsp;&nbsp;&nbsp;processAvailableEvents
<LI><a href="#[b5e770]">&gt;&gt;</a>&nbsp;&nbsp;&nbsp;processEvents
</UL>

<P><STRONG><a name="[b5e7b8]"></a>disableInterrupts</STRONG> (Thumb, 4 bytes, Stack size 0 bytes, simpleptidesos.o(.text), UNUSED)
<BR><BR>[Calls]<UL><LI><a href="#[10fef70]">&gt;&gt;</a>&nbsp;&nbsp;&nbsp;IntMasterDisable
</UL>

<P><STRONG><a name="[b5e770]"></a>processEvents</STRONG> (Thumb, 156 bytes, Stack size 32 bytes, simpleptidesos.o(.text))
<BR><BR>[Stack]<UL><LI>Max Depth = 136 + Unknown Stack Size
<LI>Call Chain = processEvents &rArr; setTimedInterrupt &rArr; __aeabi_ldivmod &rArr; __aeabi_uldivmod
</UL>
<BR>[Calls]<UL><LI><a href="#[b5dd50]">&gt;&gt;</a>&nbsp;&nbsp;&nbsp;RIT128x96x4StringDraw
<LI><a href="#[b5e800]">&gt;&gt;</a>&nbsp;&nbsp;&nbsp;safeToProcess
<LI><a href="#[b5e848]">&gt;&gt;</a>&nbsp;&nbsp;&nbsp;setTimedInterrupt
<LI><a href="#[b5e9f8]">&gt;&gt;</a>&nbsp;&nbsp;&nbsp;fireActor
<LI><a href="#[b5ea40]">&gt;&gt;</a>&nbsp;&nbsp;&nbsp;removeEvent
<LI><a href="#[b5ea88]">&gt;&gt;</a>&nbsp;&nbsp;&nbsp;freeEvent
<LI><a href="#[b5ed58]">&gt;&gt;</a>&nbsp;&nbsp;&nbsp;getCurrentPhysicalTime
<LI><a href="#[108ab38]">&gt;&gt;</a>&nbsp;&nbsp;&nbsp;__1sprintf
<LI><a href="#[108dcf8]">&gt;&gt;</a>&nbsp;&nbsp;&nbsp;perror
<LI><a href="#[10fef28]">&gt;&gt;</a>&nbsp;&nbsp;&nbsp;IntMasterEnable
<LI><a href="#[10fef70]">&gt;&gt;</a>&nbsp;&nbsp;&nbsp;IntMasterDisable
</UL>
<BR>[Called By]<UL><LI><a href="#[b5e650]">&gt;&gt;</a>&nbsp;&nbsp;&nbsp;main
</UL>

<P><STRONG><a name="[b5e728]"></a>processAvailableEvents</STRONG> (Thumb, 108 bytes, Stack size 24 bytes, simpleptidesos.o(.text))
<BR><BR>[Stack]<UL><LI>Max Depth = 136 + Unknown Stack Size
<LI>Call Chain = processAvailableEvents &rArr; fireClock &rArr; addEvent &rArr; RIT128x96x4StringDraw &rArr; RITWriteData
</UL>
<BR>[Calls]<UL><LI><a href="#[b5e800]">&gt;&gt;</a>&nbsp;&nbsp;&nbsp;safeToProcess
<LI><a href="#[b5e9f8]">&gt;&gt;</a>&nbsp;&nbsp;&nbsp;fireActor
<LI><a href="#[b5ea40]">&gt;&gt;</a>&nbsp;&nbsp;&nbsp;removeEvent
<LI><a href="#[b5ea88]">&gt;&gt;</a>&nbsp;&nbsp;&nbsp;freeEvent
<LI><a href="#[b5eba8]">&gt;&gt;</a>&nbsp;&nbsp;&nbsp;fireClock
<LI><a href="#[b5ed58]">&gt;&gt;</a>&nbsp;&nbsp;&nbsp;getCurrentPhysicalTime
<LI><a href="#[10fef28]">&gt;&gt;</a>&nbsp;&nbsp;&nbsp;IntMasterEnable
<LI><a href="#[10fef70]">&gt;&gt;</a>&nbsp;&nbsp;&nbsp;IntMasterDisable
</UL>
<BR>[Called By]<UL><LI><a href="#[b630d8]">&gt;&gt;</a>&nbsp;&nbsp;&nbsp;UARTIntHandler
<LI><a href="#[b631f8]">&gt;&gt;</a>&nbsp;&nbsp;&nbsp;IntGPIOg
<LI><a href="#[b63240]">&gt;&gt;</a>&nbsp;&nbsp;&nbsp;IntGPIOf
<LI><a href="#[b63288]">&gt;&gt;</a>&nbsp;&nbsp;&nbsp;IntGPIOe
<LI><a href="#[b632d0]">&gt;&gt;</a>&nbsp;&nbsp;&nbsp;IntGPIOd
<LI><a href="#[b63318]">&gt;&gt;</a>&nbsp;&nbsp;&nbsp;IntGPIOc
<LI><a href="#[b63360]">&gt;&gt;</a>&nbsp;&nbsp;&nbsp;IntGPIOb
</UL>

<P><STRONG><a name="[b5e6e0]"></a>fireSensor</STRONG> (Thumb, 390 bytes, Stack size 24 bytes, simpleptidesos.o(.text))
<BR><BR>[Stack]<UL><LI>Max Depth = 112<LI>Call Chain = fireSensor &rArr; addEvent &rArr; RIT128x96x4StringDraw &rArr; RITWriteData
</UL>
<BR>[Calls]<UL><LI><a href="#[b5dd50]">&gt;&gt;</a>&nbsp;&nbsp;&nbsp;RIT128x96x4StringDraw
<LI><a href="#[b5ebf0]">&gt;&gt;</a>&nbsp;&nbsp;&nbsp;newEvent
<LI><a href="#[b5ec38]">&gt;&gt;</a>&nbsp;&nbsp;&nbsp;addEvent
<LI><a href="#[b5ed58]">&gt;&gt;</a>&nbsp;&nbsp;&nbsp;getCurrentPhysicalTime
<LI><a href="#[10832e8]">&gt;&gt;</a>&nbsp;&nbsp;&nbsp;__aeabi_ui2d
<LI><a href="#[108ab38]">&gt;&gt;</a>&nbsp;&nbsp;&nbsp;__1sprintf
<LI><a href="#[108d7a0]">&gt;&gt;</a>&nbsp;&nbsp;&nbsp;__aeabi_memcpy4
</UL>
<BR>[Called By]<UL><LI><a href="#[b5e650]">&gt;&gt;</a>&nbsp;&nbsp;&nbsp;main
</UL>

<P><STRONG><a name="[b630d8]"></a>UARTIntHandler</STRONG> (Thumb, 48 bytes, Stack size 16 bytes, simpleptidesos.o(.text))
<BR><BR>[Stack]<UL><LI>Max Depth = 152 + Unknown Stack Size
<LI>Call Chain = UARTIntHandler &rArr; processAvailableEvents &rArr; fireClock &rArr; addEvent &rArr; RIT128x96x4StringDraw &rArr; RITWriteData
</UL>
<BR>[Calls]<UL><LI><a href="#[b5e728]">&gt;&gt;</a>&nbsp;&nbsp;&nbsp;processAvailableEvents
<LI><a href="#[b5eba8]">&gt;&gt;</a>&nbsp;&nbsp;&nbsp;fireClock
<LI><a href="#[10907c0]">&gt;&gt;</a>&nbsp;&nbsp;&nbsp;UARTIntStatus
<LI><a href="#[10908e0]">&gt;&gt;</a>&nbsp;&nbsp;&nbsp;UARTIntClear
<LI><a href="#[10fef28]">&gt;&gt;</a>&nbsp;&nbsp;&nbsp;IntMasterEnable
<LI><a href="#[10fef70]">&gt;&gt;</a>&nbsp;&nbsp;&nbsp;IntMasterDisable
</UL>
<BR>[Address Reference Count : 1]<UL><LI> startup.o(RESET)
</UL>
<P><STRONG><a name="[b5e698]"></a>initializeMemory</STRONG> (Thumb, 28 bytes, Stack size 0 bytes, simpleptidesos.o(.text))
<BR><BR>[Called By]<UL><LI><a href="#[b5e650]">&gt;&gt;</a>&nbsp;&nbsp;&nbsp;main
</UL>

<P><STRONG><a name="[b5e650]"></a>main</STRONG> (Thumb, 316 bytes, Stack size 456 bytes, simpleptidesos.o(.text))
<BR><BR>[Stack]<UL><LI>Max Depth = 592 + Unknown Stack Size
<LI>Call Chain = main &rArr; processEvents &rArr; setTimedInterrupt &rArr; __aeabi_ldivmod &rArr; __aeabi_uldivmod
</UL>
<BR>[Calls]<UL><LI><a href="#[b5dd50]">&gt;&gt;</a>&nbsp;&nbsp;&nbsp;RIT128x96x4StringDraw
<LI><a href="#[b5dd98]">&gt;&gt;</a>&nbsp;&nbsp;&nbsp;RIT128x96x4Init
<LI><a href="#[b5e698]">&gt;&gt;</a>&nbsp;&nbsp;&nbsp;initializeMemory
<LI><a href="#[b5e6e0]">&gt;&gt;</a>&nbsp;&nbsp;&nbsp;fireSensor
<LI><a href="#[b5e770]">&gt;&gt;</a>&nbsp;&nbsp;&nbsp;processEvents
<LI><a href="#[b5eb60]">&gt;&gt;</a>&nbsp;&nbsp;&nbsp;initializeClock
<LI><a href="#[1090850]">&gt;&gt;</a>&nbsp;&nbsp;&nbsp;UARTIntEnable
<LI><a href="#[1090b68]">&gt;&gt;</a>&nbsp;&nbsp;&nbsp;UARTConfigSetExpClk
<LI><a href="#[10fef28]">&gt;&gt;</a>&nbsp;&nbsp;&nbsp;IntMasterEnable
<LI><a href="#[10fefb8]">&gt;&gt;</a>&nbsp;&nbsp;&nbsp;IntEnable
<LI><a href="#[11037b8]">&gt;&gt;</a>&nbsp;&nbsp;&nbsp;GPIOPinTypeUART
<LI><a href="#[115f550]">&gt;&gt;</a>&nbsp;&nbsp;&nbsp;SysTickPeriodSet
<LI><a href="#[115f700]">&gt;&gt;</a>&nbsp;&nbsp;&nbsp;SysTickEnable
<LI><a href="#[1163f60]">&gt;&gt;</a>&nbsp;&nbsp;&nbsp;SysCtlPeripheralEnable
<LI><a href="#[11645d8]">&gt;&gt;</a>&nbsp;&nbsp;&nbsp;SysCtlClockSet
<LI><a href="#[1164620]">&gt;&gt;</a>&nbsp;&nbsp;&nbsp;SysCtlClockGet
</UL>
<BR>[Address Reference Count : 1]<UL><LI> init.o(.text)
</UL>
<P><STRONG><a name="[b5e608]"></a>timerInit</STRONG> (Thumb, 2 bytes, Stack size 0 bytes, simpleptidesos.o(.text), UNUSED)

<P><STRONG><a name="[b5e5c0]"></a>ptpd_systick_init</STRONG> (Thumb, 40 bytes, Stack size 8 bytes, simpleptidesos.o(.text), UNUSED)
<BR><BR>[Calls]<UL><LI><a href="#[115f598]">&gt;&gt;</a>&nbsp;&nbsp;&nbsp;SysTickPeriodGet
<LI><a href="#[115f670]">&gt;&gt;</a>&nbsp;&nbsp;&nbsp;SysTickIntEnable
<LI><a href="#[115f700]">&gt;&gt;</a>&nbsp;&nbsp;&nbsp;SysTickEnable
<LI><a href="#[1164620]">&gt;&gt;</a>&nbsp;&nbsp;&nbsp;SysCtlClockGet
</UL>
<BR>[Called By]<UL><LI><a href="#[b5e578]">&gt;&gt;</a>&nbsp;&nbsp;&nbsp;IEEE1588Init
</UL>

<P><STRONG><a name="[b5e578]"></a>IEEE1588Init</STRONG> (Thumb, 268 bytes, Stack size 32 bytes, simpleptidesos.o(.text), UNUSED)
<BR><BR>[Calls]<UL><LI><a href="#[b5d2a0]">&gt;&gt;</a>&nbsp;&nbsp;&nbsp;lwip_init
<LI><a href="#[b5d2e8]">&gt;&gt;</a>&nbsp;&nbsp;&nbsp;httpd_init
<LI><a href="#[b5dd50]">&gt;&gt;</a>&nbsp;&nbsp;&nbsp;RIT128x96x4StringDraw
<LI><a href="#[b5e5c0]">&gt;&gt;</a>&nbsp;&nbsp;&nbsp;ptpd_systick_init
<LI><a href="#[1044020]">&gt;&gt;</a>&nbsp;&nbsp;&nbsp;FlashUserGet
<LI><a href="#[1049250]">&gt;&gt;</a>&nbsp;&nbsp;&nbsp;EthernetMACAddrSet
<LI><a href="#[108dcf8]">&gt;&gt;</a>&nbsp;&nbsp;&nbsp;perror
<LI><a href="#[10fee08]">&gt;&gt;</a>&nbsp;&nbsp;&nbsp;IntPrioritySet
<LI><a href="#[10fef28]">&gt;&gt;</a>&nbsp;&nbsp;&nbsp;IntMasterEnable
<LI><a href="#[1103c80]">&gt;&gt;</a>&nbsp;&nbsp;&nbsp;GPIOPadConfigSet
<LI><a href="#[1103da0]">&gt;&gt;</a>&nbsp;&nbsp;&nbsp;GPIODirModeSet
<LI><a href="#[115adc0]">&gt;&gt;</a>&nbsp;&nbsp;&nbsp;TimerPrescaleSet
<LI><a href="#[115aee0]">&gt;&gt;</a>&nbsp;&nbsp;&nbsp;TimerLoadSet
<LI><a href="#[115b120]">&gt;&gt;</a>&nbsp;&nbsp;&nbsp;TimerEnable
<LI><a href="#[115b288]">&gt;&gt;</a>&nbsp;&nbsp;&nbsp;TimerControlEvent
<LI><a href="#[115b2d0]">&gt;&gt;</a>&nbsp;&nbsp;&nbsp;TimerConfigure
<LI><a href="#[1163ed0]">&gt;&gt;</a>&nbsp;&nbsp;&nbsp;SysCtlPeripheralReset
<LI><a href="#[1163f60]">&gt;&gt;</a>&nbsp;&nbsp;&nbsp;SysCtlPeripheralEnable
</UL>

<P><STRONG><a name="[b5e530]"></a>setTime</STRONG> (Thumb, 26 bytes, Stack size 8 bytes, simpleptidesos.o(.text), UNUSED)
<BR><BR>[Calls]<UL><LI><a href="#[b5d0f0]">&gt;&gt;</a>&nbsp;&nbsp;&nbsp;sys_arch_unprotect
<LI><a href="#[b5d138]">&gt;&gt;</a>&nbsp;&nbsp;&nbsp;sys_arch_protect
</UL>
<BR>[Called By]<UL><LI><a href="#[fd7630]">&gt;&gt;</a>&nbsp;&nbsp;&nbsp;updateClock
<LI><a href="#[fd7bd0]">&gt;&gt;</a>&nbsp;&nbsp;&nbsp;msgUnloadManagement
</UL>

<P><STRONG><a name="[b5e4e8]"></a>getTime</STRONG> (Thumb, 4 bytes, Stack size 0 bytes, simpleptidesos.o(.text), UNUSED)
<BR><BR>[Calls]<UL><LI><a href="#[b5ed58]">&gt;&gt;</a>&nbsp;&nbsp;&nbsp;getCurrentPhysicalTime
</UL>
<BR>[Called By]<UL><LI><a href="#[fd7630]">&gt;&gt;</a>&nbsp;&nbsp;&nbsp;updateClock
<LI><a href="#[fd7ca8]">&gt;&gt;</a>&nbsp;&nbsp;&nbsp;msgPackManagementResponse
<LI><a href="#[fd80e0]">&gt;&gt;</a>&nbsp;&nbsp;&nbsp;issueSync
<LI><a href="#[fd8128]">&gt;&gt;</a>&nbsp;&nbsp;&nbsp;handle
<LI><a href="#[fd81b8]">&gt;&gt;</a>&nbsp;&nbsp;&nbsp;issueDelayReq
</UL>

<P><STRONG><a name="[b5e4a0]"></a>adjust_rx_timestamp</STRONG> (Thumb, 44 bytes, Stack size 0 bytes, simpleptidesos.o(.text), UNUSED)
<BR><BR>[Called By]<UL><LI><a href="#[b5e458]">&gt;&gt;</a>&nbsp;&nbsp;&nbsp;getRxTime
</UL>

<P><STRONG><a name="[b5e458]"></a>getRxTime</STRONG> (Thumb, 74 bytes, Stack size 16 bytes, simpleptidesos.o(.text), UNUSED)
<BR><BR>[Calls]<UL><LI><a href="#[b5e4a0]">&gt;&gt;</a>&nbsp;&nbsp;&nbsp;adjust_rx_timestamp
<LI><a href="#[b5ed58]">&gt;&gt;</a>&nbsp;&nbsp;&nbsp;getCurrentPhysicalTime
<LI><a href="#[115aca0]">&gt;&gt;</a>&nbsp;&nbsp;&nbsp;TimerValueGet
</UL>
<BR>[Called By]<UL><LI><a href="#[fdf4b0]">&gt;&gt;</a>&nbsp;&nbsp;&nbsp;low_level_input
</UL>

<P><STRONG><a name="[b5e410]"></a>ptpd_init</STRONG> (Thumb, 378 bytes, Stack size 16 bytes, simpleptidesos.o(.text), UNUSED)
<BR><BR>[Calls]<UL><LI><a href="#[b5d1c8]">&gt;&gt;</a>&nbsp;&nbsp;&nbsp;protocol_first
<LI><a href="#[1049298]">&gt;&gt;</a>&nbsp;&nbsp;&nbsp;EthernetMACAddrGet
<LI><a href="#[1049568]">&gt;&gt;</a>&nbsp;&nbsp;&nbsp;EthernetConfigSet
<LI><a href="#[10495b0]">&gt;&gt;</a>&nbsp;&nbsp;&nbsp;EthernetConfigGet
<LI><a href="#[108d4d0]">&gt;&gt;</a>&nbsp;&nbsp;&nbsp;__aeabi_memclr4
<LI><a href="#[108d7e8]">&gt;&gt;</a>&nbsp;&nbsp;&nbsp;__aeabi_memcpy
</UL>
<BR>[Called By]<UL><LI><a href="#[b5e380]">&gt;&gt;</a>&nbsp;&nbsp;&nbsp;SysTickIntHandler
</UL>

<P><STRONG><a name="[b5e3c8]"></a>ptpd_tick</STRONG> (Thumb, 10 bytes, Stack size 0 bytes, simpleptidesos.o(.text), UNUSED)
<BR><BR>[Calls]<UL><LI><a href="#[b5d180]">&gt;&gt;</a>&nbsp;&nbsp;&nbsp;protocol_loop
</UL>
<BR>[Called By]<UL><LI><a href="#[b5e380]">&gt;&gt;</a>&nbsp;&nbsp;&nbsp;SysTickIntHandler
</UL>

<P><STRONG><a name="[b5e380]"></a>SysTickIntHandler</STRONG> (Thumb, 252 bytes, Stack size 24 bytes, simpleptidesos.o(.text), UNUSED)
<BR><BR>[Calls]<UL><LI><a href="#[b5d0a8]">&gt;&gt;</a>&nbsp;&nbsp;&nbsp;timerTick
<LI><a href="#[b5d258]">&gt;&gt;</a>&nbsp;&nbsp;&nbsp;lwip_tick
<LI><a href="#[b5e3c8]">&gt;&gt;</a>&nbsp;&nbsp;&nbsp;ptpd_tick
<LI><a href="#[b5e410]">&gt;&gt;</a>&nbsp;&nbsp;&nbsp;ptpd_init
<LI><a href="#[10493b8]">&gt;&gt;</a>&nbsp;&nbsp;&nbsp;EthernetIntEnable
<LI><a href="#[1103728]">&gt;&gt;</a>&nbsp;&nbsp;&nbsp;GPIOPinWrite
<LI><a href="#[115f550]">&gt;&gt;</a>&nbsp;&nbsp;&nbsp;SysTickPeriodSet
</UL>

<P><STRONG><a name="[b5e338]"></a>adjFreq</STRONG> (Thumb, 56 bytes, Stack size 16 bytes, simpleptidesos.o(.text), UNUSED)
<BR><BR>[Called By]<UL><LI><a href="#[fd7630]">&gt;&gt;</a>&nbsp;&nbsp;&nbsp;updateClock
<LI><a href="#[fd7f30]">&gt;&gt;</a>&nbsp;&nbsp;&nbsp;initClock
</UL>

<P><STRONG><a name="[b5e2f0]"></a>getRand</STRONG> (Thumb, 20 bytes, Stack size 8 bytes, simpleptidesos.o(.text), UNUSED)
<BR><BR>[Calls]<UL><LI><a href="#[b5dc78]">&gt;&gt;</a>&nbsp;&nbsp;&nbsp;RandomSeed
<LI><a href="#[b5dcc0]">&gt;&gt;</a>&nbsp;&nbsp;&nbsp;RandomNumber
<LI><a href="#[b5dd08]">&gt;&gt;</a>&nbsp;&nbsp;&nbsp;RandomAddEntropy
</UL>
<BR>[Called By]<UL><LI><a href="#[fd8170]">&gt;&gt;</a>&nbsp;&nbsp;&nbsp;handleSync
<LI><a href="#[fd8488]">&gt;&gt;</a>&nbsp;&nbsp;&nbsp;toState
</UL>

<P><STRONG><a name="[b5e2a8]"></a>displayStats</STRONG> (Thumb, 2 bytes, Stack size 0 bytes, simpleptidesos.o(.text), UNUSED)
<BR><BR>[Called By]<UL><LI><a href="#[fd7630]">&gt;&gt;</a>&nbsp;&nbsp;&nbsp;updateClock
<LI><a href="#[fd8488]">&gt;&gt;</a>&nbsp;&nbsp;&nbsp;toState
</UL>

<P><STRONG><a name="[b5e260]"></a>interruptInit</STRONG> (Thumb, 104 bytes, Stack size 8 bytes, simpleptidesos.o(.text), UNUSED)
<BR><BR>[Calls]<UL><LI><a href="#[10fee08]">&gt;&gt;</a>&nbsp;&nbsp;&nbsp;IntPrioritySet
<LI><a href="#[10fefb8]">&gt;&gt;</a>&nbsp;&nbsp;&nbsp;IntEnable
</UL>

<P><STRONG><a name="[b631f8]"></a>IntGPIOg</STRONG> (Thumb, 72 bytes, Stack size 16 bytes, simpleptidesos.o(.text))
<BR><BR>[Stack]<UL><LI>Max Depth = 152 + Unknown Stack Size
<LI>Call Chain = IntGPIOg &rArr; processAvailableEvents &rArr; fireClock &rArr; addEvent &rArr; RIT128x96x4StringDraw &rArr; RITWriteData
</UL>
<BR>[Calls]<UL><LI><a href="#[b5e728]">&gt;&gt;</a>&nbsp;&nbsp;&nbsp;processAvailableEvents
<LI><a href="#[b60f60]">&gt;&gt;</a>&nbsp;&nbsp;&nbsp;DisplayIntStatus
<LI><a href="#[10fef28]">&gt;&gt;</a>&nbsp;&nbsp;&nbsp;IntMasterEnable
<LI><a href="#[10fef70]">&gt;&gt;</a>&nbsp;&nbsp;&nbsp;IntMasterDisable
<LI><a href="#[1103728]">&gt;&gt;</a>&nbsp;&nbsp;&nbsp;GPIOPinWrite
</UL>
<BR>[Address Reference Count : 1]<UL><LI> startup.o(RESET)
</UL>
<P><STRONG><a name="[b63240]"></a>IntGPIOf</STRONG> (Thumb, 72 bytes, Stack size 16 bytes, simpleptidesos.o(.text))
<BR><BR>[Stack]<UL><LI>Max Depth = 152 + Unknown Stack Size
<LI>Call Chain = IntGPIOf &rArr; processAvailableEvents &rArr; fireClock &rArr; addEvent &rArr; RIT128x96x4StringDraw &rArr; RITWriteData
</UL>
<BR>[Calls]<UL><LI><a href="#[b5e728]">&gt;&gt;</a>&nbsp;&nbsp;&nbsp;processAvailableEvents
<LI><a href="#[b60f60]">&gt;&gt;</a>&nbsp;&nbsp;&nbsp;DisplayIntStatus
<LI><a href="#[10fef28]">&gt;&gt;</a>&nbsp;&nbsp;&nbsp;IntMasterEnable
<LI><a href="#[10fef70]">&gt;&gt;</a>&nbsp;&nbsp;&nbsp;IntMasterDisable
<LI><a href="#[1103728]">&gt;&gt;</a>&nbsp;&nbsp;&nbsp;GPIOPinWrite
</UL>
<BR>[Address Reference Count : 1]<UL><LI> startup.o(RESET)
</UL>
<P><STRONG><a name="[b63288]"></a>IntGPIOe</STRONG> (Thumb, 72 bytes, Stack size 16 bytes, simpleptidesos.o(.text))
<BR><BR>[Stack]<UL><LI>Max Depth = 152 + Unknown Stack Size
<LI>Call Chain = IntGPIOe &rArr; processAvailableEvents &rArr; fireClock &rArr; addEvent &rArr; RIT128x96x4StringDraw &rArr; RITWriteData
</UL>
<BR>[Calls]<UL><LI><a href="#[b5e728]">&gt;&gt;</a>&nbsp;&nbsp;&nbsp;processAvailableEvents
<LI><a href="#[b60f60]">&gt;&gt;</a>&nbsp;&nbsp;&nbsp;DisplayIntStatus
<LI><a href="#[10fef28]">&gt;&gt;</a>&nbsp;&nbsp;&nbsp;IntMasterEnable
<LI><a href="#[10fef70]">&gt;&gt;</a>&nbsp;&nbsp;&nbsp;IntMasterDisable
<LI><a href="#[1103728]">&gt;&gt;</a>&nbsp;&nbsp;&nbsp;GPIOPinWrite
</UL>
<BR>[Address Reference Count : 1]<UL><LI> startup.o(RESET)
</UL>
<P><STRONG><a name="[b632d0]"></a>IntGPIOd</STRONG> (Thumb, 72 bytes, Stack size 16 bytes, simpleptidesos.o(.text))
<BR><BR>[Stack]<UL><LI>Max Depth = 152 + Unknown Stack Size
<LI>Call Chain = IntGPIOd &rArr; processAvailableEvents &rArr; fireClock &rArr; addEvent &rArr; RIT128x96x4StringDraw &rArr; RITWriteData
</UL>
<BR>[Calls]<UL><LI><a href="#[b5e728]">&gt;&gt;</a>&nbsp;&nbsp;&nbsp;processAvailableEvents
<LI><a href="#[b60f60]">&gt;&gt;</a>&nbsp;&nbsp;&nbsp;DisplayIntStatus
<LI><a href="#[10fef28]">&gt;&gt;</a>&nbsp;&nbsp;&nbsp;IntMasterEnable
<LI><a href="#[10fef70]">&gt;&gt;</a>&nbsp;&nbsp;&nbsp;IntMasterDisable
<LI><a href="#[1103728]">&gt;&gt;</a>&nbsp;&nbsp;&nbsp;GPIOPinWrite
</UL>
<BR>[Address Reference Count : 1]<UL><LI> startup.o(RESET)
</UL>
<P><STRONG><a name="[b63318]"></a>IntGPIOc</STRONG> (Thumb, 72 bytes, Stack size 16 bytes, simpleptidesos.o(.text))
<BR><BR>[Stack]<UL><LI>Max Depth = 152 + Unknown Stack Size
<LI>Call Chain = IntGPIOc &rArr; processAvailableEvents &rArr; fireClock &rArr; addEvent &rArr; RIT128x96x4StringDraw &rArr; RITWriteData
</UL>
<BR>[Calls]<UL><LI><a href="#[b5e728]">&gt;&gt;</a>&nbsp;&nbsp;&nbsp;processAvailableEvents
<LI><a href="#[b60f60]">&gt;&gt;</a>&nbsp;&nbsp;&nbsp;DisplayIntStatus
<LI><a href="#[10fef28]">&gt;&gt;</a>&nbsp;&nbsp;&nbsp;IntMasterEnable
<LI><a href="#[10fef70]">&gt;&gt;</a>&nbsp;&nbsp;&nbsp;IntMasterDisable
<LI><a href="#[1103728]">&gt;&gt;</a>&nbsp;&nbsp;&nbsp;GPIOPinWrite
</UL>
<BR>[Address Reference Count : 1]<UL><LI> startup.o(RESET)
</UL>
<P><STRONG><a name="[b63360]"></a>IntGPIOb</STRONG> (Thumb, 72 bytes, Stack size 16 bytes, simpleptidesos.o(.text))
<BR><BR>[Stack]<UL><LI>Max Depth = 152 + Unknown Stack Size
<LI>Call Chain = IntGPIOb &rArr; processAvailableEvents &rArr; fireClock &rArr; addEvent &rArr; RIT128x96x4StringDraw &rArr; RITWriteData
</UL>
<BR>[Calls]<UL><LI><a href="#[b5e728]">&gt;&gt;</a>&nbsp;&nbsp;&nbsp;processAvailableEvents
<LI><a href="#[b60f60]">&gt;&gt;</a>&nbsp;&nbsp;&nbsp;DisplayIntStatus
<LI><a href="#[10fef28]">&gt;&gt;</a>&nbsp;&nbsp;&nbsp;IntMasterEnable
<LI><a href="#[10fef70]">&gt;&gt;</a>&nbsp;&nbsp;&nbsp;IntMasterDisable
<LI><a href="#[1103728]">&gt;&gt;</a>&nbsp;&nbsp;&nbsp;GPIOPinWrite
</UL>
<BR>[Address Reference Count : 1]<UL><LI> startup.o(RESET)
</UL>
<P><STRONG><a name="[b633a8]"></a>IntGPIOa</STRONG> (Thumb, 146 bytes, Stack size 16 bytes, simpleptidesos.o(.text))
<BR><BR>[Stack]<UL><LI>Max Depth = 88 + Unknown Stack Size
<LI>Call Chain = IntGPIOa &rArr; DisplayIntStatus &rArr; RIT128x96x4StringDraw &rArr; RITWriteData
</UL>
<BR>[Calls]<UL><LI><a href="#[b60f60]">&gt;&gt;</a>&nbsp;&nbsp;&nbsp;DisplayIntStatus
<LI><a href="#[10fef28]">&gt;&gt;</a>&nbsp;&nbsp;&nbsp;IntMasterEnable
<LI><a href="#[10fef70]">&gt;&gt;</a>&nbsp;&nbsp;&nbsp;IntMasterDisable
<LI><a href="#[1103728]">&gt;&gt;</a>&nbsp;&nbsp;&nbsp;GPIOPinWrite
</UL>
<BR>[Address Reference Count : 1]<UL><LI> startup.o(RESET)
</UL>
<P><STRONG><a name="[b5d2e8]"></a>httpd_init</STRONG> (Thumb, 34 bytes, Stack size 8 bytes, httpd.o(.text), UNUSED)
<BR><BR>[Calls]<UL><LI><a href="#[b5a050]">&gt;&gt;</a>&nbsp;&nbsp;&nbsp;tcp_new
<LI><a href="#[b5a098]">&gt;&gt;</a>&nbsp;&nbsp;&nbsp;tcp_listen
<LI><a href="#[b5a170]">&gt;&gt;</a>&nbsp;&nbsp;&nbsp;tcp_bind
<LI><a href="#[b5a200]">&gt;&gt;</a>&nbsp;&nbsp;&nbsp;tcp_accept
</UL>
<BR>[Called By]<UL><LI><a href="#[b5e578]">&gt;&gt;</a>&nbsp;&nbsp;&nbsp;IEEE1588Init
</UL>

<P><STRONG><a name="[b57680]"></a>tcp_init</STRONG> (Thumb, 20 bytes, Stack size 0 bytes, tcp.o(.text), UNUSED)
<BR><BR>[Called By]<UL><LI><a href="#[b5d2a0]">&gt;&gt;</a>&nbsp;&nbsp;&nbsp;lwip_init
</UL>

<P><STRONG><a name="[b57638]"></a>tcp_seg_free</STRONG> (Thumb, 32 bytes, Stack size 16 bytes, tcp.o(.text))
<BR><BR>[Stack]<UL><LI>Max Depth = 64 + Unknown Stack Size
<LI>Call Chain = tcp_seg_free &rArr; pbuf_free &rArr; memp_free &rArr; sys_arch_unprotect &rArr; IntMasterEnable
</UL>
<BR>[Calls]<UL><LI><a href="#[b572d8]">&gt;&gt;</a>&nbsp;&nbsp;&nbsp;memp_free
<LI><a href="#[b5a2d8]">&gt;&gt;</a>&nbsp;&nbsp;&nbsp;pbuf_free
</UL>
<BR>[Called By]<UL><LI><a href="#[b575f0]">&gt;&gt;</a>&nbsp;&nbsp;&nbsp;tcp_segs_free
<LI><a href="#[b5a008]">&gt;&gt;</a>&nbsp;&nbsp;&nbsp;tcp_output
<LI><a href="#[f803f0]">&gt;&gt;</a>&nbsp;&nbsp;&nbsp;tcp_process
<LI><a href="#[f80480]">&gt;&gt;</a>&nbsp;&nbsp;&nbsp;tcp_receive
</UL>

<P><STRONG><a name="[b575f0]"></a>tcp_segs_free</STRONG> (Thumb, 26 bytes, Stack size 16 bytes, tcp.o(.text))
<BR><BR>[Stack]<UL><LI>Max Depth = 80 + Unknown Stack Size
<LI>Call Chain = tcp_segs_free &rArr; tcp_seg_free &rArr; pbuf_free &rArr; memp_free &rArr; sys_arch_unprotect &rArr; IntMasterEnable
</UL>
<BR>[Calls]<UL><LI><a href="#[b57638]">&gt;&gt;</a>&nbsp;&nbsp;&nbsp;tcp_seg_free
</UL>
<BR>[Called By]<UL><LI><a href="#[b57200]">&gt;&gt;</a>&nbsp;&nbsp;&nbsp;tcp_enqueue
<LI><a href="#[b57518]">&gt;&gt;</a>&nbsp;&nbsp;&nbsp;tcp_slowtmr
<LI><a href="#[b575a8]">&gt;&gt;</a>&nbsp;&nbsp;&nbsp;tcp_pcb_purge
<LI><a href="#[b5a248]">&gt;&gt;</a>&nbsp;&nbsp;&nbsp;tcp_abort
</UL>

<P><STRONG><a name="[b575a8]"></a>tcp_pcb_purge</STRONG> (Thumb, 46 bytes, Stack size 16 bytes, tcp.o(.text))
<BR><BR>[Stack]<UL><LI>Max Depth = 96 + Unknown Stack Size
<LI>Call Chain = tcp_pcb_purge &rArr; tcp_segs_free &rArr; tcp_seg_free &rArr; pbuf_free &rArr; memp_free &rArr; sys_arch_unprotect &rArr; IntMasterEnable
</UL>
<BR>[Calls]<UL><LI><a href="#[b575f0]">&gt;&gt;</a>&nbsp;&nbsp;&nbsp;tcp_segs_free
</UL>
<BR>[Called By]<UL><LI><a href="#[b57518]">&gt;&gt;</a>&nbsp;&nbsp;&nbsp;tcp_slowtmr
<LI><a href="#[b57560]">&gt;&gt;</a>&nbsp;&nbsp;&nbsp;tcp_pcb_remove
<LI><a href="#[f803f0]">&gt;&gt;</a>&nbsp;&nbsp;&nbsp;tcp_process
</UL>

<P><STRONG><a name="[b57560]"></a>tcp_pcb_remove</STRONG> (Thumb, 90 bytes, Stack size 16 bytes, tcp.o(.text))
<BR><BR>[Stack]<UL><LI>Max Depth = 172 + Unknown Stack Size
<LI>Call Chain = tcp_pcb_remove &rArr; tcp_output &rArr; tcp_output_segment &rArr; ip_output &rArr; ip_output_if &rArr; inet_chksum &rArr; lwip_standard_chksum
</UL>
<BR>[Calls]<UL><LI><a href="#[b575a8]">&gt;&gt;</a>&nbsp;&nbsp;&nbsp;tcp_pcb_purge
<LI><a href="#[b5a008]">&gt;&gt;</a>&nbsp;&nbsp;&nbsp;tcp_output
</UL>
<BR>[Called By]<UL><LI><a href="#[b5a128]">&gt;&gt;</a>&nbsp;&nbsp;&nbsp;tcp_close
<LI><a href="#[b5a248]">&gt;&gt;</a>&nbsp;&nbsp;&nbsp;tcp_abort
<LI><a href="#[fef4f0]">&gt;&gt;</a>&nbsp;&nbsp;&nbsp;tcp_input
</UL>

<P><STRONG><a name="[b5a248]"></a>tcp_abort</STRONG> (Thumb, 142 bytes, Stack size 48 bytes, tcp.o(.text))
<BR><BR>[Stack]<UL><LI>Max Depth = 220 + Unknown Stack Size
<LI>Call Chain = tcp_abort &rArr; tcp_pcb_remove &rArr; tcp_output &rArr; tcp_output_segment &rArr; ip_output &rArr; ip_output_if &rArr; inet_chksum &rArr; lwip_standard_chksum
</UL>
<BR>[Calls]<UL><LI><a href="#[b57128]">&gt;&gt;</a>&nbsp;&nbsp;&nbsp;tcp_rst
<LI><a href="#[b572d8]">&gt;&gt;</a>&nbsp;&nbsp;&nbsp;memp_free
<LI><a href="#[b57560]">&gt;&gt;</a>&nbsp;&nbsp;&nbsp;tcp_pcb_remove
<LI><a href="#[b575f0]">&gt;&gt;</a>&nbsp;&nbsp;&nbsp;tcp_segs_free
</UL>
<BR>[Called By]<UL><LI><a href="#[b57368]">&gt;&gt;</a>&nbsp;&nbsp;&nbsp;tcp_alloc
<LI><a href="#[b57518]">&gt;&gt;</a>&nbsp;&nbsp;&nbsp;tcp_slowtmr
<LI><a href="#[b5b400]">&gt;&gt;</a>&nbsp;&nbsp;&nbsp;http_poll
<LI><a href="#[f803f0]">&gt;&gt;</a>&nbsp;&nbsp;&nbsp;tcp_process
<LI><a href="#[f8e610]">&gt;&gt;</a>&nbsp;&nbsp;&nbsp;netif_set_ipaddr
</UL>

<P><STRONG><a name="[b57518]"></a>tcp_slowtmr</STRONG> (Thumb, 482 bytes, Stack size 32 bytes, tcp.o(.text), UNUSED)
<BR><BR>[Calls]<UL><LI><a href="#[b57170]">&gt;&gt;</a>&nbsp;&nbsp;&nbsp;tcp_rexmit_rto
<LI><a href="#[b571b8]">&gt;&gt;</a>&nbsp;&nbsp;&nbsp;tcp_keepalive
<LI><a href="#[b572d8]">&gt;&gt;</a>&nbsp;&nbsp;&nbsp;memp_free
<LI><a href="#[b575a8]">&gt;&gt;</a>&nbsp;&nbsp;&nbsp;tcp_pcb_purge
<LI><a href="#[b575f0]">&gt;&gt;</a>&nbsp;&nbsp;&nbsp;tcp_segs_free
<LI><a href="#[b5a008]">&gt;&gt;</a>&nbsp;&nbsp;&nbsp;tcp_output
<LI><a href="#[b5a248]">&gt;&gt;</a>&nbsp;&nbsp;&nbsp;tcp_abort
</UL>
<BR>[Called By]<UL><LI><a href="#[b57488]">&gt;&gt;</a>&nbsp;&nbsp;&nbsp;tcp_tmr
<LI><a href="#[b5d258]">&gt;&gt;</a>&nbsp;&nbsp;&nbsp;lwip_tick
</UL>

<P><STRONG><a name="[b574d0]"></a>tcp_fasttmr</STRONG> (Thumb, 44 bytes, Stack size 8 bytes, tcp.o(.text), UNUSED)
<BR><BR>[Calls]<UL><LI><a href="#[b5a008]">&gt;&gt;</a>&nbsp;&nbsp;&nbsp;tcp_output
</UL>
<BR>[Called By]<UL><LI><a href="#[b57488]">&gt;&gt;</a>&nbsp;&nbsp;&nbsp;tcp_tmr
<LI><a href="#[b5d258]">&gt;&gt;</a>&nbsp;&nbsp;&nbsp;lwip_tick
</UL>

<P><STRONG><a name="[b57488]"></a>tcp_tmr</STRONG> (Thumb, 28 bytes, Stack size 8 bytes, tcp.o(.text), UNUSED)
<BR><BR>[Calls]<UL><LI><a href="#[b574d0]">&gt;&gt;</a>&nbsp;&nbsp;&nbsp;tcp_fasttmr
<LI><a href="#[b57518]">&gt;&gt;</a>&nbsp;&nbsp;&nbsp;tcp_slowtmr
</UL>

<P><STRONG><a name="[b5a128]"></a>tcp_close</STRONG> (Thumb, 130 bytes, Stack size 16 bytes, tcp.o(.text), UNUSED)
<BR><BR>[Calls]<UL><LI><a href="#[b570e0]">&gt;&gt;</a>&nbsp;&nbsp;&nbsp;tcp_send_ctrl
<LI><a href="#[b572d8]">&gt;&gt;</a>&nbsp;&nbsp;&nbsp;memp_free
<LI><a href="#[b57560]">&gt;&gt;</a>&nbsp;&nbsp;&nbsp;tcp_pcb_remove
<LI><a href="#[b5a008]">&gt;&gt;</a>&nbsp;&nbsp;&nbsp;tcp_output
</UL>
<BR>[Called By]<UL><LI><a href="#[b585b0]">&gt;&gt;</a>&nbsp;&nbsp;&nbsp;tcp_recv_null
<LI><a href="#[b5b490]">&gt;&gt;</a>&nbsp;&nbsp;&nbsp;close_conn
</UL>

<P><STRONG><a name="[b5a170]"></a>tcp_bind</STRONG> (Thumb, 116 bytes, Stack size 16 bytes, tcp.o(.text), UNUSED)
<BR><BR>[Calls]<UL><LI><a href="#[b58640]">&gt;&gt;</a>&nbsp;&nbsp;&nbsp;tcp_new_port
<LI><a href="#[108d7e8]">&gt;&gt;</a>&nbsp;&nbsp;&nbsp;__aeabi_memcpy
</UL>
<BR>[Called By]<UL><LI><a href="#[b5d2e8]">&gt;&gt;</a>&nbsp;&nbsp;&nbsp;httpd_init
</UL>

<P><STRONG><a name="[b5a098]"></a>tcp_listen</STRONG> (Thumb, 92 bytes, Stack size 16 bytes, tcp.o(.text), UNUSED)
<BR><BR>[Calls]<UL><LI><a href="#[b57290]">&gt;&gt;</a>&nbsp;&nbsp;&nbsp;memp_malloc
<LI><a href="#[b572d8]">&gt;&gt;</a>&nbsp;&nbsp;&nbsp;memp_free
</UL>
<BR>[Called By]<UL><LI><a href="#[b5d2e8]">&gt;&gt;</a>&nbsp;&nbsp;&nbsp;httpd_init
</UL>

<P><STRONG><a name="[b59f30]"></a>tcp_recved</STRONG> (Thumb, 70 bytes, Stack size 0 bytes, tcp.o(.text), UNUSED)
<BR><BR>[Calls]<UL><LI><a href="#[b5a008]">&gt;&gt;</a>&nbsp;&nbsp;&nbsp;tcp_output
</UL>
<BR>[Called By]<UL><LI><a href="#[b5b370]">&gt;&gt;</a>&nbsp;&nbsp;&nbsp;http_recv
</UL>

<P><STRONG><a name="[b57440]"></a>tcp_next_iss</STRONG> (Thumb, 12 bytes, Stack size 0 bytes, tcp.o(.text))
<BR><BR>[Called By]<UL><LI><a href="#[b57368]">&gt;&gt;</a>&nbsp;&nbsp;&nbsp;tcp_alloc
<LI><a href="#[b573f8]">&gt;&gt;</a>&nbsp;&nbsp;&nbsp;tcp_connect
</UL>

<P><STRONG><a name="[b573f8]"></a>tcp_connect</STRONG> (Thumb, 142 bytes, Stack size 32 bytes, tcp.o(.text), UNUSED)
<BR><BR>[Calls]<UL><LI><a href="#[b57200]">&gt;&gt;</a>&nbsp;&nbsp;&nbsp;tcp_enqueue
<LI><a href="#[b57320]">&gt;&gt;</a>&nbsp;&nbsp;&nbsp;htonl
<LI><a href="#[b57440]">&gt;&gt;</a>&nbsp;&nbsp;&nbsp;tcp_next_iss
<LI><a href="#[b58640]">&gt;&gt;</a>&nbsp;&nbsp;&nbsp;tcp_new_port
<LI><a href="#[b5a008]">&gt;&gt;</a>&nbsp;&nbsp;&nbsp;tcp_output
<LI><a href="#[108d7e8]">&gt;&gt;</a>&nbsp;&nbsp;&nbsp;__aeabi_memcpy
</UL>

<P><STRONG><a name="[b59ea0]"></a>tcp_setprio</STRONG> (Thumb, 4 bytes, Stack size 0 bytes, tcp.o(.text), UNUSED)
<BR><BR>[Called By]<UL><LI><a href="#[b5b328]">&gt;&gt;</a>&nbsp;&nbsp;&nbsp;http_accept
</UL>

<P><STRONG><a name="[b573b0]"></a>tcp_seg_copy</STRONG> (Thumb, 34 bytes, Stack size 16 bytes, tcp.o(.text))
<BR><BR>[Stack]<UL><LI>Max Depth = 40 + Unknown Stack Size
<LI>Call Chain = tcp_seg_copy &rArr; memp_malloc &rArr; sys_arch_unprotect &rArr; IntMasterEnable
</UL>
<BR>[Calls]<UL><LI><a href="#[b57248]">&gt;&gt;</a>&nbsp;&nbsp;&nbsp;pbuf_ref
<LI><a href="#[b57290]">&gt;&gt;</a>&nbsp;&nbsp;&nbsp;memp_malloc
<LI><a href="#[108d7a0]">&gt;&gt;</a>&nbsp;&nbsp;&nbsp;__aeabi_memcpy4
</UL>
<BR>[Called By]<UL><LI><a href="#[f80480]">&gt;&gt;</a>&nbsp;&nbsp;&nbsp;tcp_receive
</UL>

<P><STRONG><a name="[b57368]"></a>tcp_alloc</STRONG> (Thumb, 230 bytes, Stack size 24 bytes, tcp.o(.text))
<BR><BR>[Stack]<UL><LI>Max Depth = 244 + Unknown Stack Size
<LI>Call Chain = tcp_alloc &rArr; tcp_abort &rArr; tcp_pcb_remove &rArr; tcp_output &rArr; tcp_output_segment &rArr; ip_output &rArr; ip_output_if &rArr; inet_chksum &rArr; lwip_standard_chksum
</UL>
<BR>[Calls]<UL><LI><a href="#[b57290]">&gt;&gt;</a>&nbsp;&nbsp;&nbsp;memp_malloc
<LI><a href="#[b57440]">&gt;&gt;</a>&nbsp;&nbsp;&nbsp;tcp_next_iss
<LI><a href="#[b5a248]">&gt;&gt;</a>&nbsp;&nbsp;&nbsp;tcp_abort
<LI><a href="#[108d4d0]">&gt;&gt;</a>&nbsp;&nbsp;&nbsp;__aeabi_memclr4
</UL>
<BR>[Called By]<UL><LI><a href="#[b5a050]">&gt;&gt;</a>&nbsp;&nbsp;&nbsp;tcp_new
<LI><a href="#[f803a8]">&gt;&gt;</a>&nbsp;&nbsp;&nbsp;tcp_listen_input
</UL>

<P><STRONG><a name="[b5a050]"></a>tcp_new</STRONG> (Thumb, 4 bytes, Stack size 0 bytes, tcp.o(.text), UNUSED)
<BR><BR>[Calls]<UL><LI><a href="#[b57368]">&gt;&gt;</a>&nbsp;&nbsp;&nbsp;tcp_alloc
</UL>
<BR>[Called By]<UL><LI><a href="#[b5d2e8]">&gt;&gt;</a>&nbsp;&nbsp;&nbsp;httpd_init
</UL>

<P><STRONG><a name="[b5a1b8]"></a>tcp_arg</STRONG> (Thumb, 4 bytes, Stack size 0 bytes, tcp.o(.text), UNUSED)
<BR><BR>[Called By]<UL><LI><a href="#[b5b328]">&gt;&gt;</a>&nbsp;&nbsp;&nbsp;http_accept
<LI><a href="#[b5b490]">&gt;&gt;</a>&nbsp;&nbsp;&nbsp;close_conn
</UL>

<P><STRONG><a name="[b59f78]"></a>tcp_recv</STRONG> (Thumb, 6 bytes, Stack size 0 bytes, tcp.o(.text), UNUSED)
<BR><BR>[Called By]<UL><LI><a href="#[b5b328]">&gt;&gt;</a>&nbsp;&nbsp;&nbsp;http_accept
<LI><a href="#[b5b490]">&gt;&gt;</a>&nbsp;&nbsp;&nbsp;close_conn
</UL>

<P><STRONG><a name="[b59ee8]"></a>tcp_sent</STRONG> (Thumb, 4 bytes, Stack size 0 bytes, tcp.o(.text), UNUSED)
<BR><BR>[Called By]<UL><LI><a href="#[b5b370]">&gt;&gt;</a>&nbsp;&nbsp;&nbsp;http_recv
<LI><a href="#[b5b490]">&gt;&gt;</a>&nbsp;&nbsp;&nbsp;close_conn
</UL>

<P><STRONG><a name="[b5a0e0]"></a>tcp_err</STRONG> (Thumb, 6 bytes, Stack size 0 bytes, tcp.o(.text), UNUSED)
<BR><BR>[Called By]<UL><LI><a href="#[b5b328]">&gt;&gt;</a>&nbsp;&nbsp;&nbsp;http_accept
</UL>

<P><STRONG><a name="[b5a200]"></a>tcp_accept</STRONG> (Thumb, 4 bytes, Stack size 0 bytes, tcp.o(.text), UNUSED)
<BR><BR>[Called By]<UL><LI><a href="#[b5d2e8]">&gt;&gt;</a>&nbsp;&nbsp;&nbsp;httpd_init
</UL>

<P><STRONG><a name="[b59fc0]"></a>tcp_poll</STRONG> (Thumb, 8 bytes, Stack size 0 bytes, tcp.o(.text), UNUSED)
<BR><BR>[Called By]<UL><LI><a href="#[b5b328]">&gt;&gt;</a>&nbsp;&nbsp;&nbsp;http_accept
</UL>

<P><STRONG><a name="[b550a0]"></a>udp_init</STRONG> (Thumb, 10 bytes, Stack size 0 bytes, udp.o(.text), UNUSED)
<BR><BR>[Called By]<UL><LI><a href="#[b5d2a0]">&gt;&gt;</a>&nbsp;&nbsp;&nbsp;lwip_init
</UL>

<P><STRONG><a name="[b55058]"></a>udp_input</STRONG> (Thumb, 398 bytes, Stack size 56 bytes, udp.o(.text))
<BR><BR>[Stack]<UL><LI>Max Depth = 180 + Unknown Stack Size
<LI>Call Chain = udp_input &rArr; icmp_dest_unreach &rArr; ip_output &rArr; ip_output_if &rArr; inet_chksum &rArr; lwip_standard_chksum
</UL>
<BR>[Calls]<UL><LI><a href="#[b54ab8]">&gt;&gt;</a>&nbsp;&nbsp;&nbsp;pbuf_header
<LI><a href="#[b54b90]">&gt;&gt;</a>&nbsp;&nbsp;&nbsp;ntohs
<LI><a href="#[b54bd8]">&gt;&gt;</a>&nbsp;&nbsp;&nbsp;ntohl
<LI><a href="#[b54cf8]">&gt;&gt;</a>&nbsp;&nbsp;&nbsp;ip_addr_isbroadcast
<LI><a href="#[b54d40]">&gt;&gt;</a>&nbsp;&nbsp;&nbsp;inet_chksum_pseudo
<LI><a href="#[b54d88]">&gt;&gt;</a>&nbsp;&nbsp;&nbsp;icmp_dest_unreach
<LI><a href="#[b5a2d8]">&gt;&gt;</a>&nbsp;&nbsp;&nbsp;pbuf_free
</UL>
<BR>[Called By]<UL><LI><a href="#[fe6780]">&gt;&gt;</a>&nbsp;&nbsp;&nbsp;ip_input
</UL>

<P><STRONG><a name="[b55010]"></a>udp_bind</STRONG> (Thumb, 86 bytes, Stack size 20 bytes, udp.o(.text), UNUSED)
<BR><BR>[Called By]<UL><LI><a href="#[b54f38]">&gt;&gt;</a>&nbsp;&nbsp;&nbsp;udp_connect
<LI><a href="#[b54fc8]">&gt;&gt;</a>&nbsp;&nbsp;&nbsp;udp_send
<LI><a href="#[f8e808]">&gt;&gt;</a>&nbsp;&nbsp;&nbsp;dhcp_inform
<LI><a href="#[f8e928]">&gt;&gt;</a>&nbsp;&nbsp;&nbsp;dhcp_release
<LI><a href="#[f8e9b8]">&gt;&gt;</a>&nbsp;&nbsp;&nbsp;dhcp_renew
<LI><a href="#[f8f8a0]">&gt;&gt;</a>&nbsp;&nbsp;&nbsp;dhcp_decline
<LI><a href="#[f8f8e8]">&gt;&gt;</a>&nbsp;&nbsp;&nbsp;dhcp_discover
<LI><a href="#[f8fa50]">&gt;&gt;</a>&nbsp;&nbsp;&nbsp;dhcp_rebind
<LI><a href="#[f8fae0]">&gt;&gt;</a>&nbsp;&nbsp;&nbsp;dhcp_select
<LI><a href="#[fd7a20]">&gt;&gt;</a>&nbsp;&nbsp;&nbsp;netInit
</UL>

<P><STRONG><a name="[b54fc8]"></a>udp_send</STRONG> (Thumb, 272 bytes, Stack size 48 bytes, udp.o(.text), UNUSED)
<BR><BR>[Calls]<UL><LI><a href="#[b54ab8]">&gt;&gt;</a>&nbsp;&nbsp;&nbsp;pbuf_header
<LI><a href="#[b54b00]">&gt;&gt;</a>&nbsp;&nbsp;&nbsp;pbuf_chain
<LI><a href="#[b54b48]">&gt;&gt;</a>&nbsp;&nbsp;&nbsp;pbuf_alloc
<LI><a href="#[b54c68]">&gt;&gt;</a>&nbsp;&nbsp;&nbsp;ip_route
<LI><a href="#[b54cb0]">&gt;&gt;</a>&nbsp;&nbsp;&nbsp;ip_output_if
<LI><a href="#[b54d40]">&gt;&gt;</a>&nbsp;&nbsp;&nbsp;inet_chksum_pseudo
<LI><a href="#[b54dd0]">&gt;&gt;</a>&nbsp;&nbsp;&nbsp;htons
<LI><a href="#[b55010]">&gt;&gt;</a>&nbsp;&nbsp;&nbsp;udp_bind
<LI><a href="#[b5a2d8]">&gt;&gt;</a>&nbsp;&nbsp;&nbsp;pbuf_free
</UL>
<BR>[Called By]<UL><LI><a href="#[b54f80]">&gt;&gt;</a>&nbsp;&nbsp;&nbsp;udp_sendto
<LI><a href="#[f8e808]">&gt;&gt;</a>&nbsp;&nbsp;&nbsp;dhcp_inform
<LI><a href="#[f8e928]">&gt;&gt;</a>&nbsp;&nbsp;&nbsp;dhcp_release
<LI><a href="#[f8e9b8]">&gt;&gt;</a>&nbsp;&nbsp;&nbsp;dhcp_renew
<LI><a href="#[f8fae0]">&gt;&gt;</a>&nbsp;&nbsp;&nbsp;dhcp_select
</UL>

<P><STRONG><a name="[b54f80]"></a>udp_sendto</STRONG> (Thumb, 26 bytes, Stack size 16 bytes, udp.o(.text), UNUSED)
<BR><BR>[Calls]<UL><LI><a href="#[b54fc8]">&gt;&gt;</a>&nbsp;&nbsp;&nbsp;udp_send
</UL>
<BR>[Called By]<UL><LI><a href="#[f8f8a0]">&gt;&gt;</a>&nbsp;&nbsp;&nbsp;dhcp_decline
<LI><a href="#[f8f8e8]">&gt;&gt;</a>&nbsp;&nbsp;&nbsp;dhcp_discover
<LI><a href="#[f8fa50]">&gt;&gt;</a>&nbsp;&nbsp;&nbsp;dhcp_rebind
<LI><a href="#[fd78b8]">&gt;&gt;</a>&nbsp;&nbsp;&nbsp;netSendGeneral
<LI><a href="#[fd7900]">&gt;&gt;</a>&nbsp;&nbsp;&nbsp;netSendEvent
</UL>

<P><STRONG><a name="[b54f38]"></a>udp_connect</STRONG> (Thumb, 72 bytes, Stack size 16 bytes, udp.o(.text), UNUSED)
<BR><BR>[Calls]<UL><LI><a href="#[b55010]">&gt;&gt;</a>&nbsp;&nbsp;&nbsp;udp_bind
</UL>
<BR>[Called By]<UL><LI><a href="#[f8e808]">&gt;&gt;</a>&nbsp;&nbsp;&nbsp;dhcp_inform
<LI><a href="#[f8e928]">&gt;&gt;</a>&nbsp;&nbsp;&nbsp;dhcp_release
<LI><a href="#[f8e9b8]">&gt;&gt;</a>&nbsp;&nbsp;&nbsp;dhcp_renew
<LI><a href="#[f8f8a0]">&gt;&gt;</a>&nbsp;&nbsp;&nbsp;dhcp_decline
<LI><a href="#[f8f8e8]">&gt;&gt;</a>&nbsp;&nbsp;&nbsp;dhcp_discover
<LI><a href="#[f8fa50]">&gt;&gt;</a>&nbsp;&nbsp;&nbsp;dhcp_rebind
<LI><a href="#[f8fae0]">&gt;&gt;</a>&nbsp;&nbsp;&nbsp;dhcp_select
<LI><a href="#[fd7a20]">&gt;&gt;</a>&nbsp;&nbsp;&nbsp;netInit
</UL>

<P><STRONG><a name="[b54ef0]"></a>udp_disconnect</STRONG> (Thumb, 20 bytes, Stack size 0 bytes, udp.o(.text), UNUSED)
<BR><BR>[Called By]<UL><LI><a href="#[fd7870]">&gt;&gt;</a>&nbsp;&nbsp;&nbsp;netShutdown
<LI><a href="#[fd7a20]">&gt;&gt;</a>&nbsp;&nbsp;&nbsp;netInit
</UL>

<P><STRONG><a name="[b54ea8]"></a>udp_recv</STRONG> (Thumb, 6 bytes, Stack size 0 bytes, udp.o(.text), UNUSED)
<BR><BR>[Called By]<UL><LI><a href="#[f8f8e8]">&gt;&gt;</a>&nbsp;&nbsp;&nbsp;dhcp_discover
<LI><a href="#[fd7a20]">&gt;&gt;</a>&nbsp;&nbsp;&nbsp;netInit
</UL>

<P><STRONG><a name="[b54e60]"></a>udp_remove</STRONG> (Thumb, 40 bytes, Stack size 0 bytes, udp.o(.text), UNUSED)
<BR><BR>[Calls]<UL><LI><a href="#[b572d8]">&gt;&gt;</a>&nbsp;&nbsp;&nbsp;memp_free
</UL>
<BR>[Called By]<UL><LI><a href="#[f8e808]">&gt;&gt;</a>&nbsp;&nbsp;&nbsp;dhcp_inform
<LI><a href="#[f8e898]">&gt;&gt;</a>&nbsp;&nbsp;&nbsp;dhcp_stop
<LI><a href="#[fd7870]">&gt;&gt;</a>&nbsp;&nbsp;&nbsp;netShutdown
<LI><a href="#[fd7a20]">&gt;&gt;</a>&nbsp;&nbsp;&nbsp;netInit
</UL>

<P><STRONG><a name="[b54e18]"></a>udp_new</STRONG> (Thumb, 28 bytes, Stack size 8 bytes, udp.o(.text), UNUSED)
<BR><BR>[Calls]<UL><LI><a href="#[b57290]">&gt;&gt;</a>&nbsp;&nbsp;&nbsp;memp_malloc
<LI><a href="#[108d4d0]">&gt;&gt;</a>&nbsp;&nbsp;&nbsp;__aeabi_memclr4
</UL>
<BR>[Called By]<UL><LI><a href="#[f8e808]">&gt;&gt;</a>&nbsp;&nbsp;&nbsp;dhcp_inform
<LI><a href="#[f8e850]">&gt;&gt;</a>&nbsp;&nbsp;&nbsp;dhcp_start
<LI><a href="#[fd7a20]">&gt;&gt;</a>&nbsp;&nbsp;&nbsp;netInit
</UL>

<P><STRONG><a name="[f8e9b8]"></a>dhcp_renew</STRONG> (Thumb, 160 bytes, Stack size 16 bytes, dhcp.o(.text), UNUSED)
<BR><BR>[Calls]<UL><LI><a href="#[b54f38]">&gt;&gt;</a>&nbsp;&nbsp;&nbsp;udp_connect
<LI><a href="#[b54fc8]">&gt;&gt;</a>&nbsp;&nbsp;&nbsp;udp_send
<LI><a href="#[b55010]">&gt;&gt;</a>&nbsp;&nbsp;&nbsp;udp_bind
<LI><a href="#[f8e538]">&gt;&gt;</a>&nbsp;&nbsp;&nbsp;pbuf_realloc
<LI><a href="#[f8f780]">&gt;&gt;</a>&nbsp;&nbsp;&nbsp;dhcp_option
<LI><a href="#[f8f7c8]">&gt;&gt;</a>&nbsp;&nbsp;&nbsp;dhcp_option_byte
<LI><a href="#[f8f810]">&gt;&gt;</a>&nbsp;&nbsp;&nbsp;dhcp_delete_request
<LI><a href="#[f8f858]">&gt;&gt;</a>&nbsp;&nbsp;&nbsp;dhcp_set_state
<LI><a href="#[f8fb28]">&gt;&gt;</a>&nbsp;&nbsp;&nbsp;dhcp_create_request
<LI><a href="#[f8fb70]">&gt;&gt;</a>&nbsp;&nbsp;&nbsp;dhcp_option_short
<LI><a href="#[f8fc00]">&gt;&gt;</a>&nbsp;&nbsp;&nbsp;dhcp_option_trailer
</UL>
<BR>[Called By]<UL><LI><a href="#[f8e970]">&gt;&gt;</a>&nbsp;&nbsp;&nbsp;dhcp_coarse_tmr
<LI><a href="#[f8f6a8]">&gt;&gt;</a>&nbsp;&nbsp;&nbsp;dhcp_timeout
</UL>

<P><STRONG><a name="[f8e970]"></a>dhcp_coarse_tmr</STRONG> (Thumb, 88 bytes, Stack size 8 bytes, dhcp.o(.text), UNUSED)
<BR><BR>[Calls]<UL><LI><a href="#[f8e9b8]">&gt;&gt;</a>&nbsp;&nbsp;&nbsp;dhcp_renew
<LI><a href="#[f8fa50]">&gt;&gt;</a>&nbsp;&nbsp;&nbsp;dhcp_rebind
</UL>
<BR>[Called By]<UL><LI><a href="#[b5d258]">&gt;&gt;</a>&nbsp;&nbsp;&nbsp;lwip_tick
</UL>

<P><STRONG><a name="[f8e928]"></a>dhcp_release</STRONG> (Thumb, 190 bytes, Stack size 16 bytes, dhcp.o(.text), UNUSED)
<BR><BR>[Calls]<UL><LI><a href="#[b54f38]">&gt;&gt;</a>&nbsp;&nbsp;&nbsp;udp_connect
<LI><a href="#[b54fc8]">&gt;&gt;</a>&nbsp;&nbsp;&nbsp;udp_send
<LI><a href="#[b55010]">&gt;&gt;</a>&nbsp;&nbsp;&nbsp;udp_bind
<LI><a href="#[f8e538]">&gt;&gt;</a>&nbsp;&nbsp;&nbsp;pbuf_realloc
<LI><a href="#[f8e5c8]">&gt;&gt;</a>&nbsp;&nbsp;&nbsp;netif_set_netmask
<LI><a href="#[f8e610]">&gt;&gt;</a>&nbsp;&nbsp;&nbsp;netif_set_ipaddr
<LI><a href="#[f8e658]">&gt;&gt;</a>&nbsp;&nbsp;&nbsp;netif_set_gw
<LI><a href="#[f8e6a0]">&gt;&gt;</a>&nbsp;&nbsp;&nbsp;netif_set_down
<LI><a href="#[f8f780]">&gt;&gt;</a>&nbsp;&nbsp;&nbsp;dhcp_option
<LI><a href="#[f8f7c8]">&gt;&gt;</a>&nbsp;&nbsp;&nbsp;dhcp_option_byte
<LI><a href="#[f8f810]">&gt;&gt;</a>&nbsp;&nbsp;&nbsp;dhcp_delete_request
<LI><a href="#[f8f858]">&gt;&gt;</a>&nbsp;&nbsp;&nbsp;dhcp_set_state
<LI><a href="#[f8fb28]">&gt;&gt;</a>&nbsp;&nbsp;&nbsp;dhcp_create_request
<LI><a href="#[f8fc00]">&gt;&gt;</a>&nbsp;&nbsp;&nbsp;dhcp_option_trailer
</UL>
<BR>[Called By]<UL><LI><a href="#[f8f6a8]">&gt;&gt;</a>&nbsp;&nbsp;&nbsp;dhcp_timeout
</UL>

<P><STRONG><a name="[f8e8e0]"></a>dhcp_fine_tmr</STRONG> (Thumb, 46 bytes, Stack size 16 bytes, dhcp.o(.text), UNUSED)
<BR><BR>[Calls]<UL><LI><a href="#[f8f6a8]">&gt;&gt;</a>&nbsp;&nbsp;&nbsp;dhcp_timeout
</UL>
<BR>[Called By]<UL><LI><a href="#[b5d258]">&gt;&gt;</a>&nbsp;&nbsp;&nbsp;lwip_tick
</UL>

<P><STRONG><a name="[f8e898]"></a>dhcp_stop</STRONG> (Thumb, 64 bytes, Stack size 16 bytes, dhcp.o(.text), UNUSED)
<BR><BR>[Calls]<UL><LI><a href="#[b54e60]">&gt;&gt;</a>&nbsp;&nbsp;&nbsp;udp_remove
<LI><a href="#[b5a2d8]">&gt;&gt;</a>&nbsp;&nbsp;&nbsp;pbuf_free
<LI><a href="#[b5a368]">&gt;&gt;</a>&nbsp;&nbsp;&nbsp;mem_free
<LI><a href="#[f8f978]">&gt;&gt;</a>&nbsp;&nbsp;&nbsp;dhcp_free_reply
</UL>
<BR>[Called By]<UL><LI><a href="#[b5d258]">&gt;&gt;</a>&nbsp;&nbsp;&nbsp;lwip_tick
<LI><a href="#[f8e850]">&gt;&gt;</a>&nbsp;&nbsp;&nbsp;dhcp_start
</UL>

<P><STRONG><a name="[f8e850]"></a>dhcp_start</STRONG> (Thumb, 94 bytes, Stack size 16 bytes, dhcp.o(.text), UNUSED)
<BR><BR>[Calls]<UL><LI><a href="#[b54e18]">&gt;&gt;</a>&nbsp;&nbsp;&nbsp;udp_new
<LI><a href="#[b5a320]">&gt;&gt;</a>&nbsp;&nbsp;&nbsp;mem_malloc
<LI><a href="#[b5a368]">&gt;&gt;</a>&nbsp;&nbsp;&nbsp;mem_free
<LI><a href="#[f8e898]">&gt;&gt;</a>&nbsp;&nbsp;&nbsp;dhcp_stop
<LI><a href="#[f8f8e8]">&gt;&gt;</a>&nbsp;&nbsp;&nbsp;dhcp_discover
<LI><a href="#[108d4d0]">&gt;&gt;</a>&nbsp;&nbsp;&nbsp;__aeabi_memclr4
</UL>
<BR>[Called By]<UL><LI><a href="#[b5d2a0]">&gt;&gt;</a>&nbsp;&nbsp;&nbsp;lwip_init
</UL>

<P><STRONG><a name="[f8e808]"></a>dhcp_inform</STRONG> (Thumb, 172 bytes, Stack size 16 bytes, dhcp.o(.text), UNUSED)
<BR><BR>[Calls]<UL><LI><a href="#[b54e18]">&gt;&gt;</a>&nbsp;&nbsp;&nbsp;udp_new
<LI><a href="#[b54e60]">&gt;&gt;</a>&nbsp;&nbsp;&nbsp;udp_remove
<LI><a href="#[b54f38]">&gt;&gt;</a>&nbsp;&nbsp;&nbsp;udp_connect
<LI><a href="#[b54fc8]">&gt;&gt;</a>&nbsp;&nbsp;&nbsp;udp_send
<LI><a href="#[b55010]">&gt;&gt;</a>&nbsp;&nbsp;&nbsp;udp_bind
<LI><a href="#[b5a320]">&gt;&gt;</a>&nbsp;&nbsp;&nbsp;mem_malloc
<LI><a href="#[b5a368]">&gt;&gt;</a>&nbsp;&nbsp;&nbsp;mem_free
<LI><a href="#[f8e538]">&gt;&gt;</a>&nbsp;&nbsp;&nbsp;pbuf_realloc
<LI><a href="#[f8f780]">&gt;&gt;</a>&nbsp;&nbsp;&nbsp;dhcp_option
<LI><a href="#[f8f7c8]">&gt;&gt;</a>&nbsp;&nbsp;&nbsp;dhcp_option_byte
<LI><a href="#[f8f810]">&gt;&gt;</a>&nbsp;&nbsp;&nbsp;dhcp_delete_request
<LI><a href="#[f8fb28]">&gt;&gt;</a>&nbsp;&nbsp;&nbsp;dhcp_create_request
<LI><a href="#[f8fb70]">&gt;&gt;</a>&nbsp;&nbsp;&nbsp;dhcp_option_short
<LI><a href="#[f8fc00]">&gt;&gt;</a>&nbsp;&nbsp;&nbsp;dhcp_option_trailer
<LI><a href="#[108d4d0]">&gt;&gt;</a>&nbsp;&nbsp;&nbsp;__aeabi_memclr4
</UL>

<P><STRONG><a name="[f8e7c0]"></a>dhcp_arp_reply</STRONG> (Thumb, 24 bytes, Stack size 0 bytes, dhcp.o(.text), UNUSED)
<BR><BR>[Calls]<UL><LI><a href="#[f8f8a0]">&gt;&gt;</a>&nbsp;&nbsp;&nbsp;dhcp_decline
</UL>
<BR>[Called By]<UL><LI><a href="#[fe2ce0]">&gt;&gt;</a>&nbsp;&nbsp;&nbsp;etharp_arp_input
</UL>

<P><STRONG><a name="[b54dd0]"></a>htons</STRONG> (Thumb, 4 bytes, Stack size 0 bytes, inet.o(.text))
<BR><BR>[Called By]<UL><LI><a href="#[b54cb0]">&gt;&gt;</a>&nbsp;&nbsp;&nbsp;ip_output_if
<LI><a href="#[b54d88]">&gt;&gt;</a>&nbsp;&nbsp;&nbsp;icmp_dest_unreach
<LI><a href="#[b54fc8]">&gt;&gt;</a>&nbsp;&nbsp;&nbsp;udp_send
<LI><a href="#[b57128]">&gt;&gt;</a>&nbsp;&nbsp;&nbsp;tcp_rst
<LI><a href="#[b571b8]">&gt;&gt;</a>&nbsp;&nbsp;&nbsp;tcp_keepalive
<LI><a href="#[b57200]">&gt;&gt;</a>&nbsp;&nbsp;&nbsp;tcp_enqueue
<LI><a href="#[b5a008]">&gt;&gt;</a>&nbsp;&nbsp;&nbsp;tcp_output
<LI><a href="#[f8e778]">&gt;&gt;</a>&nbsp;&nbsp;&nbsp;etharp_query
<LI><a href="#[fdf390]">&gt;&gt;</a>&nbsp;&nbsp;&nbsp;ethernetif_dequeue
<LI><a href="#[fdf420]">&gt;&gt;</a>&nbsp;&nbsp;&nbsp;ethernetif_input
<LI><a href="#[fe2c50]">&gt;&gt;</a>&nbsp;&nbsp;&nbsp;etharp_output
<LI><a href="#[fe2c98]">&gt;&gt;</a>&nbsp;&nbsp;&nbsp;etharp_request
<LI><a href="#[fe2ce0]">&gt;&gt;</a>&nbsp;&nbsp;&nbsp;etharp_arp_input
<LI><a href="#[fe3af0]">&gt;&gt;</a>&nbsp;&nbsp;&nbsp;update_arp_entry
<LI><a href="#[fe6780]">&gt;&gt;</a>&nbsp;&nbsp;&nbsp;ip_input
<LI><a href="#[fe9328]">&gt;&gt;</a>&nbsp;&nbsp;&nbsp;icmp_input
<LI><a href="#[fee128]">&gt;&gt;</a>&nbsp;&nbsp;&nbsp;tcp_output_segment
</UL>

<P><STRONG><a name="[b54d40]"></a>inet_chksum_pseudo</STRONG> (Thumb, 138 bytes, Stack size 28 bytes, inet.o(.text))
<BR><BR>[Stack]<UL><LI>Max Depth = 36<LI>Call Chain = inet_chksum_pseudo &rArr; lwip_standard_chksum
</UL>
<BR>[Calls]<UL><LI><a href="#[f8d920]">&gt;&gt;</a>&nbsp;&nbsp;&nbsp;lwip_standard_chksum
</UL>
<BR>[Called By]<UL><LI><a href="#[b54fc8]">&gt;&gt;</a>&nbsp;&nbsp;&nbsp;udp_send
<LI><a href="#[b55058]">&gt;&gt;</a>&nbsp;&nbsp;&nbsp;udp_input
<LI><a href="#[b57128]">&gt;&gt;</a>&nbsp;&nbsp;&nbsp;tcp_rst
<LI><a href="#[b571b8]">&gt;&gt;</a>&nbsp;&nbsp;&nbsp;tcp_keepalive
<LI><a href="#[b5a008]">&gt;&gt;</a>&nbsp;&nbsp;&nbsp;tcp_output
<LI><a href="#[fee128]">&gt;&gt;</a>&nbsp;&nbsp;&nbsp;tcp_output_segment
<LI><a href="#[fef4f0]">&gt;&gt;</a>&nbsp;&nbsp;&nbsp;tcp_input
</UL>

<P><STRONG><a name="[f8d1d0]"></a>inet_chksum</STRONG> (Thumb, 24 bytes, Stack size 4 bytes, inet.o(.text))
<BR><BR>[Stack]<UL><LI>Max Depth = 12<LI>Call Chain = inet_chksum &rArr; lwip_standard_chksum
</UL>
<BR>[Calls]<UL><LI><a href="#[f8d920]">&gt;&gt;</a>&nbsp;&nbsp;&nbsp;lwip_standard_chksum
</UL>
<BR>[Called By]<UL><LI><a href="#[b54cb0]">&gt;&gt;</a>&nbsp;&nbsp;&nbsp;ip_output_if
<LI><a href="#[b54d88]">&gt;&gt;</a>&nbsp;&nbsp;&nbsp;icmp_dest_unreach
<LI><a href="#[fe6780]">&gt;&gt;</a>&nbsp;&nbsp;&nbsp;ip_input
</UL>

<P><STRONG><a name="[f8d188]"></a>inet_chksum_pbuf</STRONG> (Thumb, 70 bytes, Stack size 16 bytes, inet.o(.text))
<BR><BR>[Stack]<UL><LI>Max Depth = 24<LI>Call Chain = inet_chksum_pbuf &rArr; lwip_standard_chksum
</UL>
<BR>[Calls]<UL><LI><a href="#[f8d920]">&gt;&gt;</a>&nbsp;&nbsp;&nbsp;lwip_standard_chksum
</UL>
<BR>[Called By]<UL><LI><a href="#[fe9328]">&gt;&gt;</a>&nbsp;&nbsp;&nbsp;icmp_input
</UL>

<P><STRONG><a name="[b57320]"></a>htonl</STRONG> (Thumb, 4 bytes, Stack size 0 bytes, inet.o(.text))
<BR><BR>[Called By]<UL><LI><a href="#[b57128]">&gt;&gt;</a>&nbsp;&nbsp;&nbsp;tcp_rst
<LI><a href="#[b571b8]">&gt;&gt;</a>&nbsp;&nbsp;&nbsp;tcp_keepalive
<LI><a href="#[b57200]">&gt;&gt;</a>&nbsp;&nbsp;&nbsp;tcp_enqueue
<LI><a href="#[b573f8]">&gt;&gt;</a>&nbsp;&nbsp;&nbsp;tcp_connect
<LI><a href="#[b5a008]">&gt;&gt;</a>&nbsp;&nbsp;&nbsp;tcp_output
<LI><a href="#[b5d258]">&gt;&gt;</a>&nbsp;&nbsp;&nbsp;lwip_tick
<LI><a href="#[b5d2a0]">&gt;&gt;</a>&nbsp;&nbsp;&nbsp;lwip_init
<LI><a href="#[f803a8]">&gt;&gt;</a>&nbsp;&nbsp;&nbsp;tcp_listen_input
<LI><a href="#[f80480]">&gt;&gt;</a>&nbsp;&nbsp;&nbsp;tcp_receive
<LI><a href="#[f8f930]">&gt;&gt;</a>&nbsp;&nbsp;&nbsp;dhcp_recv
<LI><a href="#[f8f9c0]">&gt;&gt;</a>&nbsp;&nbsp;&nbsp;dhcp_handle_ack
<LI><a href="#[f8fa08]">&gt;&gt;</a>&nbsp;&nbsp;&nbsp;dhcp_bind
<LI><a href="#[f8fb28]">&gt;&gt;</a>&nbsp;&nbsp;&nbsp;dhcp_create_request
<LI><a href="#[fee128]">&gt;&gt;</a>&nbsp;&nbsp;&nbsp;tcp_output_segment
</UL>

<P><STRONG><a name="[f8d140]"></a>inet_aton</STRONG> (Thumb, 252 bytes, Stack size 36 bytes, inet.o(.text), UNUSED)
<BR><BR>[Called By]<UL><LI><a href="#[f8d0f8]">&gt;&gt;</a>&nbsp;&nbsp;&nbsp;inet_addr
<LI><a href="#[fd7a20]">&gt;&gt;</a>&nbsp;&nbsp;&nbsp;netInit
</UL>

<P><STRONG><a name="[f8d0f8]"></a>inet_addr</STRONG> (Thumb, 20 bytes, Stack size 8 bytes, inet.o(.text), UNUSED)
<BR><BR>[Calls]<UL><LI><a href="#[f8d140]">&gt;&gt;</a>&nbsp;&nbsp;&nbsp;inet_aton
</UL>

<P><STRONG><a name="[f8d0b0]"></a>inet_ntoa</STRONG> (Thumb, 86 bytes, Stack size 28 bytes, inet.o(.text), UNUSED)

<P><STRONG><a name="[b54b90]"></a>ntohs</STRONG> (Thumb, 4 bytes, Stack size 0 bytes, inet.o(.text))
<BR><BR>[Called By]<UL><LI><a href="#[b54cb0]">&gt;&gt;</a>&nbsp;&nbsp;&nbsp;ip_output_if
<LI><a href="#[b54d88]">&gt;&gt;</a>&nbsp;&nbsp;&nbsp;icmp_dest_unreach
<LI><a href="#[b55058]">&gt;&gt;</a>&nbsp;&nbsp;&nbsp;udp_input
<LI><a href="#[b57128]">&gt;&gt;</a>&nbsp;&nbsp;&nbsp;tcp_rst
<LI><a href="#[b571b8]">&gt;&gt;</a>&nbsp;&nbsp;&nbsp;tcp_keepalive
<LI><a href="#[b57200]">&gt;&gt;</a>&nbsp;&nbsp;&nbsp;tcp_enqueue
<LI><a href="#[b5a008]">&gt;&gt;</a>&nbsp;&nbsp;&nbsp;tcp_output
<LI><a href="#[f80438]">&gt;&gt;</a>&nbsp;&nbsp;&nbsp;tcp_parseopt
<LI><a href="#[f80480]">&gt;&gt;</a>&nbsp;&nbsp;&nbsp;tcp_receive
<LI><a href="#[f83b40]">&gt;&gt;</a>&nbsp;&nbsp;&nbsp;raw_input
<LI><a href="#[fe2c98]">&gt;&gt;</a>&nbsp;&nbsp;&nbsp;etharp_request
<LI><a href="#[fe2ce0]">&gt;&gt;</a>&nbsp;&nbsp;&nbsp;etharp_arp_input
<LI><a href="#[fe6780]">&gt;&gt;</a>&nbsp;&nbsp;&nbsp;ip_input
<LI><a href="#[fe9328]">&gt;&gt;</a>&nbsp;&nbsp;&nbsp;icmp_input
<LI><a href="#[fef4f0]">&gt;&gt;</a>&nbsp;&nbsp;&nbsp;tcp_input
</UL>

<P><STRONG><a name="[b54bd8]"></a>ntohl</STRONG> (Thumb, 4 bytes, Stack size 0 bytes, inet.o(.text))
<BR><BR>[Called By]<UL><LI><a href="#[b55058]">&gt;&gt;</a>&nbsp;&nbsp;&nbsp;udp_input
<LI><a href="#[b57170]">&gt;&gt;</a>&nbsp;&nbsp;&nbsp;tcp_rexmit_rto
<LI><a href="#[b5a008]">&gt;&gt;</a>&nbsp;&nbsp;&nbsp;tcp_output
<LI><a href="#[f803f0]">&gt;&gt;</a>&nbsp;&nbsp;&nbsp;tcp_process
<LI><a href="#[f80480]">&gt;&gt;</a>&nbsp;&nbsp;&nbsp;tcp_receive
<LI><a href="#[f8e778]">&gt;&gt;</a>&nbsp;&nbsp;&nbsp;etharp_query
<LI><a href="#[f8f8a0]">&gt;&gt;</a>&nbsp;&nbsp;&nbsp;dhcp_decline
<LI><a href="#[f8f930]">&gt;&gt;</a>&nbsp;&nbsp;&nbsp;dhcp_recv
<LI><a href="#[f8fa08]">&gt;&gt;</a>&nbsp;&nbsp;&nbsp;dhcp_bind
<LI><a href="#[f8fae0]">&gt;&gt;</a>&nbsp;&nbsp;&nbsp;dhcp_select
<LI><a href="#[fe2c50]">&gt;&gt;</a>&nbsp;&nbsp;&nbsp;etharp_output
<LI><a href="#[fe3af0]">&gt;&gt;</a>&nbsp;&nbsp;&nbsp;update_arp_entry
<LI><a href="#[fe6780]">&gt;&gt;</a>&nbsp;&nbsp;&nbsp;ip_input
<LI><a href="#[fe9328]">&gt;&gt;</a>&nbsp;&nbsp;&nbsp;icmp_input
<LI><a href="#[fee128]">&gt;&gt;</a>&nbsp;&nbsp;&nbsp;tcp_output_segment
<LI><a href="#[fef4a8]">&gt;&gt;</a>&nbsp;&nbsp;&nbsp;tcp_rexmit
<LI><a href="#[fef4f0]">&gt;&gt;</a>&nbsp;&nbsp;&nbsp;tcp_input
</UL>

<P><STRONG><a name="[f8bae8]"></a>mem_init</STRONG> (Thumb, 54 bytes, Stack size 16 bytes, mem.o(.text), UNUSED)
<BR><BR>[Calls]<UL><LI><a href="#[108d518]">&gt;&gt;</a>&nbsp;&nbsp;&nbsp;__aeabi_memclr
</UL>
<BR>[Called By]<UL><LI><a href="#[b5d2a0]">&gt;&gt;</a>&nbsp;&nbsp;&nbsp;lwip_init
</UL>

<P><STRONG><a name="[b5a368]"></a>mem_free</STRONG> (Thumb, 66 bytes, Stack size 4 bytes, mem.o(.text))
<BR><BR>[Stack]<UL><LI>Max Depth = 16<LI>Call Chain = mem_free &rArr; plug_holes
</UL>
<BR>[Calls]<UL><LI><a href="#[f8c2c8]">&gt;&gt;</a>&nbsp;&nbsp;&nbsp;plug_holes
</UL>
<BR>[Called By]<UL><LI><a href="#[b5a2d8]">&gt;&gt;</a>&nbsp;&nbsp;&nbsp;pbuf_free
<LI><a href="#[b5a440]">&gt;&gt;</a>&nbsp;&nbsp;&nbsp;fs_open
<LI><a href="#[b5a488]">&gt;&gt;</a>&nbsp;&nbsp;&nbsp;fs_close
<LI><a href="#[b5b490]">&gt;&gt;</a>&nbsp;&nbsp;&nbsp;close_conn
<LI><a href="#[b5b4d8]">&gt;&gt;</a>&nbsp;&nbsp;&nbsp;conn_err
<LI><a href="#[f8e808]">&gt;&gt;</a>&nbsp;&nbsp;&nbsp;dhcp_inform
<LI><a href="#[f8e850]">&gt;&gt;</a>&nbsp;&nbsp;&nbsp;dhcp_start
<LI><a href="#[f8e898]">&gt;&gt;</a>&nbsp;&nbsp;&nbsp;dhcp_stop
<LI><a href="#[f8f6f0]">&gt;&gt;</a>&nbsp;&nbsp;&nbsp;dhcp_unfold_reply
<LI><a href="#[f8f978]">&gt;&gt;</a>&nbsp;&nbsp;&nbsp;dhcp_free_reply
</UL>

<P><STRONG><a name="[f8baa0]"></a>mem_realloc</STRONG> (Thumb, 128 bytes, Stack size 20 bytes, mem.o(.text))
<BR><BR>[Stack]<UL><LI>Max Depth = 32<LI>Call Chain = mem_realloc &rArr; plug_holes
</UL>
<BR>[Calls]<UL><LI><a href="#[f8c2c8]">&gt;&gt;</a>&nbsp;&nbsp;&nbsp;plug_holes
</UL>
<BR>[Called By]<UL><LI><a href="#[f8e538]">&gt;&gt;</a>&nbsp;&nbsp;&nbsp;pbuf_realloc
</UL>

<P><STRONG><a name="[b5a320]"></a>mem_malloc</STRONG> (Thumb, 180 bytes, Stack size 24 bytes, mem.o(.text))
<BR><BR>[Stack]<UL><LI>Max Depth = 24<LI>Call Chain = mem_malloc
</UL>
<BR>[Called By]<UL><LI><a href="#[b54b48]">&gt;&gt;</a>&nbsp;&nbsp;&nbsp;pbuf_alloc
<LI><a href="#[b5a440]">&gt;&gt;</a>&nbsp;&nbsp;&nbsp;fs_open
<LI><a href="#[b5b328]">&gt;&gt;</a>&nbsp;&nbsp;&nbsp;http_accept
<LI><a href="#[f8e808]">&gt;&gt;</a>&nbsp;&nbsp;&nbsp;dhcp_inform
<LI><a href="#[f8e850]">&gt;&gt;</a>&nbsp;&nbsp;&nbsp;dhcp_start
<LI><a href="#[f8f6f0]">&gt;&gt;</a>&nbsp;&nbsp;&nbsp;dhcp_unfold_reply
<LI><a href="#[fdf300]">&gt;&gt;</a>&nbsp;&nbsp;&nbsp;ethernetif_init
</UL>

<P><STRONG><a name="[f89498]"></a>memp_init</STRONG> (Thumb, 100 bytes, Stack size 20 bytes, memp.o(.text), UNUSED)
<BR><BR>[Called By]<UL><LI><a href="#[b5d2a0]">&gt;&gt;</a>&nbsp;&nbsp;&nbsp;lwip_init
</UL>

<P><STRONG><a name="[b57290]"></a>memp_malloc</STRONG> (Thumb, 78 bytes, Stack size 16 bytes, memp.o(.text))
<BR><BR>[Stack]<UL><LI>Max Depth = 24 + Unknown Stack Size
<LI>Call Chain = memp_malloc &rArr; sys_arch_unprotect &rArr; IntMasterEnable
</UL>
<BR>[Calls]<UL><LI><a href="#[b5d0f0]">&gt;&gt;</a>&nbsp;&nbsp;&nbsp;sys_arch_unprotect
<LI><a href="#[b5d138]">&gt;&gt;</a>&nbsp;&nbsp;&nbsp;sys_arch_protect
</UL>
<BR>[Called By]<UL><LI><a href="#[b54b48]">&gt;&gt;</a>&nbsp;&nbsp;&nbsp;pbuf_alloc
<LI><a href="#[b54e18]">&gt;&gt;</a>&nbsp;&nbsp;&nbsp;udp_new
<LI><a href="#[b57200]">&gt;&gt;</a>&nbsp;&nbsp;&nbsp;tcp_enqueue
<LI><a href="#[b57368]">&gt;&gt;</a>&nbsp;&nbsp;&nbsp;tcp_alloc
<LI><a href="#[b573b0]">&gt;&gt;</a>&nbsp;&nbsp;&nbsp;tcp_seg_copy
<LI><a href="#[b5a098]">&gt;&gt;</a>&nbsp;&nbsp;&nbsp;tcp_listen
<LI><a href="#[f83948]">&gt;&gt;</a>&nbsp;&nbsp;&nbsp;raw_new
</UL>

<P><STRONG><a name="[b572d8]"></a>memp_free</STRONG> (Thumb, 52 bytes, Stack size 16 bytes, memp.o(.text))
<BR><BR>[Stack]<UL><LI>Max Depth = 24 + Unknown Stack Size
<LI>Call Chain = memp_free &rArr; sys_arch_unprotect &rArr; IntMasterEnable
</UL>
<BR>[Calls]<UL><LI><a href="#[b5d0f0]">&gt;&gt;</a>&nbsp;&nbsp;&nbsp;sys_arch_unprotect
<LI><a href="#[b5d138]">&gt;&gt;</a>&nbsp;&nbsp;&nbsp;sys_arch_protect
</UL>
<BR>[Called By]<UL><LI><a href="#[b54e60]">&gt;&gt;</a>&nbsp;&nbsp;&nbsp;udp_remove
<LI><a href="#[b57200]">&gt;&gt;</a>&nbsp;&nbsp;&nbsp;tcp_enqueue
<LI><a href="#[b57518]">&gt;&gt;</a>&nbsp;&nbsp;&nbsp;tcp_slowtmr
<LI><a href="#[b57638]">&gt;&gt;</a>&nbsp;&nbsp;&nbsp;tcp_seg_free
<LI><a href="#[b5a098]">&gt;&gt;</a>&nbsp;&nbsp;&nbsp;tcp_listen
<LI><a href="#[b5a128]">&gt;&gt;</a>&nbsp;&nbsp;&nbsp;tcp_close
<LI><a href="#[b5a248]">&gt;&gt;</a>&nbsp;&nbsp;&nbsp;tcp_abort
<LI><a href="#[b5a2d8]">&gt;&gt;</a>&nbsp;&nbsp;&nbsp;pbuf_free
<LI><a href="#[f83990]">&gt;&gt;</a>&nbsp;&nbsp;&nbsp;raw_remove
<LI><a href="#[fef4f0]">&gt;&gt;</a>&nbsp;&nbsp;&nbsp;tcp_input
</UL>

<P><STRONG><a name="[f8e658]"></a>netif_set_gw</STRONG> (Thumb, 8 bytes, Stack size 0 bytes, netif.o(.text), UNUSED)
<BR><BR>[Calls]<UL><LI><a href="#[f8e658]">&gt;&gt;</a>&nbsp;&nbsp;&nbsp;netif_set_gw
</UL>
<BR>[Called By]<UL><LI><a href="#[b5d258]">&gt;&gt;</a>&nbsp;&nbsp;&nbsp;lwip_tick
<LI><a href="#[f87568]">&gt;&gt;</a>&nbsp;&nbsp;&nbsp;netif_set_addr
<LI><a href="#[f8e658]">&gt;&gt;</a>&nbsp;&nbsp;&nbsp;netif_set_gw
<LI><a href="#[f8e928]">&gt;&gt;</a>&nbsp;&nbsp;&nbsp;dhcp_release
<LI><a href="#[f8fa08]">&gt;&gt;</a>&nbsp;&nbsp;&nbsp;dhcp_bind
</UL>

<P><STRONG><a name="[f8e5c8]"></a>netif_set_netmask</STRONG> (Thumb, 8 bytes, Stack size 0 bytes, netif.o(.text), UNUSED)
<BR><BR>[Calls]<UL><LI><a href="#[f8e5c8]">&gt;&gt;</a>&nbsp;&nbsp;&nbsp;netif_set_netmask
</UL>
<BR>[Called By]<UL><LI><a href="#[b5d258]">&gt;&gt;</a>&nbsp;&nbsp;&nbsp;lwip_tick
<LI><a href="#[f87568]">&gt;&gt;</a>&nbsp;&nbsp;&nbsp;netif_set_addr
<LI><a href="#[f8e5c8]">&gt;&gt;</a>&nbsp;&nbsp;&nbsp;netif_set_netmask
<LI><a href="#[f8e928]">&gt;&gt;</a>&nbsp;&nbsp;&nbsp;dhcp_release
<LI><a href="#[f8fa08]">&gt;&gt;</a>&nbsp;&nbsp;&nbsp;dhcp_bind
</UL>

<P><STRONG><a name="[f8e610]"></a>netif_set_ipaddr</STRONG> (Thumb, 86 bytes, Stack size 16 bytes, netif.o(.text), UNUSED)
<BR><BR>[Calls]<UL><LI><a href="#[b5a248]">&gt;&gt;</a>&nbsp;&nbsp;&nbsp;tcp_abort
</UL>
<BR>[Called By]<UL><LI><a href="#[b5d258]">&gt;&gt;</a>&nbsp;&nbsp;&nbsp;lwip_tick
<LI><a href="#[f87568]">&gt;&gt;</a>&nbsp;&nbsp;&nbsp;netif_set_addr
<LI><a href="#[f8e928]">&gt;&gt;</a>&nbsp;&nbsp;&nbsp;dhcp_release
<LI><a href="#[f8fa08]">&gt;&gt;</a>&nbsp;&nbsp;&nbsp;dhcp_bind
</UL>

<P><STRONG><a name="[f87568]"></a>netif_set_addr</STRONG> (Thumb, 30 bytes, Stack size 16 bytes, netif.o(.text), UNUSED)
<BR><BR>[Calls]<UL><LI><a href="#[f8e5c8]">&gt;&gt;</a>&nbsp;&nbsp;&nbsp;netif_set_netmask
<LI><a href="#[f8e610]">&gt;&gt;</a>&nbsp;&nbsp;&nbsp;netif_set_ipaddr
<LI><a href="#[f8e658]">&gt;&gt;</a>&nbsp;&nbsp;&nbsp;netif_set_gw
</UL>
<BR>[Called By]<UL><LI><a href="#[f87520]">&gt;&gt;</a>&nbsp;&nbsp;&nbsp;netif_add
</UL>

<P><STRONG><a name="[f87520]"></a>netif_add</STRONG> (Thumb, 72 bytes, Stack size 24 bytes, netif.o(.text), UNUSED)
<BR><BR>[Calls]<UL><LI><a href="#[f87568]">&gt;&gt;</a>&nbsp;&nbsp;&nbsp;netif_set_addr
</UL>
<BR>[Called By]<UL><LI><a href="#[b5d2a0]">&gt;&gt;</a>&nbsp;&nbsp;&nbsp;lwip_init
</UL>

<P><STRONG><a name="[f874d8]"></a>netif_remove</STRONG> (Thumb, 52 bytes, Stack size 0 bytes, netif.o(.text), UNUSED)

<P><STRONG><a name="[f87490]"></a>netif_find</STRONG> (Thumb, 56 bytes, Stack size 8 bytes, netif.o(.text), UNUSED)

<P><STRONG><a name="[f87448]"></a>netif_set_default</STRONG> (Thumb, 6 bytes, Stack size 0 bytes, netif.o(.text), UNUSED)
<BR><BR>[Called By]<UL><LI><a href="#[b5d2a0]">&gt;&gt;</a>&nbsp;&nbsp;&nbsp;lwip_init
</UL>

<P><STRONG><a name="[f8e580]"></a>netif_set_up</STRONG> (Thumb, 12 bytes, Stack size 0 bytes, netif.o(.text), UNUSED)
<BR><BR>[Called By]<UL><LI><a href="#[b5d2a0]">&gt;&gt;</a>&nbsp;&nbsp;&nbsp;lwip_init
<LI><a href="#[f8fa08]">&gt;&gt;</a>&nbsp;&nbsp;&nbsp;dhcp_bind
</UL>

<P><STRONG><a name="[f87400]"></a>netif_is_up</STRONG> (Thumb, 10 bytes, Stack size 0 bytes, netif.o(.text))
<BR><BR>[Called By]<UL><LI><a href="#[fe6780]">&gt;&gt;</a>&nbsp;&nbsp;&nbsp;ip_input
</UL>

<P><STRONG><a name="[f8e6a0]"></a>netif_set_down</STRONG> (Thumb, 12 bytes, Stack size 0 bytes, netif.o(.text), UNUSED)
<BR><BR>[Called By]<UL><LI><a href="#[f8e928]">&gt;&gt;</a>&nbsp;&nbsp;&nbsp;dhcp_release
</UL>

<P><STRONG><a name="[f873b8]"></a>netif_init</STRONG> (Thumb, 10 bytes, Stack size 0 bytes, netif.o(.text), UNUSED)
<BR><BR>[Called By]<UL><LI><a href="#[b5d2a0]">&gt;&gt;</a>&nbsp;&nbsp;&nbsp;lwip_init
</UL>

<P><STRONG><a name="[f85cc8]"></a>pbuf_init</STRONG> (Thumb, 68 bytes, Stack size 12 bytes, pbuf.o(.text), UNUSED)
<BR><BR>[Called By]<UL><LI><a href="#[b5d2a0]">&gt;&gt;</a>&nbsp;&nbsp;&nbsp;lwip_init
</UL>

<P><STRONG><a name="[b5a2d8]"></a>pbuf_free</STRONG> (Thumb, 122 bytes, Stack size 24 bytes, pbuf.o(.text))
<BR><BR>[Stack]<UL><LI>Max Depth = 48 + Unknown Stack Size
<LI>Call Chain = pbuf_free &rArr; memp_free &rArr; sys_arch_unprotect &rArr; IntMasterEnable
</UL>
<BR>[Calls]<UL><LI><a href="#[b572d8]">&gt;&gt;</a>&nbsp;&nbsp;&nbsp;memp_free
<LI><a href="#[b5a368]">&gt;&gt;</a>&nbsp;&nbsp;&nbsp;mem_free
<LI><a href="#[b5d0f0]">&gt;&gt;</a>&nbsp;&nbsp;&nbsp;sys_arch_unprotect
<LI><a href="#[b5d138]">&gt;&gt;</a>&nbsp;&nbsp;&nbsp;sys_arch_protect
</UL>
<BR>[Called By]<UL><LI><a href="#[b54b48]">&gt;&gt;</a>&nbsp;&nbsp;&nbsp;pbuf_alloc
<LI><a href="#[b54d88]">&gt;&gt;</a>&nbsp;&nbsp;&nbsp;icmp_dest_unreach
<LI><a href="#[b54fc8]">&gt;&gt;</a>&nbsp;&nbsp;&nbsp;udp_send
<LI><a href="#[b55058]">&gt;&gt;</a>&nbsp;&nbsp;&nbsp;udp_input
<LI><a href="#[b57128]">&gt;&gt;</a>&nbsp;&nbsp;&nbsp;tcp_rst
<LI><a href="#[b571b8]">&gt;&gt;</a>&nbsp;&nbsp;&nbsp;tcp_keepalive
<LI><a href="#[b57200]">&gt;&gt;</a>&nbsp;&nbsp;&nbsp;tcp_enqueue
<LI><a href="#[b57638]">&gt;&gt;</a>&nbsp;&nbsp;&nbsp;tcp_seg_free
<LI><a href="#[b585b0]">&gt;&gt;</a>&nbsp;&nbsp;&nbsp;tcp_recv_null
<LI><a href="#[b5a008]">&gt;&gt;</a>&nbsp;&nbsp;&nbsp;tcp_output
<LI><a href="#[b5b370]">&gt;&gt;</a>&nbsp;&nbsp;&nbsp;http_recv
<LI><a href="#[f83a20]">&gt;&gt;</a>&nbsp;&nbsp;&nbsp;raw_sendto
<LI><a href="#[f85b18]">&gt;&gt;</a>&nbsp;&nbsp;&nbsp;pbuf_dechain
<LI><a href="#[f85b60]">&gt;&gt;</a>&nbsp;&nbsp;&nbsp;pbuf_take
<LI><a href="#[f8e538]">&gt;&gt;</a>&nbsp;&nbsp;&nbsp;pbuf_realloc
<LI><a href="#[f8e898]">&gt;&gt;</a>&nbsp;&nbsp;&nbsp;dhcp_stop
<LI><a href="#[f8f810]">&gt;&gt;</a>&nbsp;&nbsp;&nbsp;dhcp_delete_request
<LI><a href="#[f8f930]">&gt;&gt;</a>&nbsp;&nbsp;&nbsp;dhcp_recv
<LI><a href="#[fd7870]">&gt;&gt;</a>&nbsp;&nbsp;&nbsp;netShutdown
<LI><a href="#[fd7990]">&gt;&gt;</a>&nbsp;&nbsp;&nbsp;netRecvGeneral
<LI><a href="#[fd79d8]">&gt;&gt;</a>&nbsp;&nbsp;&nbsp;netRecvEvent
<LI><a href="#[fd7a20]">&gt;&gt;</a>&nbsp;&nbsp;&nbsp;netInit
<LI><a href="#[fdf390]">&gt;&gt;</a>&nbsp;&nbsp;&nbsp;ethernetif_dequeue
<LI><a href="#[fdf3d8]">&gt;&gt;</a>&nbsp;&nbsp;&nbsp;ethernetif_enqueue
<LI><a href="#[fdf420]">&gt;&gt;</a>&nbsp;&nbsp;&nbsp;ethernetif_input
<LI><a href="#[fe2c98]">&gt;&gt;</a>&nbsp;&nbsp;&nbsp;etharp_request
<LI><a href="#[fe2ce0]">&gt;&gt;</a>&nbsp;&nbsp;&nbsp;etharp_arp_input
<LI><a href="#[fe2db8]">&gt;&gt;</a>&nbsp;&nbsp;&nbsp;etharp_tmr
<LI><a href="#[fe3af0]">&gt;&gt;</a>&nbsp;&nbsp;&nbsp;update_arp_entry
<LI><a href="#[fe3b38]">&gt;&gt;</a>&nbsp;&nbsp;&nbsp;find_entry
<LI><a href="#[fe6780]">&gt;&gt;</a>&nbsp;&nbsp;&nbsp;ip_input
<LI><a href="#[fe9328]">&gt;&gt;</a>&nbsp;&nbsp;&nbsp;icmp_input
<LI><a href="#[fef4f0]">&gt;&gt;</a>&nbsp;&nbsp;&nbsp;tcp_input
</UL>

<P><STRONG><a name="[b54b48]"></a>pbuf_alloc</STRONG> (Thumb, 292 bytes, Stack size 32 bytes, pbuf.o(.text))
<BR><BR>[Stack]<UL><LI>Max Depth = 80 + Unknown Stack Size
<LI>Call Chain = pbuf_alloc &rArr; pbuf_free &rArr; memp_free &rArr; sys_arch_unprotect &rArr; IntMasterEnable
</UL>
<BR>[Calls]<UL><LI><a href="#[b57290]">&gt;&gt;</a>&nbsp;&nbsp;&nbsp;memp_malloc
<LI><a href="#[b5a2d8]">&gt;&gt;</a>&nbsp;&nbsp;&nbsp;pbuf_free
<LI><a href="#[b5a320]">&gt;&gt;</a>&nbsp;&nbsp;&nbsp;mem_malloc
<LI><a href="#[f865c8]">&gt;&gt;</a>&nbsp;&nbsp;&nbsp;pbuf_pool_alloc
</UL>
<BR>[Called By]<UL><LI><a href="#[b54d88]">&gt;&gt;</a>&nbsp;&nbsp;&nbsp;icmp_dest_unreach
<LI><a href="#[b54fc8]">&gt;&gt;</a>&nbsp;&nbsp;&nbsp;udp_send
<LI><a href="#[b57128]">&gt;&gt;</a>&nbsp;&nbsp;&nbsp;tcp_rst
<LI><a href="#[b571b8]">&gt;&gt;</a>&nbsp;&nbsp;&nbsp;tcp_keepalive
<LI><a href="#[b57200]">&gt;&gt;</a>&nbsp;&nbsp;&nbsp;tcp_enqueue
<LI><a href="#[b5a008]">&gt;&gt;</a>&nbsp;&nbsp;&nbsp;tcp_output
<LI><a href="#[f83a20]">&gt;&gt;</a>&nbsp;&nbsp;&nbsp;raw_sendto
<LI><a href="#[f85b60]">&gt;&gt;</a>&nbsp;&nbsp;&nbsp;pbuf_take
<LI><a href="#[f8fb28]">&gt;&gt;</a>&nbsp;&nbsp;&nbsp;dhcp_create_request
<LI><a href="#[fd7a20]">&gt;&gt;</a>&nbsp;&nbsp;&nbsp;netInit
<LI><a href="#[fdf4b0]">&gt;&gt;</a>&nbsp;&nbsp;&nbsp;low_level_input
<LI><a href="#[fe2c98]">&gt;&gt;</a>&nbsp;&nbsp;&nbsp;etharp_request
</UL>

<P><STRONG><a name="[f8e538]"></a>pbuf_realloc</STRONG> (Thumb, 80 bytes, Stack size 16 bytes, pbuf.o(.text))
<BR><BR>[Stack]<UL><LI>Max Depth = 64 + Unknown Stack Size
<LI>Call Chain = pbuf_realloc &rArr; pbuf_free &rArr; memp_free &rArr; sys_arch_unprotect &rArr; IntMasterEnable
</UL>
<BR>[Calls]<UL><LI><a href="#[b5a2d8]">&gt;&gt;</a>&nbsp;&nbsp;&nbsp;pbuf_free
<LI><a href="#[f8baa0]">&gt;&gt;</a>&nbsp;&nbsp;&nbsp;mem_realloc
</UL>
<BR>[Called By]<UL><LI><a href="#[f80480]">&gt;&gt;</a>&nbsp;&nbsp;&nbsp;tcp_receive
<LI><a href="#[f8e808]">&gt;&gt;</a>&nbsp;&nbsp;&nbsp;dhcp_inform
<LI><a href="#[f8e928]">&gt;&gt;</a>&nbsp;&nbsp;&nbsp;dhcp_release
[...]
</UL>
<BR>[Called By]<UL><LI><a href="#[f8f6a8]">&gt;&gt;</a>&nbsp;&nbsp;&nbsp;dhcp_timeout
<LI><a href="#[f8f930]">&gt;&gt;</a>&nbsp;&nbsp;&nbsp;dhcp_recv
</UL>

<P><STRONG><a name="[f8f9c0]"></a>dhcp_handle_ack</STRONG> (Thumb, 220 bytes, Stack size 16 bytes, dhcp.o(.text), UNUSED)
<BR><BR>[Calls]<UL><LI><a href="#[b57320]">&gt;&gt;</a>&nbsp;&nbsp;&nbsp;htonl
<LI><a href="#[f8f738]">&gt;&gt;</a>&nbsp;&nbsp;&nbsp;dhcp_get_option_long
<LI><a href="#[f8fa98]">&gt;&gt;</a>&nbsp;&nbsp;&nbsp;dhcp_get_option_ptr
</UL>
<BR>[Called By]<UL><LI><a href="#[f8f930]">&gt;&gt;</a>&nbsp;&nbsp;&nbsp;dhcp_recv
</UL>

<P><STRONG><a name="[f8f978]"></a>dhcp_free_reply</STRONG> (Thumb, 32 bytes, Stack size 16 bytes, dhcp.o(.text), UNUSED)
<BR><BR>[Calls]<UL><LI><a href="#[b5a368]">&gt;&gt;</a>&nbsp;&nbsp;&nbsp;mem_free
</UL>
<BR>[Called By]<UL><LI><a href="#[f8e898]">&gt;&gt;</a>&nbsp;&nbsp;&nbsp;dhcp_stop
<LI><a href="#[f8f6f0]">&gt;&gt;</a>&nbsp;&nbsp;&nbsp;dhcp_unfold_reply
</UL>

<P><STRONG><a name="[f8f930]"></a>dhcp_recv</STRONG> (Thumb, 256 bytes, Stack size 24 bytes, dhcp.o(.text), UNUSED)
<BR><BR>[Calls]<UL><LI><a href="#[b54bd8]">&gt;&gt;</a>&nbsp;&nbsp;&nbsp;ntohl
<LI><a href="#[b57320]">&gt;&gt;</a>&nbsp;&nbsp;&nbsp;htonl
<LI><a href="#[b5a2d8]">&gt;&gt;</a>&nbsp;&nbsp;&nbsp;pbuf_free
<LI><a href="#[f8f6f0]">&gt;&gt;</a>&nbsp;&nbsp;&nbsp;dhcp_unfold_reply
<LI><a href="#[f8f738]">&gt;&gt;</a>&nbsp;&nbsp;&nbsp;dhcp_get_option_long
<LI><a href="#[f8f858]">&gt;&gt;</a>&nbsp;&nbsp;&nbsp;dhcp_set_state
<LI><a href="#[f8f9c0]">&gt;&gt;</a>&nbsp;&nbsp;&nbsp;dhcp_handle_ack
<LI><a href="#[f8fa08]">&gt;&gt;</a>&nbsp;&nbsp;&nbsp;dhcp_bind
<LI><a href="#[f8fa98]">&gt;&gt;</a>&nbsp;&nbsp;&nbsp;dhcp_get_option_ptr
<LI><a href="#[f8fae0]">&gt;&gt;</a>&nbsp;&nbsp;&nbsp;dhcp_select
<LI><a href="#[f8fc48]">&gt;&gt;</a>&nbsp;&nbsp;&nbsp;dhcp_check
</UL>

<P><STRONG><a name="[f8f8e8]"></a>dhcp_discover</STRONG> (Thumb, 224 bytes, Stack size 16 bytes, dhcp.o(.text), UNUSED)
<BR><BR>[Calls]<UL><LI><a href="#[b54ea8]">&gt;&gt;</a>&nbsp;&nbsp;&nbsp;udp_recv
<LI><a href="#[b54f38]">&gt;&gt;</a>&nbsp;&nbsp;&nbsp;udp_connect
<LI><a href="#[b54f80]">&gt;&gt;</a>&nbsp;&nbsp;&nbsp;udp_sendto
<LI><a href="#[b55010]">&gt;&gt;</a>&nbsp;&nbsp;&nbsp;udp_bind
<LI><a href="#[f8e538]">&gt;&gt;</a>&nbsp;&nbsp;&nbsp;pbuf_realloc
<LI><a href="#[f8f780]">&gt;&gt;</a>&nbsp;&nbsp;&nbsp;dhcp_option
<LI><a href="#[f8f7c8]">&gt;&gt;</a>&nbsp;&nbsp;&nbsp;dhcp_option_byte
<LI><a href="#[f8f810]">&gt;&gt;</a>&nbsp;&nbsp;&nbsp;dhcp_delete_request
<LI><a href="#[f8f858]">&gt;&gt;</a>&nbsp;&nbsp;&nbsp;dhcp_set_state
<LI><a href="#[f8fb28]">&gt;&gt;</a>&nbsp;&nbsp;&nbsp;dhcp_create_request
<LI><a href="#[f8fb70]">&gt;&gt;</a>&nbsp;&nbsp;&nbsp;dhcp_option_short
<LI><a href="#[f8fc00]">&gt;&gt;</a>&nbsp;&nbsp;&nbsp;dhcp_option_trailer
</UL>
<BR>[Called By]<UL><LI><a href="#[f8e850]">&gt;&gt;</a>&nbsp;&nbsp;&nbsp;dhcp_start
<LI><a href="#[f8f6a8]">&gt;&gt;</a>&nbsp;&nbsp;&nbsp;dhcp_timeout
</UL>

<P><STRONG><a name="[f8f8a0]"></a>dhcp_decline</STRONG> (Thumb, 156 bytes, Stack size 16 bytes, dhcp.o(.text), UNUSED)
<BR><BR>[Calls]<UL><LI><a href="#[b54bd8]">&gt;&gt;</a>&nbsp;&nbsp;&nbsp;ntohl
<LI><a href="#[b54f38]">&gt;&gt;</a>&nbsp;&nbsp;&nbsp;udp_connect
<LI><a href="#[b54f80]">&gt;&gt;</a>&nbsp;&nbsp;&nbsp;udp_sendto
<LI><a href="#[b55010]">&gt;&gt;</a>&nbsp;&nbsp;&nbsp;udp_bind
<LI><a href="#[f8e538]">&gt;&gt;</a>&nbsp;&nbsp;&nbsp;pbuf_realloc
<LI><a href="#[f8f780]">&gt;&gt;</a>&nbsp;&nbsp;&nbsp;dhcp_option
<LI><a href="#[f8f7c8]">&gt;&gt;</a>&nbsp;&nbsp;&nbsp;dhcp_option_byte
<LI><a href="#[f8f810]">&gt;&gt;</a>&nbsp;&nbsp;&nbsp;dhcp_delete_request
<LI><a href="#[f8f858]">&gt;&gt;</a>&nbsp;&nbsp;&nbsp;dhcp_set_state
<LI><a href="#[f8fb28]">&gt;&gt;</a>&nbsp;&nbsp;&nbsp;dhcp_create_request
<LI><a href="#[f8fb70]">&gt;&gt;</a>&nbsp;&nbsp;&nbsp;dhcp_option_short
<LI><a href="#[f8fbb8]">&gt;&gt;</a>&nbsp;&nbsp;&nbsp;dhcp_option_long
<LI><a href="#[f8fc00]">&gt;&gt;</a>&nbsp;&nbsp;&nbsp;dhcp_option_trailer
</UL>
<BR>[Called By]<UL><LI><a href="#[f8e7c0]">&gt;&gt;</a>&nbsp;&nbsp;&nbsp;dhcp_arp_reply
</UL>

<P><STRONG><a name="[f8f858]"></a>dhcp_set_state</STRONG> (Thumb, 14 bytes, Stack size 0 bytes, dhcp.o(.text), UNUSED)
<BR><BR>[Called By]<UL><LI><a href="#[f8e928]">&gt;&gt;</a>&nbsp;&nbsp;&nbsp;dhcp_release
<LI><a href="#[f8e9b8]">&gt;&gt;</a>&nbsp;&nbsp;&nbsp;dhcp_renew
<LI><a href="#[f8f8a0]">&gt;&gt;</a>&nbsp;&nbsp;&nbsp;dhcp_decline
<LI><a href="#[f8f8e8]">&gt;&gt;</a>&nbsp;&nbsp;&nbsp;dhcp_discover
<LI><a href="#[f8f930]">&gt;&gt;</a>&nbsp;&nbsp;&nbsp;dhcp_recv
<LI><a href="#[f8fa08]">&gt;&gt;</a>&nbsp;&nbsp;&nbsp;dhcp_bind
<LI><a href="#[f8fa50]">&gt;&gt;</a>&nbsp;&nbsp;&nbsp;dhcp_rebind
<LI><a href="#[f8fae0]">&gt;&gt;</a>&nbsp;&nbsp;&nbsp;dhcp_select
<LI><a href="#[f8fc48]">&gt;&gt;</a>&nbsp;&nbsp;&nbsp;dhcp_check
</UL>

<P><STRONG><a name="[f8f810]"></a>dhcp_delete_request</STRONG> (Thumb, 18 bytes, Stack size 8 bytes, dhcp.o(.text), UNUSED)
<BR><BR>[Calls]<UL><LI><a href="#[b5a2d8]">&gt;&gt;</a>&nbsp;&nbsp;&nbsp;pbuf_free
</UL>
<BR>[Called By]<UL><LI><a href="#[f8e808]">&gt;&gt;</a>&nbsp;&nbsp;&nbsp;dhcp_inform
<LI><a href="#[f8e928]">&gt;&gt;</a>&nbsp;&nbsp;&nbsp;dhcp_release
<LI><a href="#[f8e9b8]">&gt;&gt;</a>&nbsp;&nbsp;&nbsp;dhcp_renew
<LI><a href="#[f8f8a0]">&gt;&gt;</a>&nbsp;&nbsp;&nbsp;dhcp_decline
<LI><a href="#[f8f8e8]">&gt;&gt;</a>&nbsp;&nbsp;&nbsp;dhcp_discover
<LI><a href="#[f8fa50]">&gt;&gt;</a>&nbsp;&nbsp;&nbsp;dhcp_rebind
<LI><a href="#[f8fae0]">&gt;&gt;</a>&nbsp;&nbsp;&nbsp;dhcp_select
</UL>

<P><STRONG><a name="[f8f7c8]"></a>dhcp_option_byte</STRONG> (Thumb, 16 bytes, Stack size 0 bytes, dhcp.o(.text), UNUSED)
<BR><BR>[Called By]<UL><LI><a href="#[f8e808]">&gt;&gt;</a>&nbsp;&nbsp;&nbsp;dhcp_inform
<LI><a href="#[f8e928]">&gt;&gt;</a>&nbsp;&nbsp;&nbsp;dhcp_release
<LI><a href="#[f8e9b8]">&gt;&gt;</a>&nbsp;&nbsp;&nbsp;dhcp_renew
<LI><a href="#[f8f8a0]">&gt;&gt;</a>&nbsp;&nbsp;&nbsp;dhcp_decline
<LI><a href="#[f8f8e8]">&gt;&gt;</a>&nbsp;&nbsp;&nbsp;dhcp_discover
<LI><a href="#[f8fa50]">&gt;&gt;</a>&nbsp;&nbsp;&nbsp;dhcp_rebind
<LI><a href="#[f8fae0]">&gt;&gt;</a>&nbsp;&nbsp;&nbsp;dhcp_select
</UL>

<P><STRONG><a name="[f8f780]"></a>dhcp_option</STRONG> (Thumb, 32 bytes, Stack size 8 bytes, dhcp.o(.text), UNUSED)
<BR><BR>[Called By]<UL><LI><a href="#[f8e808]">&gt;&gt;</a>&nbsp;&nbsp;&nbsp;dhcp_inform
<LI><a href="#[f8e928]">&gt;&gt;</a>&nbsp;&nbsp;&nbsp;dhcp_release
<LI><a href="#[f8e9b8]">&gt;&gt;</a>&nbsp;&nbsp;&nbsp;dhcp_renew
<LI><a href="#[f8f8a0]">&gt;&gt;</a>&nbsp;&nbsp;&nbsp;dhcp_decline
<LI><a href="#[f8f8e8]">&gt;&gt;</a>&nbsp;&nbsp;&nbsp;dhcp_discover
<LI><a href="#[f8fa50]">&gt;&gt;</a>&nbsp;&nbsp;&nbsp;dhcp_rebind
<LI><a href="#[f8fae0]">&gt;&gt;</a>&nbsp;&nbsp;&nbsp;dhcp_select
</UL>

<P><STRONG><a name="[f8f738]"></a>dhcp_get_option_long</STRONG> (Thumb, 22 bytes, Stack size 0 bytes, dhcp.o(.text), UNUSED)
<BR><BR>[Called By]<UL><LI><a href="#[f8f930]">&gt;&gt;</a>&nbsp;&nbsp;&nbsp;dhcp_recv
<LI><a href="#[f8f9c0]">&gt;&gt;</a>&nbsp;&nbsp;&nbsp;dhcp_handle_ack
</UL>

<P><STRONG><a name="[f8f6f0]"></a>dhcp_unfold_reply</STRONG> (Thumb, 140 bytes, Stack size 24 bytes, dhcp.o(.text), UNUSED)
<BR><BR>[Calls]<UL><LI><a href="#[b5a320]">&gt;&gt;</a>&nbsp;&nbsp;&nbsp;mem_malloc
<LI><a href="#[b5a368]">&gt;&gt;</a>&nbsp;&nbsp;&nbsp;mem_free
<LI><a href="#[f8f978]">&gt;&gt;</a>&nbsp;&nbsp;&nbsp;dhcp_free_reply
</UL>
<BR>[Called By]<UL><LI><a href="#[f8f930]">&gt;&gt;</a>&nbsp;&nbsp;&nbsp;dhcp_recv
</UL>

<P><STRONG><a name="[f8f6a8]"></a>dhcp_timeout</STRONG> (Thumb, 114 bytes, Stack size 8 bytes, dhcp.o(.text), UNUSED)
<BR><BR>[Calls]<UL><LI><a href="#[f8e928]">&gt;&gt;</a>&nbsp;&nbsp;&nbsp;dhcp_release
<LI><a href="#[f8e9b8]">&gt;&gt;</a>&nbsp;&nbsp;&nbsp;dhcp_renew
<LI><a href="#[f8f8e8]">&gt;&gt;</a>&nbsp;&nbsp;&nbsp;dhcp_discover
<LI><a href="#[f8fa08]">&gt;&gt;</a>&nbsp;&nbsp;&nbsp;dhcp_bind
<LI><a href="#[f8fa50]">&gt;&gt;</a>&nbsp;&nbsp;&nbsp;dhcp_rebind
<LI><a href="#[f8fae0]">&gt;&gt;</a>&nbsp;&nbsp;&nbsp;dhcp_select
<LI><a href="#[f8fc48]">&gt;&gt;</a>&nbsp;&nbsp;&nbsp;dhcp_check
</UL>
<BR>[Called By]<UL><LI><a href="#[f8e8e0]">&gt;&gt;</a>&nbsp;&nbsp;&nbsp;dhcp_fine_tmr
</UL>

<P><STRONG><a name="[f8d920]"></a>lwip_standard_chksum</STRONG> (Thumb, 58 bytes, Stack size 8 bytes, inet.o(.text))
<BR><BR>[Stack]<UL><LI>Max Depth = 8<LI>Call Chain = lwip_standard_chksum
</UL>
<BR>[Called By]<UL><LI><a href="#[b54d40]">&gt;&gt;</a>&nbsp;&nbsp;&nbsp;inet_chksum_pseudo
<LI><a href="#[f8d188]">&gt;&gt;</a>&nbsp;&nbsp;&nbsp;inet_chksum_pbuf
<LI><a href="#[f8d1d0]">&gt;&gt;</a>&nbsp;&nbsp;&nbsp;inet_chksum
</UL>

<P><STRONG><a name="[f8c2c8]"></a>plug_holes</STRONG> (Thumb, 78 bytes, Stack size 12 bytes, mem.o(.text))
<BR><BR>[Stack]<UL><LI>Max Depth = 12<LI>Call Chain = plug_holes
</UL>
<BR>[Called By]<UL><LI><a href="#[b5a368]">&gt;&gt;</a>&nbsp;&nbsp;&nbsp;mem_free
<LI><a href="#[f8baa0]">&gt;&gt;</a>&nbsp;&nbsp;&nbsp;mem_realloc
</UL>

<P><STRONG><a name="[f865c8]"></a>pbuf_pool_alloc</STRONG> (Thumb, 48 bytes, Stack size 8 bytes, pbuf.o(.text))
<BR><BR>[Stack]<UL><LI>Max Depth = 16 + Unknown Stack Size
<LI>Call Chain = pbuf_pool_alloc &rArr; sys_arch_unprotect &rArr; IntMasterEnable
</UL>
<BR>[Calls]<UL><LI><a href="#[b5d0f0]">&gt;&gt;</a>&nbsp;&nbsp;&nbsp;sys_arch_unprotect
<LI><a href="#[b5d138]">&gt;&gt;</a>&nbsp;&nbsp;&nbsp;sys_arch_protect
</UL>
<BR>[Called By]<UL><LI><a href="#[b54b48]">&gt;&gt;</a>&nbsp;&nbsp;&nbsp;pbuf_alloc
</UL>

<P><STRONG><a name="[f80480]"></a>tcp_receive</STRONG> (Thumb, 1430 bytes, Stack size 32 bytes, tcp_in.o(.text))
<BR><BR>[Stack]<UL><LI>Max Depth = 196 + Unknown Stack Size
<LI>Call Chain = tcp_receive &rArr; tcp_rexmit &rArr; tcp_output &rArr; tcp_output_segment &rArr; ip_output &rArr; ip_output_if &rArr; inet_chksum &rArr; lwip_standard_chksum
</UL>
<BR>[Calls]<UL><LI><a href="#[b54ab8]">&gt;&gt;</a>&nbsp;&nbsp;&nbsp;pbuf_header
<LI><a href="#[b54b90]">&gt;&gt;</a>&nbsp;&nbsp;&nbsp;ntohs
<LI><a href="#[b54bd8]">&gt;&gt;</a>&nbsp;&nbsp;&nbsp;ntohl
<LI><a href="#[b57320]">&gt;&gt;</a>&nbsp;&nbsp;&nbsp;htonl
<LI><a href="#[b573b0]">&gt;&gt;</a>&nbsp;&nbsp;&nbsp;tcp_seg_copy
<LI><a href="#[b57638]">&gt;&gt;</a>&nbsp;&nbsp;&nbsp;tcp_seg_free
<LI><a href="#[b5a008]">&gt;&gt;</a>&nbsp;&nbsp;&nbsp;tcp_output
<LI><a href="#[f85c38]">&gt;&gt;</a>&nbsp;&nbsp;&nbsp;pbuf_cat
<LI><a href="#[f85c80]">&gt;&gt;</a>&nbsp;&nbsp;&nbsp;pbuf_clen
<LI><a href="#[f8e538]">&gt;&gt;</a>&nbsp;&nbsp;&nbsp;pbuf_realloc
<LI><a href="#[fef4a8]">&gt;&gt;</a>&nbsp;&nbsp;&nbsp;tcp_rexmit
</UL>
<BR>[Called By]<UL><LI><a href="#[f803f0]">&gt;&gt;</a>&nbsp;&nbsp;&nbsp;tcp_process
</UL>

<P><STRONG><a name="[f80438]"></a>tcp_parseopt</STRONG> (Thumb, 118 bytes, Stack size 24 bytes, tcp_in.o(.text))
<BR><BR>[Stack]<UL><LI>Max Depth = 24<LI>Call Chain = tcp_parseopt
</UL>
<BR>[Calls]<UL><LI><a href="#[b54b90]">&gt;&gt;</a>&nbsp;&nbsp;&nbsp;ntohs
</UL>
<BR>[Called By]<UL><LI><a href="#[f803a8]">&gt;&gt;</a>&nbsp;&nbsp;&nbsp;tcp_listen_input
<LI><a href="#[f803f0]">&gt;&gt;</a>&nbsp;&nbsp;&nbsp;tcp_process
</UL>

<P><STRONG><a name="[f803f0]"></a>tcp_process</STRONG> (Thumb, 794 bytes, Stack size 48 bytes, tcp_in.o(.text))
<BR><BR>[Stack]<UL><LI>Max Depth = 268 + Unknown Stack Size
<LI>Call Chain = tcp_process &rArr; tcp_abort &rArr; tcp_pcb_remove &rArr; tcp_output &rArr; tcp_output_segment &rArr; ip_output &rArr; ip_output_if &rArr; inet_chksum &rArr; lwip_standard_chksum
</UL>
<BR>[Calls]<UL><LI><a href="#[b54bd8]">&gt;&gt;</a>&nbsp;&nbsp;&nbsp;ntohl
<LI><a href="#[b57128]">&gt;&gt;</a>&nbsp;&nbsp;&nbsp;tcp_rst
<LI><a href="#[b575a8]">&gt;&gt;</a>&nbsp;&nbsp;&nbsp;tcp_pcb_purge
<LI><a href="#[b57638]">&gt;&gt;</a>&nbsp;&nbsp;&nbsp;tcp_seg_free
<LI><a href="#[b5a008]">&gt;&gt;</a>&nbsp;&nbsp;&nbsp;tcp_output
<LI><a href="#[b5a248]">&gt;&gt;</a>&nbsp;&nbsp;&nbsp;tcp_abort
<LI><a href="#[f80438]">&gt;&gt;</a>&nbsp;&nbsp;&nbsp;tcp_parseopt
<LI><a href="#[f80480]">&gt;&gt;</a>&nbsp;&nbsp;&nbsp;tcp_receive
</UL>
<BR>[Called By]<UL><LI><a href="#[fef4f0]">&gt;&gt;</a>&nbsp;&nbsp;&nbsp;tcp_input
</UL>

<P><STRONG><a name="[f803a8]"></a>tcp_listen_input</STRONG> (Thumb, 212 bytes, Stack size 32 bytes, tcp_in.o(.text))
<BR><BR>[Stack]<UL><LI>Max Depth = 276 + Unknown Stack Size
<LI>Call Chain = tcp_listen_input &rArr; tcp_alloc &rArr; tcp_abort &rArr; tcp_pcb_remove &rArr; tcp_output &rArr; tcp_output_segment &rArr; ip_output &rArr; ip_output_if &rArr; inet_chksum &rArr; lwip_standard_chksum
</UL>
<BR>[Calls]<UL><LI><a href="#[b57128]">&gt;&gt;</a>&nbsp;&nbsp;&nbsp;tcp_rst
<LI><a href="#[b57200]">&gt;&gt;</a>&nbsp;&nbsp;&nbsp;tcp_enqueue
<LI><a href="#[b57320]">&gt;&gt;</a>&nbsp;&nbsp;&nbsp;htonl
<LI><a href="#[b57368]">&gt;&gt;</a>&nbsp;&nbsp;&nbsp;tcp_alloc
<LI><a href="#[b5a008]">&gt;&gt;</a>&nbsp;&nbsp;&nbsp;tcp_output
<LI><a href="#[f80438]">&gt;&gt;</a>&nbsp;&nbsp;&nbsp;tcp_parseopt
</UL>
<BR>[Called By]<UL><LI><a href="#[fef4f0]">&gt;&gt;</a>&nbsp;&nbsp;&nbsp;tcp_input
</UL>

<P><STRONG><a name="[fee128]"></a>tcp_output_segment</STRONG> (Thumb, 174 bytes, Stack size 24 bytes, tcp_out.o(.text))
<BR><BR>[Stack]<UL><LI>Max Depth = 116<LI>Call Chain = tcp_output_segment &rArr; ip_output &rArr; ip_output_if &rArr; inet_chksum &rArr; lwip_standard_chksum
</UL>
<BR>[Calls]<UL><LI><a href="#[b54bd8]">&gt;&gt;</a>&nbsp;&nbsp;&nbsp;ntohl
<LI><a href="#[b54c68]">&gt;&gt;</a>&nbsp;&nbsp;&nbsp;ip_route
<LI><a href="#[b54d40]">&gt;&gt;</a>&nbsp;&nbsp;&nbsp;inet_chksum_pseudo
<LI><a href="#[b54dd0]">&gt;&gt;</a>&nbsp;&nbsp;&nbsp;htons
<LI><a href="#[b57320]">&gt;&gt;</a>&nbsp;&nbsp;&nbsp;htonl
<LI><a href="#[fed318]">&gt;&gt;</a>&nbsp;&nbsp;&nbsp;ip_output
</UL>
<BR>[Called By]<UL><LI><a href="#[b5a008]">&gt;&gt;</a>&nbsp;&nbsp;&nbsp;tcp_output
</UL>

<P><STRONG><a name="[fe3b38]"></a>find_entry</STRONG> (Thumb, 242 bytes, Stack size 48 bytes, etharp.o(.text), UNUSED)
<BR><BR>[Calls]<UL><LI><a href="#[b5a2d8]">&gt;&gt;</a>&nbsp;&nbsp;&nbsp;pbuf_free
</UL>
<BR>[Called By]<UL><LI><a href="#[f8e778]">&gt;&gt;</a>&nbsp;&nbsp;&nbsp;etharp_query
<LI><a href="#[fe3af0]">&gt;&gt;</a>&nbsp;&nbsp;&nbsp;update_arp_entry
</UL>

<P><STRONG><a name="[fe3af0]"></a>update_arp_entry</STRONG> (Thumb, 194 bytes, Stack size 32 bytes, etharp.o(.text), UNUSED)
<BR><BR>[Calls]<UL><LI><a href="#[b54bd8]">&gt;&gt;</a>&nbsp;&nbsp;&nbsp;ntohl
<LI><a href="#[b54cf8]">&gt;&gt;</a>&nbsp;&nbsp;&nbsp;ip_addr_isbroadcast
<LI><a href="#[b54dd0]">&gt;&gt;</a>&nbsp;&nbsp;&nbsp;htons
<LI><a href="#[b5a2d8]">&gt;&gt;</a>&nbsp;&nbsp;&nbsp;pbuf_free
<LI><a href="#[f85ba8]">&gt;&gt;</a>&nbsp;&nbsp;&nbsp;pbuf_dequeue
<LI><a href="#[fe3b38]">&gt;&gt;</a>&nbsp;&nbsp;&nbsp;find_entry
</UL>
<BR>[Called By]<UL><LI><a href="#[fe2ce0]">&gt;&gt;</a>&nbsp;&nbsp;&nbsp;etharp_arp_input
<LI><a href="#[fe2d28]">&gt;&gt;</a>&nbsp;&nbsp;&nbsp;etharp_ip_input
</UL>

<P><STRONG><a name="[fe0d50]"></a>enqueue_frame</STRONG> (Thumb, 72 bytes, Stack size 8 bytes, luminaryif.o(.text), UNUSED)
<BR><BR>[Calls]<UL><LI><a href="#[b5d0f0]">&gt;&gt;</a>&nbsp;&nbsp;&nbsp;sys_arch_unprotect
<LI><a href="#[b5d138]">&gt;&gt;</a>&nbsp;&nbsp;&nbsp;sys_arch_protect
</UL>
<BR>[Called By]<UL><LI><a href="#[fdf3d8]">&gt;&gt;</a>&nbsp;&nbsp;&nbsp;ethernetif_enqueue
</UL>

<P><STRONG><a name="[fdaeb0]"></a>lwip_display_address</STRONG> (Thumb, 52 bytes, Stack size 48 bytes, enet_lwip.o(.text), UNUSED)
<BR><BR>[Calls]<UL><LI><a href="#[b5dd50]">&gt;&gt;</a>&nbsp;&nbsp;&nbsp;RIT128x96x4StringDraw
<LI><a href="#[fdd208]">&gt;&gt;</a>&nbsp;&nbsp;&nbsp;usprintf
</UL>
<BR>[Called By]<UL><LI><a href="#[b5d258]">&gt;&gt;</a>&nbsp;&nbsp;&nbsp;lwip_tick
</UL>

<P><STRONG><a name="[fd4140]"></a>eventRecv</STRONG> (Thumb, 8 bytes, Stack size 0 bytes, ptpd_net.o(.text), UNUSED)
<BR><BR>[Calls]<UL><LI><a href="#[fd4068]">&gt;&gt;</a>&nbsp;&nbsp;&nbsp;netQPut
</UL>

<P><STRONG><a name="[fd40f8]"></a>generalRecv</STRONG> (Thumb, 8 bytes, Stack size 0 bytes, ptpd_net.o(.text), UNUSED)
<BR><BR>[Calls]<UL><LI><a href="#[fd4068]">&gt;&gt;</a>&nbsp;&nbsp;&nbsp;netQPut
</UL>

<P><STRONG><a name="[fd40b0]"></a>netQInit</STRONG> (Thumb, 10 bytes, Stack size 0 bytes, ptpd_net.o(.text), UNUSED)
<BR><BR>[Called By]<UL><LI><a href="#[fd7a20]">&gt;&gt;</a>&nbsp;&nbsp;&nbsp;netInit
</UL>

<P><STRONG><a name="[fd4068]"></a>netQPut</STRONG> (Thumb, 44 bytes, Stack size 0 bytes, ptpd_net.o(.text), UNUSED)
<BR><BR>[Called By]<UL><LI><a href="#[fd40f8]">&gt;&gt;</a>&nbsp;&nbsp;&nbsp;generalRecv
<LI><a href="#[fd4140]">&gt;&gt;</a>&nbsp;&nbsp;&nbsp;eventRecv
</UL>

<P><STRONG><a name="[fd4020]"></a>netQCheck</STRONG> (Thumb, 10 bytes, Stack size 0 bytes, ptpd_net.o(.text), UNUSED)
<BR><BR>[Called By]<UL><LI><a href="#[fd7948]">&gt;&gt;</a>&nbsp;&nbsp;&nbsp;netSelect
</UL>

<P><STRONG><a name="[104dd88]"></a>RITWriteCommand</STRONG> (Thumb, 54 bytes, Stack size 16 bytes, rit128x96x4.o(.text))
<BR><BR>[Stack]<UL><LI>Max Depth = 16<LI>Call Chain = RITWriteCommand
</UL>
<BR>[Calls]<UL><LI><a href="#[10fb260]">&gt;&gt;</a>&nbsp;&nbsp;&nbsp;SSIDataPut
<LI><a href="#[10fb2f0]">&gt;&gt;</a>&nbsp;&nbsp;&nbsp;SSIDataGet
<LI><a href="#[1103728]">&gt;&gt;</a>&nbsp;&nbsp;&nbsp;GPIOPinWrite
</UL>
<BR>[Called By]<UL><LI><a href="#[b5dd50]">&gt;&gt;</a>&nbsp;&nbsp;&nbsp;RIT128x96x4StringDraw
<LI><a href="#[b5dd98]">&gt;&gt;</a>&nbsp;&nbsp;&nbsp;RIT128x96x4Init
<LI><a href="#[b5dde0]">&gt;&gt;</a>&nbsp;&nbsp;&nbsp;RIT128x96x4Clear
<LI><a href="#[104d5f0]">&gt;&gt;</a>&nbsp;&nbsp;&nbsp;RIT128x96x4DisplayOff
<LI><a href="#[104d638]">&gt;&gt;</a>&nbsp;&nbsp;&nbsp;RIT128x96x4DisplayOn
<LI><a href="#[104d710]">&gt;&gt;</a>&nbsp;&nbsp;&nbsp;RIT128x96x4ImageDraw
</UL>

<P><STRONG><a name="[104dd40]"></a>RITWriteData</STRONG> (Thumb, 54 bytes, Stack size 16 bytes, rit128x96x4.o(.text))
<BR><BR>[Stack]<UL><LI>Max Depth = 16<LI>Call Chain = RITWriteData
</UL>
<BR>[Calls]<UL><LI><a href="#[10fb260]">&gt;&gt;</a>&nbsp;&nbsp;&nbsp;SSIDataPut
<LI><a href="#[10fb2f0]">&gt;&gt;</a>&nbsp;&nbsp;&nbsp;SSIDataGet
<LI><a href="#[1103728]">&gt;&gt;</a>&nbsp;&nbsp;&nbsp;GPIOPinWrite
</UL>
<BR>[Called By]<UL><LI><a href="#[b5dd50]">&gt;&gt;</a>&nbsp;&nbsp;&nbsp;RIT128x96x4StringDraw
<LI><a href="#[b5dde0]">&gt;&gt;</a>&nbsp;&nbsp;&nbsp;RIT128x96x4Clear
<LI><a href="#[104d710]">&gt;&gt;</a>&nbsp;&nbsp;&nbsp;RIT128x96x4ImageDraw
</UL>

<P><STRONG><a name="[108ad30]"></a>_printf_core</STRONG> (Thumb, 326 bytes, Stack size 88 bytes, printf1.o(i._printf_core), UNUSED)
<BR><BR>[Calls]<UL><LI><a href="#[1082600]">&gt;&gt;</a>&nbsp;&nbsp;&nbsp;__aeabi_uidivmod
</UL>
<BR>[Called By]<UL><LI><a href="#[108ab80]">&gt;&gt;</a>&nbsp;&nbsp;&nbsp;__0sprintf_1
<LI><a href="#[108ac10]">&gt;&gt;</a>&nbsp;&nbsp;&nbsp;__0printf_1
</UL>

<P><STRONG><a name="[108ace8]"></a>_sputc</STRONG> (Thumb, 10 bytes, Stack size 0 bytes, printf1.o(i._sputc))
<BR><BR>[Called By]<UL><LI><a href="#[108ab80]">&gt;&gt;</a>&nbsp;&nbsp;&nbsp;__0sprintf_1
</UL>
<BR>[Address Reference Count : 1]<UL><LI> printf1.o(i.__0sprintf_1)
</UL>
<P><STRONG><a name="[1083670]"></a>_double_addcore</STRONG> (Thumb, 274 bytes, Stack size 64 bytes, dadd.o(.text), UNUSED)
<BR><BR>[Calls]<UL><LI><a href="#[1081858]">&gt;&gt;</a>&nbsp;&nbsp;&nbsp;_double_epilogue
<LI><a href="#[1082110]">&gt;&gt;</a>&nbsp;&nbsp;&nbsp;__aeabi_llsr
<LI><a href="#[10822c0]">&gt;&gt;</a>&nbsp;&nbsp;&nbsp;__aeabi_llsl
</UL>
<BR>[Called By]<UL><LI><a href="#[1083598]">&gt;&gt;</a>&nbsp;&nbsp;&nbsp;__aeabi_drsub
<LI><a href="#[10835e0]">&gt;&gt;</a>&nbsp;&nbsp;&nbsp;__aeabi_dsub
<LI><a href="#[1083628]">&gt;&gt;</a>&nbsp;&nbsp;&nbsp;__aeabi_dadd
</UL>
<P>
<H3>
Undefined Global Symbols
</H3><HR></body></html>
