Build target 'Simulator'
assembling Startup.s...
compiling SimplePtidesOS.c...
SimplePtidesOS.c(1415): warning:  #550-D: variable "model_delay3" was set but never used
SimplePtidesOS.c(1618): warning:  #223-D: function "FlashUserGet" declared implicitly
SimplePtidesOS.c(1822): warning:  #68-D: integer conversion resulted in a change of sign
SimplePtidesOS.c(1824): warning:  #188-D: enumerated type mixed with another type
SimplePtidesOS.c(1828): warning:  #188-D: enumerated type mixed with another type
SimplePtidesOS.c(1829): warning:  #188-D: enumerated type mixed with another type
SimplePtidesOS.c(1830): warning:  #188-D: enumerated type mixed with another type
SimplePtidesOS.c(1831): warning:  #188-D: enumerated type mixed with another type
SimplePtidesOS.c(1841): warning:  #188-D: enumerated type mixed with another type
SimplePtidesOS.c(1842): warning:  #188-D: enumerated type mixed with another type
SimplePtidesOS.c(1845): warning:  #188-D: enumerated type mixed with another type
SimplePtidesOS.c(2165): warning:  #188-D: enumerated type mixed with another type
SimplePtidesOS.c(2478): warning:  #175-D: subscript out of range
SimplePtidesOS.c(2478): warning:  #175-D: subscript out of range
SimplePtidesOS.c(402): warning:  #177-D: function "Delay" was declared but never referenced
SimplePtidesOS.c(2209): warning:  #177-D: variable "g_pucBuf" was declared but never referenced
SimplePtidesOS.c(1154): warning: C3017W: dummyEvent may be used before being set
SimplePtidesOS.c(1062): warning: C3017W: dummyEvent may be used before being set
SimplePtidesOS.c(1095): warning: C3017W: dummyEvent may be used before being set
SimplePtidesOS.c(1318): warning: C3017W: dummyEvent may be used before being set
compiling httpd.c...
compiling tcp.c...
compiling udp.c...
..\..\..\third_party\lwip-1.2.0\src\core\udp.c(67): warning:  #550-D: variable "pcb_cache" was set but never used
compiling dhcp.c...
compiling inet.c...
compiling mem.c...
..\..\..\third_party\lwip-1.2.0\src\core\mem.c(89): warning:  #550-D: variable "mem_sem" was set but never used
compiling memp.c...
compiling netif.c...
compiling pbuf.c...
compiling raw.c...
compiling stats.c...
compiling sys.c...
compiling tcp_in.c...
..\..\..\third_party\lwip-1.2.0\src\core\tcp_in.c(300): warning:  #236-D: controlling expression is constant
compiling tcp_out.c...
compiling ip_frag.c...
compiling icmp.c...
..\..\..\third_party\lwip-1.2.0\src\core\ipv4\icmp.c(50): warning:  #550-D: variable "code" was set but never used
compiling ip.c...
compiling ip_addr.c...
compiling etharp.c...
compiling luminaryif.c...
compiling lmi_fs.c...
compiling enet_lwip.c...
compiling protocol.c...
..\..\..\third_party\ptpd-1rc1\src\protocol.c(386): warning:  #188-D: enumerated type mixed with another type
..\..\..\third_party\ptpd-1rc1\src\protocol.c(814): warning:  #1293-D: assignment in condition
compiling ptpd_timer.c...
compiling ptpd_msg.c...
..\..\..\third_party\ptpd-1rc1\src\dep-lmi\ptpd_msg.c(72): warning:  #188-D: enumerated type mixed with another type
..\..\..\third_party\ptpd-1rc1\src\dep-lmi\ptpd_msg.c(74): warning:  #188-D: enumerated type mixed with another type
..\..\..\third_party\ptpd-1rc1\src\dep-lmi\ptpd_msg.c(100): warning:  #188-D: enumerated type mixed with another type
..\..\..\third_party\ptpd-1rc1\src\dep-lmi\ptpd_msg.c(173): warning:  #111-D: statement is unreachable
..\..\..\third_party\ptpd-1rc1\src\dep-lmi\ptpd_msg.c(226): warning:  #188-D: enumerated type mixed with another type
..\..\..\third_party\ptpd-1rc1\src\dep-lmi\ptpd_msg.c(233): warning:  #188-D: enumerated type mixed with another type
..\..\..\third_party\ptpd-1rc1\src\dep-lmi\ptpd_msg.c(234): warning:  #188-D: enumerated type mixed with another type
..\..\..\third_party\ptpd-1rc1\src\dep-lmi\ptpd_msg.c(265): warning:  #188-D: enumerated type mixed with another type
..\..\..\third_party\ptpd-1rc1\src\dep-lmi\ptpd_msg.c(266): warning:  #188-D: enumerated type mixed with another type
..\..\..\third_party\ptpd-1rc1\src\dep-lmi\ptpd_msg.c(267): warning:  #188-D: enumerated type mixed with another type
..\..\..\third_party\ptpd-1rc1\src\dep-lmi\ptpd_msg.c(268): warning:  #188-D: enumerated type mixed with another type
..\..\..\third_party\ptpd-1rc1\src\dep-lmi\ptpd_msg.c(269): warning:  #188-D: enumerated type mixed with another type
..\..\..\third_party\ptpd-1rc1\src\dep-lmi\ptpd_msg.c(291): warning:  #188-D: enumerated type mixed with another type
..\..\..\third_party\ptpd-1rc1\src\dep-lmi\ptpd_msg.c(292): warning:  #188-D: enumerated type mixed with another type
..\..\..\third_party\ptpd-1rc1\src\dep-lmi\ptpd_msg.c(294): warning:  #188-D: enumerated type mixed with another type
..\..\..\third_party\ptpd-1rc1\src\dep-lmi\ptpd_msg.c(297): warning:  #188-D: enumerated type mixed with another type
..\..\..\third_party\ptpd-1rc1\src\dep-lmi\ptpd_msg.c(304): warning:  #188-D: enumerated type mixed with another type
..\..\..\third_party\ptpd-1rc1\src\dep-lmi\ptpd_msg.c(305): warning:  #188-D: enumerated type mixed with another type
..\..\..\third_party\ptpd-1rc1\src\dep-lmi\ptpd_msg.c(318): warning:  #188-D: enumerated type mixed with another type
..\..\..\third_party\ptpd-1rc1\src\dep-lmi\ptpd_msg.c(332): warning:  #188-D: enumerated type mixed with another type
..\..\..\third_party\ptpd-1rc1\src\dep-lmi\ptpd_msg.c(333): warning:  #188-D: enumerated type mixed with another type
..\..\..\third_party\ptpd-1rc1\src\dep-lmi\ptpd_msg.c(491): warning:  #61-D: integer operation result is out of range
..\..\..\third_party\ptpd-1rc1\src\dep-lmi\ptpd_msg.c(521): warning:  #61-D: integer operation result is out of range
..\..\..\third_party\ptpd-1rc1\src\dep-lmi\ptpd_msg.c(560): warning:  #188-D: enumerated type mixed with another type
..\..\..\third_party\ptpd-1rc1\src\dep-lmi\ptpd_msg.c(564): warning:  #188-D: enumerated type mixed with another type
compiling ptpd_net.c...
compiling ptpd_servo.c...
..\..\..\third_party\ptpd-1rc1\src\dep-lmi\ptpd_servo.c(15): warning:  #188-D: enumerated type mixed with another type
..\..\..\third_party\ptpd-1rc1\src\dep-lmi\ptpd_servo.c(16): warning:  #188-D: enumerated type mixed with another type
compiling arith.c...
..\..\..\third_party\ptpd-1rc1\src\arith.c(64): warning:  #188-D: enumerated type mixed with another type
compiling bmc.c...
..\..\..\third_party\ptpd-1rc1\src\bmc.c(85): warning:  #188-D: enumerated type mixed with another type
..\..\..\third_party\ptpd-1rc1\src\bmc.c(86): warning:  #188-D: enumerated type mixed with another type
..\..\..\third_party\ptpd-1rc1\src\bmc.c(100): warning:  #188-D: enumerated type mixed with another type
..\..\..\third_party\ptpd-1rc1\src\bmc.c(101): warning:  #188-D: enumerated type mixed with another type
compiling random.c...
compiling ustdlib.c...
compiling rit128x96x4.c...
linking...
Program Size: Code=40284 RO-data=4468 RW-data=400 ZI-data=29368  
".\Obj\SimplePtidesOS.axf" - 0 Error(s), 58 Warning(s).
Build target 'Simulator'
assembling Startup.s...
compiling SimplePtidesOS.c...
SimplePtidesOS.c(1415): warning:  #550-D: variable "model_delay3" was set but never used
SimplePtidesOS.c(1618): warning:  #223-D: function "FlashUserGet" declared implicitly
SimplePtidesOS.c(1822): warning:  #68-D: integer conversion resulted in a change of sign
SimplePtidesOS.c(1824): warning:  #188-D: enumerated type mixed with another type
SimplePtidesOS.c(1828): warning:  #188-D: enumerated type mixed with another type
SimplePtidesOS.c(1829): warning:  #188-D: enumerated type mixed with another type
SimplePtidesOS.c(1830): warning:  #188-D: enumerated type mixed with another type
SimplePtidesOS.c(1831): warning:  #188-D: enumerated type mixed with another type
SimplePtidesOS.c(1841): warning:  #188-D: enumerated type mixed with another type
SimplePtidesOS.c(1842): warning:  #188-D: enumerated type mixed with another type
SimplePtidesOS.c(1845): warning:  #188-D: enumerated type mixed with another type
SimplePtidesOS.c(2165): warning:  #188-D: enumerated type mixed with another type
SimplePtidesOS.c(2478): warning:  #175-D: subscript out of range
SimplePtidesOS.c(2478): warning:  #175-D: subscript out of range
SimplePtidesOS.c(402): warning:  #177-D: function "Delay" was declared but never referenced
SimplePtidesOS.c(2209): warning:  #177-D: variable "g_pucBuf" was declared but never referenced
SimplePtidesOS.c(1154): warning: C3017W: dummyEvent may be used before being set
SimplePtidesOS.c(1062): warning: C3017W: dummyEvent may be used before being set
SimplePtidesOS.c(1095): warning: C3017W: dummyEvent may be used before being set
SimplePtidesOS.c(1318): warning: C3017W: dummyEvent may be used before being set
compiling httpd.c...
compiling tcp.c...
compiling udp.c...
..\..\..\third_party\lwip-1.2.0\src\core\udp.c(67): warning:  #550-D: variable "pcb_cache" was set but never used
compiling dhcp.c...
compiling inet.c...
compiling mem.c...
..\..\..\third_party\lwip-1.2.0\src\core\mem.c(89): warning:  #550-D: variable "mem_sem" was set but never used
compiling memp.c...
compiling netif.c...
compiling pbuf.c...
compiling raw.c...
compiling stats.c...
compiling sys.c...
compiling tcp_in.c...
..\..\..\third_party\lwip-1.2.0\src\core\tcp_in.c(300): warning:  #236-D: controlling expression is constant
compiling tcp_out.c...
compiling ip_frag.c...
compiling icmp.c...
..\..\..\third_party\lwip-1.2.0\src\core\ipv4\icmp.c(50): warning:  #550-D: variable "code" was set but never used
compiling ip.c...
compiling ip_addr.c...
compiling etharp.c...
compiling luminaryif.c...
compiling lmi_fs.c...
compiling enet_lwip.c...
compiling protocol.c...
..\..\..\third_party\ptpd-1rc1\src\protocol.c(386): warning:  #188-D: enumerated type mixed with another type
..\..\..\third_party\ptpd-1rc1\src\protocol.c(814): warning:  #1293-D: assignment in condition
compiling ptpd_timer.c...
compiling ptpd_msg.c...
..\..\..\third_party\ptpd-1rc1\src\dep-lmi\ptpd_msg.c(72): warning:  #188-D: enumerated type mixed with another type
..\..\..\third_party\ptpd-1rc1\src\dep-lmi\ptpd_msg.c(74): warning:  #188-D: enumerated type mixed with another type
..\..\..\third_party\ptpd-1rc1\src\dep-lmi\ptpd_msg.c(100): warning:  #188-D: enumerated type mixed with another type
..\..\..\third_party\ptpd-1rc1\src\dep-lmi\ptpd_msg.c(173): warning:  #111-D: statement is unreachable
..\..\..\third_party\ptpd-1rc1\src\dep-lmi\ptpd_msg.c(226): warning:  #188-D: enumerated type mixed with another type
..\..\..\third_party\ptpd-1rc1\src\dep-lmi\ptpd_msg.c(233): warning:  #188-D: enumerated type mixed with another type
..\..\..\third_party\ptpd-1rc1\src\dep-lmi\ptpd_msg.c(234): warning:  #188-D: enumerated type mixed with another type
..\..\..\third_party\ptpd-1rc1\src\dep-lmi\ptpd_msg.c(265): warning:  #188-D: enumerated type mixed with another type
..\..\..\third_party\ptpd-1rc1\src\dep-lmi\ptpd_msg.c(266): warning:  #188-D: enumerated type mixed with another type
..\..\..\third_party\ptpd-1rc1\src\dep-lmi\ptpd_msg.c(267): warning:  #188-D: enumerated type mixed with another type
..\..\..\third_party\ptpd-1rc1\src\dep-lmi\ptpd_msg.c(268): warning:  #188-D: enumerated type mixed with another type
..\..\..\third_party\ptpd-1rc1\src\dep-lmi\ptpd_msg.c(269): warning:  #188-D: enumerated type mixed with another type
..\..\..\third_party\ptpd-1rc1\src\dep-lmi\ptpd_msg.c(291): warning:  #188-D: enumerated type mixed with another type
..\..\..\third_party\ptpd-1rc1\src\dep-lmi\ptpd_msg.c(292): warning:  #188-D: enumerated type mixed with another type
..\..\..\third_party\ptpd-1rc1\src\dep-lmi\ptpd_msg.c(294): warning:  #188-D: enumerated type mixed with another type
..\..\..\third_party\ptpd-1rc1\src\dep-lmi\ptpd_msg.c(297): warning:  #188-D: enumerated type mixed with another type
..\..\..\third_party\ptpd-1rc1\src\dep-lmi\ptpd_msg.c(304): warning:  #188-D: enumerated type mixed with another type
..\..\..\third_party\ptpd-1rc1\src\dep-lmi\ptpd_msg.c(305): warning:  #188-D: enumerated type mixed with another type
..\..\..\third_party\ptpd-1rc1\src\dep-lmi\ptpd_msg.c(318): warning:  #188-D: enumerated type mixed with another type
..\..\..\third_party\ptpd-1rc1\src\dep-lmi\ptpd_msg.c(332): warning:  #188-D: enumerated type mixed with another type
..\..\..\third_party\ptpd-1rc1\src\dep-lmi\ptpd_msg.c(333): warning:  #188-D: enumerated type mixed with another type
..\..\..\third_party\ptpd-1rc1\src\dep-lmi\ptpd_msg.c(491): warning:  #61-D: integer operation result is out of range
..\..\..\third_party\ptpd-1rc1\src\dep-lmi\ptpd_msg.c(521): warning:  #61-D: integer operation result is out of range
..\..\..\third_party\ptpd-1rc1\src\dep-lmi\ptpd_msg.c(560): warning:  #188-D: enumerated type mixed with another type
..\..\..\third_party\ptpd-1rc1\src\dep-lmi\ptpd_msg.c(564): warning:  #188-D: enumerated type mixed with another type
compiling ptpd_net.c...
compiling ptpd_servo.c...
..\..\..\third_party\ptpd-1rc1\src\dep-lmi\ptpd_servo.c(15): warning:  #188-D: enumerated type mixed with another type
..\..\..\third_party\ptpd-1rc1\src\dep-lmi\ptpd_servo.c(16): warning:  #188-D: enumerated type mixed with another type
compiling arith.c...
..\..\..\third_party\ptpd-1rc1\src\arith.c(64): warning:  #188-D: enumerated type mixed with another type
compiling bmc.c...
..\..\..\third_party\ptpd-1rc1\src\bmc.c(85): warning:  #188-D: enumerated type mixed with another type
..\..\..\third_party\ptpd-1rc1\src\bmc.c(86): warning:  #188-D: enumerated type mixed with another type
..\..\..\third_party\ptpd-1rc1\src\bmc.c(100): warning:  #188-D: enumerated type mixed with another type
..\..\..\third_party\ptpd-1rc1\src\bmc.c(101): warning:  #188-D: enumerated type mixed with another type
compiling random.c...
compiling ustdlib.c...
compiling rit128x96x4.c...
linking...
Program Size: Code=40284 RO-data=4468 RW-data=400 ZI-data=29368  
".\Obj\SimplePtidesOS.axf" - 0 Error(s), 58 Warning(s).
Build target 'Simulator'
assembling Startup.s...
compiling SimplePtidesOS.c...
SimplePtidesOS.c(1292): error:  #20: identifier "TIMER_ROLLOVER_COUNT" is undefined
SimplePtidesOS.c(1293): error:  #20: identifier "TIMERA" is undefined
SimplePtidesOS.c(1440): warning:  #550-D: variable "model_delay3" was set but never used
SimplePtidesOS.c(1643): warning:  #223-D: function "FlashUserGet" declared implicitly
SimplePtidesOS.c(1847): warning:  #68-D: integer conversion resulted in a change of sign
SimplePtidesOS.c(1849): warning:  #188-D: enumerated type mixed with another type
SimplePtidesOS.c(1853): warning:  #188-D: enumerated type mixed with another type
SimplePtidesOS.c(1854): warning:  #188-D: enumerated type mixed with another type
SimplePtidesOS.c(1855): warning:  #188-D: enumerated type mixed with another type
SimplePtidesOS.c(1856): warning:  #188-D: enumerated type mixed with another type
SimplePtidesOS.c(1866): warning:  #188-D: enumerated type mixed with another type
SimplePtidesOS.c(1867): warning:  #188-D: enumerated type mixed with another type
SimplePtidesOS.c(1870): warning:  #188-D: enumerated type mixed with another type
SimplePtidesOS.c(2190): warning:  #188-D: enumerated type mixed with another type
SimplePtidesOS.c(2504): warning:  #175-D: subscript out of range
SimplePtidesOS.c(2504): warning:  #175-D: subscript out of range
SimplePtidesOS.c(402): warning:  #177-D: function "Delay" was declared but never referenced
SimplePtidesOS.c(2234): warning:  #177-D: variable "g_pucBuf" was declared but never referenced
compiling httpd.c...
compiling tcp.c...
compiling udp.c...
..\..\..\third_party\lwip-1.2.0\src\core\udp.c(67): warning:  #550-D: variable "pcb_cache" was set but never used
compiling dhcp.c...
compiling inet.c...
compiling mem.c...
..\..\..\third_party\lwip-1.2.0\src\core\mem.c(89): warning:  #550-D: variable "mem_sem" was set but never used
compiling memp.c...
compiling netif.c...
compiling pbuf.c...
compiling raw.c...
compiling stats.c...
compiling sys.c...
compiling tcp_in.c...
..\..\..\third_party\lwip-1.2.0\src\core\tcp_in.c(300): warning:  #236-D: controlling expression is constant
compiling tcp_out.c...
compiling ip_frag.c...
compiling icmp.c...
..\..\..\third_party\lwip-1.2.0\src\core\ipv4\icmp.c(50): warning:  #550-D: variable "code" was set but never used
compiling ip.c...
compiling ip_addr.c...
compiling etharp.c...
compiling luminaryif.c...
compiling lmi_fs.c...
compiling enet_lwip.c...
compiling protocol.c...
..\..\..\third_party\ptpd-1rc1\src\protocol.c(386): warning:  #188-D: enumerated type mixed with another type
..\..\..\third_party\ptpd-1rc1\src\protocol.c(814): warning:  #1293-D: assignment in condition
compiling ptpd_timer.c...
compiling ptpd_msg.c...
..\..\..\third_party\ptpd-1rc1\src\dep-lmi\ptpd_msg.c(72): warning:  #188-D: enumerated type mixed with another type
..\..\..\third_party\ptpd-1rc1\src\dep-lmi\ptpd_msg.c(74): warning:  #188-D: enumerated type mixed with another type
..\..\..\third_party\ptpd-1rc1\src\dep-lmi\ptpd_msg.c(100): warning:  #188-D: enumerated type mixed with another type
..\..\..\third_party\ptpd-1rc1\src\dep-lmi\ptpd_msg.c(173): warning:  #111-D: statement is unreachable
..\..\..\third_party\ptpd-1rc1\src\dep-lmi\ptpd_msg.c(226): warning:  #188-D: enumerated type mixed with another type
..\..\..\third_party\ptpd-1rc1\src\dep-lmi\ptpd_msg.c(233): warning:  #188-D: enumerated type mixed with another type
..\..\..\third_party\ptpd-1rc1\src\dep-lmi\ptpd_msg.c(234): warning:  #188-D: enumerated type mixed with another type
..\..\..\third_party\ptpd-1rc1\src\dep-lmi\ptpd_msg.c(265): warning:  #188-D: enumerated type mixed with another type
..\..\..\third_party\ptpd-1rc1\src\dep-lmi\ptpd_msg.c(266): warning:  #188-D: enumerated type mixed with another type
..\..\..\third_party\ptpd-1rc1\src\dep-lmi\ptpd_msg.c(267): warning:  #188-D: enumerated type mixed with another type
..\..\..\third_party\ptpd-1rc1\src\dep-lmi\ptpd_msg.c(268): warning:  #188-D: enumerated type mixed with another type
..\..\..\third_party\ptpd-1rc1\src\dep-lmi\ptpd_msg.c(269): warning:  #188-D: enumerated type mixed with another type
..\..\..\third_party\ptpd-1rc1\src\dep-lmi\ptpd_msg.c(291): warning:  #188-D: enumerated type mixed with another type
..\..\..\third_party\ptpd-1rc1\src\dep-lmi\ptpd_msg.c(292): warning:  #188-D: enumerated type mixed with another type
..\..\..\third_party\ptpd-1rc1\src\dep-lmi\ptpd_msg.c(294): warning:  #188-D: enumerated type mixed with another type
..\..\..\third_party\ptpd-1rc1\src\dep-lmi\ptpd_msg.c(297): warning:  #188-D: enumerated type mixed with another type
..\..\..\third_party\ptpd-1rc1\src\dep-lmi\ptpd_msg.c(304): warning:  #188-D: enumerated type mixed with another type
..\..\..\third_party\ptpd-1rc1\src\dep-lmi\ptpd_msg.c(305): warning:  #188-D: enumerated type mixed with another type
..\..\..\third_party\ptpd-1rc1\src\dep-lmi\ptpd_msg.c(318): warning:  #188-D: enumerated type mixed with another type
..\..\..\third_party\ptpd-1rc1\src\dep-lmi\ptpd_msg.c(332): warning:  #188-D: enumerated type mixed with another type
..\..\..\third_party\ptpd-1rc1\src\dep-lmi\ptpd_msg.c(333): warning:  #188-D: enumerated type mixed with another type
..\..\..\third_party\ptpd-1rc1\src\dep-lmi\ptpd_msg.c(491): warning:  #61-D: integer operation result is out of range
..\..\..\third_party\ptpd-1rc1\src\dep-lmi\ptpd_msg.c(521): warning:  #61-D: integer operation result is out of range
..\..\..\third_party\ptpd-1rc1\src\dep-lmi\ptpd_msg.c(560): warning:  #188-D: enumerated type mixed with another type
..\..\..\third_party\ptpd-1rc1\src\dep-lmi\ptpd_msg.c(564): warning:  #188-D: enumerated type mixed with another type
compiling ptpd_net.c...
compiling ptpd_servo.c...
..\..\..\third_party\ptpd-1rc1\src\dep-lmi\ptpd_servo.c(15): warning:  #188-D: enumerated type mixed with another type
..\..\..\third_party\ptpd-1rc1\src\dep-lmi\ptpd_servo.c(16): warning:  #188-D: enumerated type mixed with another type
compiling arith.c...
..\..\..\third_party\ptpd-1rc1\src\arith.c(64): warning:  #188-D: enumerated type mixed with another type
compiling bmc.c...
..\..\..\third_party\ptpd-1rc1\src\bmc.c(85): warning:  #188-D: enumerated type mixed with another type
..\..\..\third_party\ptpd-1rc1\src\bmc.c(86): warning:  #188-D: enumerated type mixed with another type
..\..\..\third_party\ptpd-1rc1\src\bmc.c(100): warning:  #188-D: enumerated type mixed with another type
..\..\..\third_party\ptpd-1rc1\src\bmc.c(101): warning:  #188-D: enumerated type mixed with another type
compiling random.c...
compiling ustdlib.c...
compiling rit128x96x4.c...
Target not created
Build target 'Simulator'
assembling Startup.s...
compiling SimplePtidesOS.c...
SimplePtidesOS.c(1443): warning:  #550-D: variable "model_delay3" was set but never used
SimplePtidesOS.c(1646): warning:  #223-D: function "FlashUserGet" declared implicitly
SimplePtidesOS.c(1850): warning:  #68-D: integer conversion resulted in a change of sign
SimplePtidesOS.c(1852): warning:  #188-D: enumerated type mixed with another type
SimplePtidesOS.c(1856): warning:  #188-D: enumerated type mixed with another type
SimplePtidesOS.c(1857): warning:  #188-D: enumerated type mixed with another type
SimplePtidesOS.c(1858): warning:  #188-D: enumerated type mixed with another type
SimplePtidesOS.c(1859): warning:  #188-D: enumerated type mixed with another type
SimplePtidesOS.c(1869): warning:  #188-D: enumerated type mixed with another type
SimplePtidesOS.c(1870): warning:  #188-D: enumerated type mixed with another type
SimplePtidesOS.c(1873): warning:  #188-D: enumerated type mixed with another type
SimplePtidesOS.c(2193): warning:  #188-D: enumerated type mixed with another type
SimplePtidesOS.c(2507): warning:  #175-D: subscript out of range
SimplePtidesOS.c(2507): warning:  #175-D: subscript out of range
SimplePtidesOS.c(405): warning:  #177-D: function "Delay" was declared but never referenced
SimplePtidesOS.c(2237): warning:  #177-D: variable "g_pucBuf" was declared but never referenced
SimplePtidesOS.c(1157): warning: C3017W: dummyEvent may be used before being set
SimplePtidesOS.c(1065): warning: C3017W: dummyEvent may be used before being set
SimplePtidesOS.c(1098): warning: C3017W: dummyEvent may be used before being set
SimplePtidesOS.c(1346): warning: C3017W: dummyEvent may be used before being set
compiling httpd.c...
compiling tcp.c...
compiling udp.c...
..\..\..\third_party\lwip-1.2.0\src\core\udp.c(67): warning:  #550-D: variable "pcb_cache" was set but never used
compiling dhcp.c...
compiling inet.c...
compiling mem.c...
..\..\..\third_party\lwip-1.2.0\src\core\mem.c(89): warning:  #550-D: variable "mem_sem" was set but never used
compiling memp.c...
compiling netif.c...
compiling pbuf.c...
compiling raw.c...
compiling stats.c...
compiling sys.c...
compiling tcp_in.c...
..\..\..\third_party\lwip-1.2.0\src\core\tcp_in.c(300): warning:  #236-D: controlling expression is constant
compiling tcp_out.c...
compiling ip_frag.c...
compiling icmp.c...
..\..\..\third_party\lwip-1.2.0\src\core\ipv4\icmp.c(50): warning:  #550-D: variable "code" was set but never used
compiling ip.c...
compiling ip_addr.c...
compiling etharp.c...
compiling luminaryif.c...
compiling lmi_fs.c...
compiling enet_lwip.c...
compiling protocol.c...
..\..\..\third_party\ptpd-1rc1\src\protocol.c(386): warning:  #188-D: enumerated type mixed with another type
..\..\..\third_party\ptpd-1rc1\src\protocol.c(814): warning:  #1293-D: assignment in condition
compiling ptpd_timer.c...
compiling ptpd_msg.c...
..\..\..\third_party\ptpd-1rc1\src\dep-lmi\ptpd_msg.c(72): warning:  #188-D: enumerated type mixed with another type
..\..\..\third_party\ptpd-1rc1\src\dep-lmi\ptpd_msg.c(74): warning:  #188-D: enumerated type mixed with another type
..\..\..\third_party\ptpd-1rc1\src\dep-lmi\ptpd_msg.c(100): warning:  #188-D: enumerated type mixed with another type
..\..\..\third_party\ptpd-1rc1\src\dep-lmi\ptpd_msg.c(173): warning:  #111-D: statement is unreachable
..\..\..\third_party\ptpd-1rc1\src\dep-lmi\ptpd_msg.c(226): warning:  #188-D: enumerated type mixed with another type
..\..\..\third_party\ptpd-1rc1\src\dep-lmi\ptpd_msg.c(233): warning:  #188-D: enumerated type mixed with another type
..\..\..\third_party\ptpd-1rc1\src\dep-lmi\ptpd_msg.c(234): warning:  #188-D: enumerated type mixed with another type
..\..\..\third_party\ptpd-1rc1\src\dep-lmi\ptpd_msg.c(265): warning:  #188-D: enumerated type mixed with another type
..\..\..\third_party\ptpd-1rc1\src\dep-lmi\ptpd_msg.c(266): warning:  #188-D: enumerated type mixed with another type
..\..\..\third_party\ptpd-1rc1\src\dep-lmi\ptpd_msg.c(267): warning:  #188-D: enumerated type mixed with another type
..\..\..\third_party\ptpd-1rc1\src\dep-lmi\ptpd_msg.c(268): warning:  #188-D: enumerated type mixed with another type
..\..\..\third_party\ptpd-1rc1\src\dep-lmi\ptpd_msg.c(269): warning:  #188-D: enumerated type mixed with another type
..\..\..\third_party\ptpd-1rc1\src\dep-lmi\ptpd_msg.c(291): warning:  #188-D: enumerated type mixed with another type
..\..\..\third_party\ptpd-1rc1\src\dep-lmi\ptpd_msg.c(292): warning:  #188-D: enumerated type mixed with another type
..\..\..\third_party\ptpd-1rc1\src\dep-lmi\ptpd_msg.c(294): warning:  #188-D: enumerated type mixed with another type
..\..\..\third_party\ptpd-1rc1\src\dep-lmi\ptpd_msg.c(297): warning:  #188-D: enumerated type mixed with another type
..\..\..\third_party\ptpd-1rc1\src\dep-lmi\ptpd_msg.c(304): warning:  #188-D: enumerated type mixed with another type
..\..\..\third_party\ptpd-1rc1\src\dep-lmi\ptpd_msg.c(305): warning:  #188-D: enumerated type mixed with another type
..\..\..\third_party\ptpd-1rc1\src\dep-lmi\ptpd_msg.c(318): warning:  #188-D: enumerated type mixed with another type
..\..\..\third_party\ptpd-1rc1\src\dep-lmi\ptpd_msg.c(332): warning:  #188-D: enumerated type mixed with another type
..\..\..\third_party\ptpd-1rc1\src\dep-lmi\ptpd_msg.c(333): warning:  #188-D: enumerated type mixed with another type
..\..\..\third_party\ptpd-1rc1\src\dep-lmi\ptpd_msg.c(491): warning:  #61-D: integer operation result is out of range
..\..\..\third_party\ptpd-1rc1\src\dep-lmi\ptpd_msg.c(521): warning:  #61-D: integer operation result is out of range
..\..\..\third_party\ptpd-1rc1\src\dep-lmi\ptpd_msg.c(560): warning:  #188-D: enumerated type mixed with another type
..\..\..\third_party\ptpd-1rc1\src\dep-lmi\ptpd_msg.c(564): warning:  #188-D: enumerated type mixed with another type
compiling ptpd_net.c...
compiling ptpd_servo.c...
..\..\..\third_party\ptpd-1rc1\src\dep-lmi\ptpd_servo.c(15): warning:  #188-D: enumerated type mixed with another type
..\..\..\third_party\ptpd-1rc1\src\dep-lmi\ptpd_servo.c(16): warning:  #188-D: enumerated type mixed with another type
compiling arith.c...
..\..\..\third_party\ptpd-1rc1\src\arith.c(64): warning:  #188-D: enumerated type mixed with another type
compiling bmc.c...
..\..\..\third_party\ptpd-1rc1\src\bmc.c(85): warning:  #188-D: enumerated type mixed with another type
..\..\..\third_party\ptpd-1rc1\src\bmc.c(86): warning:  #188-D: enumerated type mixed with another type
..\..\..\third_party\ptpd-1rc1\src\bmc.c(100): warning:  #188-D: enumerated type mixed with another type
..\..\..\third_party\ptpd-1rc1\src\bmc.c(101): warning:  #188-D: enumerated type mixed with another type
compiling random.c...
compiling ustdlib.c...
compiling rit128x96x4.c...
linking...
Program Size: Code=40568 RO-data=4468 RW-data=400 ZI-data=29368  
".\Obj\SimplePtidesOS.axf" - 0 Error(s), 58 Warning(s).
Build target 'Simulator'
assembling Startup.s...
compiling SimplePtidesOS.c...
SimplePtidesOS.c(1443): warning:  #550-D: variable "model_delay3" was set but never used
SimplePtidesOS.c(1646): warning:  #223-D: function "FlashUserGet" declared implicitly
SimplePtidesOS.c(1850): warning:  #68-D: integer conversion resulted in a change of sign
SimplePtidesOS.c(1852): warning:  #188-D: enumerated type mixed with another type
SimplePtidesOS.c(1856): warning:  #188-D: enumerated type mixed with another type
SimplePtidesOS.c(1857): warning:  #188-D: enumerated type mixed with another type
SimplePtidesOS.c(1858): warning:  #188-D: enumerated type mixed with another type
SimplePtidesOS.c(1859): warning:  #188-D: enumerated type mixed with another type
SimplePtidesOS.c(1869): warning:  #188-D: enumerated type mixed with another type
SimplePtidesOS.c(1870): warning:  #188-D: enumerated type mixed with another type
SimplePtidesOS.c(1873): warning:  #188-D: enumerated type mixed with another type
SimplePtidesOS.c(2193): warning:  #188-D: enumerated type mixed with another type
SimplePtidesOS.c(2507): warning:  #175-D: subscript out of range
SimplePtidesOS.c(2507): warning:  #175-D: subscript out of range
SimplePtidesOS.c(405): warning:  #177-D: function "Delay" was declared but never referenced
SimplePtidesOS.c(2237): warning:  #177-D: variable "g_pucBuf" was declared but never referenced
SimplePtidesOS.c(1157): warning: C3017W: dummyEvent may be used before being set
SimplePtidesOS.c(1065): warning: C3017W: dummyEvent may be used before being set
SimplePtidesOS.c(1098): warning: C3017W: dummyEvent may be used before being set
SimplePtidesOS.c(1346): warning: C3017W: dummyEvent may be used before being set
compiling httpd.c...
compiling tcp.c...
compiling udp.c...
..\..\..\third_party\lwip-1.2.0\src\core\udp.c(67): warning:  #550-D: variable "pcb_cache" was set but never used
compiling dhcp.c...
compiling inet.c...
compiling mem.c...
..\..\..\third_party\lwip-1.2.0\src\core\mem.c(89): warning:  #550-D: variable "mem_sem" was set but never used
compiling memp.c...
compiling netif.c...
compiling pbuf.c...
compiling raw.c...
compiling stats.c...
compiling sys.c...
compiling tcp_in.c...
..\..\..\third_party\lwip-1.2.0\src\core\tcp_in.c(300): warning:  #236-D: controlling expression is constant
compiling tcp_out.c...
compiling ip_frag.c...
compiling icmp.c...
..\..\..\third_party\lwip-1.2.0\src\core\ipv4\icmp.c(50): warning:  #550-D: variable "code" was set but never used
compiling ip.c...
compiling ip_addr.c...
compiling etharp.c...
compiling luminaryif.c...
compiling lmi_fs.c...
compiling enet_lwip.c...
compiling protocol.c...
..\..\..\third_party\ptpd-1rc1\src\protocol.c(386): warning:  #188-D: enumerated type mixed with another type
..\..\..\third_party\ptpd-1rc1\src\protocol.c(814): warning:  #1293-D: assignment in condition
compiling ptpd_timer.c...
compiling ptpd_msg.c...
..\..\..\third_party\ptpd-1rc1\src\dep-lmi\ptpd_msg.c(72): warning:  #188-D: enumerated type mixed with another type
..\..\..\third_party\ptpd-1rc1\src\dep-lmi\ptpd_msg.c(74): warning:  #188-D: enumerated type mixed with another type
..\..\..\third_party\ptpd-1rc1\src\dep-lmi\ptpd_msg.c(100): warning:  #188-D: enumerated type mixed with another type
..\..\..\third_party\ptpd-1rc1\src\dep-lmi\ptpd_msg.c(173): warning:  #111-D: statement is unreachable
..\..\..\third_party\ptpd-1rc1\src\dep-lmi\ptpd_msg.c(226): warning:  #188-D: enumerated type mixed with another type
..\..\..\third_party\ptpd-1rc1\src\dep-lmi\ptpd_msg.c(233): warning:  #188-D: enumerated type mixed with another type
..\..\..\third_party\ptpd-1rc1\src\dep-lmi\ptpd_msg.c(234): warning:  #188-D: enumerated type mixed with another type
..\..\..\third_party\ptpd-1rc1\src\dep-lmi\ptpd_msg.c(265): warning:  #188-D: enumerated type mixed with another type
..\..\..\third_party\ptpd-1rc1\src\dep-lmi\ptpd_msg.c(266): warning:  #188-D: enumerated type mixed with another type
..\..\..\third_party\ptpd-1rc1\src\dep-lmi\ptpd_msg.c(267): warning:  #188-D: enumerated type mixed with another type
..\..\..\third_party\ptpd-1rc1\src\dep-lmi\ptpd_msg.c(268): warning:  #188-D: enumerated type mixed with another type
..\..\..\third_party\ptpd-1rc1\src\dep-lmi\ptpd_msg.c(269): warning:  #188-D: enumerated type mixed with another type
..\..\..\third_party\ptpd-1rc1\src\dep-lmi\ptpd_msg.c(291): warning:  #188-D: enumerated type mixed with another type
..\..\..\third_party\ptpd-1rc1\src\dep-lmi\ptpd_msg.c(292): warning:  #188-D: enumerated type mixed with another type
..\..\..\third_party\ptpd-1rc1\src\dep-lmi\ptpd_msg.c(294): warning:  #188-D: enumerated type mixed with another type
..\..\..\third_party\ptpd-1rc1\src\dep-lmi\ptpd_msg.c(297): warning:  #188-D: enumerated type mixed with another type
..\..\..\third_party\ptpd-1rc1\src\dep-lmi\ptpd_msg.c(304): warning:  #188-D: enumerated type mixed with another type
..\..\..\third_party\ptpd-1rc1\src\dep-lmi\ptpd_msg.c(305): warning:  #188-D: enumerated type mixed with another type
..\..\..\third_party\ptpd-1rc1\src\dep-lmi\ptpd_msg.c(318): warning:  #188-D: enumerated type mixed with another type
..\..\..\third_party\ptpd-1rc1\src\dep-lmi\ptpd_msg.c(332): warning:  #188-D: enumerated type mixed with another type
..\..\..\third_party\ptpd-1rc1\src\dep-lmi\ptpd_msg.c(333): warning:  #188-D: enumerated type mixed with another type
..\..\..\third_party\ptpd-1rc1\src\dep-lmi\ptpd_msg.c(491): warning:  #61-D: integer operation result is out of range
..\..\..\third_party\ptpd-1rc1\src\dep-lmi\ptpd_msg.c(521): warning:  #61-D: integer operation result is out of range
..\..\..\third_party\ptpd-1rc1\src\dep-lmi\ptpd_msg.c(560): warning:  #188-D: enumerated type mixed with another type
..\..\..\third_party\ptpd-1rc1\src\dep-lmi\ptpd_msg.c(564): warning:  #188-D: enumerated type mixed with another type
compiling ptpd_net.c...
compiling ptpd_servo.c...
..\..\..\third_party\ptpd-1rc1\src\dep-lmi\ptpd_servo.c(15): warning:  #188-D: enumerated type mixed with another type
..\..\..\third_party\ptpd-1rc1\src\dep-lmi\ptpd_servo.c(16): warning:  #188-D: enumerated type mixed with another type
compiling arith.c...
..\..\..\third_party\ptpd-1rc1\src\arith.c(64): warning:  #188-D: enumerated type mixed with another type
compiling bmc.c...
..\..\..\third_party\ptpd-1rc1\src\bmc.c(85): warning:  #188-D: enumerated type mixed with another type
..\..\..\third_party\ptpd-1rc1\src\bmc.c(86): warning:  #188-D: enumerated type mixed with another type
..\..\..\third_party\ptpd-1rc1\src\bmc.c(100): warning:  #188-D: enumerated type mixed with another type
..\..\..\third_party\ptpd-1rc1\src\bmc.c(101): warning:  #188-D: enumerated type mixed with another type
compiling random.c...
compiling ustdlib.c...
compiling rit128x96x4.c...
linking...
Program Size: Code=40568 RO-data=4468 RW-data=400 ZI-data=29368  
".\Obj\SimplePtidesOS.axf" - 0 Error(s), 58 Warning(s).
Build target 'Simulator'
assembling Startup.s...
compiling SimplePtidesOS.c...
SimplePtidesOS.c(1155): warning:  #223-D: function "higherPriority" declared implicitly
SimplePtidesOS.c(1191): error:  #29: expected an expression
SimplePtidesOS.c(1192): error:  #65: expected a ";"
SimplePtidesOS.c(1228): warning:  #177-D: variable "dummyEvent" was declared but never referenced
SimplePtidesOS.c(1660): error:  #29: expected an expression
SimplePtidesOS.c(1666): error:  #29: expected an expression
SimplePtidesOS.c(1671): warning:  #12-D: parsing restarts here after previous syntax error
SimplePtidesOS.c(1815): warning:  #223-D: function "FlashUserGet" declared implicitly
SimplePtidesOS.c(2019): warning:  #68-D: integer conversion resulted in a change of sign
SimplePtidesOS.c(2021): warning:  #188-D: enumerated type mixed with another type
SimplePtidesOS.c(2025): warning:  #188-D: enumerated type mixed with another type
SimplePtidesOS.c(2026): warning:  #188-D: enumerated type mixed with another type
SimplePtidesOS.c(2027): warning:  #188-D: enumerated type mixed with another type
SimplePtidesOS.c(2028): warning:  #188-D: enumerated type mixed with another type
SimplePtidesOS.c(2038): warning:  #188-D: enumerated type mixed with another type
SimplePtidesOS.c(2039): warning:  #188-D: enumerated type mixed with another type
SimplePtidesOS.c(2042): warning:  #188-D: enumerated type mixed with another type
SimplePtidesOS.c(2362): warning:  #188-D: enumerated type mixed with another type
SimplePtidesOS.c(2621): error:  #247: function "IntGPIOc" has already been defined
SimplePtidesOS.c(2662): error:  #247: function "IntGPIOb" has already been defined
SimplePtidesOS.c(2676): warning:  #175-D: subscript out of range
SimplePtidesOS.c(2676): warning:  #175-D: subscript out of range
SimplePtidesOS.c(2704): error:  #247: function "IntGPIOa" has already been defined
SimplePtidesOS.c(2720): error:  #20: identifier "fireSensor" is undefined
SimplePtidesOS.c(2740): warning:  #1-D: last line of file ends without a newline
SimplePtidesOS.c(2406): warning:  #177-D: variable "g_pucBuf" was declared but never referenced
compiling httpd.c...
compiling tcp.c...
compiling udp.c...
..\..\..\third_party\lwip-1.2.0\src\core\udp.c(67): warning:  #550-D: variable "pcb_cache" was set but never used
compiling dhcp.c...
compiling inet.c...
compiling mem.c...
..\..\..\third_party\lwip-1.2.0\src\core\mem.c(89): warning:  #550-D: variable "mem_sem" was set but never used
compiling memp.c...
compiling netif.c...
compiling pbuf.c...
compiling raw.c...
compiling stats.c...
compiling sys.c...
compiling tcp_in.c...
..\..\..\third_party\lwip-1.2.0\src\core\tcp_in.c(300): warning:  #236-D: controlling expression is constant
compiling tcp_out.c...
compiling ip_frag.c...
compiling icmp.c...
..\..\..\third_party\lwip-1.2.0\src\core\ipv4\icmp.c(50): warning:  #550-D: variable "code" was set but never used
compiling ip.c...
compiling ip_addr.c...
compiling etharp.c...
compiling luminaryif.c...
compiling lmi_fs.c...
compiling enet_lwip.c...
compiling protocol.c...
..\..\..\third_party\ptpd-1rc1\src\protocol.c(386): warning:  #188-D: enumerated type mixed with another type
..\..\..\third_party\ptpd-1rc1\src\protocol.c(814): warning:  #1293-D: assignment in condition
compiling ptpd_timer.c...
compiling ptpd_msg.c...
..\..\..\third_party\ptpd-1rc1\src\dep-lmi\ptpd_msg.c(72): warning:  #188-D: enumerated type mixed with another type
..\..\..\third_party\ptpd-1rc1\src\dep-lmi\ptpd_msg.c(74): warning:  #188-D: enumerated type mixed with another type
..\..\..\third_party\ptpd-1rc1\src\dep-lmi\ptpd_msg.c(100): warning:  #188-D: enumerated type mixed with another type
..\..\..\third_party\ptpd-1rc1\src\dep-lmi\ptpd_msg.c(173): warning:  #111-D: statement is unreachable
..\..\..\third_party\ptpd-1rc1\src\dep-lmi\ptpd_msg.c(226): warning:  #188-D: enumerated type mixed with another type
..\..\..\third_party\ptpd-1rc1\src\dep-lmi\ptpd_msg.c(233): warning:  #188-D: enumerated type mixed with another type
..\..\..\third_party\ptpd-1rc1\src\dep-lmi\ptpd_msg.c(234): warning:  #188-D: enumerated type mixed with another type
..\..\..\third_party\ptpd-1rc1\src\dep-lmi\ptpd_msg.c(265): warning:  #188-D: enumerated type mixed with another type
..\..\..\third_party\ptpd-1rc1\src\dep-lmi\ptpd_msg.c(266): warning:  #188-D: enumerated type mixed with another type
..\..\..\third_party\ptpd-1rc1\src\dep-lmi\ptpd_msg.c(267): warning:  #188-D: enumerated type mixed with another type
..\..\..\third_party\ptpd-1rc1\src\dep-lmi\ptpd_msg.c(268): warning:  #188-D: enumerated type mixed with another type
..\..\..\third_party\ptpd-1rc1\src\dep-lmi\ptpd_msg.c(269): warning:  #188-D: enumerated type mixed with another type
..\..\..\third_party\ptpd-1rc1\src\dep-lmi\ptpd_msg.c(291): warning:  #188-D: enumerated type mixed with another type
..\..\..\third_party\ptpd-1rc1\src\dep-lmi\ptpd_msg.c(292): warning:  #188-D: enumerated type mixed with another type
..\..\..\third_party\ptpd-1rc1\src\dep-lmi\ptpd_msg.c(294): warning:  #188-D: enumerated type mixed with another type
..\..\..\third_party\ptpd-1rc1\src\dep-lmi\ptpd_msg.c(297): warning:  #188-D: enumerated type mixed with another type
..\..\..\third_party\ptpd-1rc1\src\dep-lmi\ptpd_msg.c(304): warning:  #188-D: enumerated type mixed with another type
..\..\..\third_party\ptpd-1rc1\src\dep-lmi\ptpd_msg.c(305): warning:  #188-D: enumerated type mixed with another type
..\..\..\third_party\ptpd-1rc1\src\dep-lmi\ptpd_msg.c(318): warning:  #188-D: enumerated type mixed with another type
..\..\..\third_party\ptpd-1rc1\src\dep-lmi\ptpd_msg.c(332): warning:  #188-D: enumerated type mixed with another type
..\..\..\third_party\ptpd-1rc1\src\dep-lmi\ptpd_msg.c(333): warning:  #188-D: enumerated type mixed with another type
..\..\..\third_party\ptpd-1rc1\src\dep-lmi\ptpd_msg.c(491): warning:  #61-D: integer operation result is out of range
..\..\..\third_party\ptpd-1rc1\src\dep-lmi\ptpd_msg.c(521): warning:  #61-D: integer operation result is out of range
..\..\..\third_party\ptpd-1rc1\src\dep-lmi\ptpd_msg.c(560): warning:  #188-D: enumerated type mixed with another type
..\..\..\third_party\ptpd-1rc1\src\dep-lmi\ptpd_msg.c(564): warning:  #188-D: enumerated type mixed with another type
compiling ptpd_net.c...
compiling ptpd_servo.c...
..\..\..\third_party\ptpd-1rc1\src\dep-lmi\ptpd_servo.c(15): warning:  #188-D: enumerated type mixed with another type
..\..\..\third_party\ptpd-1rc1\src\dep-lmi\ptpd_servo.c(16): warning:  #188-D: enumerated type mixed with another type
compiling arith.c...
..\..\..\third_party\ptpd-1rc1\src\arith.c(64): warning:  #188-D: enumerated type mixed with another type
compiling bmc.c...
..\..\..\third_party\ptpd-1rc1\src\bmc.c(85): warning:  #188-D: enumerated type mixed with another type
..\..\..\third_party\ptpd-1rc1\src\bmc.c(86): warning:  #188-D: enumerated type mixed with another type
..\..\..\third_party\ptpd-1rc1\src\bmc.c(100): warning:  #188-D: enumerated type mixed with another type
..\..\..\third_party\ptpd-1rc1\src\bmc.c(101): warning:  #188-D: enumerated type mixed with another type
compiling random.c...
compiling ustdlib.c...
compiling rit128x96x4.c...
Target not created
Build target 'Simulator'
assembling Startup.s...
compiling SimplePtidesOS.c...
SimplePtidesOS.c(1155): warning:  #223-D: function "higherPriority" declared implicitly
SimplePtidesOS.c(1209): error:  #127: expected a statement
SimplePtidesOS.c(1232): warning:  #12-D: parsing restarts here after previous syntax error
SimplePtidesOS.c(1250): error:  #268: declaration may not appear after executable statement in block
SimplePtidesOS.c(1250): error:  #67: expected a "}"
SimplePtidesOS.c(1659): error:  #29: expected an expression
SimplePtidesOS.c(1665): error:  #29: expected an expression
SimplePtidesOS.c(1670): warning:  #12-D: parsing restarts here after previous syntax error
SimplePtidesOS.c(1814): warning:  #223-D: function "FlashUserGet" declared implicitly
SimplePtidesOS.c(2018): warning:  #68-D: integer conversion resulted in a change of sign
SimplePtidesOS.c(2020): warning:  #188-D: enumerated type mixed with another type
SimplePtidesOS.c(2024): warning:  #188-D: enumerated type mixed with another type
SimplePtidesOS.c(2025): warning:  #188-D: enumerated type mixed with another type
SimplePtidesOS.c(2026): warning:  #188-D: enumerated type mixed with another type
SimplePtidesOS.c(2027): warning:  #188-D: enumerated type mixed with another type
SimplePtidesOS.c(2037): warning:  #188-D: enumerated type mixed with another type
SimplePtidesOS.c(2038): warning:  #188-D: enumerated type mixed with another type
SimplePtidesOS.c(2041): warning:  #188-D: enumerated type mixed with another type
SimplePtidesOS.c(2361): warning:  #188-D: enumerated type mixed with another type
SimplePtidesOS.c(2620): error:  #247: function "IntGPIOc" has already been defined
SimplePtidesOS.c(2661): error:  #247: function "IntGPIOb" has already been defined
SimplePtidesOS.c(2675): warning:  #175-D: subscript out of range
SimplePtidesOS.c(2675): warning:  #175-D: subscript out of range
SimplePtidesOS.c(2703): error:  #247: function "IntGPIOa" has already been defined
SimplePtidesOS.c(2719): error:  #20: identifier "fireSensor" is undefined
SimplePtidesOS.c(2739): warning:  #1-D: last line of file ends without a newline
SimplePtidesOS.c(2405): warning:  #177-D: variable "g_pucBuf" was declared but never referenced
compiling httpd.c...
compiling tcp.c...
compiling udp.c...
..\..\..\third_party\lwip-1.2.0\src\core\udp.c(67): warning:  #550-D: variable "pcb_cache" was set but never used
compiling dhcp.c...
compiling inet.c...
compiling mem.c...
..\..\..\third_party\lwip-1.2.0\src\core\mem.c(89): warning:  #550-D: variable "mem_sem" was set but never used
compiling memp.c...
compiling netif.c...
compiling pbuf.c...
compiling raw.c...
compiling stats.c...
compiling sys.c...
compiling tcp_in.c...
..\..\..\third_party\lwip-1.2.0\src\core\tcp_in.c(300): warning:  #236-D: controlling expression is constant
compiling tcp_out.c...
compiling ip_frag.c...
compiling icmp.c...
..\..\..\third_party\lwip-1.2.0\src\core\ipv4\icmp.c(50): warning:  #550-D: variable "code" was set but never used
compiling ip.c...
compiling ip_addr.c...
compiling etharp.c...
compiling luminaryif.c...
compiling lmi_fs.c...
compiling enet_lwip.c...
compiling protocol.c...
..\..\..\third_party\ptpd-1rc1\src\protocol.c(386): warning:  #188-D: enumerated type mixed with another type
..\..\..\third_party\ptpd-1rc1\src\protocol.c(814): warning:  #1293-D: assignment in condition
compiling ptpd_timer.c...
compiling ptpd_msg.c...
..\..\..\third_party\ptpd-1rc1\src\dep-lmi\ptpd_msg.c(72): warning:  #188-D: enumerated type mixed with another type
..\..\..\third_party\ptpd-1rc1\src\dep-lmi\ptpd_msg.c(74): warning:  #188-D: enumerated type mixed with another type
..\..\..\third_party\ptpd-1rc1\src\dep-lmi\ptpd_msg.c(100): warning:  #188-D: enumerated type mixed with another type
..\..\..\third_party\ptpd-1rc1\src\dep-lmi\ptpd_msg.c(173): warning:  #111-D: statement is unreachable
..\..\..\third_party\ptpd-1rc1\src\dep-lmi\ptpd_msg.c(226): warning:  #188-D: enumerated type mixed with another type
..\..\..\third_party\ptpd-1rc1\src\dep-lmi\ptpd_msg.c(233): warning:  #188-D: enumerated type mixed with another type
..\..\..\third_party\ptpd-1rc1\src\dep-lmi\ptpd_msg.c(234): warning:  #188-D: enumerated type mixed with another type
..\..\..\third_party\ptpd-1rc1\src\dep-lmi\ptpd_msg.c(265): warning:  #188-D: enumerated type mixed with another type
..\..\..\third_party\ptpd-1rc1\src\dep-lmi\ptpd_msg.c(266): warning:  #188-D: enumerated type mixed with another type
..\..\..\third_party\ptpd-1rc1\src\dep-lmi\ptpd_msg.c(267): warning:  #188-D: enumerated type mixed with another type
..\..\..\third_party\ptpd-1rc1\src\dep-lmi\ptpd_msg.c(268): warning:  #188-D: enumerated type mixed with another type
..\..\..\third_party\ptpd-1rc1\src\dep-lmi\ptpd_msg.c(269): warning:  #188-D: enumerated type mixed with another type
..\..\..\third_party\ptpd-1rc1\src\dep-lmi\ptpd_msg.c(291): warning:  #188-D: enumerated type mixed with another type
..\..\..\third_party\ptpd-1rc1\src\dep-lmi\ptpd_msg.c(292): warning:  #188-D: enumerated type mixed with another type
..\..\..\third_party\ptpd-1rc1\src\dep-lmi\ptpd_msg.c(294): warning:  #188-D: enumerated type mixed with another type
..\..\..\third_party\ptpd-1rc1\src\dep-lmi\ptpd_msg.c(297): warning:  #188-D: enumerated type mixed with another type
..\..\..\third_party\ptpd-1rc1\src\dep-lmi\ptpd_msg.c(304): warning:  #188-D: enumerated type mixed with another type
..\..\..\third_party\ptpd-1rc1\src\dep-lmi\ptpd_msg.c(305): warning:  #188-D: enumerated type mixed with another type
..\..\..\third_party\ptpd-1rc1\src\dep-lmi\ptpd_msg.c(318): warning:  #188-D: enumerated type mixed with another type
..\..\..\third_party\ptpd-1rc1\src\dep-lmi\ptpd_msg.c(332): warning:  #188-D: enumerated type mixed with another type
..\..\..\third_party\ptpd-1rc1\src\dep-lmi\ptpd_msg.c(333): warning:  #188-D: enumerated type mixed with another type
..\..\..\third_party\ptpd-1rc1\src\dep-lmi\ptpd_msg.c(491): warning:  #61-D: integer operation result is out of range
..\..\..\third_party\ptpd-1rc1\src\dep-lmi\ptpd_msg.c(521): warning:  #61-D: integer operation result is out of range
..\..\..\third_party\ptpd-1rc1\src\dep-lmi\ptpd_msg.c(560): warning:  #188-D: enumerated type mixed with another type
..\..\..\third_party\ptpd-1rc1\src\dep-lmi\ptpd_msg.c(564): warning:  #188-D: enumerated type mixed with another type
compiling ptpd_net.c...
compiling ptpd_servo.c...
..\..\..\third_party\ptpd-1rc1\src\dep-lmi\ptpd_servo.c(15): warning:  #188-D: enumerated type mixed with another type
..\..\..\third_party\ptpd-1rc1\src\dep-lmi\ptpd_servo.c(16): warning:  #188-D: enumerated type mixed with another type
compiling arith.c...
..\..\..\third_party\ptpd-1rc1\src\arith.c(64): warning:  #188-D: enumerated type mixed with another type
compiling bmc.c...
..\..\..\third_party\ptpd-1rc1\src\bmc.c(85): warning:  #188-D: enumerated type mixed with another type
..\..\..\third_party\ptpd-1rc1\src\bmc.c(86): warning:  #188-D: enumerated type mixed with another type
..\..\..\third_party\ptpd-1rc1\src\bmc.c(100): warning:  #188-D: enumerated type mixed with another type
..\..\..\third_party\ptpd-1rc1\src\bmc.c(101): warning:  #188-D: enumerated type mixed with another type
compiling random.c...
compiling ustdlib.c...
compiling rit128x96x4.c...
Target not created
Build target 'Simulator'
compiling SimplePtidesOS.c...
SimplePtidesOS.c(1155): warning:  #223-D: function "higherPriority" declared implicitly
SimplePtidesOS.c(1191): error:  #29: expected an expression
SimplePtidesOS.c(1192): error:  #65: expected a ";"
SimplePtidesOS.c(1228): warning:  #177-D: variable "dummyEvent" was declared but never referenced
SimplePtidesOS.c(1660): error:  #29: expected an expression
SimplePtidesOS.c(1666): error:  #29: expected an expression
SimplePtidesOS.c(1671): warning:  #12-D: parsing restarts here after previous syntax error
SimplePtidesOS.c(1815): warning:  #223-D: function "FlashUserGet" declared implicitly
SimplePtidesOS.c(2019): warning:  #68-D: integer conversion resulted in a change of sign
SimplePtidesOS.c(2021): warning:  #188-D: enumerated type mixed with another type
SimplePtidesOS.c(2025): warning:  #188-D: enumerated type mixed with another type
SimplePtidesOS.c(2026): warning:  #188-D: enumerated type mixed with another type
SimplePtidesOS.c(2027): warning:  #188-D: enumerated type mixed with another type
SimplePtidesOS.c(2028): warning:  #188-D: enumerated type mixed with another type
SimplePtidesOS.c(2038): warning:  #188-D: enumerated type mixed with another type
SimplePtidesOS.c(2039): warning:  #188-D: enumerated type mixed with another type
SimplePtidesOS.c(2042): warning:  #188-D: enumerated type mixed with another type
SimplePtidesOS.c(2362): warning:  #188-D: enumerated type mixed with another type
SimplePtidesOS.c(2621): error:  #247: function "IntGPIOc" has already been defined
SimplePtidesOS.c(2662): error:  #247: function "IntGPIOb" has already been defined
SimplePtidesOS.c(2676): warning:  #175-D: subscript out of range
SimplePtidesOS.c(2676): warning:  #175-D: subscript out of range
SimplePtidesOS.c(2704): error:  #247: function "IntGPIOa" has already been defined
SimplePtidesOS.c(2720): error:  #20: identifier "fireSensor" is undefined
SimplePtidesOS.c(2740): warning:  #1-D: last line of file ends without a newline
SimplePtidesOS.c(2406): warning:  #177-D: variable "g_pucBuf" was declared but never referenced
Target not created
Build target 'Simulator'
compiling SimplePtidesOS.c...
SimplePtidesOS.c(1155): warning:  #223-D: function "higherPriority" declared implicitly
SimplePtidesOS.c(1228): warning:  #177-D: variable "dummyEvent" was declared but never referenced
SimplePtidesOS.c(1660): error:  #29: expected an expression
SimplePtidesOS.c(1666): error:  #29: expected an expression
SimplePtidesOS.c(1671): warning:  #12-D: parsing restarts here after previous syntax error
SimplePtidesOS.c(1815): warning:  #223-D: function "FlashUserGet" declared implicitly
SimplePtidesOS.c(2019): warning:  #68-D: integer conversion resulted in a change of sign
SimplePtidesOS.c(2021): warning:  #188-D: enumerated type mixed with another type
SimplePtidesOS.c(2025): warning:  #188-D: enumerated type mixed with another type
SimplePtidesOS.c(2026): warning:  #188-D: enumerated type mixed with another type
SimplePtidesOS.c(2027): warning:  #188-D: enumerated type mixed with another type
SimplePtidesOS.c(2028): warning:  #188-D: enumerated type mixed with another type
SimplePtidesOS.c(2038): warning:  #188-D: enumerated type mixed with another type
SimplePtidesOS.c(2039): warning:  #188-D: enumerated type mixed with another type
SimplePtidesOS.c(2042): warning:  #188-D: enumerated type mixed with another type
SimplePtidesOS.c(2362): warning:  #188-D: enumerated type mixed with another type
SimplePtidesOS.c(2621): error:  #247: function "IntGPIOc" has already been defined
SimplePtidesOS.c(2662): error:  #247: function "IntGPIOb" has already been defined
SimplePtidesOS.c(2676): warning:  #175-D: subscript out of range
SimplePtidesOS.c(2676): warning:  #175-D: subscript out of range
SimplePtidesOS.c(2704): error:  #247: function "IntGPIOa" has already been defined
SimplePtidesOS.c(2720): error:  #20: identifier "fireSensor" is undefined
SimplePtidesOS.c(2740): warning:  #1-D: last line of file ends without a newline
SimplePtidesOS.c(2406): warning:  #177-D: variable "g_pucBuf" was declared but never referenced
Target not created
Build target 'Simulator'
compiling SimplePtidesOS.c...
SimplePtidesOS.c(1155): warning:  #223-D: function "higherPriority" declared implicitly
SimplePtidesOS.c(1228): warning:  #177-D: variable "dummyEvent" was declared but never referenced
SimplePtidesOS.c(1810): warning:  #223-D: function "FlashUserGet" declared implicitly
SimplePtidesOS.c(2014): warning:  #68-D: integer conversion resulted in a change of sign
SimplePtidesOS.c(2016): warning:  #188-D: enumerated type mixed with another type
SimplePtidesOS.c(2020): warning:  #188-D: enumerated type mixed with another type
SimplePtidesOS.c(2021): warning:  #188-D: enumerated type mixed with another type
SimplePtidesOS.c(2022): warning:  #188-D: enumerated type mixed with another type
SimplePtidesOS.c(2023): warning:  #188-D: enumerated type mixed with another type
SimplePtidesOS.c(2033): warning:  #188-D: enumerated type mixed with another type
SimplePtidesOS.c(2034): warning:  #188-D: enumerated type mixed with another type
SimplePtidesOS.c(2037): warning:  #188-D: enumerated type mixed with another type
SimplePtidesOS.c(2357): warning:  #188-D: enumerated type mixed with another type
SimplePtidesOS.c(2616): error:  #247: function "IntGPIOc" has already been defined
SimplePtidesOS.c(2657): error:  #247: function "IntGPIOb" has already been defined
SimplePtidesOS.c(2671): warning:  #175-D: subscript out of range
SimplePtidesOS.c(2671): warning:  #175-D: subscript out of range
SimplePtidesOS.c(2699): error:  #247: function "IntGPIOa" has already been defined
SimplePtidesOS.c(2715): error:  #20: identifier "fireSensor" is undefined
SimplePtidesOS.c(2735): warning:  #1-D: last line of file ends without a newline
SimplePtidesOS.c(2401): warning:  #177-D: variable "g_pucBuf" was declared but never referenced
Target not created
Build target 'Simulator'
compiling SimplePtidesOS.c...
SimplePtidesOS.c(1062): warning:  #223-D: function "higherPriority" declared implicitly
SimplePtidesOS.c(1135): warning:  #177-D: variable "dummyEvent" was declared but never referenced
SimplePtidesOS.c(1717): warning:  #223-D: function "FlashUserGet" declared implicitly
SimplePtidesOS.c(1921): warning:  #68-D: integer conversion resulted in a change of sign
SimplePtidesOS.c(1923): warning:  #188-D: enumerated type mixed with another type
SimplePtidesOS.c(1927): warning:  #188-D: enumerated type mixed with another type
SimplePtidesOS.c(1928): warning:  #188-D: enumerated type mixed with another type
SimplePtidesOS.c(1929): warning:  #188-D: enumerated type mixed with another type
SimplePtidesOS.c(1930): warning:  #188-D: enumerated type mixed with another type
SimplePtidesOS.c(1940): warning:  #188-D: enumerated type mixed with another type
SimplePtidesOS.c(1941): warning:  #188-D: enumerated type mixed with another type
SimplePtidesOS.c(1944): warning:  #188-D: enumerated type mixed with another type
SimplePtidesOS.c(2264): warning:  #188-D: enumerated type mixed with another type
SimplePtidesOS.c(2578): warning:  #175-D: subscript out of range
SimplePtidesOS.c(2578): warning:  #175-D: subscript out of range
SimplePtidesOS.c(2606): error:  #247: function "IntGPIOa" has already been defined
SimplePtidesOS.c(2622): error:  #20: identifier "fireSensor" is undefined
SimplePtidesOS.c(2642): warning:  #1-D: last line of file ends without a newline
SimplePtidesOS.c(2308): warning:  #177-D: variable "g_pucBuf" was declared but never referenced
Target not created
Build target 'Simulator'
compiling SimplePtidesOS.c...
SimplePtidesOS.c(1027): warning:  #223-D: function "higherPriority" declared implicitly
SimplePtidesOS.c(1100): warning:  #177-D: variable "dummyEvent" was declared but never referenced
SimplePtidesOS.c(1682): warning:  #223-D: function "FlashUserGet" declared implicitly
SimplePtidesOS.c(1886): warning:  #68-D: integer conversion resulted in a change of sign
SimplePtidesOS.c(1888): warning:  #188-D: enumerated type mixed with another type
SimplePtidesOS.c(1892): warning:  #188-D: enumerated type mixed with another type
SimplePtidesOS.c(1893): warning:  #188-D: enumerated type mixed with another type
SimplePtidesOS.c(1894): warning:  #188-D: enumerated type mixed with another type
SimplePtidesOS.c(1895): warning:  #188-D: enumerated type mixed with another type
SimplePtidesOS.c(1905): warning:  #188-D: enumerated type mixed with another type
SimplePtidesOS.c(1906): warning:  #188-D: enumerated type mixed with another type
SimplePtidesOS.c(1909): warning:  #188-D: enumerated type mixed with another type
SimplePtidesOS.c(2229): warning:  #188-D: enumerated type mixed with another type
SimplePtidesOS.c(2543): warning:  #175-D: subscript out of range
SimplePtidesOS.c(2543): warning:  #175-D: subscript out of range
SimplePtidesOS.c(2587): error:  #20: identifier "fireSensor" is undefined
SimplePtidesOS.c(2607): warning:  #1-D: last line of file ends without a newline
SimplePtidesOS.c(402): warning:  #177-D: function "Delay" was declared but never referenced
SimplePtidesOS.c(2273): warning:  #177-D: variable "g_pucBuf" was declared but never referenced
Target not created
Build target 'Simulator'
compiling SimplePtidesOS.c...
SimplePtidesOS.c(1027): warning:  #223-D: function "higherPriority" declared implicitly
SimplePtidesOS.c(1100): warning:  #177-D: variable "dummyEvent" was declared but never referenced
SimplePtidesOS.c(1682): warning:  #223-D: function "FlashUserGet" declared implicitly
SimplePtidesOS.c(1886): warning:  #68-D: integer conversion resulted in a change of sign
SimplePtidesOS.c(1888): warning:  #188-D: enumerated type mixed with another type
SimplePtidesOS.c(1892): warning:  #188-D: enumerated type mixed with another type
SimplePtidesOS.c(1893): warning:  #188-D: enumerated type mixed with another type
SimplePtidesOS.c(1894): warning:  #188-D: enumerated type mixed with another type
SimplePtidesOS.c(1895): warning:  #188-D: enumerated type mixed with another type
SimplePtidesOS.c(1905): warning:  #188-D: enumerated type mixed with another type
SimplePtidesOS.c(1906): warning:  #188-D: enumerated type mixed with another type
SimplePtidesOS.c(1909): warning:  #188-D: enumerated type mixed with another type
SimplePtidesOS.c(2229): warning:  #188-D: enumerated type mixed with another type
SimplePtidesOS.c(2543): warning:  #175-D: subscript out of range
SimplePtidesOS.c(2543): warning:  #175-D: subscript out of range
SimplePtidesOS.c(2607): warning:  #1-D: last line of file ends without a newline
SimplePtidesOS.c(402): warning:  #177-D: function "Delay" was declared but never referenced
SimplePtidesOS.c(2273): warning:  #177-D: variable "g_pucBuf" was declared but never referenced
SimplePtidesOS.c(1174): warning: C3017W: dummyEvent may be used before being set
SimplePtidesOS.c(1059): warning: C3017W: dummyEvent may be used before being set
SimplePtidesOS.c(1359): warning: C3017W: dummyEvent may be used before being set
linking...
.\Obj\SimplePtidesOS.axf: Error: L6218E: Undefined symbol higherPriority (referred from simpleptidesos.o).
Target not created
Build target 'Simulator'
compiling SimplePtidesOS.c...
SimplePtidesOS.c(1027): warning:  #223-D: function "higherPriority" declared implicitly
SimplePtidesOS.c(1100): warning:  #177-D: variable "dummyEvent" was declared but never referenced
SimplePtidesOS.c(1268): error:  #159: declaration is incompatible with previous "higherPriority" (declared at line 1027)
SimplePtidesOS.c(1687): warning:  #223-D: function "FlashUserGet" declared implicitly
SimplePtidesOS.c(1891): warning:  #68-D: integer conversion resulted in a change of sign
SimplePtidesOS.c(1893): warning:  #188-D: enumerated type mixed with another type
SimplePtidesOS.c(1897): warning:  #188-D: enumerated type mixed with another type
SimplePtidesOS.c(1898): warning:  #188-D: enumerated type mixed with another type
SimplePtidesOS.c(1899): warning:  #188-D: enumerated type mixed with another type
SimplePtidesOS.c(1900): warning:  #188-D: enumerated type mixed with another type
SimplePtidesOS.c(1910): warning:  #188-D: enumerated type mixed with another type
SimplePtidesOS.c(1911): warning:  #188-D: enumerated type mixed with another type
SimplePtidesOS.c(1914): warning:  #188-D: enumerated type mixed with another type
SimplePtidesOS.c(2234): warning:  #188-D: enumerated type mixed with another type
SimplePtidesOS.c(2548): warning:  #175-D: subscript out of range
SimplePtidesOS.c(2548): warning:  #175-D: subscript out of range
SimplePtidesOS.c(2612): warning:  #1-D: last line of file ends without a newline
SimplePtidesOS.c(402): warning:  #177-D: function "Delay" was declared but never referenced
SimplePtidesOS.c(2278): warning:  #177-D: variable "g_pucBuf" was declared but never referenced
Target not created
Build target 'Simulator'
compiling SimplePtidesOS.c...
SimplePtidesOS.c(1027): warning:  #223-D: function "higherPriority" declared implicitly
SimplePtidesOS.c(1100): warning:  #177-D: variable "dummyEvent" was declared but never referenced
SimplePtidesOS.c(1268): error:  #159: declaration is incompatible with previous "higherPriority" (declared at line 1027)
SimplePtidesOS.c(1270): warning:  #940-D: missing return statement at end of non-void function "higherPriority"
SimplePtidesOS.c(1687): warning:  #223-D: function "FlashUserGet" declared implicitly
SimplePtidesOS.c(1891): warning:  #68-D: integer conversion resulted in a change of sign
SimplePtidesOS.c(1893): warning:  #188-D: enumerated type mixed with another type
SimplePtidesOS.c(1897): warning:  #188-D: enumerated type mixed with another type
SimplePtidesOS.c(1898): warning:  #188-D: enumerated type mixed with another type
SimplePtidesOS.c(1899): warning:  #188-D: enumerated type mixed with another type
SimplePtidesOS.c(1900): warning:  #188-D: enumerated type mixed with another type
SimplePtidesOS.c(1910): warning:  #188-D: enumerated type mixed with another type
SimplePtidesOS.c(1911): warning:  #188-D: enumerated type mixed with another type
SimplePtidesOS.c(1914): warning:  #188-D: enumerated type mixed with another type
SimplePtidesOS.c(2234): warning:  #188-D: enumerated type mixed with another type
SimplePtidesOS.c(2548): warning:  #175-D: subscript out of range
SimplePtidesOS.c(2548): warning:  #175-D: subscript out of range
SimplePtidesOS.c(2612): warning:  #1-D: last line of file ends without a newline
SimplePtidesOS.c(402): warning:  #177-D: function "Delay" was declared but never referenced
SimplePtidesOS.c(2278): warning:  #177-D: variable "g_pucBuf" was declared but never referenced
Target not created
Build target 'Simulator'
compiling SimplePtidesOS.c...
SimplePtidesOS.c(1100): warning:  #177-D: variable "dummyEvent" was declared but never referenced
SimplePtidesOS.c(1270): warning:  #940-D: missing return statement at end of non-void function "higherPriority"
SimplePtidesOS.c(1687): warning:  #223-D: function "FlashUserGet" declared implicitly
SimplePtidesOS.c(1891): warning:  #68-D: integer conversion resulted in a change of sign
SimplePtidesOS.c(1893): warning:  #188-D: enumerated type mixed with another type
SimplePtidesOS.c(1897): warning:  #188-D: enumerated type mixed with another type
SimplePtidesOS.c(1898): warning:  #188-D: enumerated type mixed with another type
SimplePtidesOS.c(1899): warning:  #188-D: enumerated type mixed with another type
SimplePtidesOS.c(1900): warning:  #188-D: enumerated type mixed with another type
SimplePtidesOS.c(1910): warning:  #188-D: enumerated type mixed with another type
SimplePtidesOS.c(1911): warning:  #188-D: enumerated type mixed with another type
SimplePtidesOS.c(1914): warning:  #188-D: enumerated type mixed with another type
SimplePtidesOS.c(2234): warning:  #188-D: enumerated type mixed with another type
SimplePtidesOS.c(2548): warning:  #175-D: subscript out of range
SimplePtidesOS.c(2548): warning:  #175-D: subscript out of range
SimplePtidesOS.c(2612): warning:  #1-D: last line of file ends without a newline
SimplePtidesOS.c(402): warning:  #177-D: function "Delay" was declared but never referenced
SimplePtidesOS.c(2278): warning:  #177-D: variable "g_pucBuf" was declared but never referenced
SimplePtidesOS.c(1174): warning: C3017W: dummyEvent may be used before being set
SimplePtidesOS.c(1059): warning: C3017W: dummyEvent may be used before being set
SimplePtidesOS.c(1364): warning: C3017W: dummyEvent may be used before being set
linking...
Program Size: Code=41476 RO-data=4468 RW-data=428 ZI-data=29636  
".\Obj\SimplePtidesOS.axf" - 0 Error(s), 21 Warning(s).
Build target 'Simulator'
assembling Startup.s...
compiling SimplePtidesOS.c...
SimplePtidesOS.c(1100): warning:  #177-D: variable "dummyEvent" was declared but never referenced
SimplePtidesOS.c(1270): warning:  #940-D: missing return statement at end of non-void function "higherPriority"
SimplePtidesOS.c(1687): warning:  #223-D: function "FlashUserGet" declared implicitly
SimplePtidesOS.c(1891): warning:  #68-D: integer conversion resulted in a change of sign
SimplePtidesOS.c(1893): warning:  #188-D: enumerated type mixed with another type
SimplePtidesOS.c(1897): warning:  #188-D: enumerated type mixed with another type
SimplePtidesOS.c(1898): warning:  #188-D: enumerated type mixed with another type
SimplePtidesOS.c(1899): warning:  #188-D: enumerated type mixed with another type
SimplePtidesOS.c(1900): warning:  #188-D: enumerated type mixed with another type
SimplePtidesOS.c(1910): warning:  #188-D: enumerated type mixed with another type
SimplePtidesOS.c(1911): warning:  #188-D: enumerated type mixed with another type
SimplePtidesOS.c(1914): warning:  #188-D: enumerated type mixed with another type
SimplePtidesOS.c(2234): warning:  #188-D: enumerated type mixed with another type
SimplePtidesOS.c(2548): warning:  #175-D: subscript out of range
SimplePtidesOS.c(2548): warning:  #175-D: subscript out of range
SimplePtidesOS.c(2612): warning:  #1-D: last line of file ends without a newline
SimplePtidesOS.c(402): warning:  #177-D: function "Delay" was declared but never referenced
SimplePtidesOS.c(2278): warning:  #177-D: variable "g_pucBuf" was declared but never referenced
SimplePtidesOS.c(1174): warning: C3017W: dummyEvent may be used before being set
SimplePtidesOS.c(1059): warning: C3017W: dummyEvent may be used before being set
SimplePtidesOS.c(1364): warning: C3017W: dummyEvent may be used before being set
compiling httpd.c...
compiling tcp.c...
compiling udp.c...
..\..\..\third_party\lwip-1.2.0\src\core\udp.c(67): warning:  #550-D: variable "pcb_cache" was set but never used
compiling dhcp.c...
compiling inet.c...
compiling mem.c...
..\..\..\third_party\lwip-1.2.0\src\core\mem.c(89): warning:  #550-D: variable "mem_sem" was set but never used
compiling memp.c...
compiling netif.c...
compiling pbuf.c...
compiling raw.c...
compiling stats.c...
compiling sys.c...
compiling tcp_in.c...
..\..\..\third_party\lwip-1.2.0\src\core\tcp_in.c(300): warning:  #236-D: controlling expression is constant
compiling tcp_out.c...
compiling ip_frag.c...
compiling icmp.c...
..\..\..\third_party\lwip-1.2.0\src\core\ipv4\icmp.c(50): warning:  #550-D: variable "code" was set but never used
compiling ip.c...
compiling ip_addr.c...
compiling etharp.c...
compiling luminaryif.c...
compiling lmi_fs.c...
compiling enet_lwip.c...
compiling protocol.c...
..\..\..\third_party\ptpd-1rc1\src\protocol.c(386): warning:  #188-D: enumerated type mixed with another type
..\..\..\third_party\ptpd-1rc1\src\protocol.c(814): warning:  #1293-D: assignment in condition
compiling ptpd_timer.c...
compiling ptpd_msg.c...
..\..\..\third_party\ptpd-1rc1\src\dep-lmi\ptpd_msg.c(72): warning:  #188-D: enumerated type mixed with another type
..\..\..\third_party\ptpd-1rc1\src\dep-lmi\ptpd_msg.c(74): warning:  #188-D: enumerated type mixed with another type
..\..\..\third_party\ptpd-1rc1\src\dep-lmi\ptpd_msg.c(100): warning:  #188-D: enumerated type mixed with another type
..\..\..\third_party\ptpd-1rc1\src\dep-lmi\ptpd_msg.c(173): warning:  #111-D: statement is unreachable
..\..\..\third_party\ptpd-1rc1\src\dep-lmi\ptpd_msg.c(226): warning:  #188-D: enumerated type mixed with another type
..\..\..\third_party\ptpd-1rc1\src\dep-lmi\ptpd_msg.c(233): warning:  #188-D: enumerated type mixed with another type
..\..\..\third_party\ptpd-1rc1\src\dep-lmi\ptpd_msg.c(234): warning:  #188-D: enumerated type mixed with another type
..\..\..\third_party\ptpd-1rc1\src\dep-lmi\ptpd_msg.c(265): warning:  #188-D: enumerated type mixed with another type
..\..\..\third_party\ptpd-1rc1\src\dep-lmi\ptpd_msg.c(266): warning:  #188-D: enumerated type mixed with another type
..\..\..\third_party\ptpd-1rc1\src\dep-lmi\ptpd_msg.c(267): warning:  #188-D: enumerated type mixed with another type
..\..\..\third_party\ptpd-1rc1\src\dep-lmi\ptpd_msg.c(268): warning:  #188-D: enumerated type mixed with another type
..\..\..\third_party\ptpd-1rc1\src\dep-lmi\ptpd_msg.c(269): warning:  #188-D: enumerated type mixed with another type
..\..\..\third_party\ptpd-1rc1\src\dep-lmi\ptpd_msg.c(291): warning:  #188-D: enumerated type mixed with another type
..\..\..\third_party\ptpd-1rc1\src\dep-lmi\ptpd_msg.c(292): warning:  #188-D: enumerated type mixed with another type
..\..\..\third_party\ptpd-1rc1\src\dep-lmi\ptpd_msg.c(294): warning:  #188-D: enumerated type mixed with another type
..\..\..\third_party\ptpd-1rc1\src\dep-lmi\ptpd_msg.c(297): warning:  #188-D: enumerated type mixed with another type
..\..\..\third_party\ptpd-1rc1\src\dep-lmi\ptpd_msg.c(304): warning:  #188-D: enumerated type mixed with another type
..\..\..\third_party\ptpd-1rc1\src\dep-lmi\ptpd_msg.c(305): warning:  #188-D: enumerated type mixed with another type
..\..\..\third_party\ptpd-1rc1\src\dep-lmi\ptpd_msg.c(318): warning:  #188-D: enumerated type mixed with another type
..\..\..\third_party\ptpd-1rc1\src\dep-lmi\ptpd_msg.c(332): warning:  #188-D: enumerated type mixed with another type
..\..\..\third_party\ptpd-1rc1\src\dep-lmi\ptpd_msg.c(333): warning:  #188-D: enumerated type mixed with another type
..\..\..\third_party\ptpd-1rc1\src\dep-lmi\ptpd_msg.c(491): warning:  #61-D: integer operation result is out of range
..\..\..\third_party\ptpd-1rc1\src\dep-lmi\ptpd_msg.c(521): warning:  #61-D: integer operation result is out of range
..\..\..\third_party\ptpd-1rc1\src\dep-lmi\ptpd_msg.c(560): warning:  #188-D: enumerated type mixed with another type
..\..\..\third_party\ptpd-1rc1\src\dep-lmi\ptpd_msg.c(564): warning:  #188-D: enumerated type mixed with another type
compiling ptpd_net.c...
compiling ptpd_servo.c...
..\..\..\third_party\ptpd-1rc1\src\dep-lmi\ptpd_servo.c(15): warning:  #188-D: enumerated type mixed with another type
..\..\..\third_party\ptpd-1rc1\src\dep-lmi\ptpd_servo.c(16): warning:  #188-D: enumerated type mixed with another type
compiling arith.c...
..\..\..\third_party\ptpd-1rc1\src\arith.c(64): warning:  #188-D: enumerated type mixed with another type
compiling bmc.c...
..\..\..\third_party\ptpd-1rc1\src\bmc.c(85): warning:  #188-D: enumerated type mixed with another type
..\..\..\third_party\ptpd-1rc1\src\bmc.c(86): warning:  #188-D: enumerated type mixed with another type
..\..\..\third_party\ptpd-1rc1\src\bmc.c(100): warning:  #188-D: enumerated type mixed with another type
..\..\..\third_party\ptpd-1rc1\src\bmc.c(101): warning:  #188-D: enumerated type mixed with another type
compiling random.c...
compiling ustdlib.c...
compiling rit128x96x4.c...
linking...
Program Size: Code=41476 RO-data=4468 RW-data=428 ZI-data=29636  
".\Obj\SimplePtidesOS.axf" - 0 Error(s), 59 Warning(s).
Build target 'Simulator'
compiling SimplePtidesOS.c...
SimplePtidesOS.c(101): error:  #147: declaration is incompatible with "int locationCounter" (declared at line 84)
SimplePtidesOS.c(1268): warning:  #177-D: variable "dummyEvent" was declared but never referenced
SimplePtidesOS.c(1291): error:  #147: declaration is incompatible with "void processAvailableEvents(void)" (declared at line 50 of "functions.h")
SimplePtidesOS.c(1740): warning:  #223-D: function "initializeSensor" declared implicitly
SimplePtidesOS.c(1827): warning:  #223-D: function "FlashUserGet" declared implicitly
SimplePtidesOS.c(2031): warning:  #68-D: integer conversion resulted in a change of sign
SimplePtidesOS.c(2033): warning:  #188-D: enumerated type mixed with another type
SimplePtidesOS.c(2037): warning:  #188-D: enumerated type mixed with another type
SimplePtidesOS.c(2038): warning:  #188-D: enumerated type mixed with another type
SimplePtidesOS.c(2039): warning:  #188-D: enumerated type mixed with another type
SimplePtidesOS.c(2040): warning:  #188-D: enumerated type mixed with another type
SimplePtidesOS.c(2050): warning:  #188-D: enumerated type mixed with another type
SimplePtidesOS.c(2051): warning:  #188-D: enumerated type mixed with another type
SimplePtidesOS.c(2054): warning:  #188-D: enumerated type mixed with another type
SimplePtidesOS.c(2374): warning:  #188-D: enumerated type mixed with another type
SimplePtidesOS.c(2586): error:  #169: expected a declaration
SimplePtidesOS.c(2631): warning:  #12-D: parsing restarts here after previous syntax error
SimplePtidesOS.c(2636): error:  #40: expected an identifier
SimplePtidesOS.c(2636): error:  #79: expected a type specifier
SimplePtidesOS.c(2636): error:  #145: function "<error>" may not be initialized
SimplePtidesOS.c(2636): error:  #28: expression must have a constant value
SimplePtidesOS.c(2637): error:  #77-D: this declaration has no storage class or type specifier
SimplePtidesOS.c(2637): error:  #65: expected a ";"
SimplePtidesOS.c(2642): warning:  #1295-D: Deprecated declaration DisplayIntStatus - give arg types
SimplePtidesOS.c(2642): warning:  #77-D: this declaration has no storage class or type specifier
SimplePtidesOS.c(2642): error:  #147: declaration is incompatible with "void DisplayIntStatus(void)" (declared at line 385)
SimplePtidesOS.c(2647): error:  #79: expected a type specifier
SimplePtidesOS.c(2647): error:  #79: expected a type specifier
SimplePtidesOS.c(2647): error:  #79: expected a type specifier
SimplePtidesOS.c(2647): warning:  #77-D: this declaration has no storage class or type specifier
SimplePtidesOS.c(2647): error:  #147: declaration is incompatible with "void GPIOPinWrite(unsigned long, unsigned char, unsigned char)" (declared at line 124 of "../../../src/gpio.h")
SimplePtidesOS.c(2649): error:  #77-D: this declaration has no storage class or type specifier
SimplePtidesOS.c(2649): error:  #65: expected a ";"
SimplePtidesOS.c(2650): error:  #169: expected a declaration
SimplePtidesOS.c(2683): warning:  #12-D: parsing restarts here after previous syntax error
SimplePtidesOS.c(2688): error:  #79: expected a type specifier
SimplePtidesOS.c(2688): error:  #79: expected a type specifier
SimplePtidesOS.c(2688): error:  #79: expected a type specifier
SimplePtidesOS.c(2688): warning:  #77-D: this declaration has no storage class or type specifier
SimplePtidesOS.c(2690): error:  #77-D: this declaration has no storage class or type specifier
SimplePtidesOS.c(2690): error:  #65: expected a ";"
SimplePtidesOS.c(2691): error:  #169: expected a declaration
SimplePtidesOS.c(2724): warning:  #12-D: parsing restarts here after previous syntax error
SimplePtidesOS.c(2729): error:  #79: expected a type specifier
SimplePtidesOS.c(2729): error:  #79: expected a type specifier
SimplePtidesOS.c(2729): error:  #79: expected a type specifier
SimplePtidesOS.c(2729): warning:  #77-D: this declaration has no storage class or type specifier
SimplePtidesOS.c(2731): error:  #77-D: this declaration has no storage class or type specifier
SimplePtidesOS.c(2731): error:  #65: expected a ";"
SimplePtidesOS.c(2732): error:  #169: expected a declaration
SimplePtidesOS.c(2764): warning:  #12-D: parsing restarts here after previous syntax error
SimplePtidesOS.c(2765): error:  #77-D: this declaration has no storage class or type specifier
Target not created
Build target 'Simulator'
compiling SimplePtidesOS.c...
SimplePtidesOS.c(1266): warning:  #177-D: variable "dummyEvent" was declared but never referenced
SimplePtidesOS.c(1289): error:  #147: declaration is incompatible with "void processAvailableEvents(void)" (declared at line 50 of "functions.h")
SimplePtidesOS.c(1738): warning:  #223-D: function "initializeSensor" declared implicitly
SimplePtidesOS.c(1825): warning:  #223-D: function "FlashUserGet" declared implicitly
SimplePtidesOS.c(2029): warning:  #68-D: integer conversion resulted in a change of sign
SimplePtidesOS.c(2031): warning:  #188-D: enumerated type mixed with another type
SimplePtidesOS.c(2035): warning:  #188-D: enumerated type mixed with another type
SimplePtidesOS.c(2036): warning:  #188-D: enumerated type mixed with another type
SimplePtidesOS.c(2037): warning:  #188-D: enumerated type mixed with another type
SimplePtidesOS.c(2038): warning:  #188-D: enumerated type mixed with another type
SimplePtidesOS.c(2048): warning:  #188-D: enumerated type mixed with another type
SimplePtidesOS.c(2049): warning:  #188-D: enumerated type mixed with another type
SimplePtidesOS.c(2052): warning:  #188-D: enumerated type mixed with another type
SimplePtidesOS.c(2372): warning:  #188-D: enumerated type mixed with another type
SimplePtidesOS.c(2584): error:  #169: expected a declaration
SimplePtidesOS.c(2629): warning:  #12-D: parsing restarts here after previous syntax error
SimplePtidesOS.c(2634): error:  #40: expected an identifier
SimplePtidesOS.c(2634): error:  #79: expected a type specifier
SimplePtidesOS.c(2634): error:  #145: function "<error>" may not be initialized
SimplePtidesOS.c(2634): error:  #28: expression must have a constant value
SimplePtidesOS.c(2635): error:  #77-D: this declaration has no storage class or type specifier
SimplePtidesOS.c(2635): error:  #65: expected a ";"
SimplePtidesOS.c(2640): warning:  #1295-D: Deprecated declaration DisplayIntStatus - give arg types
SimplePtidesOS.c(2640): warning:  #77-D: this declaration has no storage class or type specifier
[...]
compiling arith.c...
..\..\..\third_party\ptpd-1rc1\src\arith.c(64): warning:  #188-D: enumerated type mixed with another type
compiling bmc.c...
..\..\..\third_party\ptpd-1rc1\src\bmc.c(85): warning:  #188-D: enumerated type mixed with another type
..\..\..\third_party\ptpd-1rc1\src\bmc.c(86): warning:  #188-D: enumerated type mixed with another type
..\..\..\third_party\ptpd-1rc1\src\bmc.c(100): warning:  #188-D: enumerated type mixed with another type
..\..\..\third_party\ptpd-1rc1\src\bmc.c(101): warning:  #188-D: enumerated type mixed with another type
compiling random.c...
compiling ustdlib.c...
compiling rit128x96x4.c...
linking...
Program Size: Code=41556 RO-data=4468 RW-data=432 ZI-data=29664  
".\Obj\SimplePtidesOS.axf" - 0 Error(s), 55 Warning(s).
Build target 'Simulator'
compiling SimplePtidesOS.c...
SimplePtidesOS.c(1261): warning:  #177-D: variable "dummyEvent" was declared but never referenced
SimplePtidesOS.c(1298): error:  #268: declaration may not appear after executable statement in block
SimplePtidesOS.c(1356): error:  #127: expected a statement
SimplePtidesOS.c(1378): warning:  #12-D: parsing restarts here after previous syntax error
SimplePtidesOS.c(1820): warning:  #223-D: function "FlashUserGet" declared implicitly
SimplePtidesOS.c(2024): warning:  #68-D: integer conversion resulted in a change of sign
SimplePtidesOS.c(2026): warning:  #188-D: enumerated type mixed with another type
SimplePtidesOS.c(2030): warning:  #188-D: enumerated type mixed with another type
SimplePtidesOS.c(2031): warning:  #188-D: enumerated type mixed with another type
SimplePtidesOS.c(2032): warning:  #188-D: enumerated type mixed with another type
SimplePtidesOS.c(2033): warning:  #188-D: enumerated type mixed with another type
SimplePtidesOS.c(2043): warning:  #188-D: enumerated type mixed with another type
SimplePtidesOS.c(2044): warning:  #188-D: enumerated type mixed with another type
SimplePtidesOS.c(2047): warning:  #188-D: enumerated type mixed with another type
SimplePtidesOS.c(2367): warning:  #188-D: enumerated type mixed with another type
SimplePtidesOS.c(2755): warning:  #1-D: last line of file ends without a newline
SimplePtidesOS.c(420): warning:  #177-D: function "Delay" was declared but never referenced
SimplePtidesOS.c(2411): warning:  #177-D: variable "g_pucBuf" was declared but never referenced
Target not created
Build target 'Simulator'
compiling SimplePtidesOS.c...
SimplePtidesOS.c(1261): warning:  #177-D: variable "dummyEvent" was declared but never referenced
SimplePtidesOS.c(1357): error:  #127: expected a statement
SimplePtidesOS.c(1379): warning:  #12-D: parsing restarts here after previous syntax error
SimplePtidesOS.c(1821): warning:  #223-D: function "FlashUserGet" declared implicitly
SimplePtidesOS.c(2025): warning:  #68-D: integer conversion resulted in a change of sign
SimplePtidesOS.c(2027): warning:  #188-D: enumerated type mixed with another type
SimplePtidesOS.c(2031): warning:  #188-D: enumerated type mixed with another type
SimplePtidesOS.c(2032): warning:  #188-D: enumerated type mixed with another type
SimplePtidesOS.c(2033): warning:  #188-D: enumerated type mixed with another type
SimplePtidesOS.c(2034): warning:  #188-D: enumerated type mixed with another type
SimplePtidesOS.c(2044): warning:  #188-D: enumerated type mixed with another type
SimplePtidesOS.c(2045): warning:  #188-D: enumerated type mixed with another type
SimplePtidesOS.c(2048): warning:  #188-D: enumerated type mixed with another type
SimplePtidesOS.c(2368): warning:  #188-D: enumerated type mixed with another type
SimplePtidesOS.c(2756): warning:  #1-D: last line of file ends without a newline
SimplePtidesOS.c(420): warning:  #177-D: function "Delay" was declared but never referenced
SimplePtidesOS.c(2412): warning:  #177-D: variable "g_pucBuf" was declared but never referenced
Target not created
Build target 'Simulator'
compiling SimplePtidesOS.c...
SimplePtidesOS.c(1261): warning:  #177-D: variable "dummyEvent" was declared but never referenced
SimplePtidesOS.c(1357): error:  #127: expected a statement
SimplePtidesOS.c(1379): warning:  #12-D: parsing restarts here after previous syntax error
SimplePtidesOS.c(1821): warning:  #223-D: function "FlashUserGet" declared implicitly
SimplePtidesOS.c(2025): warning:  #68-D: integer conversion resulted in a change of sign
SimplePtidesOS.c(2027): warning:  #188-D: enumerated type mixed with another type
SimplePtidesOS.c(2031): warning:  #188-D: enumerated type mixed with another type
SimplePtidesOS.c(2032): warning:  #188-D: enumerated type mixed with another type
SimplePtidesOS.c(2033): warning:  #188-D: enumerated type mixed with another type
SimplePtidesOS.c(2034): warning:  #188-D: enumerated type mixed with another type
SimplePtidesOS.c(2044): warning:  #188-D: enumerated type mixed with another type
SimplePtidesOS.c(2045): warning:  #188-D: enumerated type mixed with another type
SimplePtidesOS.c(2048): warning:  #188-D: enumerated type mixed with another type
SimplePtidesOS.c(2368): warning:  #188-D: enumerated type mixed with another type
SimplePtidesOS.c(2756): warning:  #1-D: last line of file ends without a newline
SimplePtidesOS.c(420): warning:  #177-D: function "Delay" was declared but never referenced
SimplePtidesOS.c(2412): warning:  #177-D: variable "g_pucBuf" was declared but never referenced
Target not created
Build target 'Simulator'
compiling SimplePtidesOS.c...
SimplePtidesOS.c(1240): warning:  #177-D: variable "dummyEvent" was declared but never referenced
SimplePtidesOS.c(1337): error:  #127: expected a statement
SimplePtidesOS.c(1359): warning:  #12-D: parsing restarts here after previous syntax error
SimplePtidesOS.c(1801): warning:  #223-D: function "FlashUserGet" declared implicitly
SimplePtidesOS.c(2005): warning:  #68-D: integer conversion resulted in a change of sign
SimplePtidesOS.c(2007): warning:  #188-D: enumerated type mixed with another type
SimplePtidesOS.c(2011): warning:  #188-D: enumerated type mixed with another type
SimplePtidesOS.c(2012): warning:  #188-D: enumerated type mixed with another type
SimplePtidesOS.c(2013): warning:  #188-D: enumerated type mixed with another type
SimplePtidesOS.c(2014): warning:  #188-D: enumerated type mixed with another type
SimplePtidesOS.c(2024): warning:  #188-D: enumerated type mixed with another type
SimplePtidesOS.c(2025): warning:  #188-D: enumerated type mixed with another type
SimplePtidesOS.c(2028): warning:  #188-D: enumerated type mixed with another type
SimplePtidesOS.c(2348): warning:  #188-D: enumerated type mixed with another type
SimplePtidesOS.c(2736): warning:  #1-D: last line of file ends without a newline
SimplePtidesOS.c(420): warning:  #177-D: function "Delay" was declared but never referenced
SimplePtidesOS.c(2392): warning:  #177-D: variable "g_pucBuf" was declared but never referenced
Target not created
Build target 'Simulator'
compiling SimplePtidesOS.c...
SimplePtidesOS.c(1240): warning:  #177-D: variable "dummyEvent" was declared but never referenced
SimplePtidesOS.c(1337): error:  #127: expected a statement
SimplePtidesOS.c(1359): warning:  #12-D: parsing restarts here after previous syntax error
SimplePtidesOS.c(1801): warning:  #223-D: function "FlashUserGet" declared implicitly
SimplePtidesOS.c(2005): warning:  #68-D: integer conversion resulted in a change of sign
SimplePtidesOS.c(2007): warning:  #188-D: enumerated type mixed with another type
SimplePtidesOS.c(2011): warning:  #188-D: enumerated type mixed with another type
SimplePtidesOS.c(2012): warning:  #188-D: enumerated type mixed with another type
SimplePtidesOS.c(2013): warning:  #188-D: enumerated type mixed with another type
SimplePtidesOS.c(2014): warning:  #188-D: enumerated type mixed with another type
SimplePtidesOS.c(2024): warning:  #188-D: enumerated type mixed with another type
SimplePtidesOS.c(2025): warning:  #188-D: enumerated type mixed with another type
SimplePtidesOS.c(2028): warning:  #188-D: enumerated type mixed with another type
SimplePtidesOS.c(2348): warning:  #188-D: enumerated type mixed with another type
SimplePtidesOS.c(2736): warning:  #1-D: last line of file ends without a newline
SimplePtidesOS.c(420): warning:  #177-D: function "Delay" was declared but never referenced
SimplePtidesOS.c(2392): warning:  #177-D: variable "g_pucBuf" was declared but never referenced
Target not created
Build target 'Simulator'
compiling SimplePtidesOS.c...
SimplePtidesOS.c(1240): warning:  #177-D: variable "dummyEvent" was declared but never referenced
SimplePtidesOS.c(1338): error:  #127: expected a statement
SimplePtidesOS.c(1360): warning:  #12-D: parsing restarts here after previous syntax error
SimplePtidesOS.c(1802): warning:  #223-D: function "FlashUserGet" declared implicitly
SimplePtidesOS.c(2006): warning:  #68-D: integer conversion resulted in a change of sign
SimplePtidesOS.c(2008): warning:  #188-D: enumerated type mixed with another type
SimplePtidesOS.c(2012): warning:  #188-D: enumerated type mixed with another type
SimplePtidesOS.c(2013): warning:  #188-D: enumerated type mixed with another type
SimplePtidesOS.c(2014): warning:  #188-D: enumerated type mixed with another type
SimplePtidesOS.c(2015): warning:  #188-D: enumerated type mixed with another type
SimplePtidesOS.c(2025): warning:  #188-D: enumerated type mixed with another type
SimplePtidesOS.c(2026): warning:  #188-D: enumerated type mixed with another type
SimplePtidesOS.c(2029): warning:  #188-D: enumerated type mixed with another type
SimplePtidesOS.c(2349): warning:  #188-D: enumerated type mixed with another type
SimplePtidesOS.c(2737): warning:  #1-D: last line of file ends without a newline
SimplePtidesOS.c(420): warning:  #177-D: function "Delay" was declared but never referenced
SimplePtidesOS.c(2393): warning:  #177-D: variable "g_pucBuf" was declared but never referenced
Target not created
Build target 'Simulator'
compiling SimplePtidesOS.c...
SimplePtidesOS.c(1240): warning:  #177-D: variable "dummyEvent" was declared but never referenced
SimplePtidesOS.c(1340): error:  #127: expected a statement
SimplePtidesOS.c(1363): warning:  #12-D: parsing restarts here after previous syntax error
SimplePtidesOS.c(1805): warning:  #223-D: function "FlashUserGet" declared implicitly
SimplePtidesOS.c(2009): warning:  #68-D: integer conversion resulted in a change of sign
SimplePtidesOS.c(2011): warning:  #188-D: enumerated type mixed with another type
SimplePtidesOS.c(2015): warning:  #188-D: enumerated type mixed with another type
SimplePtidesOS.c(2016): warning:  #188-D: enumerated type mixed with another type
SimplePtidesOS.c(2017): warning:  #188-D: enumerated type mixed with another type
SimplePtidesOS.c(2018): warning:  #188-D: enumerated type mixed with another type
SimplePtidesOS.c(2028): warning:  #188-D: enumerated type mixed with another type
SimplePtidesOS.c(2029): warning:  #188-D: enumerated type mixed with another type
SimplePtidesOS.c(2032): warning:  #188-D: enumerated type mixed with another type
SimplePtidesOS.c(2352): warning:  #188-D: enumerated type mixed with another type
SimplePtidesOS.c(2740): warning:  #1-D: last line of file ends without a newline
SimplePtidesOS.c(420): warning:  #177-D: function "Delay" was declared but never referenced
SimplePtidesOS.c(2396): warning:  #177-D: variable "g_pucBuf" was declared but never referenced
Target not created
Build target 'Simulator'
compiling SimplePtidesOS.c...
SimplePtidesOS.c(1240): warning:  #177-D: variable "dummyEvent" was declared but never referenced
SimplePtidesOS.c(1803): warning:  #223-D: function "FlashUserGet" declared implicitly
SimplePtidesOS.c(2007): warning:  #68-D: integer conversion resulted in a change of sign
SimplePtidesOS.c(2009): warning:  #188-D: enumerated type mixed with another type
SimplePtidesOS.c(2013): warning:  #188-D: enumerated type mixed with another type
SimplePtidesOS.c(2014): warning:  #188-D: enumerated type mixed with another type
SimplePtidesOS.c(2015): warning:  #188-D: enumerated type mixed with another type
SimplePtidesOS.c(2016): warning:  #188-D: enumerated type mixed with another type
SimplePtidesOS.c(2026): warning:  #188-D: enumerated type mixed with another type
SimplePtidesOS.c(2027): warning:  #188-D: enumerated type mixed with another type
SimplePtidesOS.c(2030): warning:  #188-D: enumerated type mixed with another type
SimplePtidesOS.c(2350): warning:  #188-D: enumerated type mixed with another type
SimplePtidesOS.c(2738): warning:  #1-D: last line of file ends without a newline
SimplePtidesOS.c(420): warning:  #177-D: function "Delay" was declared but never referenced
SimplePtidesOS.c(2394): warning:  #177-D: variable "g_pucBuf" was declared but never referenced
SimplePtidesOS.c(1314): warning: C3017W: dummyEvent may be used before being set
SimplePtidesOS.c(1500): warning: C3017W: dummyEvent may be used before being set
linking...
Program Size: Code=41472 RO-data=4468 RW-data=432 ZI-data=29664  
".\Obj\SimplePtidesOS.axf" - 0 Error(s), 17 Warning(s).
Build target 'Simulator'
assembling Startup.s...
compiling SimplePtidesOS.c...
SimplePtidesOS.c(1240): warning:  #177-D: variable "dummyEvent" was declared but never referenced
SimplePtidesOS.c(1803): warning:  #223-D: function "FlashUserGet" declared implicitly
SimplePtidesOS.c(2007): warning:  #68-D: integer conversion resulted in a change of sign
SimplePtidesOS.c(2009): warning:  #188-D: enumerated type mixed with another type
SimplePtidesOS.c(2013): warning:  #188-D: enumerated type mixed with another type
SimplePtidesOS.c(2014): warning:  #188-D: enumerated type mixed with another type
SimplePtidesOS.c(2015): warning:  #188-D: enumerated type mixed with another type
SimplePtidesOS.c(2016): warning:  #188-D: enumerated type mixed with another type
SimplePtidesOS.c(2026): warning:  #188-D: enumerated type mixed with another type
SimplePtidesOS.c(2027): warning:  #188-D: enumerated type mixed with another type
SimplePtidesOS.c(2030): warning:  #188-D: enumerated type mixed with another type
SimplePtidesOS.c(2350): warning:  #188-D: enumerated type mixed with another type
SimplePtidesOS.c(2738): warning:  #1-D: last line of file ends without a newline
SimplePtidesOS.c(420): warning:  #177-D: function "Delay" was declared but never referenced
SimplePtidesOS.c(2394): warning:  #177-D: variable "g_pucBuf" was declared but never referenced
SimplePtidesOS.c(1314): warning: C3017W: dummyEvent may be used before being set
SimplePtidesOS.c(1500): warning: C3017W: dummyEvent may be used before being set
compiling httpd.c...
compiling tcp.c...
compiling udp.c...
..\..\..\third_party\lwip-1.2.0\src\core\udp.c(67): warning:  #550-D: variable "pcb_cache" was set but never used
compiling dhcp.c...
compiling inet.c...
compiling mem.c...
..\..\..\third_party\lwip-1.2.0\src\core\mem.c(89): warning:  #550-D: variable "mem_sem" was set but never used
compiling memp.c...
compiling netif.c...
compiling pbuf.c...
compiling raw.c...
compiling stats.c...
compiling sys.c...
compiling tcp_in.c...
..\..\..\third_party\lwip-1.2.0\src\core\tcp_in.c(300): warning:  #236-D: controlling expression is constant
compiling tcp_out.c...
compiling ip_frag.c...
compiling icmp.c...
..\..\..\third_party\lwip-1.2.0\src\core\ipv4\icmp.c(50): warning:  #550-D: variable "code" was set but never used
compiling ip.c...
compiling ip_addr.c...
compiling etharp.c...
compiling luminaryif.c...
compiling lmi_fs.c...
compiling enet_lwip.c...
compiling protocol.c...
..\..\..\third_party\ptpd-1rc1\src\protocol.c(386): warning:  #188-D: enumerated type mixed with another type
..\..\..\third_party\ptpd-1rc1\src\protocol.c(814): warning:  #1293-D: assignment in condition
compiling ptpd_timer.c...
compiling ptpd_msg.c...
..\..\..\third_party\ptpd-1rc1\src\dep-lmi\ptpd_msg.c(72): warning:  #188-D: enumerated type mixed with another type
..\..\..\third_party\ptpd-1rc1\src\dep-lmi\ptpd_msg.c(74): warning:  #188-D: enumerated type mixed with another type
..\..\..\third_party\ptpd-1rc1\src\dep-lmi\ptpd_msg.c(100): warning:  #188-D: enumerated type mixed with another type
..\..\..\third_party\ptpd-1rc1\src\dep-lmi\ptpd_msg.c(173): warning:  #111-D: statement is unreachable
..\..\..\third_party\ptpd-1rc1\src\dep-lmi\ptpd_msg.c(226): warning:  #188-D: enumerated type mixed with another type
..\..\..\third_party\ptpd-1rc1\src\dep-lmi\ptpd_msg.c(233): warning:  #188-D: enumerated type mixed with another type
..\..\..\third_party\ptpd-1rc1\src\dep-lmi\ptpd_msg.c(234): warning:  #188-D: enumerated type mixed with another type
..\..\..\third_party\ptpd-1rc1\src\dep-lmi\ptpd_msg.c(265): warning:  #188-D: enumerated type mixed with another type
..\..\..\third_party\ptpd-1rc1\src\dep-lmi\ptpd_msg.c(266): warning:  #188-D: enumerated type mixed with another type
..\..\..\third_party\ptpd-1rc1\src\dep-lmi\ptpd_msg.c(267): warning:  #188-D: enumerated type mixed with another type
..\..\..\third_party\ptpd-1rc1\src\dep-lmi\ptpd_msg.c(268): warning:  #188-D: enumerated type mixed with another type
..\..\..\third_party\ptpd-1rc1\src\dep-lmi\ptpd_msg.c(269): warning:  #188-D: enumerated type mixed with another type
..\..\..\third_party\ptpd-1rc1\src\dep-lmi\ptpd_msg.c(291): warning:  #188-D: enumerated type mixed with another type
..\..\..\third_party\ptpd-1rc1\src\dep-lmi\ptpd_msg.c(292): warning:  #188-D: enumerated type mixed with another type
..\..\..\third_party\ptpd-1rc1\src\dep-lmi\ptpd_msg.c(294): warning:  #188-D: enumerated type mixed with another type
..\..\..\third_party\ptpd-1rc1\src\dep-lmi\ptpd_msg.c(297): warning:  #188-D: enumerated type mixed with another type
..\..\..\third_party\ptpd-1rc1\src\dep-lmi\ptpd_msg.c(304): warning:  #188-D: enumerated type mixed with another type
..\..\..\third_party\ptpd-1rc1\src\dep-lmi\ptpd_msg.c(305): warning:  #188-D: enumerated type mixed with another type
..\..\..\third_party\ptpd-1rc1\src\dep-lmi\ptpd_msg.c(318): warning:  #188-D: enumerated type mixed with another type
..\..\..\third_party\ptpd-1rc1\src\dep-lmi\ptpd_msg.c(332): warning:  #188-D: enumerated type mixed with another type
..\..\..\third_party\ptpd-1rc1\src\dep-lmi\ptpd_msg.c(333): warning:  #188-D: enumerated type mixed with another type
..\..\..\third_party\ptpd-1rc1\src\dep-lmi\ptpd_msg.c(491): warning:  #61-D: integer operation result is out of range
..\..\..\third_party\ptpd-1rc1\src\dep-lmi\ptpd_msg.c(521): warning:  #61-D: integer operation result is out of range
..\..\..\third_party\ptpd-1rc1\src\dep-lmi\ptpd_msg.c(560): warning:  #188-D: enumerated type mixed with another type
..\..\..\third_party\ptpd-1rc1\src\dep-lmi\ptpd_msg.c(564): warning:  #188-D: enumerated type mixed with another type
compiling ptpd_net.c...
compiling ptpd_servo.c...
..\..\..\third_party\ptpd-1rc1\src\dep-lmi\ptpd_servo.c(15): warning:  #188-D: enumerated type mixed with another type
..\..\..\third_party\ptpd-1rc1\src\dep-lmi\ptpd_servo.c(16): warning:  #188-D: enumerated type mixed with another type
compiling arith.c...
..\..\..\third_party\ptpd-1rc1\src\arith.c(64): warning:  #188-D: enumerated type mixed with another type
compiling bmc.c...
..\..\..\third_party\ptpd-1rc1\src\bmc.c(85): warning:  #188-D: enumerated type mixed with another type
..\..\..\third_party\ptpd-1rc1\src\bmc.c(86): warning:  #188-D: enumerated type mixed with another type
..\..\..\third_party\ptpd-1rc1\src\bmc.c(100): warning:  #188-D: enumerated type mixed with another type
..\..\..\third_party\ptpd-1rc1\src\bmc.c(101): warning:  #188-D: enumerated type mixed with another type
compiling random.c...
compiling ustdlib.c...
compiling rit128x96x4.c...
linking...
Program Size: Code=41472 RO-data=4468 RW-data=432 ZI-data=29664  
".\Obj\SimplePtidesOS.axf" - 0 Error(s), 55 Warning(s).
