ARM Linker, RVCT3.1 [Build 934] for uVision [Standard]

================================================================================

Section Cross References

    startup.o(RESET) refers to startup.o(STACK) for __initial_sp
    startup.o(RESET) refers to startup.o(.text) for Reset_Handler
    startup.o(.text) refers to entry.o($$startup$$) for __main
    simpleptidesos.o(.text) refers to perror.o(.text) for perror
    simpleptidesos.o(.text) refers to malloc.o(i.malloc) for malloc
    simpleptidesos.o(.text) refers to memcpya.o(.text) for __aeabi_memcpy4
    simpleptidesos.o(.text) refers to dadd.o(.text) for __aeabi_dadd
    simpleptidesos.o(.text) refers to printf2.o(i.__0printf_2) for __1printf
    simpleptidesos.o(.text) refers to interrupt.o(i.IntEnable) for IntEnable
    simpleptidesos.o(.text) refers to interrupt.o(i.IntDisable) for IntDisable
    simpleptidesos.o(.text) refers to malloc.o(i.free) for free
    simpleptidesos.o(.text) refers to dflt.o(.text) for __aeabi_i2d
    simpleptidesos.o(.text) refers to sysctl.o(i.SysCtlPeripheralEnable) for SysCtlPeripheralEnable
    simpleptidesos.o(.text) refers to interrupt.o(i.IntMasterEnable) for IntMasterEnable
    simpleptidesos.o(.text) refers to gpio.o(i.GPIOPinTypeUART) for GPIOPinTypeUART
    simpleptidesos.o(.text) refers to sysctl.o(i.SysCtlClockGet) for SysCtlClockGet
    simpleptidesos.o(.text) refers to uart.o(i.UARTConfigSetExpClk) for UARTConfigSetExpClk
    simpleptidesos.o(.text) refers to uart.o(i.UARTIntEnable) for UARTIntEnable
    simpleptidesos.o(.text) refers to simpleptidesos.o(.data) for EVENT_QUEUE_HEAD
    simpleptidesos.o(.text) refers to stderr.o(.data) for __stderr
    simpleptidesos.o(.text) refers to printf2.o(i.__0fprintf_2) for __1fprintf
    simpleptidesos.o(.text) refers (Special) to stubs.o(c$$printf_stubs) for _printf_percent
    simpleptidesos.o(.data) refers (Special) to stubs.o(c$$printf_stubs) for _printf_percent
    rit128x96x4.o(.text) refers to gpio.o(i.GPIOPinWrite) for GPIOPinWrite
    rit128x96x4.o(.text) refers to ssi.o(i.SSIDataPut) for SSIDataPut
    rit128x96x4.o(.text) refers to ssi.o(i.SSIDataGet) for SSIDataGet
    rit128x96x4.o(.text) refers to ssi.o(i.SSIDisable) for SSIDisable
    rit128x96x4.o(.text) refers to sysctl.o(i.SysCtlClockGet) for SysCtlClockGet
    rit128x96x4.o(.text) refers to ssi.o(i.SSIConfigSetExpClk) for SSIConfigSetExpClk
    rit128x96x4.o(.text) refers to gpio.o(i.GPIOPinTypeSSI) for GPIOPinTypeSSI
    rit128x96x4.o(.text) refers to gpio.o(i.GPIOPadConfigSet) for GPIOPadConfigSet
    rit128x96x4.o(.text) refers to ssi.o(i.SSIEnable) for SSIEnable
    rit128x96x4.o(.text) refers to ssi.o(i.SSIDataGetNonBlocking) for SSIDataGetNonBlocking
    rit128x96x4.o(.text) refers to gpio.o(i.GPIOPinTypeGPIOOutput) for GPIOPinTypeGPIOOutput
    rit128x96x4.o(.text) refers to sysctl.o(i.SysCtlPeripheralEnable) for SysCtlPeripheralEnable
    rit128x96x4.o(.text) refers to rit128x96x4.o(.data) for .data
    rit128x96x4.o(.text) refers to rit128x96x4.o(.constdata) for .constdata
    gpio.o(i.GPIOPortIntRegister) refers to gpio.o(i.GPIOGetIntNumber) for GPIOGetIntNumber
    gpio.o(i.GPIOPortIntRegister) refers to interrupt.o(i.IntRegister) for IntRegister
    gpio.o(i.GPIOPortIntRegister) refers to interrupt.o(i.IntEnable) for IntEnable
    gpio.o(i.GPIOPortIntUnregister) refers to gpio.o(i.GPIOGetIntNumber) for GPIOGetIntNumber
    gpio.o(i.GPIOPortIntUnregister) refers to interrupt.o(i.IntDisable) for IntDisable
    gpio.o(i.GPIOPortIntUnregister) refers to interrupt.o(i.IntUnregister) for IntUnregister
    gpio.o(i.GPIOPinTypeADC) refers to gpio.o(i.GPIODirModeSet) for GPIODirModeSet
    gpio.o(i.GPIOPinTypeADC) refers to gpio.o(i.GPIOPadConfigSet) for GPIOPadConfigSet
    gpio.o(i.GPIOPinTypeCAN) refers to gpio.o(i.GPIODirModeSet) for GPIODirModeSet
    gpio.o(i.GPIOPinTypeCAN) refers to gpio.o(i.GPIOPadConfigSet) for GPIOPadConfigSet
    gpio.o(i.GPIOPinTypeComparator) refers to gpio.o(i.GPIODirModeSet) for GPIODirModeSet
    gpio.o(i.GPIOPinTypeComparator) refers to gpio.o(i.GPIOPadConfigSet) for GPIOPadConfigSet
    gpio.o(i.GPIOPinTypeGPIOInput) refers to gpio.o(i.GPIODirModeSet) for GPIODirModeSet
    gpio.o(i.GPIOPinTypeGPIOInput) refers to gpio.o(i.GPIOPadConfigSet) for GPIOPadConfigSet
    gpio.o(i.GPIOPinTypeGPIOOutput) refers to gpio.o(i.GPIODirModeSet) for GPIODirModeSet
    gpio.o(i.GPIOPinTypeGPIOOutput) refers to gpio.o(i.GPIOPadConfigSet) for GPIOPadConfigSet
    gpio.o(i.GPIOPinTypeGPIOOutputOD) refers to gpio.o(i.GPIODirModeSet) for GPIODirModeSet
    gpio.o(i.GPIOPinTypeGPIOOutputOD) refers to gpio.o(i.GPIOPadConfigSet) for GPIOPadConfigSet
    gpio.o(i.GPIOPinTypeI2C) refers to gpio.o(i.GPIODirModeSet) for GPIODirModeSet
    gpio.o(i.GPIOPinTypeI2C) refers to gpio.o(i.GPIOPadConfigSet) for GPIOPadConfigSet
    gpio.o(i.GPIOPinTypePWM) refers to gpio.o(i.GPIODirModeSet) for GPIODirModeSet
    gpio.o(i.GPIOPinTypePWM) refers to gpio.o(i.GPIOPadConfigSet) for GPIOPadConfigSet
    gpio.o(i.GPIOPinTypeQEI) refers to gpio.o(i.GPIODirModeSet) for GPIODirModeSet
    gpio.o(i.GPIOPinTypeQEI) refers to gpio.o(i.GPIOPadConfigSet) for GPIOPadConfigSet
    gpio.o(i.GPIOPinTypeSSI) refers to gpio.o(i.GPIODirModeSet) for GPIODirModeSet
    gpio.o(i.GPIOPinTypeSSI) refers to gpio.o(i.GPIOPadConfigSet) for GPIOPadConfigSet
    gpio.o(i.GPIOPinTypeTimer) refers to gpio.o(i.GPIODirModeSet) for GPIODirModeSet
    gpio.o(i.GPIOPinTypeTimer) refers to gpio.o(i.GPIOPadConfigSet) for GPIOPadConfigSet
    gpio.o(i.GPIOPinTypeUART) refers to gpio.o(i.GPIODirModeSet) for GPIODirModeSet
    gpio.o(i.GPIOPinTypeUART) refers to gpio.o(i.GPIOPadConfigSet) for GPIOPadConfigSet
    gpio.o(i.GPIOPinTypeUSBDigital) refers to gpio.o(i.GPIODirModeSet) for GPIODirModeSet
    gpio.o(i.GPIOPinTypeUSBDigital) refers to gpio.o(i.GPIOPadConfigSet) for GPIOPadConfigSet
    interrupt.o(i.IntMasterEnable) refers to cpu.o(.text) for CPUcpsie
    interrupt.o(i.IntMasterDisable) refers to cpu.o(.text) for CPUcpsid
    interrupt.o(i.IntRegister) refers to interrupt.o(vtable) for vtable
    interrupt.o(i.IntUnregister) refers to interrupt.o(i.IntDefaultHandler) for IntDefaultHandler
    interrupt.o(i.IntUnregister) refers to interrupt.o(vtable) for vtable
    interrupt.o(i.IntPriorityGroupingSet) refers to interrupt.o(.constdata) for .constdata
    interrupt.o(i.IntPriorityGroupingGet) refers to interrupt.o(.constdata) for .constdata
    interrupt.o(i.IntPrioritySet) refers to interrupt.o(.constdata) for .constdata
    interrupt.o(i.IntPriorityGet) refers to interrupt.o(.constdata) for .constdata
    ssi.o(i.SSIIntRegister) refers to interrupt.o(i.IntRegister) for IntRegister
    ssi.o(i.SSIIntRegister) refers to interrupt.o(i.IntEnable) for IntEnable
    ssi.o(i.SSIIntUnregister) refers to interrupt.o(i.IntDisable) for IntDisable
    ssi.o(i.SSIIntUnregister) refers to interrupt.o(i.IntUnregister) for IntUnregister
    sysctl.o(i.SysCtlPeripheralPresent) refers to sysctl.o(.constdata) for .constdata
    sysctl.o(i.SysCtlPeripheralReset) refers to sysctl.o(.constdata) for .constdata
    sysctl.o(i.SysCtlPeripheralEnable) refers to sysctl.o(.constdata) for .constdata
    sysctl.o(i.SysCtlPeripheralDisable) refers to sysctl.o(.constdata) for .constdata
    sysctl.o(i.SysCtlPeripheralSleepEnable) refers to sysctl.o(.constdata) for .constdata
    sysctl.o(i.SysCtlPeripheralSleepDisable) refers to sysctl.o(.constdata) for .constdata
    sysctl.o(i.SysCtlPeripheralDeepSleepEnable) refers to sysctl.o(.constdata) for .constdata
    sysctl.o(i.SysCtlPeripheralDeepSleepDisable) refers to sysctl.o(.constdata) for .constdata
    sysctl.o(i.SysCtlIntRegister) refers to interrupt.o(i.IntRegister) for IntRegister
    sysctl.o(i.SysCtlIntRegister) refers to interrupt.o(i.IntEnable) for IntEnable
    sysctl.o(i.SysCtlIntUnregister) refers to interrupt.o(i.IntDisable) for IntDisable
    sysctl.o(i.SysCtlIntUnregister) refers to interrupt.o(i.IntUnregister) for IntUnregister
    sysctl.o(i.SysCtlSleep) refers to cpu.o(.text) for CPUwfi
    sysctl.o(i.SysCtlDeepSleep) refers to cpu.o(.text) for CPUwfi
    sysctl.o(i.SysCtlClockSet) refers to sysctl.o(.emb_text) for SysCtlDelay
    sysctl.o(i.SysCtlClockGet) refers to sysctl.o(.constdata) for .constdata
    uart.o(i.UARTIntRegister) refers to interrupt.o(i.IntRegister) for IntRegister
    uart.o(i.UARTIntRegister) refers to interrupt.o(i.IntEnable) for IntEnable
    uart.o(i.UARTIntUnregister) refers to interrupt.o(i.IntDisable) for IntDisable
    uart.o(i.UARTIntUnregister) refers to interrupt.o(i.IntUnregister) for IntUnregister
    entry.o($$startup$$) refers to init.o(.text) for __init
    entry.o($$startup$$) refers to startup.o(STACK) for __initial_sp
    entry.o(__vectab_stack_and_reset_area) refers to startup.o(STACK) for __initial_sp
    entry.o(__vectab_stack_and_reset_area) refers to entry.o($$startup$$) for __main
    perror.o(.text) refers to fputs.o(.text) for fputs
    perror.o(.text) refers to errno.o(i.__aeabi_errno_addr) for __aeabi_errno_addr
    perror.o(.text) refers to strerror.o(.text) for strerror
    perror.o(.text) refers to stderr.o(.data) for __stderr
    printfb.o(i.__0fprintf_bare) refers to printfb.o(i._printf_core) for _printf_core
    printfb.o(i.__0fprintf_bare) refers to fputc.o(.text) for fputc
    printfb.o(i.__0vfprintf_bare) refers to printfb.o(i._printf_core) for _printf_core
    printfb.o(i.__0vfprintf_bare) refers to fputc.o(.text) for fputc
    printfb.o(i.__0printf_bare) refers to printfb.o(i._printf_core) for _printf_core
    printfb.o(i.__0printf_bare) refers to fputc.o(.text) for fputc
    printfb.o(i.__0printf_bare) refers to stdout.o(.data) for __stdout
    printfb.o(i.__0vprintf_bare) refers to printfb.o(i._printf_core) for _printf_core
    printfb.o(i.__0vprintf_bare) refers to fputc.o(.text) for fputc
    printfb.o(i.__0vprintf_bare) refers to stdout.o(.data) for __stdout
    printfb.o(i.__0sprintf_bare) refers to printfb.o(i._printf_core) for _printf_core
    printfb.o(i.__0sprintf_bare) refers to printfb.o(i._sputc) for _sputc
    printfb.o(i.__0vsprintf_bare) refers to printfb.o(i._printf_core) for _printf_core
    printfb.o(i.__0vsprintf_bare) refers to printfb.o(i._sputc) for _sputc
    printf0.o(i.__0fprintf_0) refers to printf0.o(i._printf_core) for _printf_core
    printf0.o(i.__0fprintf_0) refers to fputc.o(.text) for fputc
    printf0.o(i.__0vfprintf_0) refers to printf0.o(i._printf_core) for _printf_core
    printf0.o(i.__0vfprintf_0) refers to fputc.o(.text) for fputc
    printf0.o(i.__0printf_0) refers to printf0.o(i._printf_core) for _printf_core
    printf0.o(i.__0printf_0) refers to fputc.o(.text) for fputc
    printf0.o(i.__0printf_0) refers to stdout.o(.data) for __stdout
    printf0.o(i.__0vprintf_0) refers to printf0.o(i._printf_core) for _printf_core
    printf0.o(i.__0vprintf_0) refers to fputc.o(.text) for fputc
    printf0.o(i.__0vprintf_0) refers to stdout.o(.data) for __stdout
    printf0.o(i.__0sprintf_0) refers to printf0.o(i._printf_core) for _printf_core
    printf0.o(i.__0sprintf_0) refers to printf0.o(i._sputc) for _sputc
    printf0.o(i.__0vsprintf_0) refers to printf0.o(i._printf_core) for _printf_core
    printf0.o(i.__0vsprintf_0) refers to printf0.o(i._sputc) for _sputc
    printf1.o(i._printf_core) refers to uidiv.o(.text) for __aeabi_uidivmod
    printf1.o(i.__0fprintf_1) refers to printf1.o(i._printf_core) for _printf_core
    printf1.o(i.__0fprintf_1) refers to fputc.o(.text) for fputc
    printf1.o(i.__0vfprintf_1) refers to printf1.o(i._printf_core) for _printf_core
    printf1.o(i.__0vfprintf_1) refers to fputc.o(.text) for fputc
    printf1.o(i.__0printf_1) refers to printf1.o(i._printf_core) for _printf_core
    printf1.o(i.__0printf_1) refers to fputc.o(.text) for fputc
    printf1.o(i.__0printf_1) refers to stdout.o(.data) for __stdout
    printf1.o(i.__0vprintf_1) refers to printf1.o(i._printf_core) for _printf_core
    printf1.o(i.__0vprintf_1) refers to fputc.o(.text) for fputc
    printf1.o(i.__0vprintf_1) refers to stdout.o(.data) for __stdout
    printf1.o(i.__0sprintf_1) refers to printf1.o(i._printf_core) for _printf_core
    printf1.o(i.__0sprintf_1) refers to printf1.o(i._sputc) for _sputc
    printf1.o(i.__0vsprintf_1) refers to printf1.o(i._printf_core) for _printf_core
    printf1.o(i.__0vsprintf_1) refers to printf1.o(i._sputc) for _sputc
    printf2.o(i.__0fprintf_2) refers to printf2.o(i._printf_core) for _printf_core
    printf2.o(i.__0fprintf_2) refers to fputc.o(.text) for fputc
    printf2.o(i.__0vfprintf_2) refers to printf2.o(i._printf_core) for _printf_core
    printf2.o(i.__0vfprintf_2) refers to fputc.o(.text) for fputc
    printf2.o(i.__0printf_2) refers to printf2.o(i._printf_core) for _printf_core
    printf2.o(i.__0printf_2) refers to fputc.o(.text) for fputc
    printf2.o(i.__0printf_2) refers to stdout.o(.data) for __stdout
    printf2.o(i.__0vprintf_2) refers to printf2.o(i._printf_core) for _printf_core
    printf2.o(i.__0vprintf_2) refers to fputc.o(.text) for fputc
    printf2.o(i.__0vprintf_2) refers to stdout.o(.data) for __stdout
    printf2.o(i.__0sprintf_2) refers to printf2.o(i._printf_core) for _printf_core
    printf2.o(i.__0sprintf_2) refers to printf2.o(i._sputc) for _sputc
    printf2.o(i.__0vsprintf_2) refers to printf2.o(i._printf_core) for _printf_core
    printf2.o(i.__0vsprintf_2) refers to printf2.o(i._sputc) for _sputc
    printf3.o(i._printf_core) refers to uidiv.o(.text) for __aeabi_uidivmod
    printf3.o(i.__0fprintf_3) refers to printf3.o(i._printf_core) for _printf_core
    printf3.o(i.__0fprintf_3) refers to fputc.o(.text) for fputc
    printf3.o(i.__0vfprintf_3) refers to printf3.o(i._printf_core) for _printf_core
    printf3.o(i.__0vfprintf_3) refers to fputc.o(.text) for fputc
    printf3.o(i.__0printf_3) refers to printf3.o(i._printf_core) for _printf_core
    printf3.o(i.__0printf_3) refers to fputc.o(.text) for fputc
    printf3.o(i.__0printf_3) refers to stdout.o(.data) for __stdout
    printf3.o(i.__0vprintf_3) refers to printf3.o(i._printf_core) for _printf_core
    printf3.o(i.__0vprintf_3) refers to fputc.o(.text) for fputc
    printf3.o(i.__0vprintf_3) refers to stdout.o(.data) for __stdout
    printf3.o(i.__0sprintf_3) refers to printf3.o(i._printf_core) for _printf_core
    printf3.o(i.__0sprintf_3) refers to printf3.o(i._sputc) for _sputc
    printf3.o(i.__0vsprintf_3) refers to printf3.o(i._printf_core) for _printf_core
    printf3.o(i.__0vsprintf_3) refers to printf3.o(i._sputc) for _sputc
    printf4.o(i._printf_core) refers to uldiv.o(.text) for __aeabi_uldivmod
    printf4.o(i.__0fprintf_4) refers to printf4.o(i._printf_core) for _printf_core
    printf4.o(i.__0fprintf_4) refers to fputc.o(.text) for fputc
    printf4.o(i.__0vfprintf_4) refers to printf4.o(i._printf_core) for _printf_core
    printf4.o(i.__0vfprintf_4) refers to fputc.o(.text) for fputc
    printf4.o(i.__0printf_4) refers to printf4.o(i._printf_core) for _printf_core
    printf4.o(i.__0printf_4) refers to fputc.o(.text) for fputc
    printf4.o(i.__0printf_4) refers to stdout.o(.data) for __stdout
    printf4.o(i.__0vprintf_4) refers to printf4.o(i._printf_core) for _printf_core
    printf4.o(i.__0vprintf_4) refers to fputc.o(.text) for fputc
    printf4.o(i.__0vprintf_4) refers to stdout.o(.data) for __stdout
    printf4.o(i.__0sprintf_4) refers to printf4.o(i._printf_core) for _printf_core
    printf4.o(i.__0sprintf_4) refers to printf4.o(i._sputc) for _sputc
    printf4.o(i.__0vsprintf_4) refers to printf4.o(i._printf_core) for _printf_core
    printf4.o(i.__0vsprintf_4) refers to printf4.o(i._sputc) for _sputc
    printf5.o(i._printf_core) refers to uldiv.o(.text) for __aeabi_uldivmod
    printf5.o(i.__0fprintf_5) refers to printf5.o(i._printf_core) for _printf_core
    printf5.o(i.__0fprintf_5) refers to fputc.o(.text) for fputc
    printf5.o(i.__0vfprintf_5) refers to printf5.o(i._printf_core) for _printf_core
    printf5.o(i.__0vfprintf_5) refers to fputc.o(.text) for fputc
    printf5.o(i.__0printf_5) refers to printf5.o(i._printf_core) for _printf_core
    printf5.o(i.__0printf_5) refers to fputc.o(.text) for fputc
    printf5.o(i.__0printf_5) refers to stdout.o(.data) for __stdout
    printf5.o(i.__0vprintf_5) refers to printf5.o(i._printf_core) for _printf_core
    printf5.o(i.__0vprintf_5) refers to fputc.o(.text) for fputc
    printf5.o(i.__0vprintf_5) refers to stdout.o(.data) for __stdout
    printf5.o(i.__0sprintf_5) refers to printf5.o(i._printf_core) for _printf_core
    printf5.o(i.__0sprintf_5) refers to printf5.o(i._sputc) for _sputc
    printf5.o(i.__0vsprintf_5) refers to printf5.o(i._printf_core) for _printf_core
    printf5.o(i.__0vsprintf_5) refers to printf5.o(i._sputc) for _sputc
    printf6.o(i._printf_core) refers to printf6.o(i._printf_pre_padding) for _printf_pre_padding
    printf6.o(i._printf_core) refers to uidiv.o(.text) for __aeabi_uidivmod
    printf6.o(i._printf_core) refers to printf6.o(i._printf_post_padding) for _printf_post_padding
    printf6.o(i.__0fprintf_6) refers to printf6.o(i._printf_core) for _printf_core
    printf6.o(i.__0fprintf_6) refers to fputc.o(.text) for fputc
    printf6.o(i.__0vfprintf_6) refers to printf6.o(i._printf_core) for _printf_core
    printf6.o(i.__0vfprintf_6) refers to fputc.o(.text) for fputc
    printf6.o(i.__0printf_6) refers to printf6.o(i._printf_core) for _printf_core
    printf6.o(i.__0printf_6) refers to fputc.o(.text) for fputc
    printf6.o(i.__0printf_6) refers to stdout.o(.data) for __stdout
    printf6.o(i.__0vprintf_6) refers to printf6.o(i._printf_core) for _printf_core
    printf6.o(i.__0vprintf_6) refers to fputc.o(.text) for fputc
    printf6.o(i.__0vprintf_6) refers to stdout.o(.data) for __stdout
    printf6.o(i.__0sprintf_6) refers to printf6.o(i._printf_core) for _printf_core
    printf6.o(i.__0sprintf_6) refers to printf6.o(i._sputc) for _sputc
    printf6.o(i.__0vsprintf_6) refers to printf6.o(i._printf_core) for _printf_core
    printf6.o(i.__0vsprintf_6) refers to printf6.o(i._sputc) for _sputc
    printf7.o(i._printf_core) refers to printf7.o(i._printf_pre_padding) for _printf_pre_padding
    printf7.o(i._printf_core) refers to uldiv.o(.text) for __aeabi_uldivmod
    printf7.o(i._printf_core) refers to printf7.o(i._printf_post_padding) for _printf_post_padding
    printf7.o(i.__0fprintf_7) refers to printf7.o(i._printf_core) for _printf_core
    printf7.o(i.__0fprintf_7) refers to fputc.o(.text) for fputc
    printf7.o(i.__0vfprintf_7) refers to printf7.o(i._printf_core) for _printf_core
    printf7.o(i.__0vfprintf_7) refers to fputc.o(.text) for fputc
    printf7.o(i.__0printf_7) refers to printf7.o(i._printf_core) for _printf_core
    printf7.o(i.__0printf_7) refers to fputc.o(.text) for fputc
    printf7.o(i.__0printf_7) refers to stdout.o(.data) for __stdout
    printf7.o(i.__0vprintf_7) refers to printf7.o(i._printf_core) for _printf_core
    printf7.o(i.__0vprintf_7) refers to fputc.o(.text) for fputc
    printf7.o(i.__0vprintf_7) refers to stdout.o(.data) for __stdout
    printf7.o(i.__0sprintf_7) refers to printf7.o(i._printf_core) for _printf_core
    printf7.o(i.__0sprintf_7) refers to printf7.o(i._sputc) for _sputc
    printf7.o(i.__0vsprintf_7) refers to printf7.o(i._printf_core) for _printf_core
    printf7.o(i.__0vsprintf_7) refers to printf7.o(i._sputc) for _sputc
    printf8.o(i._printf_core) refers to printf8.o(i._printf_pre_padding) for _printf_pre_padding
    printf8.o(i._printf_core) refers to uldiv.o(.text) for __aeabi_uldivmod
    printf8.o(i._printf_core) refers to printf8.o(i._printf_post_padding) for _printf_post_padding
    printf8.o(i.__0fprintf_8) refers to printf8.o(i._printf_core) for _printf_core
    printf8.o(i.__0fprintf_8) refers to fputc.o(.text) for fputc
    printf8.o(i.__0vfprintf_8) refers to printf8.o(i._printf_core) for _printf_core
    printf8.o(i.__0vfprintf_8) refers to fputc.o(.text) for fputc
    printf8.o(i.__0printf_8) refers to printf8.o(i._printf_core) for _printf_core
    printf8.o(i.__0printf_8) refers to fputc.o(.text) for fputc
    printf8.o(i.__0printf_8) refers to stdout.o(.data) for __stdout
    printf8.o(i.__0vprintf_8) refers to printf8.o(i._printf_core) for _printf_core
    printf8.o(i.__0vprintf_8) refers to fputc.o(.text) for fputc
    printf8.o(i.__0vprintf_8) refers to stdout.o(.data) for __stdout
    printf8.o(i.__0sprintf_8) refers to printf8.o(i._printf_core) for _printf_core
    printf8.o(i.__0sprintf_8) refers to printf8.o(i._sputc) for _sputc
    printf8.o(i.__0vsprintf_8) refers to printf8.o(i._printf_core) for _printf_core
    printf8.o(i.__0vsprintf_8) refers to printf8.o(i._sputc) for _sputc
    printfa.o(i._fp_digits) refers to dmul.o(.text) for __aeabi_dmul
    printfa.o(i._fp_digits) refers to ddiv.o(.text) for __aeabi_ddiv
    printfa.o(i._fp_digits) refers to cdrcmple.o(.text) for __aeabi_cdrcmple
    printfa.o(i._fp_digits) refers to dadd.o(.text) for __aeabi_dadd
    printfa.o(i._fp_digits) refers to dfixull.o(.text) for __aeabi_d2ulz
    printfa.o(i._fp_digits) refers to uldiv.o(.text) for __aeabi_uldivmod
    printfa.o(i._fp_digits) refers (Special) to iusefp.o(.text) for __I_use_fp
    printfa.o(i._printf_core) refers to printfa.o(i._printf_pre_padding) for _printf_pre_padding
    printfa.o(i._printf_core) refers to uldiv.o(.text) for __aeabi_uldivmod
    printfa.o(i._printf_core) refers to printfa.o(i._printf_post_padding) for _printf_post_padding
    printfa.o(i._printf_core) refers to printfa.o(i._fp_digits) for _fp_digits
    printfa.o(i._printf_core) refers to uidiv.o(.text) for __aeabi_uidivmod
    printfa.o(i._printf_core) refers (Special) to iusefp.o(.text) for __I_use_fp
    printfa.o(i.__0fprintf) refers to printfa.o(i._printf_core) for _printf_core
    printfa.o(i.__0fprintf) refers to fputc.o(.text) for fputc
    printfa.o(i.__0fprintf) refers (Special) to iusefp.o(.text) for __I_use_fp
    printfa.o(i.__0vfprintf) refers to printfa.o(i._printf_core) for _printf_core
    printfa.o(i.__0vfprintf) refers to fputc.o(.text) for fputc
    printfa.o(i.__0vfprintf) refers (Special) to iusefp.o(.text) for __I_use_fp
    printfa.o(i.__0printf) refers to printfa.o(i._printf_core) for _printf_core
    printfa.o(i.__0printf) refers to fputc.o(.text) for fputc
    printfa.o(i.__0printf) refers to stdout.o(.data) for __stdout
    printfa.o(i.__0printf) refers (Special) to iusefp.o(.text) for __I_use_fp
    printfa.o(i.__0vprintf) refers to printfa.o(i._printf_core) for _printf_core
    printfa.o(i.__0vprintf) refers to fputc.o(.text) for fputc
    printfa.o(i.__0vprintf) refers to stdout.o(.data) for __stdout
    printfa.o(i.__0vprintf) refers (Special) to iusefp.o(.text) for __I_use_fp
    printfa.o(i.__0sprintf) refers to printfa.o(i._printf_core) for _printf_core
    printfa.o(i.__0sprintf) refers to printfa.o(i._sputc) for _sputc
    printfa.o(i.__0sprintf) refers (Special) to iusefp.o(.text) for __I_use_fp
    printfa.o(i.__0vsprintf) refers to printfa.o(i._printf_core) for _printf_core
    printfa.o(i.__0vsprintf) refers to printfa.o(i._sputc) for _sputc
    printfa.o(i.__0vsprintf) refers (Special) to iusefp.o(.text) for __I_use_fp
    printfa.o(i._printf_pre_padding) refers (Special) to iusefp.o(.text) for __I_use_fp
    printfa.o(i._printf_post_padding) refers (Special) to iusefp.o(.text) for __I_use_fp
    printfa.o(i._sputc) refers (Special) to iusefp.o(.text) for __I_use_fp
    malloc.o(i.malloc) refers to mvars.o(.data) for __microlib_freelist_initialised
    malloc.o(i.malloc) refers to mvars.o(.data) for __microlib_freelist
    malloc.o(i.malloc) refers to startup.o(HEAP) for __heap_base
    malloc.o(i.free) refers to mvars.o(.data) for __microlib_freelist
    dadd.o(.text) refers to llushr.o(.text) for __aeabi_llsr
    dadd.o(.text) refers to llshl.o(.text) for __aeabi_llsl
    dadd.o(.text) refers to depilogue.o(.text) for _double_epilogue
    dadd.o(.text) refers (Special) to iusefp.o(.text) for __I_use_fp
    dflt.o(.text) refers to depilogue.o(.text) for _double_epilogue
    dflt.o(.text) refers (Special) to iusefp.o(.text) for __I_use_fp
    init.o(.text) refers to init.o(.emb_text) for __call_main
    init.o(.text) refers to simpleptidesos.o(.text) for main
    fputs.o(.text) refers to fputc.o(.text) for fputc
    fputs_e.o(.text) refers to fputc.o(.text) for fputc
    fputc.o(.text) refers (Special) to iusesemip.o(.text) for __I_use_semihosting_fputc
    uldiv.o(.text) refers to llushr.o(.text) for __aeabi_llsr
    uldiv.o(.text) refers to llshl.o(.text) for __aeabi_llsl
    errno.o(i.__aeabi_errno_addr) refers to errno.o(.data) for .data
    errno.o(i.__set_errno) refers to errno.o(.data) for .data
    errno.o(i.__read_errno) refers to errno.o(.data) for .data
    depilogue.o(.text) refers (Special) to iusefp.o(.text) for __I_use_fp
    dmul.o(.text) refers to depilogue.o(.text) for _double_epilogue
    dmul.o(.text) refers (Special) to iusefp.o(.text) for __I_use_fp
    ddiv.o(.text) refers to depilogue.o(.text) for _double_epilogue
    ddiv.o(.text) refers (Special) to iusefp.o(.text) for __I_use_fp
    dfixull.o(.text) refers to llushr.o(.text) for __aeabi_llsr
    dfixull.o(.text) refers to llshl.o(.text) for __aeabi_llsl
    dfixull.o(.text) refers (Special) to iusefp.o(.text) for __I_use_fp
    cdrcmple.o(.text) refers (Special) to iusefp.o(.text) for __I_use_fp


================================================================================

Removing Unused input sections from the image.

    Removing rit128x96x4.o(.text), (924 bytes).
    Removing rit128x96x4.o(.data), (9 bytes).
    Removing rit128x96x4.o(.constdata), (571 bytes).
    Removing gpio.o(i.GPIODirModeGet), (34 bytes).
    Removing gpio.o(i.GPIOIntTypeSet), (58 bytes).
    Removing gpio.o(i.GPIOIntTypeGet), (48 bytes).
    Removing gpio.o(i.GPIOPadConfigGet), (140 bytes).
    Removing gpio.o(i.GPIOPinIntEnable), (12 bytes).
    Removing gpio.o(i.GPIOPinIntDisable), (14 bytes).
    Removing gpio.o(i.GPIOPinIntStatus), (14 bytes).
    Removing gpio.o(i.GPIOPinIntClear), (6 bytes).
    Removing gpio.o(i.GPIOPortIntRegister), (26 bytes).
    Removing gpio.o(i.GPIOPortIntUnregister), (22 bytes).
    Removing gpio.o(i.GPIOPinRead), (6 bytes).
    Removing gpio.o(i.GPIOPinWrite), (6 bytes).
    Removing gpio.o(i.GPIOPinTypeADC), (28 bytes).
    Removing gpio.o(i.GPIOPinTypeCAN), (28 bytes).
    Removing gpio.o(i.GPIOPinTypeComparator), (28 bytes).
    Removing gpio.o(i.GPIOPinTypeGPIOInput), (28 bytes).
    Removing gpio.o(i.GPIOPinTypeGPIOOutput), (28 bytes).
    Removing gpio.o(i.GPIOPinTypeGPIOOutputOD), (28 bytes).
    Removing gpio.o(i.GPIOPinTypeI2C), (28 bytes).
    Removing gpio.o(i.GPIOPinTypePWM), (28 bytes).
    Removing gpio.o(i.GPIOPinTypeQEI), (28 bytes).
    Removing gpio.o(i.GPIOPinTypeSSI), (28 bytes).
    Removing gpio.o(i.GPIOPinTypeTimer), (28 bytes).
    Removing gpio.o(i.GPIOPinTypeUSBDigital), (28 bytes).
    Removing gpio.o(i.GPIOGetIntNumber), (164 bytes).
    Removing interrupt.o(i.IntDefaultHandler), (2 bytes).
    Removing interrupt.o(i.IntMasterDisable), (10 bytes).
    Removing interrupt.o(i.IntRegister), (52 bytes).
    Removing interrupt.o(i.IntUnregister), (20 bytes).
    Removing interrupt.o(i.IntPriorityGroupingSet), (28 bytes).
    Removing interrupt.o(i.IntPriorityGroupingGet), (36 bytes).
    Removing interrupt.o(i.IntPrioritySet), (40 bytes).
    Removing interrupt.o(i.IntPriorityGet), (28 bytes).
    Removing interrupt.o(.constdata), (96 bytes).
    Removing interrupt.o(vtable), (256 bytes).
    Removing ssi.o(i.SSIConfigSetExpClk), (74 bytes).
    Removing ssi.o(i.SSIEnable), (10 bytes).
    Removing ssi.o(i.SSIDisable), (10 bytes).
    Removing ssi.o(i.SSIIntRegister), (32 bytes).
    Removing ssi.o(i.SSIIntUnregister), (32 bytes).
    Removing ssi.o(i.SSIIntEnable), (8 bytes).
    Removing ssi.o(i.SSIIntDisable), (10 bytes).
    Removing ssi.o(i.SSIIntStatus), (10 bytes).
    Removing ssi.o(i.SSIIntClear), (4 bytes).
    Removing ssi.o(i.SSIDataPut), (12 bytes).
    Removing ssi.o(i.SSIDataPutNonBlocking), (16 bytes).
    Removing ssi.o(i.SSIDataGet), (14 bytes).
    Removing ssi.o(i.SSIDataGetNonBlocking), (18 bytes).
    Removing ssi.o(i.SSIDMAEnable), (8 bytes).
    Removing ssi.o(i.SSIDMADisable), (10 bytes).
    Removing sysctl.o(.emb_text), (6 bytes).
    Removing sysctl.o(i.SysCtlSRAMSizeGet), (20 bytes).
    Removing sysctl.o(i.SysCtlFlashSizeGet), (20 bytes).
    Removing sysctl.o(i.SysCtlPinPresent), (16 bytes).
    Removing sysctl.o(i.SysCtlPeripheralPresent), (32 bytes).
    Removing sysctl.o(i.SysCtlPeripheralReset), (56 bytes).
    Removing sysctl.o(i.SysCtlPeripheralDisable), (32 bytes).
    Removing sysctl.o(i.SysCtlPeripheralSleepEnable), (32 bytes).
    Removing sysctl.o(i.SysCtlPeripheralSleepDisable), (32 bytes).
    Removing sysctl.o(i.SysCtlPeripheralDeepSleepEnable), (32 bytes).
    Removing sysctl.o(i.SysCtlPeripheralDeepSleepDisable), (32 bytes).
    Removing sysctl.o(i.SysCtlPeripheralClockGating), (24 bytes).
    Removing sysctl.o(i.SysCtlIntRegister), (20 bytes).
    Removing sysctl.o(i.SysCtlIntUnregister), (18 bytes).
    Removing sysctl.o(i.SysCtlIntEnable), (16 bytes).
    Removing sysctl.o(i.SysCtlIntDisable), (16 bytes).
    Removing sysctl.o(i.SysCtlIntClear), (12 bytes).
    Removing sysctl.o(i.SysCtlIntStatus), (16 bytes).
    Removing sysctl.o(i.SysCtlLDOSet), (12 bytes).
    Removing sysctl.o(i.SysCtlLDOGet), (12 bytes).
    Removing sysctl.o(i.SysCtlLDOConfigSet), (12 bytes).
    Removing sysctl.o(i.SysCtlReset), (16 bytes).
    Removing sysctl.o(i.SysCtlSleep), (4 bytes).
    Removing sysctl.o(i.SysCtlDeepSleep), (32 bytes).
    Removing sysctl.o(i.SysCtlResetCauseGet), (12 bytes).
    Removing sysctl.o(i.SysCtlResetCauseClear), (16 bytes).
    Removing sysctl.o(i.SysCtlBrownOutConfigSet), (16 bytes).
    Removing sysctl.o(i.SysCtlClockSet), (288 bytes).
    Removing sysctl.o(i.SysCtlPWMClockSet), (20 bytes).
    Removing sysctl.o(i.SysCtlPWMClockGet), (24 bytes).
    Removing sysctl.o(i.SysCtlADCSpeedSet), (40 bytes).
    Removing sysctl.o(i.SysCtlADCSpeedGet), (16 bytes).
    Removing sysctl.o(i.SysCtlIOSCVerificationSet), (24 bytes).
    Removing sysctl.o(i.SysCtlMOSCVerificationSet), (24 bytes).
    Removing sysctl.o(i.SysCtlPLLVerificationSet), (24 bytes).
    Removing sysctl.o(i.SysCtlClkVerificationClear), (16 bytes).
    Removing sysctl.o(i.SysCtlGPIOAHBEnable), (16 bytes).
    Removing sysctl.o(i.SysCtlGPIOAHBDisable), (20 bytes).
    Removing sysctl.o(i.SysCtlUSBPLLEnable), (16 bytes).
    Removing sysctl.o(i.SysCtlUSBPLLDisable), (16 bytes).
    Removing uart.o(i.UARTParityModeSet), (12 bytes).
    Removing uart.o(i.UARTParityModeGet), (8 bytes).
    Removing uart.o(i.UARTFIFOLevelSet), (6 bytes).
    Removing uart.o(i.UARTFIFOLevelGet), (16 bytes).
    Removing uart.o(i.UARTEnable), (20 bytes).
    Removing uart.o(i.UARTDisable), (30 bytes).
    Removing uart.o(i.UARTConfigGetExpClk), (32 bytes).
    Removing uart.o(i.UARTEnableSIR), (18 bytes).
    Removing uart.o(i.UARTDisableSIR), (10 bytes).
    Removing uart.o(i.UARTCharsAvail), (10 bytes).
    Removing uart.o(i.UARTSpaceAvail), (10 bytes).
    Removing uart.o(i.UARTCharGetNonBlocking), (16 bytes).
    Removing uart.o(i.UARTCharGet), (12 bytes).
    Removing uart.o(i.UARTCharPutNonBlocking), (18 bytes).
    Removing uart.o(i.UARTCharPut), (12 bytes).
    Removing uart.o(i.UARTBreakCtl), (18 bytes).
    Removing uart.o(i.UARTIntRegister), (46 bytes).
    Removing uart.o(i.UARTIntUnregister), (46 bytes).
    Removing uart.o(i.UARTIntDisable), (10 bytes).
    Removing uart.o(i.UARTIntStatus), (10 bytes).
    Removing uart.o(i.UARTIntClear), (4 bytes).
    Removing uart.o(i.UARTDMAEnable), (8 bytes).
    Removing uart.o(i.UARTDMADisable), (10 bytes).

116 unused section(s) (total 4716 bytes) removed from the image.

================================================================================

Image Symbol Table

    Local Symbols

    Symbol Name                              Value     Ov Type        Size  Object(Section)

    RESET                                    0x00000000   Section       64  startup.o(RESET)
    ../../microlib/division.c                0x00000000   Number         0  uidiv.o ABSOLUTE
    ../../microlib/division.c                0x00000000   Number         0  uldiv.o ABSOLUTE
    ../../microlib/errno.c                   0x00000000   Number         0  errno.o ABSOLUTE
    ../../microlib/fpadd.c                   0x00000000   Number         0  dadd.o ABSOLUTE
    ../../microlib/fpdiv.c                   0x00000000   Number         0  ddiv.o ABSOLUTE
    ../../microlib/fpepilogue.c              0x00000000   Number         0  depilogue.o ABSOLUTE
    ../../microlib/fpfix.c                   0x00000000   Number         0  dfixull.o ABSOLUTE
    ../../microlib/fpflt.c                   0x00000000   Number         0  dflt.o ABSOLUTE
    ../../microlib/fpmul.c                   0x00000000   Number         0  dmul.o ABSOLUTE
    ../../microlib/init/entry.s              0x00000000   Number         0  entry.o ABSOLUTE
    ../../microlib/init/handlers.c           0x00000000   Number         0  handlers.o ABSOLUTE
    ../../microlib/init/init.c               0x00000000   Number         0  init.o ABSOLUTE
    ../../microlib/longlong.c                0x00000000   Number         0  llushr.o ABSOLUTE
    ../../microlib/longlong.c                0x00000000   Number         0  llshl.o ABSOLUTE
    ../../microlib/malloc/malloc.c           0x00000000   Number         0  malloc.o ABSOLUTE
    ../../microlib/malloc/mvars.c            0x00000000   Number         0  mvars.o ABSOLUTE
    ../../microlib/printf/printf.c           0x00000000   Number         0  printfb.o ABSOLUTE
    ../../microlib/printf/printf.c           0x00000000   Number         0  printf0.o ABSOLUTE
    ../../microlib/printf/printf.c           0x00000000   Number         0  printf1.o ABSOLUTE
    ../../microlib/printf/printf.c           0x00000000   Number         0  printf2.o ABSOLUTE
    ../../microlib/printf/printf.c           0x00000000   Number         0  printfa.o ABSOLUTE
    ../../microlib/printf/printf.c           0x00000000   Number         0  printf8.o ABSOLUTE
    ../../microlib/printf/printf.c           0x00000000   Number         0  printf5.o ABSOLUTE
    ../../microlib/printf/printf.c           0x00000000   Number         0  printf4.o ABSOLUTE
    ../../microlib/printf/printf.c           0x00000000   Number         0  printf3.o ABSOLUTE
    ../../microlib/printf/printf.c           0x00000000   Number         0  printf6.o ABSOLUTE
    ../../microlib/printf/printf.c           0x00000000   Number         0  printf7.o ABSOLUTE
    ../../microlib/printf/stubs.s            0x00000000   Number         0  stubs.o ABSOLUTE
    ../../microlib/stdio/fputc.c             0x00000000   Number         0  fputc.o ABSOLUTE
    ../../microlib/stdio/fputs.c             0x00000000   Number         0  fputs_e.o ABSOLUTE
    ../../microlib/stdio/fputs.c             0x00000000   Number         0  fputs.o ABSOLUTE
    ../../microlib/stdio/perror.c            0x00000000   Number         0  perror.o ABSOLUTE
    ../../microlib/stdio/streams.c           0x00000000   Number         0  stderr.o ABSOLUTE
    ../../microlib/stdio/streams.c           0x00000000   Number         0  stdout.o ABSOLUTE
    ../../microlib/string/memcpy.c           0x00000000   Number         0  memcpyb.o ABSOLUTE
    ../../microlib/string/memcpy.c           0x00000000   Number         0  memcpya.o ABSOLUTE
    ../../microlib/string/strerror.c         0x00000000   Number         0  strerror.o ABSOLUTE
    ../../microlib/stubs.s                   0x00000000   Number         0  iusefp.o ABSOLUTE
    ../../microlib/stubs.s                   0x00000000   Number         0  iusesemip.o ABSOLUTE
    ..\rit128x96x4.c                         0x00000000   Number         0  rit128x96x4.o ABSOLUTE
    SimplePtidesOS.c                         0x00000000   Number         0  simpleptidesos.o ABSOLUTE
    Startup.s                                0x00000000   Number         0  startup.o ABSOLUTE
    cdrcmple.s                               0x00000000   Number         0  cdrcmple.o ABSOLUTE
    dc.s                                     0x00000000   Number         0  dc.o ABSOLUTE
    src\\sysctl.c                            0x00000000   Number         0  sysctl.o ABSOLUTE
    src\cpu.S                                0x00000000   Number         0  cpu.o ABSOLUTE
    src\gpio.c                               0x00000000   Number         0  gpio.o ABSOLUTE
    src\interrupt.c                          0x00000000   Number         0  interrupt.o ABSOLUTE
    src\ssi.c                                0x00000000   Number         0  ssi.o ABSOLUTE
    src\sysctl.c                             0x00000000   Number         0  sysctl.o ABSOLUTE
    src\uart.c                               0x00000000   Number         0  uart.o ABSOLUTE
    $$startup$$                              0x00000040   Section       12  entry.o($$startup$$)
    .emb_text                                0x0000004c   Section        2  init.o(.emb_text)
    .text                                    0x00000050   Section       28  startup.o(.text)
    .text                                    0x0000006c   Section     1596  simpleptidesos.o(.text)
    .text                                    0x000006a8   Section       20  cpu.o(.text)
    .text                                    0x000006bc   Section       64  perror.o(.text)
    .text                                    0x000006fc   Section       36  memcpya.o(.text)
    .text                                    0x00000720   Section      418  dadd.o(.text)
    _double_addcore                          0x00000721   Thumb Code   274  dadd.o(.text)
    .text                                    0x000008c2   Section       36  dflt.o(.text)
    .text                                    0x000008e8   Section       44  init.o(.text)
    .text                                    0x00000914   Section       24  fputs.o(.text)
    .text                                    0x0000092c   Section       16  fputc.o(.text)
    .text                                    0x0000093c   Section       32  llshl.o(.text)
    .text                                    0x0000095c   Section       30  llushr.o(.text)
    .text                                    0x0000097c   Section      152  strerror.o(.text)
    .text                                    0x00000a14   Section      196  depilogue.o(.text)
    .text                                    0x00000a14   Number         0  iusefp.o(.text)
    .text                                    0x00000ad8   Number         0  iusesemip.o(.text)
    c$$printf_stubs                          0x00000ad8   Number         0  stubs.o(c$$printf_stubs)
    i.GPIODirModeSet                         0x00000ad8   Section       40  gpio.o(i.GPIODirModeSet)
    i.GPIOPadConfigSet                       0x00000b00   Section      176  gpio.o(i.GPIOPadConfigSet)
    i.GPIOPinTypeUART                        0x00000bb0   Section       28  gpio.o(i.GPIOPinTypeUART)
    i.IntDisable                             0x00000bcc   Section      104  interrupt.o(i.IntDisable)
    i.IntEnable                              0x00000c34   Section      104  interrupt.o(i.IntEnable)
    i.IntMasterEnable                        0x00000c9c   Section       10  interrupt.o(i.IntMasterEnable)
    i.SysCtlClockGet                         0x00000ca8   Section      320  sysctl.o(i.SysCtlClockGet)
    i.SysCtlPeripheralEnable                 0x00000de8   Section       32  sysctl.o(i.SysCtlPeripheralEnable)
    i.UARTConfigSetExpClk                    0x00000e08   Section       84  uart.o(i.UARTConfigSetExpClk)
    i.UARTIntEnable                          0x00000e5c   Section        8  uart.o(i.UARTIntEnable)
    i.__0fprintf_2                           0x00000e64   Section       28  printf2.o(i.__0fprintf_2)
    i.__0printf_2                            0x00000e80   Section       32  printf2.o(i.__0printf_2)
    i.__aeabi_errno_addr                     0x00000ea0   Section        8  errno.o(i.__aeabi_errno_addr)
    i.__scatterload_copy                     0x00000ea8   Section       14  handlers.o(i.__scatterload_copy)
    i.__scatterload_null                     0x00000eb6   Section        2  handlers.o(i.__scatterload_null)
    i.__scatterload_zeroinit                 0x00000eb8   Section       14  handlers.o(i.__scatterload_zeroinit)
    i._printf_core                           0x00000ec6   Section      198  printf2.o(i._printf_core)
    _printf_core                             0x00000ec7   Thumb Code   198  printf2.o(i._printf_core)
    i.free                                   0x00000f8c   Section       80  malloc.o(i.free)
    i.malloc                                 0x00000fdc   Section      104  malloc.o(i.malloc)
    .constdata                               0x00001044   Section      156  sysctl.o(.constdata)
    g_pulDCRegs                              0x00001044   Data          16  sysctl.o(.constdata)
    g_pulSRCRRegs                            0x00001054   Data          12  sysctl.o(.constdata)
    g_pulRCGCRegs                            0x00001060   Data          12  sysctl.o(.constdata)
    g_pulSCGCRegs                            0x0000106c   Data          12  sysctl.o(.constdata)
    g_pulDCGCRegs                            0x00001078   Data          12  sysctl.o(.constdata)
    g_pulXtals                               0x00001084   Data          92  sysctl.o(.constdata)
    .data                                    0x20000000   Section       44  simpleptidesos.o(.data)
    .data                                    0x2000002c   Section        4  stderr.o(.data)
    .data                                    0x20000030   Section        4  stdout.o(.data)
    .data                                    0x20000034   Section        4  mvars.o(.data)
    .data                                    0x20000038   Section        4  mvars.o(.data)
    .data                                    0x2000003c   Section        4  errno.o(.data)
    _errno                                   0x2000003c   Data           4  errno.o(.data)
    HEAP                                     0x20000040   Number         0  startup.o(HEAP)
    STACK                                    0x20000040   Section      512  startup.o(STACK)

    Global Symbols

    Symbol Name                              Value     Ov Type        Size  Object(Section)

    BuildAttributes$$THM_ISAv4$M$P$D$K$S$PE$A:L22UL41UL21$X:L11$S22US41US21$IEEE1$IW$USESV6$~STKCKD$USESV7$~SHL$OTIME$EBA8$MICROLIB$REQ8$PRES8$EABIv2 0x00000000   Number         0  anon$$obj.o ABSOLUTE
    __Vectors                                0x00000000   Data           4  startup.o(RESET)
    __decompress                              - Undefined Weak Reference
    __main                                   0x00000041   Thumb Code     8  entry.o($$startup$$)
    __call_main                              0x0000004d   Thumb Code     2  init.o(.emb_text)
    Reset_Handler                            0x00000051   Thumb Code     4  startup.o(.text)
    NMI_Handler                              0x00000055   Thumb Code     2  startup.o(.text)
    HardFault_Handler                        0x00000057   Thumb Code     2  startup.o(.text)
    MemManage_Handler                        0x00000059   Thumb Code     2  startup.o(.text)
    BusFault_Handler                         0x0000005b   Thumb Code     2  startup.o(.text)
    UsageFault_Handler                       0x0000005d   Thumb Code     2  startup.o(.text)
    SVC_Handler                              0x0000005f   Thumb Code     2  startup.o(.text)
    DebugMon_Handler                         0x00000061   Thumb Code     2  startup.o(.text)
    PendSV_Handler                           0x00000063   Thumb Code     2  startup.o(.text)
    SysTick_Handler                          0x00000065   Thumb Code     2  startup.o(.text)
    setActuationInterrupt                    0x0000006d   Thumb Code     2  simpleptidesos.o(.text)
    getCurrentPhysicalTime                   0x0000006f   Thumb Code     4  simpleptidesos.o(.text)
    actuator_fire                            0x00000073   Thumb Code    28  simpleptidesos.o(.text)
    die                                      0x0000008f   Thumb Code    12  simpleptidesos.o(.text)
    event_add                                0x0000009b   Thumb Code    92  simpleptidesos.o(.text)
    clock_fire                               0x000000f7   Thumb Code    98  simpleptidesos.o(.text)
    clock_init                               0x00000159   Thumb Code    92  simpleptidesos.o(.text)
    computation_fire                         0x000001b5   Thumb Code    98  simpleptidesos.o(.text)
    event_remove                             0x00000217   Thumb Code    28  simpleptidesos.o(.text)
    fire_actor                               0x00000233   Thumb Code    28  simpleptidesos.o(.text)
    execute_event                            0x0000024f   Thumb Code    42  simpleptidesos.o(.text)
    merge_fire                               0x00000279   Thumb Code    76  simpleptidesos.o(.text)
    model_delay_fire                         0x000002c5   Thumb Code    80  simpleptidesos.o(.text)
    enableInterrupt                          0x00000315   Thumb Code    10  simpleptidesos.o(.text)
    setTimedInterrupt                        0x0000031f   Thumb Code     2  simpleptidesos.o(.text)
    safeToProcess                            0x00000321   Thumb Code    54  simpleptidesos.o(.text)
    disableInterrupt                         0x00000357   Thumb Code    10  simpleptidesos.o(.text)
    processEvents                            0x00000361   Thumb Code   156  simpleptidesos.o(.text)
    sensor_init                              0x000003fd   Thumb Code    86  simpleptidesos.o(.text)
    main                                     0x00000453   Thumb Code   536  simpleptidesos.o(.text)
    CPUcpsid                                 0x000006a9   Thumb Code     0  cpu.o(.text)
    CPUcpsie                                 0x000006b1   Thumb Code     0  cpu.o(.text)
    CPUwfi                                   0x000006b9   Thumb Code     0  cpu.o(.text)
    perror                                   0x000006bd   Thumb Code    50  perror.o(.text)
    __aeabi_memcpy                           0x000006fd   Thumb Code    36  memcpya.o(.text)
    __aeabi_memcpy4                          0x000006fd   Thumb Code     0  memcpya.o(.text)
    __aeabi_memcpy8                          0x000006fd   Thumb Code     0  memcpya.o(.text)
    __aeabi_dadd                             0x00000833   Thumb Code    48  dadd.o(.text)
    __aeabi_dsub                             0x00000863   Thumb Code    48  dadd.o(.text)
    __aeabi_drsub                            0x00000893   Thumb Code    48  dadd.o(.text)
    __aeabi_i2d                              0x000008c3   Thumb Code    36  dflt.o(.text)
    __init                                   0x000008e9   Thumb Code    30  init.o(.text)
    __scatterload_rt2                        0x000008e9   Thumb Code     0  init.o(.text)
    fputs                                    0x00000915   Thumb Code    24  fputs.o(.text)
    fputc                                    0x0000092d   Thumb Code    16  fputc.o(.text)
    __aeabi_llsl                             0x0000093d   Thumb Code    32  llshl.o(.text)
    _ll_shift_l                              0x0000093d   Thumb Code     0  llshl.o(.text)
    __aeabi_llsr                             0x0000095d   Thumb Code    30  llushr.o(.text)
    _ll_ushift_r                             0x0000095d   Thumb Code     0  llushr.o(.text)
    strerror                                 0x0000097d   Thumb Code    26  strerror.o(.text)
    __I_use_fp                               0x00000a14   Number         0  iusefp.o(.text)
    _double_round                            0x00000a15   Thumb Code    54  depilogue.o(.text)
    _double_epilogue                         0x00000a4b   Thumb Code   138  depilogue.o(.text)
    GPIODirModeSet                           0x00000ad9   Thumb Code    40  gpio.o(i.GPIODirModeSet)
    __I_use_semihosting_fputc                0x00000ad8   Number         0  iusesemip.o(.text)
    _printf_charcount                        0x00000ad8   Number         0  stubs.o(c$$printf_stubs)
    _printf_fp_dec                           0x00000ad8   Number         0  stubs.o(c$$printf_stubs)
    _printf_fp_hex                           0x00000ad8   Number         0  stubs.o(c$$printf_stubs)
    _printf_int_dec                          0x00000ad8   Number         0  stubs.o(c$$printf_stubs)
    _printf_longlong_dec                     0x00000ad8   Number         0  stubs.o(c$$printf_stubs)
    _printf_longlong_hex                     0x00000ad8   Number         0  stubs.o(c$$printf_stubs)
    _printf_longlong_oct                     0x00000ad8   Number         0  stubs.o(c$$printf_stubs)
    _printf_mbtowc                           0x00000ad8   Number         0  stubs.o(c$$printf_stubs)
    _printf_percent                          0x00000ad8   Number         0  stubs.o(c$$printf_stubs)
    _printf_pre_padding                      0x00000ad8   Number         0  stubs.o(c$$printf_stubs)
    _printf_return_value                     0x00000ad8   Number         0  stubs.o(c$$printf_stubs)
    _printf_sizespec                         0x00000ad8   Number         0  stubs.o(c$$printf_stubs)
    _printf_str                              0x00000ad8   Number         0  stubs.o(c$$printf_stubs)
    _printf_truncate_signed                  0x00000ad8   Number         0  stubs.o(c$$printf_stubs)
    _printf_truncate_unsigned                0x00000ad8   Number         0  stubs.o(c$$printf_stubs)
    _printf_wc                               0x00000ad8   Number         0  stubs.o(c$$printf_stubs)
    _printf_wctomb                           0x00000ad8   Number         0  stubs.o(c$$printf_stubs)
    GPIOPadConfigSet                         0x00000b01   Thumb Code   176  gpio.o(i.GPIOPadConfigSet)
    GPIOPinTypeUART                          0x00000bb1   Thumb Code    28  gpio.o(i.GPIOPinTypeUART)
    IntDisable                               0x00000bcd   Thumb Code   104  interrupt.o(i.IntDisable)
    IntEnable                                0x00000c35   Thumb Code   104  interrupt.o(i.IntEnable)
    IntMasterEnable                          0x00000c9d   Thumb Code    10  interrupt.o(i.IntMasterEnable)
    SysCtlClockGet                           0x00000ca9   Thumb Code   292  sysctl.o(i.SysCtlClockGet)
    SysCtlPeripheralEnable                   0x00000de9   Thumb Code    26  sysctl.o(i.SysCtlPeripheralEnable)
    UARTConfigSetExpClk                      0x00000e09   Thumb Code    84  uart.o(i.UARTConfigSetExpClk)
    UARTIntEnable                            0x00000e5d   Thumb Code     8  uart.o(i.UARTIntEnable)
    __0fprintf_2                             0x00000e65   Thumb Code    22  printf2.o(i.__0fprintf_2)
    __1fprintf                               0x00000e65   Thumb Code     0  printf2.o(i.__0fprintf_2)
    __0printf_2                              0x00000e81   Thumb Code    22  printf2.o(i.__0printf_2)
    __1printf                                0x00000e81   Thumb Code     0  printf2.o(i.__0printf_2)
    __aeabi_errno_addr                       0x00000ea1   Thumb Code     4  errno.o(i.__aeabi_errno_addr)
    __rt_errno_addr                          0x00000ea1   Thumb Code     0  errno.o(i.__aeabi_errno_addr)
    __scatterload_copy                       0x00000ea9   Thumb Code    14  handlers.o(i.__scatterload_copy)
    __scatterload_null                       0x00000eb7   Thumb Code     2  handlers.o(i.__scatterload_null)
    __scatterload_zeroinit                   0x00000eb9   Thumb Code    14  handlers.o(i.__scatterload_zeroinit)
    free                                     0x00000f8d   Thumb Code    76  malloc.o(i.free)
    malloc                                   0x00000fdd   Thumb Code    88  malloc.o(i.malloc)
    Region$$Table$$Base                      0x000010e0   Number         0  anon$$obj.o(Region$$Table)
    Region$$Table$$Limit                     0x00001100   Number         0  anon$$obj.o(Region$$Table)
    EVENT_QUEUE_HEAD                         0x20000000   Data           4  simpleptidesos.o(.data)
    CK1_BUF_SIZE                             0x20000004   Data           4  simpleptidesos.o(.data)
    CK1_TIME                                 0x20000008   Data           4  simpleptidesos.o(.data)
    COMPUTATION_MODEL_TIME_ADJUSTMENT        0x2000000c   Data           4  simpleptidesos.o(.data)
    MERGE_MODEL_TIME_ADJUSTMENT              0x20000010   Data           4  simpleptidesos.o(.data)
    Tick                                     0x20000014   Data           1  simpleptidesos.o(.data)
    Time                                     0x20000018   Data           4  simpleptidesos.o(.data)
    Buttons                                  0x2000001c   Data           1  simpleptidesos.o(.data)
    TraceB                                   0x2000001d   Data           1  simpleptidesos.o(.data)
    stopSourceProcess                        0x20000020   Data           4  simpleptidesos.o(.data)
    SOURCE1                                  0x20000024   Data           4  simpleptidesos.o(.data)
    SOURCE2                                  0x20000028   Data           4  simpleptidesos.o(.data)
    __stderr                                 0x2000002c   Data           4  stderr.o(.data)
    __stdout                                 0x20000030   Data           4  stdout.o(.data)
    __microlib_freelist                      0x20000034   Data           4  mvars.o(.data)
    __microlib_freelist_initialised          0x20000038   Data           4  mvars.o(.data)
    __heap_base                              0x20000040   Number         0  startup.o(HEAP)
    __heap_limit                             0x20000040   Number         0  startup.o(HEAP)
    Stack_Top                                0x20000240   Number         0  startup.o(STACK)
    __initial_sp                             0x20000240   Number         0  startup.o(STACK)


================================================================================

Memory Map of the image

  Image Entry point : 0x00000041

  Load Region LR_IROM1 (Base: 0x00000000, Size: 0x00001140, Max: 0x00040000, ABSOLUTE)

    Execution Region ER_IROM1 (Base: 0x00000000, Size: 0x00001100, Max: 0x00040000, ABSOLUTE)

    Base Addr    Size         Type   Attr      Idx    E Section Name        Object

    0x00000000   0x00000040   Code   RO            3    RESET               startup.o
    0x00000040   0x0000000c   Code   RO         1039  * $$startup$$         entry.o(mc_w.l)
    0x0000004c   0x00000002   Code   RO         1255    .emb_text           init.o(mc_w.l)
    0x0000004e   0x00000002   PAD
    0x00000050   0x0000001c   Code   RO            4    .text               startup.o
    0x0000006c   0x0000063c   Code   RO           13    .text               simpleptidesos.o
    0x000006a8   0x00000014   Code   RO         1035    .text               cpu.o(DriverLib.lib)
    0x000006bc   0x00000040   Code   RO         1044    .text               perror.o(mc_w.l)
    0x000006fc   0x00000024   Code   RO         1047    .text               memcpya.o(mc_w.l)
    0x00000720   0x000001a2   Code   RO         1250    .text               dadd.o(mf_w.l)
    0x000008c2   0x00000024   Code   RO         1252    .text               dflt.o(mf_w.l)
    0x000008e6   0x00000002   PAD
    0x000008e8   0x0000002c   Code   RO         1254    .text               init.o(mc_w.l)
    0x00000914   0x00000018   Code   RO         1258    .text               fputs.o(mc_w.l)
    0x0000092c   0x00000010   Code   RO         1262    .text               fputc.o(mc_w.l)
    0x0000093c   0x00000020   Code   RO         1269    .text               llshl.o(mc_w.l)
    0x0000095c   0x0000001e   Code   RO         1271    .text               llushr.o(mc_w.l)
    0x0000097a   0x00000002   PAD
    0x0000097c   0x00000098   Code   RO         1273    .text               strerror.o(mc_w.l)
    0x00000a14   0x00000000   Code   RO         1284    .text               iusefp.o(mc_w.l)
    0x00000a14   0x000000c4   Code   RO         1285    .text               depilogue.o(mf_w.l)
    0x00000ad8   0x00000000   Code   RO         1295    .text               iusesemip.o(mc_w.l)
    0x00000ad8   0x00000000   Code   RO         1245    c$$printf_stubs     stubs.o(mc_w.l)
    0x00000ad8   0x00000028   Code   RO          101    i.GPIODirModeSet    gpio.o(DriverLib.lib)
    0x00000b00   0x000000b0   Code   RO          105    i.GPIOPadConfigSet  gpio.o(DriverLib.lib)
    0x00000bb0   0x0000001c   Code   RO          126    i.GPIOPinTypeUART   gpio.o(DriverLib.lib)
    0x00000bcc   0x00000068   Code   RO          336    i.IntDisable        interrupt.o(DriverLib.lib)
    0x00000c34   0x00000068   Code   RO          335    i.IntEnable         interrupt.o(DriverLib.lib)
    0x00000c9c   0x0000000a   Code   RO          327    i.IntMasterEnable   interrupt.o(DriverLib.lib)
    0x00000ca6   0x00000002   PAD
    0x00000ca8   0x00000140   Code   RO          570    i.SysCtlClockGet    sysctl.o(DriverLib.lib)
    0x00000de8   0x00000020   Code   RO          547    i.SysCtlPeripheralEnable  sysctl.o(DriverLib.lib)
    0x00000e08   0x00000054   Code   RO          853    i.UARTConfigSetExpClk  uart.o(DriverLib.lib)
    0x00000e5c   0x00000008   Code   RO          866    i.UARTIntEnable     uart.o(DriverLib.lib)
    0x00000e64   0x0000001c   Code   RO         1100    i.__0fprintf_2      printf2.o(mc_w.l)
    0x00000e80   0x00000020   Code   RO         1102    i.__0printf_2       printf2.o(mc_w.l)
    0x00000ea0   0x00000008   Code   RO         1277    i.__aeabi_errno_addr  errno.o(mc_w.l)
    0x00000ea8   0x0000000e   Code   RO         1297    i.__scatterload_copy  handlers.o(mc_w.l)
    0x00000eb6   0x00000002   Code   RO         1299    i.__scatterload_null  handlers.o(mc_w.l)
    0x00000eb8   0x0000000e   Code   RO         1298    i.__scatterload_zeroinit  handlers.o(mc_w.l)
    0x00000ec6   0x000000c6   Code   RO         1099    i._printf_core      printf2.o(mc_w.l)
    0x00000f8c   0x00000050   Code   RO         1247    i.free              malloc.o(mc_w.l)
    0x00000fdc   0x00000068   Code   RO         1246    i.malloc            malloc.o(mc_w.l)
    0x00001044   0x0000009c   Data   RO          583    .constdata          sysctl.o(DriverLib.lib)
    0x000010e0   0x00000020   Data   RO         1296    Region$$Table       anon$$obj.o


    Execution Region RW_IRAM1 (Base: 0x20000000, Size: 0x00000240, Max: 0x00010000, ABSOLUTE)

    Base Addr    Size         Type   Attr      Idx    E Section Name        Object

    0x20000000   0x0000002c   Data   RW           14    .data               simpleptidesos.o
    0x2000002c   0x00000004   Data   RW         1046    .data               stderr.o(mc_w.l)
    0x20000030   0x00000004   Data   RW         1264    .data               stdout.o(mc_w.l)
    0x20000034   0x00000004   Data   RW         1275    .data               mvars.o(mc_w.l)
    0x20000038   0x00000004   Data   RW         1276    .data               mvars.o(mc_w.l)
    0x2000003c   0x00000004   Data   RW         1280    .data               errno.o(mc_w.l)
    0x20000040   0x00000000   Zero   RW            2    HEAP                startup.o
    0x20000040   0x00000200   Zero   RW            1    STACK               startup.o


================================================================================

Image component sizes


      Code (inc. data)   RO Data    RW Data    ZI Data      Debug   Object Name

      1596        330          0         44          0       8968   simpleptidesos.o
        92         70          0          0        512       2237   startup.o

    ------------------------------------------------------------------------
      1688        400         32         44        512      11205   Object Totals
         0          0         32          0          0          0   (incl. Generated)
         0          0          0          0          0          0   (incl. Padding)

    ------------------------------------------------------------------------

      Code (inc. data)   RO Data    RW Data    ZI Data      Debug   Library Member Name

        20          0          0          0          0        198   cpu.o
       418          0          0          0          0          0   dadd.o
       196          4          0          0          0          0   depilogue.o
        36          0          0          0          0          0   dflt.o
        12          4          0          0          0          0   entry.o
         8          4          0          4          0          0   errno.o
        16          0          0          0          0          0   fputc.o
        24          0          0          0          0          0   fputs.o
       244          0          0          0          0       5364   gpio.o
        30          0          0          0          0          0   handlers.o
        46         14          0          0          0          0   init.o
       218          0          0          0          0       1433   interrupt.o
         0          0          0          0          0          0   iusefp.o
         0          0          0          0          0          0   iusesemip.o
        32          0          0          0          0          0   llshl.o
        30          0          0          0          0          0   llushr.o
       184         20          0          0          0          0   malloc.o
        36          0          0          0          0          0   memcpya.o
         0          0          0          8          0          0   mvars.o
        64         14          0          0          0          0   perror.o
       258         16          0          0          0          0   printf2.o
         0          0          0          4          0          0   stderr.o
         0          0          0          4          0          0   stdout.o
       152        126          0          0          0          0   strerror.o
         0          0          0          0          0          0   stubs.o
       352         34        156          0          0       2228   sysctl.o
        92          0          0          0          0       1328   uart.o

    ------------------------------------------------------------------------
      2476        236        156         20          0      10551   Library Totals
         8          0          0          0          0          0   (incl. Padding)

    ------------------------------------------------------------------------

      Code (inc. data)   RO Data    RW Data    ZI Data      Debug   Library Name

       926         34        156          0          0      10551   DriverLib.lib
       892        198          0         20          0          0   mc_w.l
       650          4          0          0          0          0   mf_w.l

    ------------------------------------------------------------------------
      2476        236        156         20          0      10551   Library Totals

    ------------------------------------------------------------------------

================================================================================


      Code (inc. data)   RO Data    RW Data    ZI Data      Debug   

      4164        636        188         64        512      21756   Grand Totals
      4164        636        188         64        512      21756   ELF Image Totals
      4164        636        188         64          0          0   ROM Totals

================================================================================

    Total RO  Size (Code + RO Data)                 4352 (   4.25kB)
    Total RW  Size (RW Data + ZI Data)               576 (   0.56kB)
    Total ROM Size (Code + RO Data + RW Data)       4416 (   4.31kB)

================================================================================

